  正在判斷要還原的專案...
  所有專案都在最新狀態，可進行還原。
C:\Users\n2029\Desktop\GameSpace\GameSpace\GameSpace\Areas\MiniGame\Views\EVouchers\Edit.cshtml(100,13): error RZ1005: "�" is not valid at the start of a code block.  Only identifiers, keywords, comments, "(" and "{" are valid. [C:\Users\n2029\Desktop\GameSpace\GameSpace\GameSpace\GameSpace.csproj]
C:\Users\n2029\Desktop\GameSpace\GameSpace\GameSpace\Areas\MiniGame\Views\EVouchers\Edit.cshtml(103,62): error RZ1005: "�" is not valid at the start of a code block.  Only identifiers, keywords, comments, "(" and "{" are valid. [C:\Users\n2029\Desktop\GameSpace\GameSpace\GameSpace\GameSpace.csproj]
C:\Users\n2029\Desktop\GameSpace\GameSpace\GameSpace\Areas\MiniGame\Views\EVouchers\Edit.cshtml(110,36): error RZ1005: "�" is not valid at the start of a code block.  Only identifiers, keywords, comments, "(" and "{" are valid. [C:\Users\n2029\Desktop\GameSpace\GameSpace\GameSpace\GameSpace.csproj]
C:\Users\n2029\Desktop\GameSpace\GameSpace\GameSpace\Areas\MiniGame\Views\EVouchers\Edit.cshtml(111,36): error RZ1005: "�" is not valid at the start of a code block.  Only identifiers, keywords, comments, "(" and "{" are valid. [C:\Users\n2029\Desktop\GameSpace\GameSpace\GameSpace\GameSpace.csproj]
C:\Users\n2029\Desktop\GameSpace\GameSpace\GameSpace\Areas\MiniGame\Views\EVouchers\Edit.cshtml(112,36): error RZ1005: "�" is not valid at the start of a code block.  Only identifiers, keywords, comments, "(" and "{" are valid. [C:\Users\n2029\Desktop\GameSpace\GameSpace\GameSpace\GameSpace.csproj]
C:\Users\n2029\Desktop\GameSpace\GameSpace\GameSpace\Areas\MiniGame\Views\EVouchers\Edit.cshtml(147,44): error RZ1005: "�" is not valid at the start of a code block.  Only identifiers, keywords, comments, "(" and "{" are valid. [C:\Users\n2029\Desktop\GameSpace\GameSpace\GameSpace\GameSpace.csproj]
C:\Users\n2029\Desktop\GameSpace\GameSpace\GameSpace\Areas\MiniGame\Views\Shared\_AdminLayout.cshtml(419,33): error CS1003: 語法錯誤，必須是 ',' [C:\Users\n2029\Desktop\GameSpace\GameSpace\GameSpace\GameSpace.csproj]
C:\Users\n2029\Desktop\GameSpace\GameSpace\GameSpace\Areas\MiniGame\Views\Shared\_AdminLayout.cshtml(419,40): error CS1003: 語法錯誤，必須是 ',' [C:\Users\n2029\Desktop\GameSpace\GameSpace\GameSpace\GameSpace.csproj]
C:\Users\n2029\Desktop\GameSpace\GameSpace\GameSpace\Areas\Forum\Controllers\AdminPostsController.cs(28,29): warning CS8601: 可能有 Null 參考指派。 [C:\Users\n2029\Desktop\GameSpace\GameSpace\GameSpace\GameSpace.csproj]
C:\Users\n2029\Desktop\GameSpace\GameSpace\GameSpace\Areas\Forum\Controllers\AdminPostsController.cs(78,25): warning CS8601: 可能有 Null 參考指派。 [C:\Users\n2029\Desktop\GameSpace\GameSpace\GameSpace\GameSpace.csproj]
C:\Users\n2029\Desktop\GameSpace\GameSpace\GameSpace\Areas\MemberManagement\Models\ManagerRoleEntry.cs(19,23): warning CS8618: 退出建構函式時，不可為 Null 的 屬性 'ManagerDatum' 必須包含非 Null 值。請考慮新增 'required' 修飾元，或將 屬性 宣告為可以為 Null。 [C:\Users\n2029\Desktop\GameSpace\GameSpace\GameSpace\GameSpace.csproj]
C:\Users\n2029\Desktop\GameSpace\GameSpace\GameSpace\Areas\MemberManagement\Models\ManagerRoleEntry.cs(22,32): warning CS8618: 退出建構函式時，不可為 Null 的 屬性 'ManagerRolePermission' 必須包含非 Null 值。請考慮新增 'required' 修飾元，或將 屬性 宣告為可以為 Null。 [C:\Users\n2029\Desktop\GameSpace\GameSpace\GameSpace\GameSpace.csproj]
C:\Users\n2029\Desktop\GameSpace\GameSpace\GameSpace\Areas\Forum\Controllers\AdminPostsController.cs(186,29): warning CS8601: 可能有 Null 參考指派。 [C:\Users\n2029\Desktop\GameSpace\GameSpace\GameSpace\GameSpace.csproj]
C:\Users\n2029\Desktop\GameSpace\GameSpace\GameSpace\Areas\Forum\Controllers\ImportsController.cs(56,60): warning CS8602: 可能 null 參考的取值 (dereference)。 [C:\Users\n2029\Desktop\GameSpace\GameSpace\GameSpace\GameSpace.csproj]
C:\Users\n2029\Desktop\GameSpace\GameSpace\GameSpace\Areas\Forum\Controllers\ImportsController.cs(58,60): warning CS8602: 可能 null 參考的取值 (dereference)。 [C:\Users\n2029\Desktop\GameSpace\GameSpace\GameSpace\GameSpace.csproj]
C:\Users\n2029\Desktop\GameSpace\GameSpace\GameSpace\Areas\Forum\Controllers\ThreadsController.cs(31,42): warning CS8602: 可能 null 參考的取值 (dereference)。 [C:\Users\n2029\Desktop\GameSpace\GameSpace\GameSpace\GameSpace.csproj]
C:\Users\n2029\Desktop\GameSpace\GameSpace\GameSpace\Areas\Forum\Controllers\ThreadsController.cs(69,42): warning CS8602: 可能 null 參考的取值 (dereference)。 [C:\Users\n2029\Desktop\GameSpace\GameSpace\GameSpace\GameSpace.csproj]
C:\Users\n2029\Desktop\GameSpace\GameSpace\GameSpace\Areas\Forum\Controllers\ThreadsController.cs(85,29): warning CS8601: 可能有 Null 參考指派。 [C:\Users\n2029\Desktop\GameSpace\GameSpace\GameSpace\GameSpace.csproj]
C:\Users\n2029\Desktop\GameSpace\GameSpace\GameSpace\Areas\Forum\Controllers\ThreadsController.cs(86,30): warning CS8601: 可能有 Null 參考指派。 [C:\Users\n2029\Desktop\GameSpace\GameSpace\GameSpace\GameSpace.csproj]
C:\Users\n2029\Desktop\GameSpace\GameSpace\GameSpace\Areas\Forum\Controllers\ThreadsController.cs(119,26): warning CS8600: 正在將 Null 常值或可能的 Null 值轉換為不可為 Null 的型別。 [C:\Users\n2029\Desktop\GameSpace\GameSpace\GameSpace\GameSpace.csproj]
C:\Users\n2029\Desktop\GameSpace\GameSpace\GameSpace\Areas\Forum\Views\Reports\History.cshtml(140,63): warning CS8604: 'IEnumerable<string> Enumerable.Select<DailyIndexVm, string>(IEnumerable<DailyIndexVm> source, Func<DailyIndexVm, string> selector)' 中的參數 'source' 可能有 Null 參考引數。 [C:\Users\n2029\Desktop\GameSpace\GameSpace\GameSpace\GameSpace.csproj]
C:\Users\n2029\Desktop\GameSpace\GameSpace\GameSpace\Areas\Forum\Controllers\GamesController.cs(25,42): warning CS8602: 可能 null 參考的取值 (dereference)。 [C:\Users\n2029\Desktop\GameSpace\GameSpace\GameSpace\GameSpace.csproj]
C:\Users\n2029\Desktop\GameSpace\GameSpace\GameSpace\Areas\Forum\Controllers\GamesController.cs(47,24): warning CS8601: 可能有 Null 參考指派。 [C:\Users\n2029\Desktop\GameSpace\GameSpace\GameSpace\GameSpace.csproj]
C:\Users\n2029\Desktop\GameSpace\GameSpace\GameSpace\Views\Shared\_AdminLoginPartial.cshtml(7,28): warning CS8604: 'Task<AuthenticateResult> AuthenticationHttpContextExtensions.AuthenticateAsync(HttpContext context, string? scheme)' 中的參數 'context' 可能有 Null 參考引數。 [C:\Users\n2029\Desktop\GameSpace\GameSpace\GameSpace\GameSpace.csproj]
C:\Users\n2029\Desktop\GameSpace\GameSpace\GameSpace\Areas\Forum\Controllers\GamesController.cs(107,24): warning CS8601: 可能有 Null 參考指派。 [C:\Users\n2029\Desktop\GameSpace\GameSpace\GameSpace\GameSpace.csproj]
C:\Users\n2029\Desktop\GameSpace\GameSpace\GameSpace\Areas\Forum\Controllers\ThreadsController.cs(154,33): warning CS8601: 可能有 Null 參考指派。 [C:\Users\n2029\Desktop\GameSpace\GameSpace\GameSpace\GameSpace.csproj]
C:\Users\n2029\Desktop\GameSpace\GameSpace\GameSpace\Areas\Forum\Controllers\ThreadsController.cs(156,30): warning CS8601: 可能有 Null 參考指派。 [C:\Users\n2029\Desktop\GameSpace\GameSpace\GameSpace\GameSpace.csproj]
C:\Users\n2029\Desktop\GameSpace\GameSpace\GameSpace\Areas\Forum\Controllers\ImportsController.cs(245,89): warning CS8602: 可能 null 參考的取值 (dereference)。 [C:\Users\n2029\Desktop\GameSpace\GameSpace\GameSpace\GameSpace.csproj]
C:\Users\n2029\Desktop\GameSpace\GameSpace\GameSpace\Areas\Forum\Controllers\ImportsController.cs(246,82): warning CS8602: 可能 null 參考的取值 (dereference)。 [C:\Users\n2029\Desktop\GameSpace\GameSpace\GameSpace\GameSpace.csproj]
C:\Users\n2029\Desktop\GameSpace\GameSpace\GameSpace\Areas\Forum\Controllers\ThreadsController.cs(180,26): warning CS8600: 正在將 Null 常值或可能的 Null 值轉換為不可為 Null 的型別。 [C:\Users\n2029\Desktop\GameSpace\GameSpace\GameSpace\GameSpace.csproj]
C:\Users\n2029\Desktop\GameSpace\GameSpace\GameSpace\Areas\MemberManagement\Controllers\ManagerDataController.cs(156,39): warning CS0162: 偵測到執行不到的程式碼 [C:\Users\n2029\Desktop\GameSpace\GameSpace\GameSpace\GameSpace.csproj]
C:\Users\n2029\Desktop\GameSpace\GameSpace\GameSpace\Areas\MiniGame\Services\WalletService.cs(230,24): error CS1061: 'UserWallet' 未包含 'User_Point' 的定義，也找不到可接受類型 'UserWallet' 第一個引數的可存取擴充方法 'User_Point' (是否遺漏 using 指示詞或組件參考?) [C:\Users\n2029\Desktop\GameSpace\GameSpace\GameSpace\GameSpace.csproj]
C:\Users\n2029\Desktop\GameSpace\GameSpace\GameSpace\Areas\MiniGame\Services\WalletService.cs(234,21): error CS0117: 'WalletHistory' 未包含 'UserID' 的定義 [C:\Users\n2029\Desktop\GameSpace\GameSpace\GameSpace\GameSpace.csproj]
C:\Users\n2029\Desktop\GameSpace\GameSpace\GameSpace\Areas\MiniGame\Services\WalletService.cs(241,26): error CS1061: 'GameSpacedatabaseContext' 未包含 'WalletHistory' 的定義，也找不到可接受類型 'GameSpacedatabaseContext' 第一個引數的可存取擴充方法 'WalletHistory' (是否遺漏 using 指示詞或組件參考?) [C:\Users\n2029\Desktop\GameSpace\GameSpace\GameSpace\GameSpace.csproj]
C:\Users\n2029\Desktop\GameSpace\GameSpace\GameSpace\Areas\Forum\Controllers\ImportsController.cs(329,93): warning CS8602: 可能 null 參考的取值 (dereference)。 [C:\Users\n2029\Desktop\GameSpace\GameSpace\GameSpace\GameSpace.csproj]
C:\Users\n2029\Desktop\GameSpace\GameSpace\GameSpace\Areas\Forum\Controllers\ImportsController.cs(330,86): warning CS8602: 可能 null 參考的取值 (dereference)。 [C:\Users\n2029\Desktop\GameSpace\GameSpace\GameSpace\GameSpace.csproj]
C:\Users\n2029\Desktop\GameSpace\GameSpace\GameSpace\Areas\MiniGame\Services\WalletService.cs(259,44): error CS1061: 'UserWallet' 未包含 'User_Point' 的定義，也找不到可接受類型 'UserWallet' 第一個引數的可存取擴充方法 'User_Point' (是否遺漏 using 指示詞或組件參考?) [C:\Users\n2029\Desktop\GameSpace\GameSpace\GameSpace\GameSpace.csproj]
C:\Users\n2029\Desktop\GameSpace\GameSpace\GameSpace\Areas\MiniGame\Services\WalletService.cs(260,24): error CS1061: 'UserWallet' 未包含 'User_Point' 的定義，也找不到可接受類型 'UserWallet' 第一個引數的可存取擴充方法 'User_Point' (是否遺漏 using 指示詞或組件參考?) [C:\Users\n2029\Desktop\GameSpace\GameSpace\GameSpace\GameSpace.csproj]
C:\Users\n2029\Desktop\GameSpace\GameSpace\GameSpace\Areas\MiniGame\Services\WalletService.cs(264,21): error CS0117: 'WalletHistory' 未包含 'UserID' 的定義 [C:\Users\n2029\Desktop\GameSpace\GameSpace\GameSpace\GameSpace.csproj]
C:\Users\n2029\Desktop\GameSpace\GameSpace\GameSpace\Areas\MiniGame\Services\WalletService.cs(271,26): error CS1061: 'GameSpacedatabaseContext' 未包含 'WalletHistory' 的定義，也找不到可接受類型 'GameSpacedatabaseContext' 第一個引數的可存取擴充方法 'WalletHistory' (是否遺漏 using 指示詞或組件參考?) [C:\Users\n2029\Desktop\GameSpace\GameSpace\GameSpace\GameSpace.csproj]
C:\Users\n2029\Desktop\GameSpace\GameSpace\GameSpace\Areas\MiniGame\Services\WalletService.cs(284,35): error CS1061: 'GameSpacedatabaseContext' 未包含 'WalletHistory' 的定義，也找不到可接受類型 'GameSpacedatabaseContext' 第一個引數的可存取擴充方法 'WalletHistory' (是否遺漏 using 指示詞或組件參考?) [C:\Users\n2029\Desktop\GameSpace\GameSpace\GameSpace\GameSpace.csproj]
C:\Users\n2029\Desktop\GameSpace\GameSpace\GameSpace\Areas\MiniGame\Services\WalletService.cs(303,32): error CS1061: 'UserWallet' 未包含 'User_Point' 的定義，也找不到可接受類型 'UserWallet' 第一個引數的可存取擴充方法 'User_Point' (是否遺漏 using 指示詞或組件參考?) [C:\Users\n2029\Desktop\GameSpace\GameSpace\GameSpace\GameSpace.csproj]
C:\Users\n2029\Desktop\GameSpace\GameSpace\GameSpace\Areas\MiniGame\Services\WalletService.cs(307,29): error CS0117: 'WalletHistory' 未包含 'UserID' 的定義 [C:\Users\n2029\Desktop\GameSpace\GameSpace\GameSpace\GameSpace.csproj]
C:\Users\n2029\Desktop\GameSpace\GameSpace\GameSpace\Areas\MiniGame\Services\WalletService.cs(314,34): error CS1061: 'GameSpacedatabaseContext' 未包含 'WalletHistory' 的定義，也找不到可接受類型 'GameSpacedatabaseContext' 第一個引數的可存取擴充方法 'WalletHistory' (是否遺漏 using 指示詞或組件參考?) [C:\Users\n2029\Desktop\GameSpace\GameSpace\GameSpace\GameSpace.csproj]
C:\Users\n2029\Desktop\GameSpace\GameSpace\GameSpace\Areas\MiniGame\Services\WalletService.cs(331,43): error CS1061: 'UserWallet' 未包含 'User_Point' 的定義，也找不到可接受類型 'UserWallet' 第一個引數的可存取擴充方法 'User_Point' (是否遺漏 using 指示詞或組件參考?) [C:\Users\n2029\Desktop\GameSpace\GameSpace\GameSpace\GameSpace.csproj]
C:\Users\n2029\Desktop\GameSpace\GameSpace\GameSpace\Areas\Forum\Controllers\ImportsController.cs(428,59): warning CS8602: 可能 null 參考的取值 (dereference)。 [C:\Users\n2029\Desktop\GameSpace\GameSpace\GameSpace\GameSpace.csproj]
C:\Users\n2029\Desktop\GameSpace\GameSpace\GameSpace\Areas\Forum\Controllers\ImportsController.cs(430,59): warning CS8602: 可能 null 參考的取值 (dereference)。 [C:\Users\n2029\Desktop\GameSpace\GameSpace\GameSpace\GameSpace.csproj]
C:\Users\n2029\Desktop\GameSpace\GameSpace\GameSpace\Areas\MiniGame\Services\UserWalletService.cs(58,20): warning CS8603: 可能有 Null 參考傳回。 [C:\Users\n2029\Desktop\GameSpace\GameSpace\GameSpace\GameSpace.csproj]
C:\Users\n2029\Desktop\GameSpace\GameSpace\GameSpace\Areas\MiniGame\Services\UserWalletService.cs(109,21): error CS0117: 'Coupon' 未包含 'CouponTypeID' 的定義 [C:\Users\n2029\Desktop\GameSpace\GameSpace\GameSpace\GameSpace.csproj]
C:\Users\n2029\Desktop\GameSpace\GameSpace\GameSpace\Areas\MiniGame\Services\UserWalletService.cs(110,21): error CS0117: 'Coupon' 未包含 'UserID' 的定義 [C:\Users\n2029\Desktop\GameSpace\GameSpace\GameSpace\GameSpace.csproj]
C:\Users\n2029\Desktop\GameSpace\GameSpace\GameSpace\Areas\MiniGame\Services\UserWalletService.cs(114,21): error CS0117: 'Coupon' 未包含 'UsedInOrderID' 的定義 [C:\Users\n2029\Desktop\GameSpace\GameSpace\GameSpace\GameSpace.csproj]
C:\Users\n2029\Desktop\GameSpace\GameSpace\GameSpace\Areas\MiniGame\Services\UserWalletService.cs(122,21): error CS0117: 'WalletHistory' 未包含 'UserID' 的定義 [C:\Users\n2029\Desktop\GameSpace\GameSpace\GameSpace\GameSpace.csproj]
C:\Users\n2029\Desktop\GameSpace\GameSpace\GameSpace\Areas\MiniGame\Services\UserWalletService.cs(123,21): error CS0117: 'WalletHistory' 未包含 'ChangeAmount' 的定義 [C:\Users\n2029\Desktop\GameSpace\GameSpace\GameSpace\GameSpace.csproj]
C:\Users\n2029\Desktop\GameSpace\GameSpace\GameSpace\Areas\MiniGame\Services\UserWalletService.cs(127,21): error CS0117: 'WalletHistory' 未包含 'RelatedID' 的定義 [C:\Users\n2029\Desktop\GameSpace\GameSpace\GameSpace\GameSpace.csproj]
C:\Users\n2029\Desktop\GameSpace\GameSpace\GameSpace\Areas\MiniGame\Services\UserWalletService.cs(127,40): error CS1061: 'Coupon' 未包含 'CouponID' 的定義，也找不到可接受類型 'Coupon' 第一個引數的可存取擴充方法 'CouponID' (是否遺漏 using 指示詞或組件參考?) [C:\Users\n2029\Desktop\GameSpace\GameSpace\GameSpace\GameSpace.csproj]
C:\Users\n2029\Desktop\GameSpace\GameSpace\GameSpace\Areas\MiniGame\Services\UserWalletService.cs(148,51): error CS1061: 'GameSpacedatabaseContext' 未包含 'EVoucherTypes' 的定義，也找不到可接受類型 'GameSpacedatabaseContext' 第一個引數的可存取擴充方法 'EVoucherTypes' (是否遺漏 using 指示詞或組件參考?) [C:\Users\n2029\Desktop\GameSpace\GameSpace\GameSpace\GameSpace.csproj]
C:\Users\n2029\Desktop\GameSpace\GameSpace\GameSpace\Areas\MiniGame\Services\UserWalletService.cs(151,36): error CS0246: 找不到類型或命名空間名稱 'EVoucher' (是否遺漏了 using 指示詞或組件參考?) [C:\Users\n2029\Desktop\GameSpace\GameSpace\GameSpace\GameSpace.csproj]
C:\Users\n2029\Desktop\GameSpace\GameSpace\GameSpace\Areas\MiniGame\Services\UserWalletService.cs(161,26): error CS1061: 'GameSpacedatabaseContext' 未包含 'EVouchers' 的定義，也找不到可接受類型 'GameSpacedatabaseContext' 第一個引數的可存取擴充方法 'EVouchers' (是否遺漏 using 指示詞或組件參考?) [C:\Users\n2029\Desktop\GameSpace\GameSpace\GameSpace\GameSpace.csproj]
C:\Users\n2029\Desktop\GameSpace\GameSpace\GameSpace\Areas\MiniGame\Services\UserWalletService.cs(166,21): error CS0117: 'WalletHistory' 未包含 'UserID' 的定義 [C:\Users\n2029\Desktop\GameSpace\GameSpace\GameSpace\GameSpace.csproj]
C:\Users\n2029\Desktop\GameSpace\GameSpace\GameSpace\Areas\MiniGame\Services\UserWalletService.cs(167,21): error CS0117: 'WalletHistory' 未包含 'ChangeAmount' 的定義 [C:\Users\n2029\Desktop\GameSpace\GameSpace\GameSpace\GameSpace.csproj]
C:\Users\n2029\Desktop\GameSpace\GameSpace\GameSpace\Areas\MiniGame\Services\UserWalletService.cs(171,21): error CS0117: 'WalletHistory' 未包含 'RelatedID' 的定義 [C:\Users\n2029\Desktop\GameSpace\GameSpace\GameSpace\GameSpace.csproj]
C:\Users\n2029\Desktop\GameSpace\GameSpace\GameSpace\Areas\Forum\Controllers\ImportsController.cs(529,41): warning CS8602: 可能 null 參考的取值 (dereference)。 [C:\Users\n2029\Desktop\GameSpace\GameSpace\GameSpace\GameSpace.csproj]
C:\Users\n2029\Desktop\GameSpace\GameSpace\GameSpace\Areas\Forum\Controllers\ImportsController.cs(531,41): warning CS8602: 可能 null 參考的取值 (dereference)。 [C:\Users\n2029\Desktop\GameSpace\GameSpace\GameSpace\GameSpace.csproj]
C:\Users\n2029\Desktop\GameSpace\GameSpace\GameSpace\Areas\MiniGame\Services\UserWalletService.cs(195,56): error CS1061: 'WalletHistory' 未包含 'UserID' 的定義，也找不到可接受類型 'WalletHistory' 第一個引數的可存取擴充方法 'UserID' (是否遺漏 using 指示詞或組件參考?) [C:\Users\n2029\Desktop\GameSpace\GameSpace\GameSpace\GameSpace.csproj]
C:\Users\n2029\Desktop\GameSpace\GameSpace\GameSpace\Areas\OnlineStore\Controllers\ProductInfoesController.cs(565,18): warning CS8602: 可能 null 參考的取值 (dereference)。 [C:\Users\n2029\Desktop\GameSpace\GameSpace\GameSpace\GameSpace.csproj]
C:\Users\n2029\Desktop\GameSpace\GameSpace\GameSpace\Areas\OnlineStore\Controllers\ProductInfoesController.cs(569,15): warning CS8602: 可能 null 參考的取值 (dereference)。 [C:\Users\n2029\Desktop\GameSpace\GameSpace\GameSpace\GameSpace.csproj]
C:\Users\n2029\Desktop\GameSpace\GameSpace\GameSpace\Areas\MiniGame\config\ServiceExtensions.cs(38,56): error CS0246: 找不到類型或命名空間名稱 'PetColorOptionService' (是否遺漏了 using 指示詞或組件參考?) [C:\Users\n2029\Desktop\GameSpace\GameSpace\GameSpace\GameSpace.csproj]
C:\Users\n2029\Desktop\GameSpace\GameSpace\GameSpace\Areas\MiniGame\config\ServiceExtensions.cs(39,61): error CS0246: 找不到類型或命名空間名稱 'PetBackgroundOptionService' (是否遺漏了 using 指示詞或組件參考?) [C:\Users\n2029\Desktop\GameSpace\GameSpace\GameSpace\GameSpace.csproj]
C:\Users\n2029\Desktop\GameSpace\GameSpace\GameSpace\Controllers\LoginController.cs(285,20): warning CS8604: 'bool Enumerable.Any<ManagerRolePermission>(IEnumerable<ManagerRolePermission> source, Func<ManagerRolePermission, bool> predicate)' 中的參數 'source' 可能有 Null 參考引數。 [C:\Users\n2029\Desktop\GameSpace\GameSpace\GameSpace\GameSpace.csproj]
C:\Users\n2029\Desktop\GameSpace\GameSpace\GameSpace\Areas\Forum\Controllers\MetricController.cs(32,50): warning CS8602: 可能 null 參考的取值 (dereference)。 [C:\Users\n2029\Desktop\GameSpace\GameSpace\GameSpace\GameSpace.csproj]
C:\Users\n2029\Desktop\GameSpace\GameSpace\GameSpace\Areas\Forum\Controllers\MetricController.cs(40,34): warning CS8601: 可能有 Null 參考指派。 [C:\Users\n2029\Desktop\GameSpace\GameSpace\GameSpace\GameSpace.csproj]
C:\Users\n2029\Desktop\GameSpace\GameSpace\GameSpace\Areas\Forum\Controllers\MetricController.cs(41,28): warning CS8601: 可能有 Null 參考指派。 [C:\Users\n2029\Desktop\GameSpace\GameSpace\GameSpace\GameSpace.csproj]
C:\Users\n2029\Desktop\GameSpace\GameSpace\GameSpace\Areas\Forum\Controllers\MappingsController.cs(29,81): warning CS8602: 可能 null 參考的取值 (dereference)。 [C:\Users\n2029\Desktop\GameSpace\GameSpace\GameSpace\GameSpace.csproj]
C:\Users\n2029\Desktop\GameSpace\GameSpace\GameSpace\Areas\Forum\Controllers\MappingsController.cs(38,32): warning CS8601: 可能有 Null 參考指派。 [C:\Users\n2029\Desktop\GameSpace\GameSpace\GameSpace\GameSpace.csproj]
C:\Users\n2029\Desktop\GameSpace\GameSpace\GameSpace\Areas\Forum\Controllers\MappingsController.cs(40,34): warning CS8601: 可能有 Null 參考指派。 [C:\Users\n2029\Desktop\GameSpace\GameSpace\GameSpace\GameSpace.csproj]
C:\Users\n2029\Desktop\GameSpace\GameSpace\GameSpace\Areas\Forum\Controllers\MappingsController.cs(41,35): warning CS8601: 可能有 Null 參考指派。 [C:\Users\n2029\Desktop\GameSpace\GameSpace\GameSpace\GameSpace.csproj]
C:\Users\n2029\Desktop\GameSpace\GameSpace\GameSpace\Areas\Forum\Controllers\MetricController.cs(140,24): warning CS8601: 可能有 Null 參考指派。 [C:\Users\n2029\Desktop\GameSpace\GameSpace\GameSpace\GameSpace.csproj]
C:\Users\n2029\Desktop\GameSpace\GameSpace\GameSpace\Areas\Forum\Controllers\MappingsController.cs(91,31): warning CS8601: 可能有 Null 參考指派。 [C:\Users\n2029\Desktop\GameSpace\GameSpace\GameSpace\GameSpace.csproj]
C:\Users\n2029\Desktop\GameSpace\GameSpace\GameSpace\Areas\MiniGame\Filters\MiniGameAdminAuthorizeAttribute.cs(35,41): error CS1061: 'GameSpacedatabaseContext' 未包含 'Managers' 的定義，也找不到可接受類型 'GameSpacedatabaseContext' 第一個引數的可存取擴充方法 'Managers' (是否遺漏 using 指示詞或組件參考?) [C:\Users\n2029\Desktop\GameSpace\GameSpace\GameSpace\GameSpace.csproj]
C:\Users\n2029\Desktop\GameSpace\GameSpace\GameSpace\Areas\MiniGame\Services\CouponService.cs(34,21): error CS0117: 'Coupon' 未包含 'CouponID' 的定義 [C:\Users\n2029\Desktop\GameSpace\GameSpace\GameSpace\GameSpace.csproj]
C:\Users\n2029\Desktop\GameSpace\GameSpace\GameSpace\Areas\MiniGame\Services\CouponService.cs(36,21): error CS0117: 'Coupon' 未包含 'CouponTypeID' 的定義 [C:\Users\n2029\Desktop\GameSpace\GameSpace\GameSpace\GameSpace.csproj]
C:\Users\n2029\Desktop\GameSpace\GameSpace\GameSpace\Areas\MiniGame\Services\CouponService.cs(37,21): error CS0117: 'Coupon' 未包含 'UserID' 的定義 [C:\Users\n2029\Desktop\GameSpace\GameSpace\GameSpace\GameSpace.csproj]
C:\Users\n2029\Desktop\GameSpace\GameSpace\GameSpace\Areas\MiniGame\Services\CouponService.cs(41,21): error CS0117: 'Coupon' 未包含 'UsedInOrderID' 的定義 [C:\Users\n2029\Desktop\GameSpace\GameSpace\GameSpace\GameSpace.csproj]
C:\Users\n2029\Desktop\GameSpace\GameSpace\GameSpace\Areas\MiniGame\Services\CouponTypeService.cs(19,35): error CS1061: 'GameSpacedatabaseContext' 未包含 'CouponType' 的定義，也找不到可接受類型 'GameSpacedatabaseContext' 第一個引數的可存取擴充方法 'CouponType' (是否遺漏 using 指示詞或組件參考?) [C:\Users\n2029\Desktop\GameSpace\GameSpace\GameSpace\GameSpace.csproj]
C:\Users\n2029\Desktop\GameSpace\GameSpace\GameSpace\Areas\MiniGame\Services\CouponService.cs(66,21): error CS0117: 'Coupon' 未包含 'CouponID' 的定義 [C:\Users\n2029\Desktop\GameSpace\GameSpace\GameSpace\GameSpace.csproj]
C:\Users\n2029\Desktop\GameSpace\GameSpace\GameSpace\Areas\MiniGame\Services\CouponService.cs(68,21): error CS0117: 'Coupon' 未包含 'CouponTypeID' 的定義 [C:\Users\n2029\Desktop\GameSpace\GameSpace\GameSpace\GameSpace.csproj]
C:\Users\n2029\Desktop\GameSpace\GameSpace\GameSpace\Areas\MiniGame\Services\CouponService.cs(69,21): error CS0117: 'Coupon' 未包含 'UserID' 的定義 [C:\Users\n2029\Desktop\GameSpace\GameSpace\GameSpace\GameSpace.csproj]
C:\Users\n2029\Desktop\GameSpace\GameSpace\GameSpace\Areas\MiniGame\Services\CouponService.cs(73,21): error CS0117: 'Coupon' 未包含 'UsedInOrderID' 的定義 [C:\Users\n2029\Desktop\GameSpace\GameSpace\GameSpace\GameSpace.csproj]
C:\Users\n2029\Desktop\GameSpace\GameSpace\GameSpace\Areas\MiniGame\Services\CouponTypeService.cs(26,35): error CS1061: 'GameSpacedatabaseContext' 未包含 'CouponType' 的定義，也找不到可接受類型 'GameSpacedatabaseContext' 第一個引數的可存取擴充方法 'CouponType' (是否遺漏 using 指示詞或組件參考?) [C:\Users\n2029\Desktop\GameSpace\GameSpace\GameSpace\GameSpace.csproj]
C:\Users\n2029\Desktop\GameSpace\GameSpace\GameSpace\Areas\MiniGame\Services\CouponTypeService.cs(34,28): error CS1061: 'CouponType' 未包含 'CreatedAt' 的定義，也找不到可接受類型 'CouponType' 第一個引數的可存取擴充方法 'CreatedAt' (是否遺漏 using 指示詞或組件參考?) [C:\Users\n2029\Desktop\GameSpace\GameSpace\GameSpace\GameSpace.csproj]
C:\Users\n2029\Desktop\GameSpace\GameSpace\GameSpace\Areas\MiniGame\Services\CouponTypeService.cs(35,28): error CS1061: 'CouponType' 未包含 'IsActive' 的定義，也找不到可接受類型 'CouponType' 第一個引數的可存取擴充方法 'IsActive' (是否遺漏 using 指示詞或組件參考?) [C:\Users\n2029\Desktop\GameSpace\GameSpace\GameSpace\GameSpace.csproj]
C:\Users\n2029\Desktop\GameSpace\GameSpace\GameSpace\Areas\MiniGame\Services\CouponTypeService.cs(36,26): error CS1061: 'GameSpacedatabaseContext' 未包含 'CouponType' 的定義，也找不到可接受類型 'GameSpacedatabaseContext' 第一個引數的可存取擴充方法 'CouponType' (是否遺漏 using 指示詞或組件參考?) [C:\Users\n2029\Desktop\GameSpace\GameSpace\GameSpace\GameSpace.csproj]
C:\Users\n2029\Desktop\GameSpace\GameSpace\GameSpace\Areas\MiniGame\Services\CouponTypeService.cs(50,28): error CS1061: 'CouponType' 未包含 'UpdatedAt' 的定義，也找不到可接受類型 'CouponType' 第一個引數的可存取擴充方法 'UpdatedAt' (是否遺漏 using 指示詞或組件參考?) [C:\Users\n2029\Desktop\GameSpace\GameSpace\GameSpace\GameSpace.csproj]
C:\Users\n2029\Desktop\GameSpace\GameSpace\GameSpace\Areas\MiniGame\Services\CouponTypeService.cs(51,26): error CS1061: 'GameSpacedatabaseContext' 未包含 'CouponType' 的定義，也找不到可接受類型 'GameSpacedatabaseContext' 第一個引數的可存取擴充方法 'CouponType' (是否遺漏 using 指示詞或組件參考?) [C:\Users\n2029\Desktop\GameSpace\GameSpace\GameSpace\GameSpace.csproj]
C:\Users\n2029\Desktop\GameSpace\GameSpace\GameSpace\Areas\MiniGame\Services\CouponTypeService.cs(68,26): error CS1061: 'GameSpacedatabaseContext' 未包含 'CouponType' 的定義，也找不到可接受類型 'GameSpacedatabaseContext' 第一個引數的可存取擴充方法 'CouponType' (是否遺漏 using 指示詞或組件參考?) [C:\Users\n2029\Desktop\GameSpace\GameSpace\GameSpace\GameSpace.csproj]
C:\Users\n2029\Desktop\GameSpace\GameSpace\GameSpace\Areas\MiniGame\Services\CouponService.cs(92,21): error CS0117: 'Coupon' 未包含 'CouponID' 的定義 [C:\Users\n2029\Desktop\GameSpace\GameSpace\GameSpace\GameSpace.csproj]
C:\Users\n2029\Desktop\GameSpace\GameSpace\GameSpace\Areas\MiniGame\Services\CouponService.cs(94,21): error CS0117: 'Coupon' 未包含 'CouponTypeID' 的定義 [C:\Users\n2029\Desktop\GameSpace\GameSpace\GameSpace\GameSpace.csproj]
C:\Users\n2029\Desktop\GameSpace\GameSpace\GameSpace\Areas\MiniGame\Services\CouponService.cs(95,21): error CS0117: 'Coupon' 未包含 'UserID' 的定義 [C:\Users\n2029\Desktop\GameSpace\GameSpace\GameSpace\GameSpace.csproj]
C:\Users\n2029\Desktop\GameSpace\GameSpace\GameSpace\Areas\MiniGame\Services\CouponService.cs(99,21): error CS0117: 'Coupon' 未包含 'UsedInOrderID' 的定義 [C:\Users\n2029\Desktop\GameSpace\GameSpace\GameSpace\GameSpace.csproj]
C:\Users\n2029\Desktop\GameSpace\GameSpace\GameSpace\Areas\MiniGame\Services\CouponTypeService.cs(86,28): error CS1061: 'CouponType' 未包含 'IsActive' 的定義，也找不到可接受類型 'CouponType' 第一個引數的可存取擴充方法 'IsActive' (是否遺漏 using 指示詞或組件參考?) [C:\Users\n2029\Desktop\GameSpace\GameSpace\GameSpace\GameSpace.csproj]
C:\Users\n2029\Desktop\GameSpace\GameSpace\GameSpace\Areas\MiniGame\Services\CouponTypeService.cs(87,28): error CS1061: 'CouponType' 未包含 'UpdatedAt' 的定義，也找不到可接受類型 'CouponType' 第一個引數的可存取擴充方法 'UpdatedAt' (是否遺漏 using 指示詞或組件參考?) [C:\Users\n2029\Desktop\GameSpace\GameSpace\GameSpace\GameSpace.csproj]
C:\Users\n2029\Desktop\GameSpace\GameSpace\GameSpace\Areas\MiniGame\Services\CouponTypeService.cs(104,28): error CS1061: 'CouponType' 未包含 'IsActive' 的定義，也找不到可接受類型 'CouponType' 第一個引數的可存取擴充方法 'IsActive' (是否遺漏 using 指示詞或組件參考?) [C:\Users\n2029\Desktop\GameSpace\GameSpace\GameSpace\GameSpace.csproj]
C:\Users\n2029\Desktop\GameSpace\GameSpace\GameSpace\Areas\MiniGame\Services\CouponTypeService.cs(105,28): error CS1061: 'CouponType' 未包含 'UpdatedAt' 的定義，也找不到可接受類型 'CouponType' 第一個引數的可存取擴充方法 'UpdatedAt' (是否遺漏 using 指示詞或組件參考?) [C:\Users\n2029\Desktop\GameSpace\GameSpace\GameSpace\GameSpace.csproj]
C:\Users\n2029\Desktop\GameSpace\GameSpace\GameSpace\Areas\MiniGame\Services\CouponTypeService.cs(118,35): error CS1061: 'GameSpacedatabaseContext' 未包含 'CouponType' 的定義，也找不到可接受類型 'GameSpacedatabaseContext' 第一個引數的可存取擴充方法 'CouponType' (是否遺漏 using 指示詞或組件參考?) [C:\Users\n2029\Desktop\GameSpace\GameSpace\GameSpace\GameSpace.csproj]
C:\Users\n2029\Desktop\GameSpace\GameSpace\GameSpace\Areas\MiniGame\Services\CouponService.cs(118,21): error CS0117: 'Coupon' 未包含 'CouponID' 的定義 [C:\Users\n2029\Desktop\GameSpace\GameSpace\GameSpace\GameSpace.csproj]
C:\Users\n2029\Desktop\GameSpace\GameSpace\GameSpace\Areas\MiniGame\Services\CouponService.cs(120,21): error CS0117: 'Coupon' 未包含 'CouponTypeID' 的定義 [C:\Users\n2029\Desktop\GameSpace\GameSpace\GameSpace\GameSpace.csproj]
C:\Users\n2029\Desktop\GameSpace\GameSpace\GameSpace\Areas\MiniGame\Services\CouponService.cs(121,21): error CS0117: 'Coupon' 未包含 'UserID' 的定義 [C:\Users\n2029\Desktop\GameSpace\GameSpace\GameSpace\GameSpace.csproj]
C:\Users\n2029\Desktop\GameSpace\GameSpace\GameSpace\Areas\MiniGame\Services\CouponService.cs(125,21): error CS0117: 'Coupon' 未包含 'UsedInOrderID' 的定義 [C:\Users\n2029\Desktop\GameSpace\GameSpace\GameSpace\GameSpace.csproj]
C:\Users\n2029\Desktop\GameSpace\GameSpace\GameSpace\Areas\MiniGame\Services\CouponTypeService.cs(126,35): error CS1061: 'GameSpacedatabaseContext' 未包含 'CouponType' 的定義，也找不到可接受類型 'GameSpacedatabaseContext' 第一個引數的可存取擴充方法 'CouponType' (是否遺漏 using 指示詞或組件參考?) [C:\Users\n2029\Desktop\GameSpace\GameSpace\GameSpace\GameSpace.csproj]
C:\Users\n2029\Desktop\GameSpace\GameSpace\GameSpace\Areas\MiniGame\Services\CouponTypeService.cs(134,35): error CS1061: 'GameSpacedatabaseContext' 未包含 'CouponType' 的定義，也找不到可接受類型 'GameSpacedatabaseContext' 第一個引數的可存取擴充方法 'CouponType' (是否遺漏 using 指示詞或組件參考?) [C:\Users\n2029\Desktop\GameSpace\GameSpace\GameSpace\GameSpace.csproj]
C:\Users\n2029\Desktop\GameSpace\GameSpace\GameSpace\Areas\MiniGame\Services\CouponTypeService.cs(143,35): error CS1061: 'GameSpacedatabaseContext' 未包含 'CouponType' 的定義，也找不到可接受類型 'GameSpacedatabaseContext' 第一個引數的可存取擴充方法 'CouponType' (是否遺漏 using 指示詞或組件參考?) [C:\Users\n2029\Desktop\GameSpace\GameSpace\GameSpace\GameSpace.csproj]
C:\Users\n2029\Desktop\GameSpace\GameSpace\GameSpace\Areas\MiniGame\Services\CouponTypeService.cs(148,35): error CS1061: 'GameSpacedatabaseContext' 未包含 'CouponType' 的定義，也找不到可接受類型 'GameSpacedatabaseContext' 第一個引數的可存取擴充方法 'CouponType' (是否遺漏 using 指示詞或組件參考?) [C:\Users\n2029\Desktop\GameSpace\GameSpace\GameSpace\GameSpace.csproj]
C:\Users\n2029\Desktop\GameSpace\GameSpace\GameSpace\Areas\MiniGame\Services\CouponService.cs(141,69): error CS1061: 'Coupon' 未包含 'CouponTypeID' 的定義，也找不到可接受類型 'Coupon' 第一個引數的可存取擴充方法 'CouponTypeID' (是否遺漏 using 指示詞或組件參考?) [C:\Users\n2029\Desktop\GameSpace\GameSpace\GameSpace\GameSpace.csproj]
C:\Users\n2029\Desktop\GameSpace\GameSpace\GameSpace\Areas\MiniGame\Services\CouponService.cs(142,63): error CS1061: 'Coupon' 未包含 'UserID' 的定義，也找不到可接受類型 'Coupon' 第一個引數的可存取擴充方法 'UserID' (是否遺漏 using 指示詞或組件參考?) [C:\Users\n2029\Desktop\GameSpace\GameSpace\GameSpace\GameSpace.csproj]
C:\Users\n2029\Desktop\GameSpace\GameSpace\GameSpace\Areas\MiniGame\Services\CouponService.cs(146,79): error CS1061: 'Coupon' 未包含 'UsedInOrderID' 的定義，也找不到可接受類型 'Coupon' 第一個引數的可存取擴充方法 'UsedInOrderID' (是否遺漏 using 指示詞或組件參考?) [C:\Users\n2029\Desktop\GameSpace\GameSpace\GameSpace\GameSpace.csproj]
C:\Users\n2029\Desktop\GameSpace\GameSpace\GameSpace\Areas\MiniGame\Services\DailyGameLimitService.cs(29,38): error CS1061: 'GameSpacedatabaseContext' 未包含 'DailyGameLimits' 的定義，也找不到可接受類型 'GameSpacedatabaseContext' 第一個引數的可存取擴充方法 'DailyGameLimits' (是否遺漏 using 指示詞或組件參考?) [C:\Users\n2029\Desktop\GameSpace\GameSpace\GameSpace\GameSpace.csproj]
C:\Users\n2029\Desktop\GameSpace\GameSpace\GameSpace\Areas\MiniGame\Services\DailyGameLimitService.cs(81,46): error CS1061: 'GameSpacedatabaseContext' 未包含 'DailyGameLimits' 的定義，也找不到可接受類型 'GameSpacedatabaseContext' 第一個引數的可存取擴充方法 'DailyGameLimits' (是否遺漏 using 指示詞或組件參考?) [C:\Users\n2029\Desktop\GameSpace\GameSpace\GameSpace\GameSpace.csproj]
C:\Users\n2029\Desktop\GameSpace\GameSpace\GameSpace\Areas\MiniGame\Services\CouponService.cs(168,65): error CS1061: 'Coupon' 未包含 'CouponID' 的定義，也找不到可接受類型 'Coupon' 第一個引數的可存取擴充方法 'CouponID' (是否遺漏 using 指示詞或組件參考?) [C:\Users\n2029\Desktop\GameSpace\GameSpace\GameSpace\GameSpace.csproj]
C:\Users\n2029\Desktop\GameSpace\GameSpace\GameSpace\Areas\MiniGame\Services\CouponService.cs(170,69): error CS1061: 'Coupon' 未包含 'CouponTypeID' 的定義，也找不到可接受類型 'Coupon' 第一個引數的可存取擴充方法 'CouponTypeID' (是否遺漏 using 指示詞或組件參考?) [C:\Users\n2029\Desktop\GameSpace\GameSpace\GameSpace\GameSpace.csproj]
C:\Users\n2029\Desktop\GameSpace\GameSpace\GameSpace\Areas\MiniGame\Services\CouponService.cs(171,63): error CS1061: 'Coupon' 未包含 'UserID' 的定義，也找不到可接受類型 'Coupon' 第一個引數的可存取擴充方法 'UserID' (是否遺漏 using 指示詞或組件參考?) [C:\Users\n2029\Desktop\GameSpace\GameSpace\GameSpace\GameSpace.csproj]
C:\Users\n2029\Desktop\GameSpace\GameSpace\GameSpace\Areas\MiniGame\Services\CouponService.cs(175,79): error CS1061: 'Coupon' 未包含 'UsedInOrderID' 的定義，也找不到可接受類型 'Coupon' 第一個引數的可存取擴充方法 'UsedInOrderID' (是否遺漏 using 指示詞或組件參考?) [C:\Users\n2029\Desktop\GameSpace\GameSpace\GameSpace\GameSpace.csproj]
C:\Users\n2029\Desktop\GameSpace\GameSpace\GameSpace\Areas\MiniGame\Services\CouponTypeService.cs(153,47): error CS1061: 'GameSpacedatabaseContext' 未包含 'CouponType' 的定義，也找不到可接受類型 'GameSpacedatabaseContext' 第一個引數的可存取擴充方法 'CouponType' (是否遺漏 using 指示詞或組件參考?) [C:\Users\n2029\Desktop\GameSpace\GameSpace\GameSpace\GameSpace.csproj]
C:\Users\n2029\Desktop\GameSpace\GameSpace\GameSpace\Areas\MiniGame\Services\DailyGameLimitService.cs(106,46): error CS1061: 'GameSpacedatabaseContext' 未包含 'DailyGameLimits' 的定義，也找不到可接受類型 'GameSpacedatabaseContext' 第一個引數的可存取擴充方法 'DailyGameLimits' (是否遺漏 using 指示詞或組件參考?) [C:\Users\n2029\Desktop\GameSpace\GameSpace\GameSpace\GameSpace.csproj]
C:\Users\n2029\Desktop\GameSpace\GameSpace\GameSpace\Areas\MiniGame\Services\DailyGameLimitService.cs(146,26): error CS1061: 'GameSpacedatabaseContext' 未包含 'DailyGameLimits' 的定義，也找不到可接受類型 'GameSpacedatabaseContext' 第一個引數的可存取擴充方法 'DailyGameLimits' (是否遺漏 using 指示詞或組件參考?) [C:\Users\n2029\Desktop\GameSpace\GameSpace\GameSpace\GameSpace.csproj]
C:\Users\n2029\Desktop\GameSpace\GameSpace\GameSpace\Areas\MiniGame\Controllers\AdminController.cs(69,34): error CS0246: 找不到類型或命名空間名稱 'RecentSignInModel' (是否遺漏了 using 指示詞或組件參考?) [C:\Users\n2029\Desktop\GameSpace\GameSpace\GameSpace\GameSpace.csproj]
C:\Users\n2029\Desktop\GameSpace\GameSpace\GameSpace\Areas\MiniGame\Controllers\AdminController.cs(84,34): error CS0246: 找不到類型或命名空間名稱 'RecentGameRecordModel' (是否遺漏了 using 指示詞或組件參考?) [C:\Users\n2029\Desktop\GameSpace\GameSpace\GameSpace\GameSpace.csproj]
C:\Users\n2029\Desktop\GameSpace\GameSpace\GameSpace\Areas\MiniGame\Controllers\AdminController.cs(133,17): error CS0117: 'AdminDashboardViewModel' 未包含 'RecentSignIns' 的定義 [C:\Users\n2029\Desktop\GameSpace\GameSpace\GameSpace\GameSpace.csproj]
C:\Users\n2029\Desktop\GameSpace\GameSpace\GameSpace\Areas\MiniGame\Controllers\AdminController.cs(134,17): error CS0117: 'AdminDashboardViewModel' 未包含 'RecentGameRecords' 的定義 [C:\Users\n2029\Desktop\GameSpace\GameSpace\GameSpace\GameSpace.csproj]
C:\Users\n2029\Desktop\GameSpace\GameSpace\GameSpace\Areas\MiniGame\Controllers\AdminController.cs(135,17): error CS0117: 'AdminDashboardViewModel' 未包含 'RecentWalletTransactions' 的定義 [C:\Users\n2029\Desktop\GameSpace\GameSpace\GameSpace\GameSpace.csproj]
C:\Users\n2029\Desktop\GameSpace\GameSpace\GameSpace\Areas\MiniGame\Controllers\AdminController.cs(136,17): error CS0117: 'AdminDashboardViewModel' 未包含 'SystemStats' 的定義 [C:\Users\n2029\Desktop\GameSpace\GameSpace\GameSpace\GameSpace.csproj]
C:\Users\n2029\Desktop\GameSpace\GameSpace\GameSpace\Areas\MiniGame\Controllers\AdminController.cs(108,35): warning CS8601: 可能有 Null 參考指派。 [C:\Users\n2029\Desktop\GameSpace\GameSpace\GameSpace\GameSpace.csproj]
C:\Users\n2029\Desktop\GameSpace\GameSpace\GameSpace\Areas\OnlineStore\Controllers\OrderDetailController.cs(309,18): warning CS8601: 可能有 Null 參考指派。 [C:\Users\n2029\Desktop\GameSpace\GameSpace\GameSpace\GameSpace.csproj]
C:\Users\n2029\Desktop\GameSpace\GameSpace\GameSpace\Areas\OnlineStore\Controllers\OrderDetailController.cs(310,14): warning CS8601: 可能有 Null 參考指派。 [C:\Users\n2029\Desktop\GameSpace\GameSpace\GameSpace\GameSpace.csproj]
C:\Users\n2029\Desktop\GameSpace\GameSpace\GameSpace\Areas\OnlineStore\Controllers\OrderDetailController.cs(311,16): warning CS8601: 可能有 Null 參考指派。 [C:\Users\n2029\Desktop\GameSpace\GameSpace\GameSpace\GameSpace.csproj]
C:\Users\n2029\Desktop\GameSpace\GameSpace\GameSpace\Areas\OnlineStore\Controllers\OrderDetailController.cs(312,17): warning CS8601: 可能有 Null 參考指派。 [C:\Users\n2029\Desktop\GameSpace\GameSpace\GameSpace\GameSpace.csproj]
C:\Users\n2029\Desktop\GameSpace\GameSpace\GameSpace\Areas\OnlineStore\Controllers\OrderDetailController.cs(314,13): warning CS8601: 可能有 Null 參考指派。 [C:\Users\n2029\Desktop\GameSpace\GameSpace\GameSpace\GameSpace.csproj]
C:\Users\n2029\Desktop\GameSpace\GameSpace\GameSpace\Areas\OnlineStore\Controllers\OrderDetailController.cs(315,16): warning CS8601: 可能有 Null 參考指派。 [C:\Users\n2029\Desktop\GameSpace\GameSpace\GameSpace\GameSpace.csproj]
C:\Users\n2029\Desktop\GameSpace\GameSpace\GameSpace\Areas\OnlineStore\Controllers\OrderDetailController.cs(322,22): warning CS8601: 可能有 Null 參考指派。 [C:\Users\n2029\Desktop\GameSpace\GameSpace\GameSpace\GameSpace.csproj]
C:\Users\n2029\Desktop\GameSpace\GameSpace\GameSpace\Areas\OnlineStore\Controllers\OrderDetailController.cs(323,18): warning CS8601: 可能有 Null 參考指派。 [C:\Users\n2029\Desktop\GameSpace\GameSpace\GameSpace\GameSpace.csproj]
C:\Users\n2029\Desktop\GameSpace\GameSpace\GameSpace\Areas\OnlineStore\Controllers\OrderDetailController.cs(324,20): warning CS8601: 可能有 Null 參考指派。 [C:\Users\n2029\Desktop\GameSpace\GameSpace\GameSpace\GameSpace.csproj]
C:\Users\n2029\Desktop\GameSpace\GameSpace\GameSpace\Areas\OnlineStore\Controllers\OrderDetailController.cs(325,21): warning CS8601: 可能有 Null 參考指派。 [C:\Users\n2029\Desktop\GameSpace\GameSpace\GameSpace\GameSpace.csproj]
C:\Users\n2029\Desktop\GameSpace\GameSpace\GameSpace\Areas\OnlineStore\Controllers\OrderDetailController.cs(327,17): warning CS8601: 可能有 Null 參考指派。 [C:\Users\n2029\Desktop\GameSpace\GameSpace\GameSpace\GameSpace.csproj]
C:\Users\n2029\Desktop\GameSpace\GameSpace\GameSpace\Areas\OnlineStore\Controllers\OrderDetailController.cs(328,20): warning CS8601: 可能有 Null 參考指派。 [C:\Users\n2029\Desktop\GameSpace\GameSpace\GameSpace\GameSpace.csproj]
C:\Users\n2029\Desktop\GameSpace\GameSpace\GameSpace\Areas\MiniGame\Services\CouponTypeService.cs(163,46): error CS1061: 'GameSpacedatabaseContext' 未包含 'CouponType' 的定義，也找不到可接受類型 'GameSpacedatabaseContext' 第一個引數的可存取擴充方法 'CouponType' (是否遺漏 using 指示詞或組件參考?) [C:\Users\n2029\Desktop\GameSpace\GameSpace\GameSpace\GameSpace.csproj]
C:\Users\n2029\Desktop\GameSpace\GameSpace\GameSpace\Areas\MiniGame\Services\CouponTypeService.cs(168,46): error CS1061: 'GameSpacedatabaseContext' 未包含 'Coupon' 的定義，也找不到可接受類型 'GameSpacedatabaseContext' 第一個引數的可存取擴充方法 'Coupon' (是否遺漏 using 指示詞或組件參考?) [C:\Users\n2029\Desktop\GameSpace\GameSpace\GameSpace\GameSpace.csproj]
C:\Users\n2029\Desktop\GameSpace\GameSpace\GameSpace\Areas\MiniGame\Services\CouponService.cs(225,21): error CS0117: 'CouponType' 未包含 'CouponTypeID' 的定義 [C:\Users\n2029\Desktop\GameSpace\GameSpace\GameSpace\GameSpace.csproj]
C:\Users\n2029\Desktop\GameSpace\GameSpace\GameSpace\Areas\MiniGame\Services\DailyGameLimitService.cs(166,46): error CS1061: 'GameSpacedatabaseContext' 未包含 'DailyGameLimits' 的定義，也找不到可接受類型 'GameSpacedatabaseContext' 第一個引數的可存取擴充方法 'DailyGameLimits' (是否遺漏 using 指示詞或組件參考?) [C:\Users\n2029\Desktop\GameSpace\GameSpace\GameSpace\GameSpace.csproj]
C:\Users\n2029\Desktop\GameSpace\GameSpace\GameSpace\Areas\MiniGame\Services\DailyGameLimitService.cs(180,26): error CS1061: 'GameSpacedatabaseContext' 未包含 'DailyGameLimits' 的定義，也找不到可接受類型 'GameSpacedatabaseContext' 第一個引數的可存取擴充方法 'DailyGameLimits' (是否遺漏 using 指示詞或組件參考?) [C:\Users\n2029\Desktop\GameSpace\GameSpace\GameSpace\GameSpace.csproj]
C:\Users\n2029\Desktop\GameSpace\GameSpace\GameSpace\Areas\MiniGame\Services\DailyGameLimitValidationService.cs(34,28): error CS1061: 'ValidationResult' 未包含 'AddError' 的定義，也找不到可接受類型 'ValidationResult' 第一個引數的可存取擴充方法 'AddError' (是否遺漏 using 指示詞或組件參考?) [C:\Users\n2029\Desktop\GameSpace\GameSpace\GameSpace\GameSpace.csproj]
C:\Users\n2029\Desktop\GameSpace\GameSpace\GameSpace\Areas\MiniGame\Services\DailyGameLimitValidationService.cs(38,54): error CS1061: 'GameSpacedatabaseContext' 未包含 'DailyGameLimits' 的定義，也找不到可接受類型 'GameSpacedatabaseContext' 第一個引數的可存取擴充方法 'DailyGameLimits' (是否遺漏 using 指示詞或組件參考?) [C:\Users\n2029\Desktop\GameSpace\GameSpace\GameSpace\GameSpace.csproj]
C:\Users\n2029\Desktop\GameSpace\GameSpace\GameSpace\Areas\MiniGame\Services\DailyGameLimitValidationService.cs(43,28): error CS1061: 'ValidationResult' 未包含 'AddError' 的定義，也找不到可接受類型 'ValidationResult' 第一個引數的可存取擴充方法 'AddError' (是否遺漏 using 指示詞或組件參考?) [C:\Users\n2029\Desktop\GameSpace\GameSpace\GameSpace\GameSpace.csproj]
C:\Users\n2029\Desktop\GameSpace\GameSpace\GameSpace\Areas\MiniGame\Services\DailyGameLimitValidationService.cs(49,28): error CS1061: 'ValidationResult' 未包含 'AddError' 的定義，也找不到可接受類型 'ValidationResult' 第一個引數的可存取擴充方法 'AddError' (是否遺漏 using 指示詞或組件參考?) [C:\Users\n2029\Desktop\GameSpace\GameSpace\GameSpace\GameSpace.csproj]
C:\Users\n2029\Desktop\GameSpace\GameSpace\GameSpace\Areas\MiniGame\Services\DailyGameLimitValidationService.cs(66,24): error CS1061: 'ValidationResult' 未包含 'AddError' 的定義，也找不到可接受類型 'ValidationResult' 第一個引數的可存取擴充方法 'AddError' (是否遺漏 using 指示詞或組件參考?) [C:\Users\n2029\Desktop\GameSpace\GameSpace\GameSpace\GameSpace.csproj]
C:\Users\n2029\Desktop\GameSpace\GameSpace\GameSpace\Areas\MiniGame\Services\CouponService.cs(252,21): error CS0117: 'CouponType' 未包含 'CouponTypeID' 的定義 [C:\Users\n2029\Desktop\GameSpace\GameSpace\GameSpace\GameSpace.csproj]
C:\Users\n2029\Desktop\GameSpace\GameSpace\GameSpace\Areas\MiniGame\Services\DailyGameLimitService.cs(200,46): error CS1061: 'GameSpacedatabaseContext' 未包含 'DailyGameLimits' 的定義，也找不到可接受類型 'GameSpacedatabaseContext' 第一個引數的可存取擴充方法 'DailyGameLimits' (是否遺漏 using 指示詞或組件參考?) [C:\Users\n2029\Desktop\GameSpace\GameSpace\GameSpace\GameSpace.csproj]
C:\Users\n2029\Desktop\GameSpace\GameSpace\GameSpace\Areas\MiniGame\Services\DailyGameLimitService.cs(207,26): error CS1061: 'GameSpacedatabaseContext' 未包含 'DailyGameLimits' 的定義，也找不到可接受類型 'GameSpacedatabaseContext' 第一個引數的可存取擴充方法 'DailyGameLimits' (是否遺漏 using 指示詞或組件參考?) [C:\Users\n2029\Desktop\GameSpace\GameSpace\GameSpace\GameSpace.csproj]
C:\Users\n2029\Desktop\GameSpace\GameSpace\GameSpace\Areas\MiniGame\Services\DailyGameLimitValidationService.cs(83,28): error CS1061: 'ValidationResult' 未包含 'AddError' 的定義，也找不到可接受類型 'ValidationResult' 第一個引數的可存取擴充方法 'AddError' (是否遺漏 using 指示詞或組件參考?) [C:\Users\n2029\Desktop\GameSpace\GameSpace\GameSpace\GameSpace.csproj]
C:\Users\n2029\Desktop\GameSpace\GameSpace\GameSpace\Areas\MiniGame\Services\DailyGameLimitValidationService.cs(87,54): error CS1061: 'GameSpacedatabaseContext' 未包含 'DailyGameLimits' 的定義，也找不到可接受類型 'GameSpacedatabaseContext' 第一個引數的可存取擴充方法 'DailyGameLimits' (是否遺漏 using 指示詞或組件參考?) [C:\Users\n2029\Desktop\GameSpace\GameSpace\GameSpace\GameSpace.csproj]
C:\Users\n2029\Desktop\GameSpace\GameSpace\GameSpace\Areas\MiniGame\Services\DailyGameLimitValidationService.cs(92,28): error CS1061: 'ValidationResult' 未包含 'AddError' 的定義，也找不到可接受類型 'ValidationResult' 第一個引數的可存取擴充方法 'AddError' (是否遺漏 using 指示詞或組件參考?) [C:\Users\n2029\Desktop\GameSpace\GameSpace\GameSpace\GameSpace.csproj]
C:\Users\n2029\Desktop\GameSpace\GameSpace\GameSpace\Areas\MiniGame\Services\DailyGameLimitValidationService.cs(98,28): error CS1061: 'ValidationResult' 未包含 'AddError' 的定義，也找不到可接受類型 'ValidationResult' 第一個引數的可存取擴充方法 'AddError' (是否遺漏 using 指示詞或組件參考?) [C:\Users\n2029\Desktop\GameSpace\GameSpace\GameSpace\GameSpace.csproj]
C:\Users\n2029\Desktop\GameSpace\GameSpace\GameSpace\Areas\MiniGame\Services\DailyGameLimitValidationService.cs(102,46): error CS1061: 'GameSpacedatabaseContext' 未包含 'DailyGameLimits' 的定義，也找不到可接受類型 'GameSpacedatabaseContext' 第一個引數的可存取擴充方法 'DailyGameLimits' (是否遺漏 using 指示詞或組件參考?) [C:\Users\n2029\Desktop\GameSpace\GameSpace\GameSpace\GameSpace.csproj]
C:\Users\n2029\Desktop\GameSpace\GameSpace\GameSpace\Areas\MiniGame\Services\DailyGameLimitValidationService.cs(105,28): error CS1061: 'ValidationResult' 未包含 'AddError' 的定義，也找不到可接受類型 'ValidationResult' 第一個引數的可存取擴充方法 'AddError' (是否遺漏 using 指示詞或組件參考?) [C:\Users\n2029\Desktop\GameSpace\GameSpace\GameSpace\GameSpace.csproj]
C:\Users\n2029\Desktop\GameSpace\GameSpace\GameSpace\Areas\MiniGame\Services\DailyGameLimitValidationService.cs(123,24): error CS1061: 'ValidationResult' 未包含 'AddError' 的定義，也找不到可接受類型 'ValidationResult' 第一個引數的可存取擴充方法 'AddError' (是否遺漏 using 指示詞或組件參考?) [C:\Users\n2029\Desktop\GameSpace\GameSpace\GameSpace\GameSpace.csproj]
C:\Users\n2029\Desktop\GameSpace\GameSpace\GameSpace\Areas\MiniGame\Services\DailyGameLimitService.cs(227,46): error CS1061: 'GameSpacedatabaseContext' 未包含 'DailyGameLimits' 的定義，也找不到可接受類型 'GameSpacedatabaseContext' 第一個引數的可存取擴充方法 'DailyGameLimits' (是否遺漏 using 指示詞或組件參考?) [C:\Users\n2029\Desktop\GameSpace\GameSpace\GameSpace\GameSpace.csproj]
C:\Users\n2029\Desktop\GameSpace\GameSpace\GameSpace\Areas\MiniGame\Services\DailyGameLimitService.cs(238,26): error CS1061: 'GameSpacedatabaseContext' 未包含 'DailyGameLimits' 的定義，也找不到可接受類型 'GameSpacedatabaseContext' 第一個引數的可存取擴充方法 'DailyGameLimits' (是否遺漏 using 指示詞或組件參考?) [C:\Users\n2029\Desktop\GameSpace\GameSpace\GameSpace\GameSpace.csproj]
C:\Users\n2029\Desktop\GameSpace\GameSpace\GameSpace\Areas\MiniGame\Services\CouponService.cs(305,73): error CS1061: 'CouponType' 未包含 'CouponTypeID' 的定義，也找不到可接受類型 'CouponType' 第一個引數的可存取擴充方法 'CouponTypeID' (是否遺漏 using 指示詞或組件參考?) [C:\Users\n2029\Desktop\GameSpace\GameSpace\GameSpace\GameSpace.csproj]
C:\Users\n2029\Desktop\GameSpace\GameSpace\GameSpace\Areas\MiniGame\Services\DailyGameLimitService.cs(258,52): error CS1061: 'GameSpacedatabaseContext' 未包含 'DailyGameLimits' 的定義，也找不到可接受類型 'GameSpacedatabaseContext' 第一個引數的可存取擴充方法 'DailyGameLimits' (是否遺漏 using 指示詞或組件參考?) [C:\Users\n2029\Desktop\GameSpace\GameSpace\GameSpace\GameSpace.csproj]
C:\Users\n2029\Desktop\GameSpace\GameSpace\GameSpace\Areas\MiniGame\Services\DailyGameLimitService.cs(259,54): error CS1061: 'GameSpacedatabaseContext' 未包含 'DailyGameLimits' 的定義，也找不到可接受類型 'GameSpacedatabaseContext' 第一個引數的可存取擴充方法 'DailyGameLimits' (是否遺漏 using 指示詞或組件參考?) [C:\Users\n2029\Desktop\GameSpace\GameSpace\GameSpace\GameSpace.csproj]
C:\Users\n2029\Desktop\GameSpace\GameSpace\GameSpace\Areas\MiniGame\Services\DailyGameLimitService.cs(265,50): error CS1061: 'GameSpacedatabaseContext' 未包含 'DailyGameLimits' 的定義，也找不到可接受類型 'GameSpacedatabaseContext' 第一個引數的可存取擴充方法 'DailyGameLimits' (是否遺漏 using 指示詞或組件參考?) [C:\Users\n2029\Desktop\GameSpace\GameSpace\GameSpace\GameSpace.csproj]
C:\Users\n2029\Desktop\GameSpace\GameSpace\GameSpace\Areas\MiniGame\Services\DailyGameLimitValidationService.cs(138,53): error CS1061: 'GameSpacedatabaseContext' 未包含 'DailyGameLimits' 的定義，也找不到可接受類型 'GameSpacedatabaseContext' 第一個引數的可存取擴充方法 'DailyGameLimits' (是否遺漏 using 指示詞或組件參考?) [C:\Users\n2029\Desktop\GameSpace\GameSpace\GameSpace\GameSpace.csproj]
C:\Users\n2029\Desktop\GameSpace\GameSpace\GameSpace\Areas\MiniGame\Services\DailyGameLimitValidationService.cs(164,28): error CS1061: 'GameValidationResult' 未包含 'AddError' 的定義，也找不到可接受類型 'GameValidationResult' 第一個引數的可存取擴充方法 'AddError' (是否遺漏 using 指示詞或組件參考?) [C:\Users\n2029\Desktop\GameSpace\GameSpace\GameSpace\GameSpace.csproj]
C:\Users\n2029\Desktop\GameSpace\GameSpace\GameSpace\Areas\MiniGame\Services\DailyGameLimitValidationService.cs(179,24): error CS1061: 'GameValidationResult' 未包含 'AddError' 的定義，也找不到可接受類型 'GameValidationResult' 第一個引數的可存取擴充方法 'AddError' (是否遺漏 using 指示詞或組件參考?) [C:\Users\n2029\Desktop\GameSpace\GameSpace\GameSpace\GameSpace.csproj]
C:\Users\n2029\Desktop\GameSpace\GameSpace\GameSpace\Areas\MiniGame\Services\CouponService.cs(339,17): error CS0117: 'Coupon' 未包含 'CouponTypeID' 的定義 [C:\Users\n2029\Desktop\GameSpace\GameSpace\GameSpace\GameSpace.csproj]
C:\Users\n2029\Desktop\GameSpace\GameSpace\GameSpace\Areas\MiniGame\Services\CouponService.cs(340,17): error CS0117: 'Coupon' 未包含 'UserID' 的定義 [C:\Users\n2029\Desktop\GameSpace\GameSpace\GameSpace\GameSpace.csproj]
C:\Users\n2029\Desktop\GameSpace\GameSpace\GameSpace\Areas\MiniGame\Services\DailyGameLimitValidationService.cs(194,53): error CS1061: 'GameSpacedatabaseContext' 未包含 'MiniGame' 的定義，也找不到可接受類型 'GameSpacedatabaseContext' 第一個引數的可存取擴充方法 'MiniGame' (是否遺漏 using 指示詞或組件參考?) [C:\Users\n2029\Desktop\GameSpace\GameSpace\GameSpace\GameSpace.csproj]
C:\Users\n2029\Desktop\GameSpace\GameSpace\GameSpace\Areas\MiniGame\Controllers\AdminController.cs(218,37): error CS1061: 'User' 未包含 'UserWallet' 的定義，也找不到可接受類型 'User' 第一個引數的可存取擴充方法 'UserWallet' (是否遺漏 using 指示詞或組件參考?) [C:\Users\n2029\Desktop\GameSpace\GameSpace\GameSpace\GameSpace.csproj]
C:\Users\n2029\Desktop\GameSpace\GameSpace\GameSpace\Areas\MiniGame\Controllers\Settings\PointsSettingsController.cs(43,65): error CS1061: 'IPetColorChangeSettingsService' 未包含 'GetAllAsync' 的定義，也找不到可接受類型 'IPetColorChangeSettingsService' 第一個引數的可存取擴充方法 'GetAllAsync' (是否遺漏 using 指示詞或組件參考?) [C:\Users\n2029\Desktop\GameSpace\GameSpace\GameSpace\GameSpace.csproj]
C:\Users\n2029\Desktop\GameSpace\GameSpace\GameSpace\Areas\MiniGame\Controllers\Settings\PointsSettingsController.cs(44,75): error CS1061: 'IPetBackgroundChangeSettingsService' 未包含 'GetAllAsync' 的定義，也找不到可接受類型 'IPetBackgroundChangeSettingsService' 第一個引數的可存取擴充方法 'GetAllAsync' (是否遺漏 using 指示詞或組件參考?) [C:\Users\n2029\Desktop\GameSpace\GameSpace\GameSpace\GameSpace.csproj]
C:\Users\n2029\Desktop\GameSpace\GameSpace\GameSpace\Areas\MiniGame\Controllers\Settings\PointsSettingsController.cs(50,25): error CS0117: 'PetColorChangeSettingsViewModel' 未包含 'Id' 的定義 [C:\Users\n2029\Desktop\GameSpace\GameSpace\GameSpace\GameSpace.csproj]
C:\Users\n2029\Desktop\GameSpace\GameSpace\GameSpace\Areas\MiniGame\Controllers\Settings\PointsSettingsController.cs(51,25): error CS0117: 'PetColorChangeSettingsViewModel' 未包含 'ColorName' 的定義 [C:\Users\n2029\Desktop\GameSpace\GameSpace\GameSpace\GameSpace.csproj]
C:\Users\n2029\Desktop\GameSpace\GameSpace\GameSpace\Areas\MiniGame\Controllers\Settings\PointsSettingsController.cs(52,25): error CS0117: 'PetColorChangeSettingsViewModel' 未包含 'RequiredPoints' 的定義 [C:\Users\n2029\Desktop\GameSpace\GameSpace\GameSpace\GameSpace.csproj]
C:\Users\n2029\Desktop\GameSpace\GameSpace\GameSpace\Areas\MiniGame\Controllers\Settings\PointsSettingsController.cs(53,25): error CS0117: 'PetColorChangeSettingsViewModel' 未包含 'ColorCode' 的定義 [C:\Users\n2029\Desktop\GameSpace\GameSpace\GameSpace\GameSpace.csproj]
C:\Users\n2029\Desktop\GameSpace\GameSpace\GameSpace\Areas\MiniGame\Controllers\Settings\PointsSettingsController.cs(88,67): error CS1061: 'IPointsSettingsStatisticsService' 未包含 'GetTotalColorSettingsAsync' 的定義，也找不到可接受類型 'IPointsSettingsStatisticsService' 第一個引數的可存取擴充方法 'GetTotalColorSettingsAsync' (是否遺漏 using 指示詞或組件參考?) [C:\Users\n2029\Desktop\GameSpace\GameSpace\GameSpace\GameSpace.csproj]
C:\Users\n2029\Desktop\GameSpace\GameSpace\GameSpace\Areas\MiniGame\Controllers\Settings\PointsSettingsController.cs(89,72): error CS1061: 'IPointsSettingsStatisticsService' 未包含 'GetTotalBackgroundSettingsAsync' 的定義，也找不到可接受類型 'IPointsSettingsStatisticsService' 第一個引數的可存取擴充方法 'GetTotalBackgroundSettingsAsync' (是否遺漏 using 指示詞或組件參考?) [C:\Users\n2029\Desktop\GameSpace\GameSpace\GameSpace\GameSpace.csproj]
C:\Users\n2029\Desktop\GameSpace\GameSpace\GameSpace\Areas\MiniGame\Controllers\Settings\PointsSettingsController.cs(90,68): error CS1061: 'IPointsSettingsStatisticsService' 未包含 'GetActiveColorSettingsAsync' 的定義，也找不到可接受類型 'IPointsSettingsStatisticsService' 第一個引數的可存取擴充方法 'GetActiveColorSettingsAsync' (是否遺漏 using 指示詞或組件參考?) [C:\Users\n2029\Desktop\GameSpace\GameSpace\GameSpace\GameSpace.csproj]
C:\Users\n2029\Desktop\GameSpace\GameSpace\GameSpace\Areas\MiniGame\Controllers\Settings\PointsSettingsController.cs(91,73): error CS1061: 'IPointsSettingsStatisticsService' 未包含 'GetActiveBackgroundSettingsAsync' 的定義，也找不到可接受類型 'IPointsSettingsStatisticsService' 第一個引數的可存取擴充方法 'GetActiveBackgroundSettingsAsync' (是否遺漏 using 指示詞或組件參考?) [C:\Users\n2029\Desktop\GameSpace\GameSpace\GameSpace\GameSpace.csproj]
C:\Users\n2029\Desktop\GameSpace\GameSpace\GameSpace\Areas\MiniGame\Controllers\Settings\PointsSettingsController.cs(92,65): error CS1061: 'IPointsSettingsStatisticsService' 未包含 'GetTotalColorPointsAsync' 的定義，也找不到可接受類型 'IPointsSettingsStatisticsService' 第一個引數的可存取擴充方法 'GetTotalColorPointsAsync' (是否遺漏 using 指示詞或組件參考?) [C:\Users\n2029\Desktop\GameSpace\GameSpace\GameSpace\GameSpace.csproj]
C:\Users\n2029\Desktop\GameSpace\GameSpace\GameSpace\Areas\MiniGame\Controllers\Settings\PointsSettingsController.cs(93,70): error CS1061: 'IPointsSettingsStatisticsService' 未包含 'GetTotalBackgroundPointsAsync' 的定義，也找不到可接受類型 'IPointsSettingsStatisticsService' 第一個引數的可存取擴充方法 'GetTotalBackgroundPointsAsync' (是否遺漏 using 指示詞或組件參考?) [C:\Users\n2029\Desktop\GameSpace\GameSpace\GameSpace\GameSpace.csproj]
C:\Users\n2029\Desktop\GameSpace\GameSpace\GameSpace\Areas\MiniGame\Controllers\Settings\PointsSettingsController.cs(94,60): error CS1061: 'IPointsSettingsStatisticsService' 未包含 'GetTotalPointsAsync' 的定義，也找不到可接受類型 'IPointsSettingsStatisticsService' 第一個引數的可存取擴充方法 'GetTotalPointsAsync' (是否遺漏 using 指示詞或組件參考?) [C:\Users\n2029\Desktop\GameSpace\GameSpace\GameSpace\GameSpace.csproj]
C:\Users\n2029\Desktop\GameSpace\GameSpace\GameSpace\Areas\MiniGame\Controllers\Settings\PointsSettingsController.cs(104,21): error CS0200: 無法指派為屬性或索引子 'PointsSettingsStatisticsViewModel.TotalPoints' -- 其為唯讀 [C:\Users\n2029\Desktop\GameSpace\GameSpace\GameSpace\GameSpace.csproj]
C:\Users\n2029\Desktop\GameSpace\GameSpace\GameSpace\Areas\MiniGame\Controllers\AdminDashboardController.cs(51,27): error CS1061: 'AdminDashboardViewModel' 未包含 'ActiveUsersLast7Days' 的定義，也找不到可接受類型 'AdminDashboardViewModel' 第一個引數的可存取擴充方法 'ActiveUsersLast7Days' (是否遺漏 using 指示詞或組件參考?) [C:\Users\n2029\Desktop\GameSpace\GameSpace\GameSpace\GameSpace.csproj]
C:\Users\n2029\Desktop\GameSpace\GameSpace\GameSpace\Areas\MiniGame\Controllers\AdminDashboardController.cs(54,27): error CS1061: 'AdminDashboardViewModel' 未包含 'PetsWithMaxLevel' 的定義，也找不到可接受類型 'AdminDashboardViewModel' 第一個引數的可存取擴充方法 'PetsWithMaxLevel' (是否遺漏 using 指示詞或組件參考?) [C:\Users\n2029\Desktop\GameSpace\GameSpace\GameSpace\GameSpace.csproj]
C:\Users\n2029\Desktop\GameSpace\GameSpace\GameSpace\Areas\MiniGame\Controllers\AdminDashboardController.cs(55,27): error CS1061: 'AdminDashboardViewModel' 未包含 'PetsWithMaxHappiness' 的定義，也找不到可接受類型 'AdminDashboardViewModel' 第一個引數的可存取擴充方法 'PetsWithMaxHappiness' (是否遺漏 using 指示詞或組件參考?) [C:\Users\n2029\Desktop\GameSpace\GameSpace\GameSpace\GameSpace.csproj]
C:\Users\n2029\Desktop\GameSpace\GameSpace\GameSpace\Areas\MiniGame\Controllers\AdminDashboardController.cs(59,27): error CS1061: 'AdminDashboardViewModel' 未包含 'TotalPointsInCirculation' 的定義，也找不到可接受類型 'AdminDashboardViewModel' 第一個引數的可存取擴充方法 'TotalPointsInCirculation' (是否遺漏 using 指示詞或組件參考?) [C:\Users\n2029\Desktop\GameSpace\GameSpace\GameSpace\GameSpace.csproj]
C:\Users\n2029\Desktop\GameSpace\GameSpace\GameSpace\Areas\MiniGame\Controllers\AdminDashboardController.cs(60,27): error CS1061: 'AdminDashboardViewModel' 未包含 'AveragePointsPerUser' 的定義，也找不到可接受類型 'AdminDashboardViewModel' 第一個引數的可存取擴充方法 'AveragePointsPerUser' (是否遺漏 using 指示詞或組件參考?) [C:\Users\n2029\Desktop\GameSpace\GameSpace\GameSpace\GameSpace.csproj]
C:\Users\n2029\Desktop\GameSpace\GameSpace\GameSpace\Areas\MiniGame\Controllers\AdminDashboardController.cs(65,27): error CS1061: 'AdminDashboardViewModel' 未包含 'UsedCoupons' 的定義，也找不到可接受類型 'AdminDashboardViewModel' 第一個引數的可存取擴充方法 'UsedCoupons' (是否遺漏 using 指示詞或組件參考?) [C:\Users\n2029\Desktop\GameSpace\GameSpace\GameSpace\GameSpace.csproj]
C:\Users\n2029\Desktop\GameSpace\GameSpace\GameSpace\Areas\MiniGame\Controllers\AdminDashboardController.cs(66,27): error CS1061: 'AdminDashboardViewModel' 未包含 'AvailableCoupons' 的定義，也找不到可接受類型 'AdminDashboardViewModel' 第一個引數的可存取擴充方法 'AvailableCoupons' (是否遺漏 using 指示詞或組件參考?) [C:\Users\n2029\Desktop\GameSpace\GameSpace\GameSpace\GameSpace.csproj]
C:\Users\n2029\Desktop\GameSpace\GameSpace\GameSpace\Areas\MiniGame\Controllers\AdminDashboardController.cs(69,27): error CS1061: 'AdminDashboardViewModel' 未包含 'UsedEVouchers' 的定義，也找不到可接受類型 'AdminDashboardViewModel' 第一個引數的可存取擴充方法 'UsedEVouchers' (是否遺漏 using 指示詞或組件參考?) [C:\Users\n2029\Desktop\GameSpace\GameSpace\GameSpace\GameSpace.csproj]
C:\Users\n2029\Desktop\GameSpace\GameSpace\GameSpace\Areas\MiniGame\Controllers\AdminDashboardController.cs(70,27): error CS1061: 'AdminDashboardViewModel' 未包含 'AvailableEVouchers' 的定義，也找不到可接受類型 'AdminDashboardViewModel' 第一個引數的可存取擴充方法 'AvailableEVouchers' (是否遺漏 using 指示詞或組件參考?) [C:\Users\n2029\Desktop\GameSpace\GameSpace\GameSpace\GameSpace.csproj]
C:\Users\n2029\Desktop\GameSpace\GameSpace\GameSpace\Areas\MiniGame\Controllers\AdminDashboardController.cs(74,27): error CS1061: 'AdminDashboardViewModel' 未包含 'RecentSignIns' 的定義，也找不到可接受類型 'AdminDashboardViewModel' 第一個引數的可存取擴充方法 'RecentSignIns' (是否遺漏 using 指示詞或組件參考?) [C:\Users\n2029\Desktop\GameSpace\GameSpace\GameSpace\GameSpace.csproj]
C:\Users\n2029\Desktop\GameSpace\GameSpace\GameSpace\Areas\MiniGame\Controllers\AdminDashboardController.cs(80,25): error CS0117: 'RecentActivityViewModel' 未包含 'Activity' 的定義 [C:\Users\n2029\Desktop\GameSpace\GameSpace\GameSpace\GameSpace.csproj]
C:\Users\n2029\Desktop\GameSpace\GameSpace\GameSpace\Areas\MiniGame\Controllers\AdminDashboardController.cs(81,25): error CS0117: 'RecentActivityViewModel' 未包含 'Time' 的定義 [C:\Users\n2029\Desktop\GameSpace\GameSpace\GameSpace\GameSpace.csproj]
C:\Users\n2029\Desktop\GameSpace\GameSpace\GameSpace\Areas\MiniGame\Controllers\AdminDashboardController.cs(82,25): error CS0117: 'RecentActivityViewModel' 未包含 'PointsEarned' 的定義 [C:\Users\n2029\Desktop\GameSpace\GameSpace\GameSpace\GameSpace.csproj]
C:\Users\n2029\Desktop\GameSpace\GameSpace\GameSpace\Areas\MiniGame\Controllers\AdminDashboardController.cs(86,27): error CS1061: 'AdminDashboardViewModel' 未包含 'RecentGames' 的定義，也找不到可接受類型 'AdminDashboardViewModel' 第一個引數的可存取擴充方法 'RecentGames' (是否遺漏 using 指示詞或組件參考?) [C:\Users\n2029\Desktop\GameSpace\GameSpace\GameSpace\GameSpace.csproj]
C:\Users\n2029\Desktop\GameSpace\GameSpace\GameSpace\Areas\MiniGame\Controllers\AdminDashboardController.cs(92,25): error CS0117: 'RecentActivityViewModel' 未包含 'Activity' 的定義 [C:\Users\n2029\Desktop\GameSpace\GameSpace\GameSpace\GameSpace.csproj]
C:\Users\n2029\Desktop\GameSpace\GameSpace\GameSpace\Areas\MiniGame\Controllers\AdminDashboardController.cs(93,25): error CS0117: 'RecentActivityViewModel' 未包含 'Time' 的定義 [C:\Users\n2029\Desktop\GameSpace\GameSpace\GameSpace\GameSpace.csproj]
C:\Users\n2029\Desktop\GameSpace\GameSpace\GameSpace\Areas\MiniGame\Controllers\AdminDashboardController.cs(94,25): error CS0117: 'RecentActivityViewModel' 未包含 'PointsEarned' 的定義 [C:\Users\n2029\Desktop\GameSpace\GameSpace\GameSpace\GameSpace.csproj]
C:\Users\n2029\Desktop\GameSpace\GameSpace\GameSpace\Areas\MiniGame\Controllers\AdminDashboardController.cs(99,27): error CS1061: 'AdminDashboardViewModel' 未包含 'SignInChartData' 的定義，也找不到可接受類型 'AdminDashboardViewModel' 第一個引數的可存取擴充方法 'SignInChartData' (是否遺漏 using 指示詞或組件參考?) [C:\Users\n2029\Desktop\GameSpace\GameSpace\GameSpace\GameSpace.csproj]
C:\Users\n2029\Desktop\GameSpace\GameSpace\GameSpace\Areas\MiniGame\Controllers\AdminDashboardController.cs(100,27): error CS1061: 'AdminDashboardViewModel' 未包含 'GameChartData' 的定義，也找不到可接受類型 'AdminDashboardViewModel' 第一個引數的可存取擴充方法 'GameChartData' (是否遺漏 using 指示詞或組件參考?) [C:\Users\n2029\Desktop\GameSpace\GameSpace\GameSpace\GameSpace.csproj]
C:\Users\n2029\Desktop\GameSpace\GameSpace\GameSpace\Areas\MiniGame\Controllers\AdminDashboardController.cs(101,27): error CS1061: 'AdminDashboardViewModel' 未包含 'PointsChartData' 的定義，也找不到可接受類型 'AdminDashboardViewModel' 第一個引數的可存取擴充方法 'PointsChartData' (是否遺漏 using 指示詞或組件參考?) [C:\Users\n2029\Desktop\GameSpace\GameSpace\GameSpace\GameSpace.csproj]
C:\Users\n2029\Desktop\GameSpace\GameSpace\GameSpace\Areas\MiniGame\Services\DailyGameLimitService.cs(328,53): error CS1061: 'GameSpacedatabaseContext' 未包含 'MiniGame' 的定義，也找不到可接受類型 'GameSpacedatabaseContext' 第一個引數的可存取擴充方法 'MiniGame' (是否遺漏 using 指示詞或組件參考?) [C:\Users\n2029\Desktop\GameSpace\GameSpace\GameSpace\GameSpace.csproj]
C:\Users\n2029\Desktop\GameSpace\GameSpace\GameSpace\Areas\MiniGame\Services\DashboardService.cs(63,51): error CS1061: 'GameSpacedatabaseContext' 未包含 'User_SignInStats' 的定義，也找不到可接受類型 'GameSpacedatabaseContext' 第一個引數的可存取擴充方法 'User_SignInStats' (是否遺漏 using 指示詞或組件參考?) [C:\Users\n2029\Desktop\GameSpace\GameSpace\GameSpace\GameSpace.csproj]
C:\Users\n2029\Desktop\GameSpace\GameSpace\GameSpace\Areas\MiniGame\Services\DashboardService.cs(64,45): error CS1061: 'GameSpacedatabaseContext' 未包含 'User_SignInStats' 的定義，也找不到可接受類型 'GameSpacedatabaseContext' 第一個引數的可存取擴充方法 'User_SignInStats' (是否遺漏 using 指示詞或組件參考?) [C:\Users\n2029\Desktop\GameSpace\GameSpace\GameSpace\GameSpace.csproj]
C:\Users\n2029\Desktop\GameSpace\GameSpace\GameSpace\Areas\MiniGame\Services\DashboardService.cs(65,48): error CS1061: 'GameSpacedatabaseContext' 未包含 'User_SignInStats' 的定義，也找不到可接受類型 'GameSpacedatabaseContext' 第一個引數的可存取擴充方法 'User_SignInStats' (是否遺漏 using 指示詞或組件參考?) [C:\Users\n2029\Desktop\GameSpace\GameSpace\GameSpace\GameSpace.csproj]
C:\Users\n2029\Desktop\GameSpace\GameSpace\GameSpace\Areas\MiniGame\Services\DashboardService.cs(66,49): error CS1061: 'GameSpacedatabaseContext' 未包含 'User_SignInStats' 的定義，也找不到可接受類型 'GameSpacedatabaseContext' 第一個引數的可存取擴充方法 'User_SignInStats' (是否遺漏 using 指示詞或組件參考?) [C:\Users\n2029\Desktop\GameSpace\GameSpace\GameSpace\GameSpace.csproj]
C:\Users\n2029\Desktop\GameSpace\GameSpace\GameSpace\Areas\MiniGame\Controllers\Settings\PetColorChangeSettingsController.cs(38,55): error CS1061: 'IPetColorChangeSettingsService' 未包含 'GetAllAsync' 的定義，也找不到可接受類型 'IPetColorChangeSettingsService' 第一個引數的可存取擴充方法 'GetAllAsync' (是否遺漏 using 指示詞或組件參考?) [C:\Users\n2029\Desktop\GameSpace\GameSpace\GameSpace\GameSpace.csproj]
C:\Users\n2029\Desktop\GameSpace\GameSpace\GameSpace\Areas\MiniGame\Controllers\Settings\PetColorChangeSettingsController.cs(39,37): error CS0246: 找不到類型或命名空間名稱 'PetColorChangeSettingsIndexViewModel' (是否遺漏了 using 指示詞或組件參考?) [C:\Users\n2029\Desktop\GameSpace\GameSpace\GameSpace\GameSpace.csproj]
C:\Users\n2029\Desktop\GameSpace\GameSpace\GameSpace\Areas\MiniGame\Controllers\Settings\PetColorChangeSettingsController.cs(43,25): error CS0117: 'PetColorChangeSettingsViewModel' 未包含 'Id' 的定義 [C:\Users\n2029\Desktop\GameSpace\GameSpace\GameSpace\GameSpace.csproj]
C:\Users\n2029\Desktop\GameSpace\GameSpace\GameSpace\Areas\MiniGame\Controllers\Settings\PetColorChangeSettingsController.cs(44,25): error CS0117: 'PetColorChangeSettingsViewModel' 未包含 'ColorName' 的定義 [C:\Users\n2029\Desktop\GameSpace\GameSpace\GameSpace\GameSpace.csproj]
C:\Users\n2029\Desktop\GameSpace\GameSpace\GameSpace\Areas\MiniGame\Controllers\Settings\PetColorChangeSettingsController.cs(45,25): error CS0117: 'PetColorChangeSettingsViewModel' 未包含 'RequiredPoints' 的定義 [C:\Users\n2029\Desktop\GameSpace\GameSpace\GameSpace\GameSpace.csproj]
C:\Users\n2029\Desktop\GameSpace\GameSpace\GameSpace\Areas\MiniGame\Controllers\Settings\PetColorChangeSettingsController.cs(46,25): error CS0117: 'PetColorChangeSettingsViewModel' 未包含 'ColorCode' 的定義 [C:\Users\n2029\Desktop\GameSpace\GameSpace\GameSpace\GameSpace.csproj]
C:\Users\n2029\Desktop\GameSpace\GameSpace\GameSpace\Areas\MiniGame\Controllers\Settings\PetColorChangeSettingsController.cs(59,33): error CS0246: 找不到類型或命名空間名稱 'PetColorChangeSettingsIndexViewModel' (是否遺漏了 using 指示詞或組件參考?) [C:\Users\n2029\Desktop\GameSpace\GameSpace\GameSpace\GameSpace.csproj]
C:\Users\n2029\Desktop\GameSpace\GameSpace\GameSpace\Areas\Forum\Controllers\ReportsController.cs(213,72): warning CS8601: 可能有 Null 參考指派。 [C:\Users\n2029\Desktop\GameSpace\GameSpace\GameSpace\GameSpace.csproj]
C:\Users\n2029\Desktop\GameSpace\GameSpace\GameSpace\Areas\Forum\Controllers\ReportsController.cs(226,72): warning CS8601: 可能有 Null 參考指派。 [C:\Users\n2029\Desktop\GameSpace\GameSpace\GameSpace\GameSpace.csproj]
C:\Users\n2029\Desktop\GameSpace\GameSpace\GameSpace\Areas\Forum\Controllers\ReportsController.cs(234,47): warning CS8629: 可為 Null 的實值型別可為 Null。 [C:\Users\n2029\Desktop\GameSpace\GameSpace\GameSpace\GameSpace.csproj]
C:\Users\n2029\Desktop\GameSpace\GameSpace\GameSpace\Areas\Forum\Controllers\ReportsController.cs(242,32): warning CS8601: 可能有 Null 參考指派。 [C:\Users\n2029\Desktop\GameSpace\GameSpace\GameSpace\GameSpace.csproj]
C:\Users\n2029\Desktop\GameSpace\GameSpace\GameSpace\Areas\MiniGame\Controllers\Settings\PetColorChangeSettingsController.cs(88,21): error CS0117: 'PetColorChangeSettings' 未包含 'ColorName' 的定義 [C:\Users\n2029\Desktop\GameSpace\GameSpace\GameSpace\GameSpace.csproj]
C:\Users\n2029\Desktop\GameSpace\GameSpace\GameSpace\Areas\MiniGame\Controllers\Settings\PetColorChangeSettingsController.cs(88,39): error CS1061: 'PetColorChangeSettingsViewModel' 未包含 'ColorName' 的定義，也找不到可接受類型 'PetColorChangeSettingsViewModel' 第一個引數的可存取擴充方法 'ColorName' (是否遺漏 using 指示詞或組件參考?) [C:\Users\n2029\Desktop\GameSpace\GameSpace\GameSpace\GameSpace.csproj]
C:\Users\n2029\Desktop\GameSpace\GameSpace\GameSpace\Areas\MiniGame\Controllers\Settings\PetColorChangeSettingsController.cs(89,21): error CS0117: 'PetColorChangeSettings' 未包含 'RequiredPoints' 的定義 [C:\Users\n2029\Desktop\GameSpace\GameSpace\GameSpace\GameSpace.csproj]
C:\Users\n2029\Desktop\GameSpace\GameSpace\GameSpace\Areas\MiniGame\Controllers\Settings\PetColorChangeSettingsController.cs(89,44): error CS1061: 'PetColorChangeSettingsViewModel' 未包含 'RequiredPoints' 的定義，也找不到可接受類型 'PetColorChangeSettingsViewModel' 第一個引數的可存取擴充方法 'RequiredPoints' (是否遺漏 using 指示詞或組件參考?) [C:\Users\n2029\Desktop\GameSpace\GameSpace\GameSpace\GameSpace.csproj]
C:\Users\n2029\Desktop\GameSpace\GameSpace\GameSpace\Areas\MiniGame\Controllers\Settings\PetColorChangeSettingsController.cs(90,39): error CS1061: 'PetColorChangeSettingsViewModel' 未包含 'ColorCode' 的定義，也找不到可接受類型 'PetColorChangeSettingsViewModel' 第一個引數的可存取擴充方法 'ColorCode' (是否遺漏 using 指示詞或組件參考?) [C:\Users\n2029\Desktop\GameSpace\GameSpace\GameSpace\GameSpace.csproj]
C:\Users\n2029\Desktop\GameSpace\GameSpace\GameSpace\Areas\MiniGame\Controllers\Settings\PetColorChangeSettingsController.cs(94,40): error CS1061: 'IPetColorChangeSettingsService' 未包含 'CreateAsync' 的定義，也找不到可接受類型 'IPetColorChangeSettingsService' 第一個引數的可存取擴充方法 'CreateAsync' (是否遺漏 using 指示詞或組件參考?) [C:\Users\n2029\Desktop\GameSpace\GameSpace\GameSpace\GameSpace.csproj]
C:\Users\n2029\Desktop\GameSpace\GameSpace\GameSpace\Areas\MiniGame\Services\DiagnosticsService.cs(79,55): error CS1061: 'GameSpacedatabaseContext' 未包含 'Pet' 的定義，也找不到可接受類型 'GameSpacedatabaseContext' 第一個引數的可存取擴充方法 'Pet' (是否遺漏 using 指示詞或組件參考?) [C:\Users\n2029\Desktop\GameSpace\GameSpace\GameSpace\GameSpace.csproj]
C:\Users\n2029\Desktop\GameSpace\GameSpace\GameSpace\Areas\MiniGame\Services\DiagnosticsService.cs(79,89): error CS1061: 'GameSpacedatabaseContext' 未包含 'Pet' 的定義，也找不到可接受類型 'GameSpacedatabaseContext' 第一個引數的可存取擴充方法 'Pet' (是否遺漏 using 指示詞或組件參考?) [C:\Users\n2029\Desktop\GameSpace\GameSpace\GameSpace\GameSpace.csproj]
C:\Users\n2029\Desktop\GameSpace\GameSpace\GameSpace\Areas\MiniGame\Services\DiagnosticsService.cs(80,58): error CS1061: 'GameSpacedatabaseContext' 未包含 'User_Wallet' 的定義，也找不到可接受類型 'GameSpacedatabaseContext' 第一個引數的可存取擴充方法 'User_Wallet' (是否遺漏 using 指示詞或組件參考?) [C:\Users\n2029\Desktop\GameSpace\GameSpace\GameSpace\GameSpace.csproj]
C:\Users\n2029\Desktop\GameSpace\GameSpace\GameSpace\Areas\MiniGame\Services\DiagnosticsService.cs(80,100): error CS1061: 'GameSpacedatabaseContext' 未包含 'User_Wallet' 的定義，也找不到可接受類型 'GameSpacedatabaseContext' 第一個引數的可存取擴充方法 'User_Wallet' (是否遺漏 using 指示詞或組件參考?) [C:\Users\n2029\Desktop\GameSpace\GameSpace\GameSpace\GameSpace.csproj]
C:\Users\n2029\Desktop\GameSpace\GameSpace\GameSpace\Areas\MiniGame\Services\DiagnosticsService.cs(81,58): error CS1061: 'GameSpacedatabaseContext' 未包含 'User_SignInStats' 的定義，也找不到可接受類型 'GameSpacedatabaseContext' 第一個引數的可存取擴充方法 'User_SignInStats' (是否遺漏 using 指示詞或組件參考?) [C:\Users\n2029\Desktop\GameSpace\GameSpace\GameSpace\GameSpace.csproj]
C:\Users\n2029\Desktop\GameSpace\GameSpace\GameSpace\Areas\MiniGame\Services\DiagnosticsService.cs(81,105): error CS1061: 'GameSpacedatabaseContext' 未包含 'User_SignInStats' 的定義，也找不到可接受類型 'GameSpacedatabaseContext' 第一個引數的可存取擴充方法 'User_SignInStats' (是否遺漏 using 指示詞或組件參考?) [C:\Users\n2029\Desktop\GameSpace\GameSpace\GameSpace\GameSpace.csproj]
C:\Users\n2029\Desktop\GameSpace\GameSpace\GameSpace\Areas\MiniGame\Services\DiagnosticsService.cs(82,58): error CS1061: 'GameSpacedatabaseContext' 未包含 'Coupon' 的定義，也找不到可接受類型 'GameSpacedatabaseContext' 第一個引數的可存取擴充方法 'Coupon' (是否遺漏 using 指示詞或組件參考?) [C:\Users\n2029\Desktop\GameSpace\GameSpace\GameSpace\GameSpace.csproj]
C:\Users\n2029\Desktop\GameSpace\GameSpace\GameSpace\Areas\MiniGame\Services\DiagnosticsService.cs(82,95): error CS1061: 'GameSpacedatabaseContext' 未包含 'Coupon' 的定義，也找不到可接受類型 'GameSpacedatabaseContext' 第一個引數的可存取擴充方法 'Coupon' (是否遺漏 using 指示詞或組件參考?) [C:\Users\n2029\Desktop\GameSpace\GameSpace\GameSpace\GameSpace.csproj]
C:\Users\n2029\Desktop\GameSpace\GameSpace\GameSpace\Areas\MiniGame\Controllers\Settings\PetColorChangeSettingsController.cs(114,55): error CS1061: 'IPetColorChangeSettingsService' 未包含 'GetByIdAsync' 的定義，也找不到可接受類型 'IPetColorChangeSettingsService' 第一個引數的可存取擴充方法 'GetByIdAsync' (是否遺漏 using 指示詞或組件參考?) [C:\Users\n2029\Desktop\GameSpace\GameSpace\GameSpace\GameSpace.csproj]
C:\Users\n2029\Desktop\GameSpace\GameSpace\GameSpace\Areas\MiniGame\Controllers\Settings\PetColorChangeSettingsController.cs(123,21): error CS0117: 'PetColorChangeSettingsViewModel' 未包含 'Id' 的定義 [C:\Users\n2029\Desktop\GameSpace\GameSpace\GameSpace\GameSpace.csproj]
C:\Users\n2029\Desktop\GameSpace\GameSpace\GameSpace\Areas\MiniGame\Controllers\Settings\PetColorChangeSettingsController.cs(124,21): error CS0117: 'PetColorChangeSettingsViewModel' 未包含 'ColorName' 的定義 [C:\Users\n2029\Desktop\GameSpace\GameSpace\GameSpace\GameSpace.csproj]
C:\Users\n2029\Desktop\GameSpace\GameSpace\GameSpace\Areas\MiniGame\Controllers\Settings\PetColorChangeSettingsController.cs(125,21): error CS0117: 'PetColorChangeSettingsViewModel' 未包含 'RequiredPoints' 的定義 [C:\Users\n2029\Desktop\GameSpace\GameSpace\GameSpace\GameSpace.csproj]
C:\Users\n2029\Desktop\GameSpace\GameSpace\GameSpace\Areas\MiniGame\Controllers\Settings\PetColorChangeSettingsController.cs(126,21): error CS0117: 'PetColorChangeSettingsViewModel' 未包含 'ColorCode' 的定義 [C:\Users\n2029\Desktop\GameSpace\GameSpace\GameSpace\GameSpace.csproj]
C:\Users\n2029\Desktop\GameSpace\GameSpace\GameSpace\Areas\MiniGame\Services\DashboardService.cs(81,45): error CS1061: 'GameSpacedatabaseContext' 未包含 'WalletHistory' 的定義，也找不到可接受類型 'GameSpacedatabaseContext' 第一個引數的可存取擴充方法 'WalletHistory' (是否遺漏 using 指示詞或組件參考?) [C:\Users\n2029\Desktop\GameSpace\GameSpace\GameSpace\GameSpace.csproj]
C:\Users\n2029\Desktop\GameSpace\GameSpace\GameSpace\Areas\MiniGame\Controllers\Settings\PetColorChangeSettingsController.cs(156,21): error CS0117: 'PetColorChangeSettings' 未包含 'Id' 的定義 [C:\Users\n2029\Desktop\GameSpace\GameSpace\GameSpace\GameSpace.csproj]
C:\Users\n2029\Desktop\GameSpace\GameSpace\GameSpace\Areas\MiniGame\Controllers\Settings\PetColorChangeSettingsController.cs(157,21): error CS0117: 'PetColorChangeSettings' 未包含 'ColorName' 的定義 [C:\Users\n2029\Desktop\GameSpace\GameSpace\GameSpace\GameSpace.csproj]
C:\Users\n2029\Desktop\GameSpace\GameSpace\GameSpace\Areas\MiniGame\Controllers\Settings\PetColorChangeSettingsController.cs(157,39): error CS1061: 'PetColorChangeSettingsViewModel' 未包含 'ColorName' 的定義，也找不到可接受類型 'PetColorChangeSettingsViewModel' 第一個引數的可存取擴充方法 'ColorName' (是否遺漏 using 指示詞或組件參考?) [C:\Users\n2029\Desktop\GameSpace\GameSpace\GameSpace\GameSpace.csproj]
C:\Users\n2029\Desktop\GameSpace\GameSpace\GameSpace\Areas\MiniGame\Controllers\Settings\PetColorChangeSettingsController.cs(158,21): error CS0117: 'PetColorChangeSettings' 未包含 'RequiredPoints' 的定義 [C:\Users\n2029\Desktop\GameSpace\GameSpace\GameSpace\GameSpace.csproj]
C:\Users\n2029\Desktop\GameSpace\GameSpace\GameSpace\Areas\MiniGame\Controllers\Settings\PetColorChangeSettingsController.cs(158,44): error CS1061: 'PetColorChangeSettingsViewModel' 未包含 'RequiredPoints' 的定義，也找不到可接受類型 'PetColorChangeSettingsViewModel' 第一個引數的可存取擴充方法 'RequiredPoints' (是否遺漏 using 指示詞或組件參考?) [C:\Users\n2029\Desktop\GameSpace\GameSpace\GameSpace\GameSpace.csproj]
C:\Users\n2029\Desktop\GameSpace\GameSpace\GameSpace\Areas\MiniGame\Controllers\Settings\PetColorChangeSettingsController.cs(159,39): error CS1061: 'PetColorChangeSettingsViewModel' 未包含 'ColorCode' 的定義，也找不到可接受類型 'PetColorChangeSettingsViewModel' 第一個引數的可存取擴充方法 'ColorCode' (是否遺漏 using 指示詞或組件參考?) [C:\Users\n2029\Desktop\GameSpace\GameSpace\GameSpace\GameSpace.csproj]
C:\Users\n2029\Desktop\GameSpace\GameSpace\GameSpace\Areas\MiniGame\Controllers\Settings\PetColorChangeSettingsController.cs(163,40): error CS1061: 'IPetColorChangeSettingsService' 未包含 'UpdateAsync' 的定義，也找不到可接受類型 'IPetColorChangeSettingsService' 第一個引數的可存取擴充方法 'UpdateAsync' (是否遺漏 using 指示詞或組件參考?) [C:\Users\n2029\Desktop\GameSpace\GameSpace\GameSpace\GameSpace.csproj]
C:\Users\n2029\Desktop\GameSpace\GameSpace\GameSpace\Areas\MiniGame\Services\EVoucherTypeService.cs(19,35): error CS1061: 'GameSpacedatabaseContext' 未包含 'EvoucherType' 的定義，也找不到可接受類型 'GameSpacedatabaseContext' 第一個引數的可存取擴充方法 'EvoucherType' (是否遺漏 using 指示詞或組件參考?) [C:\Users\n2029\Desktop\GameSpace\GameSpace\GameSpace\GameSpace.csproj]
C:\Users\n2029\Desktop\GameSpace\GameSpace\GameSpace\Areas\MiniGame\Controllers\Settings\PetColorChangeSettingsController.cs(190,53): error CS1061: 'IPetColorChangeSettingsService' 未包含 'DeleteAsync' 的定義，也找不到可接受類型 'IPetColorChangeSettingsService' 第一個引數的可存取擴充方法 'DeleteAsync' (是否遺漏 using 指示詞或組件參考?) [C:\Users\n2029\Desktop\GameSpace\GameSpace\GameSpace\GameSpace.csproj]
C:\Users\n2029\Desktop\GameSpace\GameSpace\GameSpace\Areas\MiniGame\Services\EVoucherTypeService.cs(26,35): error CS1061: 'GameSpacedatabaseContext' 未包含 'EvoucherType' 的定義，也找不到可接受類型 'GameSpacedatabaseContext' 第一個引數的可存取擴充方法 'EvoucherType' (是否遺漏 using 指示詞或組件參考?) [C:\Users\n2029\Desktop\GameSpace\GameSpace\GameSpace\GameSpace.csproj]
C:\Users\n2029\Desktop\GameSpace\GameSpace\GameSpace\Areas\MiniGame\Controllers\Settings\PetColorChangeSettingsController.cs(218,53): error CS1061: 'IPetColorChangeSettingsService' 未包含 'ToggleActiveAsync' 的定義，也找不到可接受類型 'IPetColorChangeSettingsService' 第一個引數的可存取擴充方法 'ToggleActiveAsync' (是否遺漏 using 指示詞或組件參考?) [C:\Users\n2029\Desktop\GameSpace\GameSpace\GameSpace\GameSpace.csproj]
C:\Users\n2029\Desktop\GameSpace\GameSpace\GameSpace\Areas\MiniGame\Services\EVoucherTypeService.cs(34,30): error CS1061: 'EvoucherType' 未包含 'CreatedAt' 的定義，也找不到可接受類型 'EvoucherType' 第一個引數的可存取擴充方法 'CreatedAt' (是否遺漏 using 指示詞或組件參考?) [C:\Users\n2029\Desktop\GameSpace\GameSpace\GameSpace\GameSpace.csproj]
C:\Users\n2029\Desktop\GameSpace\GameSpace\GameSpace\Areas\MiniGame\Services\EVoucherTypeService.cs(35,30): error CS1061: 'EvoucherType' 未包含 'IsActive' 的定義，也找不到可接受類型 'EvoucherType' 第一個引數的可存取擴充方法 'IsActive' (是否遺漏 using 指示詞或組件參考?) [C:\Users\n2029\Desktop\GameSpace\GameSpace\GameSpace\GameSpace.csproj]
C:\Users\n2029\Desktop\GameSpace\GameSpace\GameSpace\Areas\MiniGame\Services\EVoucherTypeService.cs(36,26): error CS1061: 'GameSpacedatabaseContext' 未包含 'EvoucherType' 的定義，也找不到可接受類型 'GameSpacedatabaseContext' 第一個引數的可存取擴充方法 'EvoucherType' (是否遺漏 using 指示詞或組件參考?) [C:\Users\n2029\Desktop\GameSpace\GameSpace\GameSpace\GameSpace.csproj]
C:\Users\n2029\Desktop\GameSpace\GameSpace\GameSpace\Areas\MiniGame\Services\EVoucherTypeService.cs(50,30): error CS1061: 'EvoucherType' 未包含 'UpdatedAt' 的定義，也找不到可接受類型 'EvoucherType' 第一個引數的可存取擴充方法 'UpdatedAt' (是否遺漏 using 指示詞或組件參考?) [C:\Users\n2029\Desktop\GameSpace\GameSpace\GameSpace\GameSpace.csproj]
C:\Users\n2029\Desktop\GameSpace\GameSpace\GameSpace\Areas\MiniGame\Services\EVoucherTypeService.cs(51,26): error CS1061: 'GameSpacedatabaseContext' 未包含 'EvoucherType' 的定義，也找不到可接受類型 'GameSpacedatabaseContext' 第一個引數的可存取擴充方法 'EvoucherType' (是否遺漏 using 指示詞或組件參考?) [C:\Users\n2029\Desktop\GameSpace\GameSpace\GameSpace\GameSpace.csproj]
C:\Users\n2029\Desktop\GameSpace\GameSpace\GameSpace\Areas\MiniGame\Services\DashboardService.cs(109,48): error CS1061: 'DateTime?' 未包含 'Date' 的定義，也找不到可接受類型 'DateTime?' 第一個引數的可存取擴充方法 'Date' (是否遺漏 using 指示詞或組件參考?) [C:\Users\n2029\Desktop\GameSpace\GameSpace\GameSpace\GameSpace.csproj]
C:\Users\n2029\Desktop\GameSpace\GameSpace\GameSpace\Areas\MiniGame\Services\EVoucherTypeService.cs(68,26): error CS1061: 'GameSpacedatabaseContext' 未包含 'EvoucherType' 的定義，也找不到可接受類型 'GameSpacedatabaseContext' 第一個引數的可存取擴充方法 'EvoucherType' (是否遺漏 using 指示詞或組件參考?) [C:\Users\n2029\Desktop\GameSpace\GameSpace\GameSpace\GameSpace.csproj]
C:\Users\n2029\Desktop\GameSpace\GameSpace\GameSpace\Areas\MiniGame\Services\EVoucherTypeService.cs(86,30): error CS1061: 'EvoucherType' 未包含 'IsActive' 的定義，也找不到可接受類型 'EvoucherType' 第一個引數的可存取擴充方法 'IsActive' (是否遺漏 using 指示詞或組件參考?) [C:\Users\n2029\Desktop\GameSpace\GameSpace\GameSpace\GameSpace.csproj]
C:\Users\n2029\Desktop\GameSpace\GameSpace\GameSpace\Areas\MiniGame\Services\EVoucherTypeService.cs(87,30): error CS1061: 'EvoucherType' 未包含 'UpdatedAt' 的定義，也找不到可接受類型 'EvoucherType' 第一個引數的可存取擴充方法 'UpdatedAt' (是否遺漏 using 指示詞或組件參考?) [C:\Users\n2029\Desktop\GameSpace\GameSpace\GameSpace\GameSpace.csproj]
C:\Users\n2029\Desktop\GameSpace\GameSpace\GameSpace\Areas\MiniGame\Services\DiagnosticsService.cs(208,50): error CS1061: 'GameSpacedatabaseContext' 未包含 'Pet' 的定義，也找不到可接受類型 'GameSpacedatabaseContext' 第一個引數的可存取擴充方法 'Pet' (是否遺漏 using 指示詞或組件參考?) [C:\Users\n2029\Desktop\GameSpace\GameSpace\GameSpace\GameSpace.csproj]
C:\Users\n2029\Desktop\GameSpace\GameSpace\GameSpace\Areas\MiniGame\Services\DiagnosticsService.cs(209,58): error CS1061: 'GameSpacedatabaseContext' 未包含 'User_Wallet' 的定義，也找不到可接受類型 'GameSpacedatabaseContext' 第一個引數的可存取擴充方法 'User_Wallet' (是否遺漏 using 指示詞或組件參考?) [C:\Users\n2029\Desktop\GameSpace\GameSpace\GameSpace\GameSpace.csproj]
C:\Users\n2029\Desktop\GameSpace\GameSpace\GameSpace\Areas\MiniGame\Services\DiagnosticsService.cs(210,60): error CS1061: 'GameSpacedatabaseContext' 未包含 'WalletHistory' 的定義，也找不到可接受類型 'GameSpacedatabaseContext' 第一個引數的可存取擴充方法 'WalletHistory' (是否遺漏 using 指示詞或組件參考?) [C:\Users\n2029\Desktop\GameSpace\GameSpace\GameSpace\GameSpace.csproj]
C:\Users\n2029\Desktop\GameSpace\GameSpace\GameSpace\Areas\MiniGame\Services\DiagnosticsService.cs(211,63): error CS1061: 'GameSpacedatabaseContext' 未包含 'User_SignInStats' 的定義，也找不到可接受類型 'GameSpacedatabaseContext' 第一個引數的可存取擴充方法 'User_SignInStats' (是否遺漏 using 指示詞或組件參考?) [C:\Users\n2029\Desktop\GameSpace\GameSpace\GameSpace\GameSpace.csproj]
C:\Users\n2029\Desktop\GameSpace\GameSpace\GameSpace\Areas\MiniGame\Services\DiagnosticsService.cs(212,53): error CS1061: 'GameSpacedatabaseContext' 未包含 'Coupon' 的定義，也找不到可接受類型 'GameSpacedatabaseContext' 第一個引數的可存取擴充方法 'Coupon' (是否遺漏 using 指示詞或組件參考?) [C:\Users\n2029\Desktop\GameSpace\GameSpace\GameSpace\GameSpace.csproj]
C:\Users\n2029\Desktop\GameSpace\GameSpace\GameSpace\Areas\MiniGame\Services\DiagnosticsService.cs(213,57): error CS1061: 'GameSpacedatabaseContext' 未包含 'CouponType' 的定義，也找不到可接受類型 'GameSpacedatabaseContext' 第一個引數的可存取擴充方法 'CouponType' (是否遺漏 using 指示詞或組件參考?) [C:\Users\n2029\Desktop\GameSpace\GameSpace\GameSpace\GameSpace.csproj]
C:\Users\n2029\Desktop\GameSpace\GameSpace\GameSpace\Areas\MiniGame\Services\DiagnosticsService.cs(214,55): error CS1061: 'GameSpacedatabaseContext' 未包含 'EVoucher' 的定義，也找不到可接受類型 'GameSpacedatabaseContext' 第一個引數的可存取擴充方法 'EVoucher' (是否遺漏 using 指示詞或組件參考?) [C:\Users\n2029\Desktop\GameSpace\GameSpace\GameSpace\GameSpace.csproj]
C:\Users\n2029\Desktop\GameSpace\GameSpace\GameSpace\Areas\MiniGame\Services\DiagnosticsService.cs(215,59): error CS1061: 'GameSpacedatabaseContext' 未包含 'EVoucherType' 的定義，也找不到可接受類型 'GameSpacedatabaseContext' 第一個引數的可存取擴充方法 'EVoucherType' (是否遺漏 using 指示詞或組件參考?) [C:\Users\n2029\Desktop\GameSpace\GameSpace\GameSpace\GameSpace.csproj]
C:\Users\n2029\Desktop\GameSpace\GameSpace\GameSpace\Areas\MiniGame\Services\DiagnosticsService.cs(217,54): error CS1061: 'GameSpacedatabaseContext' 未包含 'Manager' 的定義，也找不到可接受類型 'GameSpacedatabaseContext' 第一個引數的可存取擴充方法 'Manager' (是否遺漏 using 指示詞或組件參考?) [C:\Users\n2029\Desktop\GameSpace\GameSpace\GameSpace\GameSpace.csproj]
C:\Users\n2029\Desktop\GameSpace\GameSpace\GameSpace\Areas\MiniGame\Services\EVoucherTypeService.cs(104,30): error CS1061: 'EvoucherType' 未包含 'IsActive' 的定義，也找不到可接受類型 'EvoucherType' 第一個引數的可存取擴充方法 'IsActive' (是否遺漏 using 指示詞或組件參考?) [C:\Users\n2029\Desktop\GameSpace\GameSpace\GameSpace\GameSpace.csproj]
C:\Users\n2029\Desktop\GameSpace\GameSpace\GameSpace\Areas\MiniGame\Services\EVoucherTypeService.cs(105,30): error CS1061: 'EvoucherType' 未包含 'UpdatedAt' 的定義，也找不到可接受類型 'EvoucherType' 第一個引數的可存取擴充方法 'UpdatedAt' (是否遺漏 using 指示詞或組件參考?) [C:\Users\n2029\Desktop\GameSpace\GameSpace\GameSpace\GameSpace.csproj]
C:\Users\n2029\Desktop\GameSpace\GameSpace\GameSpace\Areas\MiniGame\Services\EVoucherTypeService.cs(118,35): error CS1061: 'GameSpacedatabaseContext' 未包含 'EvoucherType' 的定義，也找不到可接受類型 'GameSpacedatabaseContext' 第一個引數的可存取擴充方法 'EvoucherType' (是否遺漏 using 指示詞或組件參考?) [C:\Users\n2029\Desktop\GameSpace\GameSpace\GameSpace\GameSpace.csproj]
C:\Users\n2029\Desktop\GameSpace\GameSpace\GameSpace\Areas\MiniGame\Services\DashboardService.cs(122,42): error CS1061: 'GameSpacedatabaseContext' 未包含 'User_SignInStats' 的定義，也找不到可接受類型 'GameSpacedatabaseContext' 第一個引數的可存取擴充方法 'User_SignInStats' (是否遺漏 using 指示詞或組件參考?) [C:\Users\n2029\Desktop\GameSpace\GameSpace\GameSpace\GameSpace.csproj]
C:\Users\n2029\Desktop\GameSpace\GameSpace\GameSpace\Areas\MiniGame\Controllers\Settings\PetBackgroundChangeSettingsController.cs(38,55): error CS1061: 'IPetBackgroundChangeSettingsService' 未包含 'GetAllAsync' 的定義，也找不到可接受類型 'IPetBackgroundChangeSettingsService' 第一個引數的可存取擴充方法 'GetAllAsync' (是否遺漏 using 指示詞或組件參考?) [C:\Users\n2029\Desktop\GameSpace\GameSpace\GameSpace\GameSpace.csproj]
C:\Users\n2029\Desktop\GameSpace\GameSpace\GameSpace\Areas\MiniGame\Controllers\Settings\PetBackgroundChangeSettingsController.cs(39,37): error CS0246: 找不到類型或命名空間名稱 'PetBackgroundChangeSettingsIndexViewModel' (是否遺漏了 using 指示詞或組件參考?) [C:\Users\n2029\Desktop\GameSpace\GameSpace\GameSpace\GameSpace.csproj]
C:\Users\n2029\Desktop\GameSpace\GameSpace\GameSpace\Areas\MiniGame\Controllers\Settings\PetBackgroundChangeSettingsController.cs(59,33): error CS0246: 找不到類型或命名空間名稱 'PetBackgroundChangeSettingsIndexViewModel' (是否遺漏了 using 指示詞或組件參考?) [C:\Users\n2029\Desktop\GameSpace\GameSpace\GameSpace\GameSpace.csproj]
C:\Users\n2029\Desktop\GameSpace\GameSpace\GameSpace\Areas\MiniGame\Services\EVoucherTypeService.cs(126,35): error CS1061: 'GameSpacedatabaseContext' 未包含 'EvoucherType' 的定義，也找不到可接受類型 'GameSpacedatabaseContext' 第一個引數的可存取擴充方法 'EvoucherType' (是否遺漏 using 指示詞或組件參考?) [C:\Users\n2029\Desktop\GameSpace\GameSpace\GameSpace\GameSpace.csproj]
C:\Users\n2029\Desktop\GameSpace\GameSpace\GameSpace\Areas\MiniGame\Controllers\Settings\PetBackgroundChangeSettingsController.cs(94,40): error CS1061: 'IPetBackgroundChangeSettingsService' 未包含 'CreateAsync' 的定義，也找不到可接受類型 'IPetBackgroundChangeSettingsService' 第一個引數的可存取擴充方法 'CreateAsync' (是否遺漏 using 指示詞或組件參考?) [C:\Users\n2029\Desktop\GameSpace\GameSpace\GameSpace\GameSpace.csproj]
C:\Users\n2029\Desktop\GameSpace\GameSpace\GameSpace\Areas\MiniGame\Services\EVoucherTypeService.cs(134,35): error CS1061: 'GameSpacedatabaseContext' 未包含 'EvoucherType' 的定義，也找不到可接受類型 'GameSpacedatabaseContext' 第一個引數的可存取擴充方法 'EvoucherType' (是否遺漏 using 指示詞或組件參考?) [C:\Users\n2029\Desktop\GameSpace\GameSpace\GameSpace\GameSpace.csproj]
C:\Users\n2029\Desktop\GameSpace\GameSpace\GameSpace\Areas\MiniGame\Services\EVoucherTypeService.cs(148,30): error CS1061: 'EvoucherType' 未包含 'Stock' 的定義，也找不到可接受類型 'EvoucherType' 第一個引數的可存取擴充方法 'Stock' (是否遺漏 using 指示詞或組件參考?) [C:\Users\n2029\Desktop\GameSpace\GameSpace\GameSpace\GameSpace.csproj]
C:\Users\n2029\Desktop\GameSpace\GameSpace\GameSpace\Areas\MiniGame\Services\EVoucherTypeService.cs(149,30): error CS1061: 'EvoucherType' 未包含 'UpdatedAt' 的定義，也找不到可接受類型 'EvoucherType' 第一個引數的可存取擴充方法 'UpdatedAt' (是否遺漏 using 指示詞或組件參考?) [C:\Users\n2029\Desktop\GameSpace\GameSpace\GameSpace\GameSpace.csproj]
C:\Users\n2029\Desktop\GameSpace\GameSpace\GameSpace\Areas\MiniGame\Controllers\Settings\PetBackgroundChangeSettingsController.cs(114,55): error CS1061: 'IPetBackgroundChangeSettingsService' 未包含 'GetByIdAsync' 的定義，也找不到可接受類型 'IPetBackgroundChangeSettingsService' 第一個引數的可存取擴充方法 'GetByIdAsync' (是否遺漏 using 指示詞或組件參考?) [C:\Users\n2029\Desktop\GameSpace\GameSpace\GameSpace\GameSpace.csproj]
C:\Users\n2029\Desktop\GameSpace\GameSpace\GameSpace\Areas\MiniGame\Services\EVoucherTypeService.cs(164,58): error CS1061: 'EvoucherType' 未包含 'Stock' 的定義，也找不到可接受類型 'EvoucherType' 第一個引數的可存取擴充方法 'Stock' (是否遺漏 using 指示詞或組件參考?) [C:\Users\n2029\Desktop\GameSpace\GameSpace\GameSpace\GameSpace.csproj]
C:\Users\n2029\Desktop\GameSpace\GameSpace\GameSpace\Areas\MiniGame\Services\EVoucherTypeService.cs(166,30): error CS1061: 'EvoucherType' 未包含 'Stock' 的定義，也找不到可接受類型 'EvoucherType' 第一個引數的可存取擴充方法 'Stock' (是否遺漏 using 指示詞或組件參考?) [C:\Users\n2029\Desktop\GameSpace\GameSpace\GameSpace\GameSpace.csproj]
C:\Users\n2029\Desktop\GameSpace\GameSpace\GameSpace\Areas\MiniGame\Services\EVoucherTypeService.cs(167,30): error CS1061: 'EvoucherType' 未包含 'UpdatedAt' 的定義，也找不到可接受類型 'EvoucherType' 第一個引數的可存取擴充方法 'UpdatedAt' (是否遺漏 using 指示詞或組件參考?) [C:\Users\n2029\Desktop\GameSpace\GameSpace\GameSpace\GameSpace.csproj]
C:\Users\n2029\Desktop\GameSpace\GameSpace\GameSpace\Areas\MiniGame\Services\EVoucherTypeService.cs(180,33): error CS1061: 'EvoucherType' 未包含 'Stock' 的定義，也找不到可接受類型 'EvoucherType' 第一個引數的可存取擴充方法 'Stock' (是否遺漏 using 指示詞或組件參考?) [C:\Users\n2029\Desktop\GameSpace\GameSpace\GameSpace\GameSpace.csproj]
C:\Users\n2029\Desktop\GameSpace\GameSpace\GameSpace\Areas\MiniGame\Services\DashboardService.cs(137,42): error CS1061: 'GameSpacedatabaseContext' 未包含 'WalletHistory' 的定義，也找不到可接受類型 'GameSpacedatabaseContext' 第一個引數的可存取擴充方法 'WalletHistory' (是否遺漏 using 指示詞或組件參考?) [C:\Users\n2029\Desktop\GameSpace\GameSpace\GameSpace\GameSpace.csproj]
C:\Users\n2029\Desktop\GameSpace\GameSpace\GameSpace\Areas\MiniGame\Services\EVoucherTypeService.cs(186,57): error CS1061: 'EvoucherType' 未包含 'IsActive' 的定義，也找不到可接受類型 'EvoucherType' 第一個引數的可存取擴充方法 'IsActive' (是否遺漏 using 指示詞或組件參考?) [C:\Users\n2029\Desktop\GameSpace\GameSpace\GameSpace\GameSpace.csproj]
C:\Users\n2029\Desktop\GameSpace\GameSpace\GameSpace\Areas\MiniGame\Services\EVoucherTypeService.cs(186,82): error CS1061: 'EvoucherType' 未包含 'Stock' 的定義，也找不到可接受類型 'EvoucherType' 第一個引數的可存取擴充方法 'Stock' (是否遺漏 using 指示詞或組件參考?) [C:\Users\n2029\Desktop\GameSpace\GameSpace\GameSpace\GameSpace.csproj]
C:\Users\n2029\Desktop\GameSpace\GameSpace\GameSpace\Areas\MiniGame\Controllers\Settings\PetBackgroundChangeSettingsController.cs(163,40): error CS1061: 'IPetBackgroundChangeSettingsService' 未包含 'UpdateAsync' 的定義，也找不到可接受類型 'IPetBackgroundChangeSettingsService' 第一個引數的可存取擴充方法 'UpdateAsync' (是否遺漏 using 指示詞或組件參考?) [C:\Users\n2029\Desktop\GameSpace\GameSpace\GameSpace\GameSpace.csproj]
C:\Users\n2029\Desktop\GameSpace\GameSpace\GameSpace\Areas\MiniGame\Services\EVoucherTypeService.cs(192,35): error CS1061: 'GameSpacedatabaseContext' 未包含 'EvoucherType' 的定義，也找不到可接受類型 'GameSpacedatabaseContext' 第一個引數的可存取擴充方法 'EvoucherType' (是否遺漏 using 指示詞或組件參考?) [C:\Users\n2029\Desktop\GameSpace\GameSpace\GameSpace\GameSpace.csproj]
C:\Users\n2029\Desktop\GameSpace\GameSpace\GameSpace\Areas\MiniGame\Services\EVoucherTypeService.cs(197,35): error CS1061: 'GameSpacedatabaseContext' 未包含 'EvoucherType' 的定義，也找不到可接受類型 'GameSpacedatabaseContext' 第一個引數的可存取擴充方法 'EvoucherType' (是否遺漏 using 指示詞或組件參考?) [C:\Users\n2029\Desktop\GameSpace\GameSpace\GameSpace\GameSpace.csproj]
C:\Users\n2029\Desktop\GameSpace\GameSpace\GameSpace\Areas\MiniGame\Controllers\Settings\PetBackgroundChangeSettingsController.cs(190,53): error CS1061: 'IPetBackgroundChangeSettingsService' 未包含 'DeleteAsync' 的定義，也找不到可接受類型 'IPetBackgroundChangeSettingsService' 第一個引數的可存取擴充方法 'DeleteAsync' (是否遺漏 using 指示詞或組件參考?) [C:\Users\n2029\Desktop\GameSpace\GameSpace\GameSpace\GameSpace.csproj]
C:\Users\n2029\Desktop\GameSpace\GameSpace\GameSpace\Areas\MiniGame\Services\EVoucherService.cs(180,21): error CS0117: 'Evoucher' 未包含 'EVoucherCode' 的定義 [C:\Users\n2029\Desktop\GameSpace\GameSpace\GameSpace\GameSpace.csproj]
C:\Users\n2029\Desktop\GameSpace\GameSpace\GameSpace\Areas\MiniGame\Services\EVoucherService.cs(181,21): error CS0117: 'Evoucher' 未包含 'EVoucherTypeID' 的定義 [C:\Users\n2029\Desktop\GameSpace\GameSpace\GameSpace\GameSpace.csproj]
C:\Users\n2029\Desktop\GameSpace\GameSpace\GameSpace\Areas\MiniGame\Services\EVoucherService.cs(182,21): error CS0117: 'Evoucher' 未包含 'UserID' 的定義 [C:\Users\n2029\Desktop\GameSpace\GameSpace\GameSpace\GameSpace.csproj]
C:\Users\n2029\Desktop\GameSpace\GameSpace\GameSpace\Areas\MiniGame\Controllers\Settings\PetBackgroundChangeSettingsController.cs(218,53): error CS1061: 'IPetBackgroundChangeSettingsService' 未包含 'ToggleActiveAsync' 的定義，也找不到可接受類型 'IPetBackgroundChangeSettingsService' 第一個引數的可存取擴充方法 'ToggleActiveAsync' (是否遺漏 using 指示詞或組件參考?) [C:\Users\n2029\Desktop\GameSpace\GameSpace\GameSpace\GameSpace.csproj]
C:\Users\n2029\Desktop\GameSpace\GameSpace\GameSpace\Areas\MiniGame\Services\GameRulesService.cs(43,40): error CS1061: 'GameSpacedatabaseContext' 未包含 'User_SignInStats' 的定義，也找不到可接受類型 'GameSpacedatabaseContext' 第一個引數的可存取擴充方法 'User_SignInStats' (是否遺漏 using 指示詞或組件參考?) [C:\Users\n2029\Desktop\GameSpace\GameSpace\GameSpace\GameSpace.csproj]
C:\Users\n2029\Desktop\GameSpace\GameSpace\GameSpace\Areas\MiniGame\Services\EVoucherTypeService.cs(202,40): error CS1061: 'GameSpacedatabaseContext' 未包含 'EvoucherType' 的定義，也找不到可接受類型 'GameSpacedatabaseContext' 第一個引數的可存取擴充方法 'EvoucherType' (是否遺漏 using 指示詞或組件參考?) [C:\Users\n2029\Desktop\GameSpace\GameSpace\GameSpace\GameSpace.csproj]
C:\Users\n2029\Desktop\GameSpace\GameSpace\GameSpace\Areas\MiniGame\Services\EVoucherTypeService.cs(216,48): error CS1061: 'GameSpacedatabaseContext' 未包含 'EvoucherType' 的定義，也找不到可接受類型 'GameSpacedatabaseContext' 第一個引數的可存取擴充方法 'EvoucherType' (是否遺漏 using 指示詞或組件參考?) [C:\Users\n2029\Desktop\GameSpace\GameSpace\GameSpace\GameSpace.csproj]
C:\Users\n2029\Desktop\GameSpace\GameSpace\GameSpace\Areas\MiniGame\Services\EVoucherTypeService.cs(221,48): error CS1061: 'GameSpacedatabaseContext' 未包含 'EVoucher' 的定義，也找不到可接受類型 'GameSpacedatabaseContext' 第一個引數的可存取擴充方法 'EVoucher' (是否遺漏 using 指示詞或組件參考?) [C:\Users\n2029\Desktop\GameSpace\GameSpace\GameSpace\GameSpace.csproj]
C:\Users\n2029\Desktop\GameSpace\GameSpace\GameSpace\Areas\MiniGame\Services\GameRulesService.cs(172,35): error CS1061: 'GameSpacedatabaseContext' 未包含 'GameRules' 的定義，也找不到可接受類型 'GameSpacedatabaseContext' 第一個引數的可存取擴充方法 'GameRules' (是否遺漏 using 指示詞或組件參考?) [C:\Users\n2029\Desktop\GameSpace\GameSpace\GameSpace\GameSpace.csproj]
C:\Users\n2029\Desktop\GameSpace\GameSpace\GameSpace\Areas\MiniGame\Services\GameRulesService.cs(179,35): error CS1061: 'GameSpacedatabaseContext' 未包含 'GameRules' 的定義，也找不到可接受類型 'GameSpacedatabaseContext' 第一個引數的可存取擴充方法 'GameRules' (是否遺漏 using 指示詞或組件參考?) [C:\Users\n2029\Desktop\GameSpace\GameSpace\GameSpace\GameSpace.csproj]
C:\Users\n2029\Desktop\GameSpace\GameSpace\GameSpace\Areas\MiniGame\Controllers\PetLevelUpRuleValidationController.cs(38,33): error CS0246: 找不到類型或命名空間名稱 'ValidationResult' (是否遺漏了 using 指示詞或組件參考?) [C:\Users\n2029\Desktop\GameSpace\GameSpace\GameSpace\GameSpace.csproj]
C:\Users\n2029\Desktop\GameSpace\GameSpace\GameSpace\Areas\MiniGame\Services\GameRulesService.cs(189,26): error CS1061: 'GameSpacedatabaseContext' 未包含 'GameRules' 的定義，也找不到可接受類型 'GameSpacedatabaseContext' 第一個引數的可存取擴充方法 'GameRules' (是否遺漏 using 指示詞或組件參考?) [C:\Users\n2029\Desktop\GameSpace\GameSpace\GameSpace\GameSpace.csproj]
C:\Users\n2029\Desktop\GameSpace\GameSpace\GameSpace\Areas\MiniGame\Services\GameRulesService.cs(204,26): error CS1061: 'GameSpacedatabaseContext' 未包含 'GameRules' 的定義，也找不到可接受類型 'GameSpacedatabaseContext' 第一個引數的可存取擴充方法 'GameRules' (是否遺漏 using 指示詞或組件參考?) [C:\Users\n2029\Desktop\GameSpace\GameSpace\GameSpace\GameSpace.csproj]
C:\Users\n2029\Desktop\GameSpace\GameSpace\GameSpace\Areas\OnlineStore\Controllers\ProductInfoesController.cs(1064,20): warning CS8601: 可能有 Null 參考指派。 [C:\Users\n2029\Desktop\GameSpace\GameSpace\GameSpace\GameSpace.csproj]
C:\Users\n2029\Desktop\GameSpace\GameSpace\GameSpace\Areas\OnlineStore\Controllers\ProductInfoesController.cs(1066,21): warning CS8601: 可能有 Null 參考指派。 [C:\Users\n2029\Desktop\GameSpace\GameSpace\GameSpace\GameSpace.csproj]
C:\Users\n2029\Desktop\GameSpace\GameSpace\GameSpace\Areas\MiniGame\Services\GameRulesService.cs(221,26): error CS1061: 'GameSpacedatabaseContext' 未包含 'GameRules' 的定義，也找不到可接受類型 'GameSpacedatabaseContext' 第一個引數的可存取擴充方法 'GameRules' (是否遺漏 using 指示詞或組件參考?) [C:\Users\n2029\Desktop\GameSpace\GameSpace\GameSpace\GameSpace.csproj]
C:\Users\n2029\Desktop\GameSpace\GameSpace\GameSpace\Areas\MiniGame\Services\GameRulesService.cs(253,35): error CS1061: 'GameSpacedatabaseContext' 未包含 'GameEventRules' 的定義，也找不到可接受類型 'GameSpacedatabaseContext' 第一個引數的可存取擴充方法 'GameEventRules' (是否遺漏 using 指示詞或組件參考?) [C:\Users\n2029\Desktop\GameSpace\GameSpace\GameSpace\GameSpace.csproj]
C:\Users\n2029\Desktop\GameSpace\GameSpace\GameSpace\Areas\MiniGame\Services\GameRulesService.cs(264,26): error CS1061: 'GameSpacedatabaseContext' 未包含 'GameEventRules' 的定義，也找不到可接受類型 'GameSpacedatabaseContext' 第一個引數的可存取擴充方法 'GameEventRules' (是否遺漏 using 指示詞或組件參考?) [C:\Users\n2029\Desktop\GameSpace\GameSpace\GameSpace\GameSpace.csproj]
C:\Users\n2029\Desktop\GameSpace\GameSpace\GameSpace\Areas\MiniGame\Services\GameRulesService.cs(278,26): error CS1061: 'GameSpacedatabaseContext' 未包含 'GameEventRules' 的定義，也找不到可接受類型 'GameSpacedatabaseContext' 第一個引數的可存取擴充方法 'GameEventRules' (是否遺漏 using 指示詞或組件參考?) [C:\Users\n2029\Desktop\GameSpace\GameSpace\GameSpace\GameSpace.csproj]
C:\Users\n2029\Desktop\GameSpace\GameSpace\GameSpace\Areas\MiniGame\Services\GameRulesService.cs(292,48): error CS1061: 'GameSpacedatabaseContext' 未包含 'GameEventRules' 的定義，也找不到可接受類型 'GameSpacedatabaseContext' 第一個引數的可存取擴充方法 'GameEventRules' (是否遺漏 using 指示詞或組件參考?) [C:\Users\n2029\Desktop\GameSpace\GameSpace\GameSpace\GameSpace.csproj]
C:\Users\n2029\Desktop\GameSpace\GameSpace\GameSpace\Areas\MiniGame\Controllers\PetLevelUpRuleValidationController.cs(175,39): error CS0246: 找不到類型或命名空間名稱 'ValidationResult' (是否遺漏了 using 指示詞或組件參考?) [C:\Users\n2029\Desktop\GameSpace\GameSpace\GameSpace\GameSpace.csproj]
C:\Users\n2029\Desktop\GameSpace\GameSpace\GameSpace\Areas\MiniGame\Controllers\PetLevelUpRuleController.cs(35,55): error CS1061: 'IPetLevelUpRuleService' 未包含 'GetAllLevelUpRulesAsync' 的定義，也找不到可接受類型 'IPetLevelUpRuleService' 第一個引數的可存取擴充方法 'GetAllLevelUpRulesAsync' (是否遺漏 using 指示詞或組件參考?) [C:\Users\n2029\Desktop\GameSpace\GameSpace\GameSpace\GameSpace.csproj]
C:\Users\n2029\Desktop\GameSpace\GameSpace\GameSpace\Areas\MiniGame\Controllers\PetLevelUpRuleController.cs(57,54): error CS1061: 'IPetLevelUpRuleService' 未包含 'GetLevelUpRuleByIdAsync' 的定義，也找不到可接受類型 'IPetLevelUpRuleService' 第一個引數的可存取擴充方法 'GetLevelUpRuleByIdAsync' (是否遺漏 using 指示詞或組件參考?) [C:\Users\n2029\Desktop\GameSpace\GameSpace\GameSpace\GameSpace.csproj]
C:\Users\n2029\Desktop\GameSpace\GameSpace\GameSpace\Areas\MiniGame\Controllers\PetLevelUpRuleController.cs(113,57): error CS1061: 'IPetLevelUpRuleService' 未包含 'CreateLevelUpRuleAsync' 的定義，也找不到可接受類型 'IPetLevelUpRuleService' 第一個引數的可存取擴充方法 'CreateLevelUpRuleAsync' (是否遺漏 using 指示詞或組件參考?) [C:\Users\n2029\Desktop\GameSpace\GameSpace\GameSpace\GameSpace.csproj]
C:\Users\n2029\Desktop\GameSpace\GameSpace\GameSpace\Areas\MiniGame\Controllers\PetLevelUpRuleController.cs(139,54): error CS1061: 'IPetLevelUpRuleService' 未包含 'GetLevelUpRuleByIdAsync' 的定義，也找不到可接受類型 'IPetLevelUpRuleService' 第一個引數的可存取擴充方法 'GetLevelUpRuleByIdAsync' (是否遺漏 using 指示詞或組件參考?) [C:\Users\n2029\Desktop\GameSpace\GameSpace\GameSpace\GameSpace.csproj]
C:\Users\n2029\Desktop\GameSpace\GameSpace\GameSpace\Areas\MiniGame\Controllers\PetLevelUpRuleController.cs(150,21): error CS0117: 'PetLevelUpRuleEditViewModel' 未包含 'ExperienceRequired' 的定義 [C:\Users\n2029\Desktop\GameSpace\GameSpace\GameSpace\GameSpace.csproj]
C:\Users\n2029\Desktop\GameSpace\GameSpace\GameSpace\Areas\MiniGame\Controllers\PetLevelUpRuleController.cs(152,21): error CS0117: 'PetLevelUpRuleEditViewModel' 未包含 'ExpReward' 的定義 [C:\Users\n2029\Desktop\GameSpace\GameSpace\GameSpace\GameSpace.csproj]
C:\Users\n2029\Desktop\GameSpace\GameSpace\GameSpace\Areas\MiniGame\Controllers\PetLevelUpRuleController.cs(154,21): error CS0117: 'PetLevelUpRuleEditViewModel' 未包含 'Remarks' 的定義 [C:\Users\n2029\Desktop\GameSpace\GameSpace\GameSpace\GameSpace.csproj]
C:\Users\n2029\Desktop\GameSpace\GameSpace\GameSpace\Areas\MiniGame\Controllers\AdminPetController.cs(37,41): error CS1061: 'Pet' 未包含 'PetType' 的定義，也找不到可接受類型 'Pet' 第一個引數的可存取擴充方法 'PetType' (是否遺漏 using 指示詞或組件參考?) [C:\Users\n2029\Desktop\GameSpace\GameSpace\GameSpace\GameSpace.csproj]
C:\Users\n2029\Desktop\GameSpace\GameSpace\GameSpace\Areas\MiniGame\Controllers\AdminPetController.cs(38,41): error CS1061: 'Pet' 未包含 'PetDescription' 的定義，也找不到可接受類型 'Pet' 第一個引數的可存取擴充方法 'PetDescription' (是否遺漏 using 指示詞或組件參考?) [C:\Users\n2029\Desktop\GameSpace\GameSpace\GameSpace\GameSpace.csproj]
C:\Users\n2029\Desktop\GameSpace\GameSpace\GameSpace\Areas\MiniGame\Controllers\AdminPetController.cs(44,42): error CS1061: 'Pet' 未包含 'Rarity' 的定義，也找不到可接受類型 'Pet' 第一個引數的可存取擴充方法 'Rarity' (是否遺漏 using 指示詞或組件參考?) [C:\Users\n2029\Desktop\GameSpace\GameSpace\GameSpace\GameSpace.csproj]
C:\Users\n2029\Desktop\GameSpace\GameSpace\GameSpace\Areas\MiniGame\Controllers\AdminPetController.cs(50,47): error CS1061: 'Pet' 未包含 'PetType' 的定義，也找不到可接受類型 'Pet' 第一個引數的可存取擴充方法 'PetType' (是否遺漏 using 指示詞或組件參考?) [C:\Users\n2029\Desktop\GameSpace\GameSpace\GameSpace\GameSpace.csproj]
C:\Users\n2029\Desktop\GameSpace\GameSpace\GameSpace\Areas\MiniGame\Controllers\AdminPetController.cs(51,49): error CS1061: 'Pet' 未包含 'Rarity' 的定義，也找不到可接受類型 'Pet' 第一個引數的可存取擴充方法 'Rarity' (是否遺漏 using 指示詞或組件參考?) [C:\Users\n2029\Desktop\GameSpace\GameSpace\GameSpace\GameSpace.csproj]
C:\Users\n2029\Desktop\GameSpace\GameSpace\GameSpace\Areas\MiniGame\Controllers\AdminPetController.cs(52,57): error CS1061: 'Pet' 未包含 'DropRate' 的定義，也找不到可接受類型 'Pet' 第一個引數的可存取擴充方法 'DropRate' (是否遺漏 using 指示詞或組件參考?) [C:\Users\n2029\Desktop\GameSpace\GameSpace\GameSpace\GameSpace.csproj]
C:\Users\n2029\Desktop\GameSpace\GameSpace\GameSpace\Areas\MiniGame\Controllers\AdminPetController.cs(53,60): error CS1061: 'Pet' 未包含 'CreatedAt' 的定義，也找不到可接受類型 'Pet' 第一個引數的可存取擴充方法 'CreatedAt' (是否遺漏 using 指示詞或組件參考?) [C:\Users\n2029\Desktop\GameSpace\GameSpace\GameSpace\GameSpace.csproj]
C:\Users\n2029\Desktop\GameSpace\GameSpace\GameSpace\Areas\MiniGame\Controllers\AdminPetController.cs(81,55): error CS1061: 'Pet' 未包含 'Rarity' 的定義，也找不到可接受類型 'Pet' 第一個引數的可存取擴充方法 'Rarity' (是否遺漏 using 指示詞或組件參考?) [C:\Users\n2029\Desktop\GameSpace\GameSpace\GameSpace\GameSpace.csproj]
C:\Users\n2029\Desktop\GameSpace\GameSpace\GameSpace\Areas\MiniGame\Controllers\AdminPetController.cs(82,53): error CS1061: 'Pet' 未包含 'Rarity' 的定義，也找不到可接受類型 'Pet' 第一個引數的可存取擴充方法 'Rarity' (是否遺漏 using 指示詞或組件參考?) [C:\Users\n2029\Desktop\GameSpace\GameSpace\GameSpace\GameSpace.csproj]
C:\Users\n2029\Desktop\GameSpace\GameSpace\GameSpace\Areas\MiniGame\Controllers\AdminPetController.cs(83,53): error CS1061: 'Pet' 未包含 'Rarity' 的定義，也找不到可接受類型 'Pet' 第一個引數的可存取擴充方法 'Rarity' (是否遺漏 using 指示詞或組件參考?) [C:\Users\n2029\Desktop\GameSpace\GameSpace\GameSpace\GameSpace.csproj]
C:\Users\n2029\Desktop\GameSpace\GameSpace\GameSpace\Areas\MiniGame\Controllers\AdminPetController.cs(84,58): error CS1061: 'Pet' 未包含 'Rarity' 的定義，也找不到可接受類型 'Pet' 第一個引數的可存取擴充方法 'Rarity' (是否遺漏 using 指示詞或組件參考?) [C:\Users\n2029\Desktop\GameSpace\GameSpace\GameSpace\GameSpace.csproj]
C:\Users\n2029\Desktop\GameSpace\GameSpace\GameSpace\Areas\MiniGame\Controllers\PetLevelUpRuleController.cs(200,57): error CS1061: 'IPetLevelUpRuleService' 未包含 'UpdateLevelUpRuleAsync' 的定義，也找不到可接受類型 'IPetLevelUpRuleService' 第一個引數的可存取擴充方法 'UpdateLevelUpRuleAsync' (是否遺漏 using 指示詞或組件參考?) [C:\Users\n2029\Desktop\GameSpace\GameSpace\GameSpace\GameSpace.csproj]
C:\Users\n2029\Desktop\GameSpace\GameSpace\GameSpace\Areas\MiniGame\Controllers\PetLevelUpRuleController.cs(226,54): error CS1061: 'IPetLevelUpRuleService' 未包含 'GetLevelUpRuleByIdAsync' 的定義，也找不到可接受類型 'IPetLevelUpRuleService' 第一個引數的可存取擴充方法 'GetLevelUpRuleByIdAsync' (是否遺漏 using 指示詞或組件參考?) [C:\Users\n2029\Desktop\GameSpace\GameSpace\GameSpace\GameSpace.csproj]
C:\Users\n2029\Desktop\GameSpace\GameSpace\GameSpace\Areas\MiniGame\Controllers\AdminPetController.cs(123,21): error CS0117: 'Pet' 未包含 'PetDescription' 的定義 [C:\Users\n2029\Desktop\GameSpace\GameSpace\GameSpace\GameSpace.csproj]
C:\Users\n2029\Desktop\GameSpace\GameSpace\GameSpace\Areas\MiniGame\Controllers\AdminPetController.cs(123,44): error CS1061: 'AdminPetCreateViewModel' 未包含 'PetDescription' 的定義，也找不到可接受類型 'AdminPetCreateViewModel' 第一個引數的可存取擴充方法 'PetDescription' (是否遺漏 using 指示詞或組件參考?) [C:\Users\n2029\Desktop\GameSpace\GameSpace\GameSpace\GameSpace.csproj]
C:\Users\n2029\Desktop\GameSpace\GameSpace\GameSpace\Areas\MiniGame\Controllers\AdminPetController.cs(124,21): error CS0117: 'Pet' 未包含 'PetType' 的定義 [C:\Users\n2029\Desktop\GameSpace\GameSpace\GameSpace\GameSpace.csproj]
C:\Users\n2029\Desktop\GameSpace\GameSpace\GameSpace\Areas\MiniGame\Controllers\AdminPetController.cs(124,37): error CS1061: 'AdminPetCreateViewModel' 未包含 'PetType' 的定義，也找不到可接受類型 'AdminPetCreateViewModel' 第一個引數的可存取擴充方法 'PetType' (是否遺漏 using 指示詞或組件參考?) [C:\Users\n2029\Desktop\GameSpace\GameSpace\GameSpace\GameSpace.csproj]
C:\Users\n2029\Desktop\GameSpace\GameSpace\GameSpace\Areas\MiniGame\Controllers\AdminPetController.cs(125,21): error CS0117: 'Pet' 未包含 'Rarity' 的定義 [C:\Users\n2029\Desktop\GameSpace\GameSpace\GameSpace\GameSpace.csproj]
C:\Users\n2029\Desktop\GameSpace\GameSpace\GameSpace\Areas\MiniGame\Controllers\AdminPetController.cs(125,36): error CS1061: 'AdminPetCreateViewModel' 未包含 'Rarity' 的定義，也找不到可接受類型 'AdminPetCreateViewModel' 第一個引數的可存取擴充方法 'Rarity' (是否遺漏 using 指示詞或組件參考?) [C:\Users\n2029\Desktop\GameSpace\GameSpace\GameSpace\GameSpace.csproj]
C:\Users\n2029\Desktop\GameSpace\GameSpace\GameSpace\Areas\MiniGame\Controllers\AdminPetController.cs(126,21): error CS0117: 'Pet' 未包含 'DropRate' 的定義 [C:\Users\n2029\Desktop\GameSpace\GameSpace\GameSpace\GameSpace.csproj]
C:\Users\n2029\Desktop\GameSpace\GameSpace\GameSpace\Areas\MiniGame\Controllers\AdminPetController.cs(126,38): error CS1061: 'AdminPetCreateViewModel' 未包含 'DropRate' 的定義，也找不到可接受類型 'AdminPetCreateViewModel' 第一個引數的可存取擴充方法 'DropRate' (是否遺漏 using 指示詞或組件參考?) [C:\Users\n2029\Desktop\GameSpace\GameSpace\GameSpace\GameSpace.csproj]
C:\Users\n2029\Desktop\GameSpace\GameSpace\GameSpace\Areas\MiniGame\Controllers\AdminPetController.cs(127,21): error CS0117: 'Pet' 未包含 'PetImageUrl' 的定義 [C:\Users\n2029\Desktop\GameSpace\GameSpace\GameSpace\GameSpace.csproj]
C:\Users\n2029\Desktop\GameSpace\GameSpace\GameSpace\Areas\MiniGame\Controllers\AdminPetController.cs(127,41): error CS1061: 'AdminPetCreateViewModel' 未包含 'PetImageUrl' 的定義，也找不到可接受類型 'AdminPetCreateViewModel' 第一個引數的可存取擴充方法 'PetImageUrl' (是否遺漏 using 指示詞或組件參考?) [C:\Users\n2029\Desktop\GameSpace\GameSpace\GameSpace\GameSpace.csproj]
C:\Users\n2029\Desktop\GameSpace\GameSpace\GameSpace\Areas\MiniGame\Controllers\AdminPetController.cs(128,21): error CS0117: 'Pet' 未包含 'IsActive' 的定義 [C:\Users\n2029\Desktop\GameSpace\GameSpace\GameSpace\GameSpace.csproj]
C:\Users\n2029\Desktop\GameSpace\GameSpace\GameSpace\Areas\MiniGame\Controllers\AdminPetController.cs(128,38): error CS1061: 'AdminPetCreateViewModel' 未包含 'IsActive' 的定義，也找不到可接受類型 'AdminPetCreateViewModel' 第一個引數的可存取擴充方法 'IsActive' (是否遺漏 using 指示詞或組件參考?) [C:\Users\n2029\Desktop\GameSpace\GameSpace\GameSpace\GameSpace.csproj]
C:\Users\n2029\Desktop\GameSpace\GameSpace\GameSpace\Areas\MiniGame\Controllers\AdminPetController.cs(129,21): error CS0117: 'Pet' 未包含 'CreatedAt' 的定義 [C:\Users\n2029\Desktop\GameSpace\GameSpace\GameSpace\GameSpace.csproj]
C:\Users\n2029\Desktop\GameSpace\GameSpace\GameSpace\Areas\MiniGame\Controllers\AdminMiniGameController.cs(28,44): error CS1061: 'MiniGame' 未包含 'GameName' 的定義，也找不到可接受類型 'MiniGame' 第一個引數的可存取擴充方法 'GameName' (是否遺漏 using 指示詞或組件參考?) [C:\Users\n2029\Desktop\GameSpace\GameSpace\GameSpace\GameSpace.csproj]
C:\Users\n2029\Desktop\GameSpace\GameSpace\GameSpace\Areas\MiniGame\Controllers\AdminMiniGameController.cs(29,42): error CS1061: 'MiniGame' 未包含 'GameDescription' 的定義，也找不到可接受類型 'MiniGame' 第一個引數的可存取擴充方法 'GameDescription' (是否遺漏 using 指示詞或組件參考?) [C:\Users\n2029\Desktop\GameSpace\GameSpace\GameSpace\GameSpace.csproj]
C:\Users\n2029\Desktop\GameSpace\GameSpace\GameSpace\Areas\MiniGame\Controllers\AdminMiniGameController.cs(30,42): error CS1061: 'MiniGame' 未包含 'GameType' 的定義，也找不到可接受類型 'MiniGame' 第一個引數的可存取擴充方法 'GameType' (是否遺漏 using 指示詞或組件參考?) [C:\Users\n2029\Desktop\GameSpace\GameSpace\GameSpace\GameSpace.csproj]
C:\Users\n2029\Desktop\GameSpace\GameSpace\GameSpace\Areas\MiniGame\Controllers\AdminMiniGameController.cs(36,44): error CS1061: 'MiniGame' 未包含 'GameType' 的定義，也找不到可接受類型 'MiniGame' 第一個引數的可存取擴充方法 'GameType' (是否遺漏 using 指示詞或組件參考?) [C:\Users\n2029\Desktop\GameSpace\GameSpace\GameSpace\GameSpace.csproj]
C:\Users\n2029\Desktop\GameSpace\GameSpace\GameSpace\Areas\MiniGame\Controllers\AdminMiniGameController.cs(42,48): error CS1061: 'MiniGame' 未包含 'GameType' 的定義，也找不到可接受類型 'MiniGame' 第一個引數的可存取擴充方法 'GameType' (是否遺漏 using 指示詞或組件參考?) [C:\Users\n2029\Desktop\GameSpace\GameSpace\GameSpace\GameSpace.csproj]
C:\Users\n2029\Desktop\GameSpace\GameSpace\GameSpace\Areas\MiniGame\Controllers\AdminMiniGameController.cs(43,48): error CS1061: 'MiniGame' 未包含 'CostPoints' 的定義，也找不到可接受類型 'MiniGame' 第一個引數的可存取擴充方法 'CostPoints' (是否遺漏 using 指示詞或組件參考?) [C:\Users\n2029\Desktop\GameSpace\GameSpace\GameSpace\GameSpace.csproj]
C:\Users\n2029\Desktop\GameSpace\GameSpace\GameSpace\Areas\MiniGame\Controllers\AdminMiniGameController.cs(44,60): error CS1061: 'MiniGame' 未包含 'RewardPoints' 的定義，也找不到可接受類型 'MiniGame' 第一個引數的可存取擴充方法 'RewardPoints' (是否遺漏 using 指示詞或組件參考?) [C:\Users\n2029\Desktop\GameSpace\GameSpace\GameSpace\GameSpace.csproj]
C:\Users\n2029\Desktop\GameSpace\GameSpace\GameSpace\Areas\MiniGame\Controllers\AdminMiniGameController.cs(45,59): error CS1061: 'MiniGame' 未包含 'MaxPlayCount' 的定義，也找不到可接受類型 'MiniGame' 第一個引數的可存取擴充方法 'MaxPlayCount' (是否遺漏 using 指示詞或組件參考?) [C:\Users\n2029\Desktop\GameSpace\GameSpace\GameSpace\GameSpace.csproj]
C:\Users\n2029\Desktop\GameSpace\GameSpace\GameSpace\Areas\MiniGame\Controllers\AdminMiniGameController.cs(46,61): error CS1061: 'MiniGame' 未包含 'CreatedAt' 的定義，也找不到可接受類型 'MiniGame' 第一個引數的可存取擴充方法 'CreatedAt' (是否遺漏 using 指示詞或組件參考?) [C:\Users\n2029\Desktop\GameSpace\GameSpace\GameSpace\GameSpace.csproj]
C:\Users\n2029\Desktop\GameSpace\GameSpace\GameSpace\Areas\MiniGame\Controllers\AdminMiniGameController.cs(47,43): error CS1061: 'MiniGame' 未包含 'GameName' 的定義，也找不到可接受類型 'MiniGame' 第一個引數的可存取擴充方法 'GameName' (是否遺漏 using 指示詞或組件參考?) [C:\Users\n2029\Desktop\GameSpace\GameSpace\GameSpace\GameSpace.csproj]
C:\Users\n2029\Desktop\GameSpace\GameSpace\GameSpace\Areas\MiniGame\Controllers\AdminMiniGameController.cs(59,45): error CS0118: 'MiniGame' 是 命名空間，但卻當成 類型 使用 [C:\Users\n2029\Desktop\GameSpace\GameSpace\GameSpace\GameSpace.csproj]
C:\Users\n2029\Desktop\GameSpace\GameSpace\GameSpace\Areas\MiniGame\Controllers\AdminMiniGameController.cs(73,50): error CS1061: 'GameSpacedatabaseContext' 未包含 'MiniGame' 的定義，也找不到可接受類型 'GameSpacedatabaseContext' 第一個引數的可存取擴充方法 'MiniGame' (是否遺漏 using 指示詞或組件參考?) [C:\Users\n2029\Desktop\GameSpace\GameSpace\GameSpace\GameSpace.csproj]
C:\Users\n2029\Desktop\GameSpace\GameSpace\GameSpace\Areas\MiniGame\Controllers\AdminMiniGameController.cs(74,50): error CS1061: 'GameSpacedatabaseContext' 未包含 'MiniGame' 的定義，也找不到可接受類型 'GameSpacedatabaseContext' 第一個引數的可存取擴充方法 'MiniGame' (是否遺漏 using 指示詞或組件參考?) [C:\Users\n2029\Desktop\GameSpace\GameSpace\GameSpace\GameSpace.csproj]
C:\Users\n2029\Desktop\GameSpace\GameSpace\GameSpace\Areas\MiniGame\Controllers\AdminMiniGameController.cs(75,50): error CS1061: 'GameSpacedatabaseContext' 未包含 'MiniGame' 的定義，也找不到可接受類型 'GameSpacedatabaseContext' 第一個引數的可存取擴充方法 'MiniGame' (是否遺漏 using 指示詞或組件參考?) [C:\Users\n2029\Desktop\GameSpace\GameSpace\GameSpace\GameSpace.csproj]
C:\Users\n2029\Desktop\GameSpace\GameSpace\GameSpace\Areas\MiniGame\Controllers\AdminMiniGameController.cs(76,52): error CS1061: 'GameSpacedatabaseContext' 未包含 'MiniGame' 的定義，也找不到可接受類型 'GameSpacedatabaseContext' 第一個引數的可存取擴充方法 'MiniGame' (是否遺漏 using 指示詞或組件參考?) [C:\Users\n2029\Desktop\GameSpace\GameSpace\GameSpace\GameSpace.csproj]
C:\Users\n2029\Desktop\GameSpace\GameSpace\GameSpace\Areas\MiniGame\Controllers\AdminMiniGameController.cs(89,43): error CS1061: 'GameSpacedatabaseContext' 未包含 'MiniGame' 的定義，也找不到可接受類型 'GameSpacedatabaseContext' 第一個引數的可存取擴充方法 'MiniGame' (是否遺漏 using 指示詞或組件參考?) [C:\Users\n2029\Desktop\GameSpace\GameSpace\GameSpace\GameSpace.csproj]
C:\Users\n2029\Desktop\GameSpace\GameSpace\GameSpace\Areas\MiniGame\Controllers\AdminPetController.cs(173,17): error CS0117: 'AdminPetCreateViewModel' 未包含 'PetDescription' 的定義 [C:\Users\n2029\Desktop\GameSpace\GameSpace\GameSpace\GameSpace.csproj]
C:\Users\n2029\Desktop\GameSpace\GameSpace\GameSpace\Areas\MiniGame\Controllers\AdminPetController.cs(173,38): error CS1061: 'Pet' 未包含 'PetDescription' 的定義，也找不到可接受類型 'Pet' 第一個引數的可存取擴充方法 'PetDescription' (是否遺漏 using 指示詞或組件參考?) [C:\Users\n2029\Desktop\GameSpace\GameSpace\GameSpace\GameSpace.csproj]
C:\Users\n2029\Desktop\GameSpace\GameSpace\GameSpace\Areas\MiniGame\Controllers\AdminPetController.cs(174,17): error CS0117: 'AdminPetCreateViewModel' 未包含 'PetType' 的定義 [C:\Users\n2029\Desktop\GameSpace\GameSpace\GameSpace\GameSpace.csproj]
C:\Users\n2029\Desktop\GameSpace\GameSpace\GameSpace\Areas\MiniGame\Controllers\AdminPetController.cs(174,31): error CS1061: 'Pet' 未包含 'PetType' 的定義，也找不到可接受類型 'Pet' 第一個引數的可存取擴充方法 'PetType' (是否遺漏 using 指示詞或組件參考?) [C:\Users\n2029\Desktop\GameSpace\GameSpace\GameSpace\GameSpace.csproj]
C:\Users\n2029\Desktop\GameSpace\GameSpace\GameSpace\Areas\MiniGame\Controllers\AdminPetController.cs(175,17): error CS0117: 'AdminPetCreateViewModel' 未包含 'Rarity' 的定義 [C:\Users\n2029\Desktop\GameSpace\GameSpace\GameSpace\GameSpace.csproj]
C:\Users\n2029\Desktop\GameSpace\GameSpace\GameSpace\Areas\MiniGame\Controllers\AdminPetController.cs(175,30): error CS1061: 'Pet' 未包含 'Rarity' 的定義，也找不到可接受類型 'Pet' 第一個引數的可存取擴充方法 'Rarity' (是否遺漏 using 指示詞或組件參考?) [C:\Users\n2029\Desktop\GameSpace\GameSpace\GameSpace\GameSpace.csproj]
C:\Users\n2029\Desktop\GameSpace\GameSpace\GameSpace\Areas\MiniGame\Controllers\AdminPetController.cs(176,17): error CS0117: 'AdminPetCreateViewModel' 未包含 'DropRate' 的定義 [C:\Users\n2029\Desktop\GameSpace\GameSpace\GameSpace\GameSpace.csproj]
C:\Users\n2029\Desktop\GameSpace\GameSpace\GameSpace\Areas\MiniGame\Controllers\AdminPetController.cs(176,32): error CS1061: 'Pet' 未包含 'DropRate' 的定義，也找不到可接受類型 'Pet' 第一個引數的可存取擴充方法 'DropRate' (是否遺漏 using 指示詞或組件參考?) [C:\Users\n2029\Desktop\GameSpace\GameSpace\GameSpace\GameSpace.csproj]
C:\Users\n2029\Desktop\GameSpace\GameSpace\GameSpace\Areas\MiniGame\Controllers\AdminPetController.cs(177,17): error CS0117: 'AdminPetCreateViewModel' 未包含 'PetImageUrl' 的定義 [C:\Users\n2029\Desktop\GameSpace\GameSpace\GameSpace\GameSpace.csproj]
C:\Users\n2029\Desktop\GameSpace\GameSpace\GameSpace\Areas\MiniGame\Controllers\AdminPetController.cs(177,35): error CS1061: 'Pet' 未包含 'PetImageUrl' 的定義，也找不到可接受類型 'Pet' 第一個引數的可存取擴充方法 'PetImageUrl' (是否遺漏 using 指示詞或組件參考?) [C:\Users\n2029\Desktop\GameSpace\GameSpace\GameSpace\GameSpace.csproj]
C:\Users\n2029\Desktop\GameSpace\GameSpace\GameSpace\Areas\MiniGame\Controllers\AdminPetController.cs(178,17): error CS0117: 'AdminPetCreateViewModel' 未包含 'IsActive' 的定義 [C:\Users\n2029\Desktop\GameSpace\GameSpace\GameSpace\GameSpace.csproj]
C:\Users\n2029\Desktop\GameSpace\GameSpace\GameSpace\Areas\MiniGame\Controllers\AdminPetController.cs(178,32): error CS1061: 'Pet' 未包含 'IsActive' 的定義，也找不到可接受類型 'Pet' 第一個引數的可存取擴充方法 'IsActive' (是否遺漏 using 指示詞或組件參考?) [C:\Users\n2029\Desktop\GameSpace\GameSpace\GameSpace\GameSpace.csproj]
C:\Users\n2029\Desktop\GameSpace\GameSpace\GameSpace\Areas\MiniGame\Controllers\AdminEVoucherController.cs(214,17): error CS0117: 'AdminEVoucherCreateViewModel' 未包含 'EvoucherTypeId' 的定義 [C:\Users\n2029\Desktop\GameSpace\GameSpace\GameSpace\GameSpace.csproj]
C:\Users\n2029\Desktop\GameSpace\GameSpace\GameSpace\Areas\MiniGame\Controllers\AdminEVoucherController.cs(215,35): error CS1061: 'Evoucher' 未包含 'UserID' 的定義，也找不到可接受類型 'Evoucher' 第一個引數的可存取擴充方法 'UserID' (是否遺漏 using 指示詞或組件參考?) [C:\Users\n2029\Desktop\GameSpace\GameSpace\GameSpace\GameSpace.csproj]
C:\Users\n2029\Desktop\GameSpace\GameSpace\GameSpace\Areas\MiniGame\Controllers\AdminEVoucherController.cs(216,17): error CS0117: 'AdminEVoucherCreateViewModel' 未包含 'EvoucherCode' 的定義 [C:\Users\n2029\Desktop\GameSpace\GameSpace\GameSpace\GameSpace.csproj]
C:\Users\n2029\Desktop\GameSpace\GameSpace\GameSpace\Areas\MiniGame\Controllers\AdminEVoucherController.cs(217,17): error CS0117: 'AdminEVoucherCreateViewModel' 未包含 'AcquiredTime' 的定義 [C:\Users\n2029\Desktop\GameSpace\GameSpace\GameSpace\GameSpace.csproj]
C:\Users\n2029\Desktop\GameSpace\GameSpace\GameSpace\Areas\MiniGame\Controllers\AdminEVoucherController.cs(218,17): error CS0117: 'AdminEVoucherCreateViewModel' 未包含 'UsedTime' 的定義 [C:\Users\n2029\Desktop\GameSpace\GameSpace\GameSpace\GameSpace.csproj]
C:\Users\n2029\Desktop\GameSpace\GameSpace\GameSpace\Areas\MiniGame\Controllers\AdminEVoucherController.cs(219,17): error CS0117: 'AdminEVoucherCreateViewModel' 未包含 'IsUsed' 的定義 [C:\Users\n2029\Desktop\GameSpace\GameSpace\GameSpace\GameSpace.csproj]
C:\Users\n2029\Desktop\GameSpace\GameSpace\GameSpace\Areas\MiniGame\Controllers\AdminPetController.cs(198,21): error CS1061: 'Pet' 未包含 'PetDescription' 的定義，也找不到可接受類型 'Pet' 第一個引數的可存取擴充方法 'PetDescription' (是否遺漏 using 指示詞或組件參考?) [C:\Users\n2029\Desktop\GameSpace\GameSpace\GameSpace\GameSpace.csproj]
C:\Users\n2029\Desktop\GameSpace\GameSpace\GameSpace\Areas\MiniGame\Controllers\AdminPetController.cs(198,44): error CS1061: 'AdminPetCreateViewModel' 未包含 'PetDescription' 的定義，也找不到可接受類型 'AdminPetCreateViewModel' 第一個引數的可存取擴充方法 'PetDescription' (是否遺漏 using 指示詞或組件參考?) [C:\Users\n2029\Desktop\GameSpace\GameSpace\GameSpace\GameSpace.csproj]
C:\Users\n2029\Desktop\GameSpace\GameSpace\GameSpace\Areas\MiniGame\Controllers\AdminPetController.cs(199,21): error CS1061: 'Pet' 未包含 'PetType' 的定義，也找不到可接受類型 'Pet' 第一個引數的可存取擴充方法 'PetType' (是否遺漏 using 指示詞或組件參考?) [C:\Users\n2029\Desktop\GameSpace\GameSpace\GameSpace\GameSpace.csproj]
C:\Users\n2029\Desktop\GameSpace\GameSpace\GameSpace\Areas\MiniGame\Controllers\AdminPetController.cs(199,37): error CS1061: 'AdminPetCreateViewModel' 未包含 'PetType' 的定義，也找不到可接受類型 'AdminPetCreateViewModel' 第一個引數的可存取擴充方法 'PetType' (是否遺漏 using 指示詞或組件參考?) [C:\Users\n2029\Desktop\GameSpace\GameSpace\GameSpace\GameSpace.csproj]
C:\Users\n2029\Desktop\GameSpace\GameSpace\GameSpace\Areas\MiniGame\Controllers\AdminPetController.cs(200,21): error CS1061: 'Pet' 未包含 'Rarity' 的定義，也找不到可接受類型 'Pet' 第一個引數的可存取擴充方法 'Rarity' (是否遺漏 using 指示詞或組件參考?) [C:\Users\n2029\Desktop\GameSpace\GameSpace\GameSpace\GameSpace.csproj]
C:\Users\n2029\Desktop\GameSpace\GameSpace\GameSpace\Areas\MiniGame\Controllers\AdminPetController.cs(200,36): error CS1061: 'AdminPetCreateViewModel' 未包含 'Rarity' 的定義，也找不到可接受類型 'AdminPetCreateViewModel' 第一個引數的可存取擴充方法 'Rarity' (是否遺漏 using 指示詞或組件參考?) [C:\Users\n2029\Desktop\GameSpace\GameSpace\GameSpace\GameSpace.csproj]
C:\Users\n2029\Desktop\GameSpace\GameSpace\GameSpace\Areas\MiniGame\Controllers\AdminPetController.cs(201,21): error CS1061: 'Pet' 未包含 'DropRate' 的定義，也找不到可接受類型 'Pet' 第一個引數的可存取擴充方法 'DropRate' (是否遺漏 using 指示詞或組件參考?) [C:\Users\n2029\Desktop\GameSpace\GameSpace\GameSpace\GameSpace.csproj]
C:\Users\n2029\Desktop\GameSpace\GameSpace\GameSpace\Areas\MiniGame\Controllers\AdminPetController.cs(201,38): error CS1061: 'AdminPetCreateViewModel' 未包含 'DropRate' 的定義，也找不到可接受類型 'AdminPetCreateViewModel' 第一個引數的可存取擴充方法 'DropRate' (是否遺漏 using 指示詞或組件參考?) [C:\Users\n2029\Desktop\GameSpace\GameSpace\GameSpace\GameSpace.csproj]
C:\Users\n2029\Desktop\GameSpace\GameSpace\GameSpace\Areas\MiniGame\Controllers\AdminPetController.cs(202,21): error CS1061: 'Pet' 未包含 'PetImageUrl' 的定義，也找不到可接受類型 'Pet' 第一個引數的可存取擴充方法 'PetImageUrl' (是否遺漏 using 指示詞或組件參考?) [C:\Users\n2029\Desktop\GameSpace\GameSpace\GameSpace\GameSpace.csproj]
C:\Users\n2029\Desktop\GameSpace\GameSpace\GameSpace\Areas\MiniGame\Controllers\AdminPetController.cs(202,41): error CS1061: 'AdminPetCreateViewModel' 未包含 'PetImageUrl' 的定義，也找不到可接受類型 'AdminPetCreateViewModel' 第一個引數的可存取擴充方法 'PetImageUrl' (是否遺漏 using 指示詞或組件參考?) [C:\Users\n2029\Desktop\GameSpace\GameSpace\GameSpace\GameSpace.csproj]
C:\Users\n2029\Desktop\GameSpace\GameSpace\GameSpace\Areas\MiniGame\Controllers\AdminPetController.cs(203,21): error CS1061: 'Pet' 未包含 'IsActive' 的定義，也找不到可接受類型 'Pet' 第一個引數的可存取擴充方法 'IsActive' (是否遺漏 using 指示詞或組件參考?) [C:\Users\n2029\Desktop\GameSpace\GameSpace\GameSpace\GameSpace.csproj]
C:\Users\n2029\Desktop\GameSpace\GameSpace\GameSpace\Areas\MiniGame\Controllers\AdminPetController.cs(203,38): error CS1061: 'AdminPetCreateViewModel' 未包含 'IsActive' 的定義，也找不到可接受類型 'AdminPetCreateViewModel' 第一個引數的可存取擴充方法 'IsActive' (是否遺漏 using 指示詞或組件參考?) [C:\Users\n2029\Desktop\GameSpace\GameSpace\GameSpace\GameSpace.csproj]
C:\Users\n2029\Desktop\GameSpace\GameSpace\GameSpace\Areas\MiniGame\Controllers\AdminEVoucherController.cs(266,26): error CS0103: 名稱 'EVoucherExists' 不存在於目前的內容中 [C:\Users\n2029\Desktop\GameSpace\GameSpace\GameSpace\GameSpace.csproj]
C:\Users\n2029\Desktop\GameSpace\GameSpace\GameSpace\Areas\MiniGame\Controllers\AdminHomeController.cs(105,49): error CS1061: 'GameSpacedatabaseContext' 未包含 'EVouchers' 的定義，也找不到可接受類型 'GameSpacedatabaseContext' 第一個引數的可存取擴充方法 'EVouchers' (是否遺漏 using 指示詞或組件參考?) [C:\Users\n2029\Desktop\GameSpace\GameSpace\GameSpace\GameSpace.csproj]
C:\Users\n2029\Desktop\GameSpace\GameSpace\GameSpace\Areas\MiniGame\Controllers\AdminHomeController.cs(143,28): error CS1061: 'UserSignInStat' 未包含 'SignInId' 的定義，也找不到可接受類型 'UserSignInStat' 第一個引數的可存取擴充方法 'SignInId' (是否遺漏 using 指示詞或組件參考?) [C:\Users\n2029\Desktop\GameSpace\GameSpace\GameSpace\GameSpace.csproj]
C:\Users\n2029\Desktop\GameSpace\GameSpace\GameSpace\Areas\MiniGame\Controllers\AdminHomeController.cs(163,43): error CS1061: 'MiniGame' 未包含 'GameName' 的定義，也找不到可接受類型 'MiniGame' 第一個引數的可存取擴充方法 'GameName' (是否遺漏 using 指示詞或組件參考?) [C:\Users\n2029\Desktop\GameSpace\GameSpace\GameSpace\GameSpace.csproj]
C:\Users\n2029\Desktop\GameSpace\GameSpace\GameSpace\Areas\MiniGame\Controllers\AdminHomeController.cs(198,17): error CS0117: 'SystemStatusModel' 未包含 'ErrorCount' 的定義 [C:\Users\n2029\Desktop\GameSpace\GameSpace\GameSpace\GameSpace.csproj]
C:\Users\n2029\Desktop\GameSpace\GameSpace\GameSpace\Areas\MiniGame\Controllers\AdminPetController.cs(265,21): error CS1061: 'Pet' 未包含 'IsActive' 的定義，也找不到可接受類型 'Pet' 第一個引數的可存取擴充方法 'IsActive' (是否遺漏 using 指示詞或組件參考?) [C:\Users\n2029\Desktop\GameSpace\GameSpace\GameSpace\GameSpace.csproj]
C:\Users\n2029\Desktop\GameSpace\GameSpace\GameSpace\Areas\MiniGame\Controllers\AdminPetController.cs(265,37): error CS1061: 'Pet' 未包含 'IsActive' 的定義，也找不到可接受類型 'Pet' 第一個引數的可存取擴充方法 'IsActive' (是否遺漏 using 指示詞或組件參考?) [C:\Users\n2029\Desktop\GameSpace\GameSpace\GameSpace\GameSpace.csproj]
C:\Users\n2029\Desktop\GameSpace\GameSpace\GameSpace\Areas\MiniGame\Controllers\AdminPetController.cs(270,70): error CS1061: 'Pet' 未包含 'IsActive' 的定義，也找不到可接受類型 'Pet' 第一個引數的可存取擴充方法 'IsActive' (是否遺漏 using 指示詞或組件參考?) [C:\Users\n2029\Desktop\GameSpace\GameSpace\GameSpace\GameSpace.csproj]
C:\Users\n2029\Desktop\GameSpace\GameSpace\GameSpace\Areas\MiniGame\Controllers\AdminCouponController.cs(21,33): error CS1061: 'Coupon' 未包含 'CouponType' 的定義，也找不到可接受類型 'Coupon' 第一個引數的可存取擴充方法 'CouponType' (是否遺漏 using 指示詞或組件參考?) [C:\Users\n2029\Desktop\GameSpace\GameSpace\GameSpace\GameSpace.csproj]
C:\Users\n2029\Desktop\GameSpace\GameSpace\GameSpace\Areas\MiniGame\Controllers\AdminCouponController.cs(44,33): error CS0246: 找不到類型或命名空間名稱 'AdminWalletIndexViewModel' (是否遺漏了 using 指示詞或組件參考?) [C:\Users\n2029\Desktop\GameSpace\GameSpace\GameSpace\GameSpace.csproj]
C:\Users\n2029\Desktop\GameSpace\GameSpace\GameSpace\Areas\MiniGame\Controllers\AdminCouponController.cs(46,31): error CS0246: 找不到類型或命名空間名稱 'PagedResult<>' (是否遺漏了 using 指示詞或組件參考?) [C:\Users\n2029\Desktop\GameSpace\GameSpace\GameSpace\GameSpace.csproj]
C:\Users\n2029\Desktop\GameSpace\GameSpace\GameSpace\Areas\MiniGame\Controllers\AdminCouponController.cs(46,43): error CS0246: 找不到類型或命名空間名稱 'UserCouponModel' (是否遺漏了 using 指示詞或組件參考?) [C:\Users\n2029\Desktop\GameSpace\GameSpace\GameSpace\GameSpace.csproj]
C:\Users\n2029\Desktop\GameSpace\GameSpace\GameSpace\Areas\MiniGame\Controllers\AdminCouponController.cs(48,51): error CS0246: 找不到類型或命名空間名稱 'UserCouponModel' (是否遺漏了 using 指示詞或組件參考?) [C:\Users\n2029\Desktop\GameSpace\GameSpace\GameSpace\GameSpace.csproj]
C:\Users\n2029\Desktop\GameSpace\GameSpace\GameSpace\Areas\MiniGame\Controllers\AdminCouponController.cs(65,35): error CS0246: 找不到類型或命名空間名稱 'CouponQueryModel' (是否遺漏了 using 指示詞或組件參考?) [C:\Users\n2029\Desktop\GameSpace\GameSpace\GameSpace\GameSpace.csproj]
C:\Users\n2029\Desktop\GameSpace\GameSpace\GameSpace\Areas\MiniGame\Controllers\AdminEVoucherController.cs(291,33): error CS1061: 'Evoucher' 未包含 'Users' 的定義，也找不到可接受類型 'Evoucher' 第一個引數的可存取擴充方法 'Users' (是否遺漏 using 指示詞或組件參考?) [C:\Users\n2029\Desktop\GameSpace\GameSpace\GameSpace\GameSpace.csproj]
C:\Users\n2029\Desktop\GameSpace\GameSpace\GameSpace\Areas\social_hub\Controllers\MessageCenterController.cs(57,21): warning CS8604: 'Task<AuthenticateResult> AuthenticationHttpContextExtensions.AuthenticateAsync(HttpContext context, string? scheme)' 中的參數 'context' 可能有 Null 參考引數。 [C:\Users\n2029\Desktop\GameSpace\GameSpace\GameSpace\GameSpace.csproj]
C:\Users\n2029\Desktop\GameSpace\GameSpace\GameSpace\Areas\MiniGame\Controllers\AdminCouponController.cs(86,33): error CS1061: 'Coupon' 未包含 'CouponType' 的定義，也找不到可接受類型 'Coupon' 第一個引數的可存取擴充方法 'CouponType' (是否遺漏 using 指示詞或組件參考?) [C:\Users\n2029\Desktop\GameSpace\GameSpace\GameSpace\GameSpace.csproj]
C:\Users\n2029\Desktop\GameSpace\GameSpace\GameSpace\Areas\MiniGame\Controllers\PetLevelUpRuleController.cs(250,57): error CS1061: 'IPetLevelUpRuleService' 未包含 'DeleteLevelUpRuleAsync' 的定義，也找不到可接受類型 'IPetLevelUpRuleService' 第一個引數的可存取擴充方法 'DeleteLevelUpRuleAsync' (是否遺漏 using 指示詞或組件參考?) [C:\Users\n2029\Desktop\GameSpace\GameSpace\GameSpace\GameSpace.csproj]
C:\Users\n2029\Desktop\GameSpace\GameSpace\GameSpace\Areas\MiniGame\Controllers\AdminManagerController.cs(169,42): warning CS1998: 這個非同步方法缺少 'await' 運算子，因此將以同步方式執行。請考慮使用 'await' 運算子等候未封鎖的應用程式開發介面呼叫，或使用 'await Task.Run(...)' 在背景執行緒上執行 CPU-bound 工作。 [C:\Users\n2029\Desktop\GameSpace\GameSpace\GameSpace\GameSpace.csproj]
C:\Users\n2029\Desktop\GameSpace\GameSpace\GameSpace\Areas\MiniGame\Controllers\PetLevelUpRuleController.cs(278,57): error CS1061: 'IPetLevelUpRuleService' 未包含 'ToggleLevelUpRuleStatusAsync' 的定義，也找不到可接受類型 'IPetLevelUpRuleService' 第一個引數的可存取擴充方法 'ToggleLevelUpRuleStatusAsync' (是否遺漏 using 指示詞或組件參考?) [C:\Users\n2029\Desktop\GameSpace\GameSpace\GameSpace\GameSpace.csproj]
C:\Users\n2029\Desktop\GameSpace\GameSpace\GameSpace\Areas\MiniGame\Services\UserWalletService.cs(250,56): error CS1061: 'WalletHistory' 未包含 'UserID' 的定義，也找不到可接受類型 'WalletHistory' 第一個引數的可存取擴充方法 'UserID' (是否遺漏 using 指示詞或組件參考?) [C:\Users\n2029\Desktop\GameSpace\GameSpace\GameSpace\GameSpace.csproj]
C:\Users\n2029\Desktop\GameSpace\GameSpace\GameSpace\Areas\MiniGame\Services\UserWalletService.cs(307,43): error CS1061: 'WalletHistory' 未包含 'ChangeAmount' 的定義，也找不到可接受類型 'WalletHistory' 第一個引數的可存取擴充方法 'ChangeAmount' (是否遺漏 using 指示詞或組件參考?) [C:\Users\n2029\Desktop\GameSpace\GameSpace\GameSpace\GameSpace.csproj]
C:\Users\n2029\Desktop\GameSpace\GameSpace\GameSpace\Areas\MiniGame\Services\UserWalletService.cs(308,57): error CS0023: 運算子 '?' 不可套用至類型為 'int' 的運算元 [C:\Users\n2029\Desktop\GameSpace\GameSpace\GameSpace\GameSpace.csproj]
C:\Users\n2029\Desktop\GameSpace\GameSpace\GameSpace\Areas\MiniGame\Services\UserWalletService.cs(309,40): error CS1061: 'WalletHistory' 未包含 'RelatedID' 的定義，也找不到可接受類型 'WalletHistory' 第一個引數的可存取擴充方法 'RelatedID' (是否遺漏 using 指示詞或組件參考?) [C:\Users\n2029\Desktop\GameSpace\GameSpace\GameSpace\GameSpace.csproj]
C:\Users\n2029\Desktop\GameSpace\GameSpace\GameSpace\Areas\MiniGame\Services\UserWalletService.cs(313,41): error CS1061: 'WalletHistory' 未包含 'HistoryID' 的定義，也找不到可接受類型 'WalletHistory' 第一個引數的可存取擴充方法 'HistoryID' (是否遺漏 using 指示詞或組件參考?) [C:\Users\n2029\Desktop\GameSpace\GameSpace\GameSpace\GameSpace.csproj]
C:\Users\n2029\Desktop\GameSpace\GameSpace\GameSpace\Areas\MiniGame\Services\UserWalletService.cs(313,60): error CS1061: 'WalletHistory' 未包含 'UserID' 的定義，也找不到可接受類型 'WalletHistory' 第一個引數的可存取擴充方法 'UserID' (是否遺漏 using 指示詞或組件參考?) [C:\Users\n2029\Desktop\GameSpace\GameSpace\GameSpace\GameSpace.csproj]
C:\Users\n2029\Desktop\GameSpace\GameSpace\GameSpace\Areas\MiniGame\Controllers\AdminCouponController.cs(200,33): error CS1061: 'Coupon' 未包含 'CouponType' 的定義，也找不到可接受類型 'Coupon' 第一個引數的可存取擴充方法 'CouponType' (是否遺漏 using 指示詞或組件參考?) [C:\Users\n2029\Desktop\GameSpace\GameSpace\GameSpace\GameSpace.csproj]
C:\Users\n2029\Desktop\GameSpace\GameSpace\GameSpace\Areas\MiniGame\Services\UserWalletService.cs(336,47): error CS1061: 'WalletHistory' 未包含 'HistoryID' 的定義，也找不到可接受類型 'WalletHistory' 第一個引數的可存取擴充方法 'HistoryID' (是否遺漏 using 指示詞或組件參考?) [C:\Users\n2029\Desktop\GameSpace\GameSpace\GameSpace\GameSpace.csproj]
C:\Users\n2029\Desktop\GameSpace\GameSpace\GameSpace\Areas\MiniGame\Services\UserWalletService.cs(337,61): error CS1061: 'WalletHistory' 未包含 'UserID' 的定義，也找不到可接受類型 'WalletHistory' 第一個引數的可存取擴充方法 'UserID' (是否遺漏 using 指示詞或組件參考?) [C:\Users\n2029\Desktop\GameSpace\GameSpace\GameSpace\GameSpace.csproj]
C:\Users\n2029\Desktop\GameSpace\GameSpace\GameSpace\Areas\MiniGame\Services\UserWalletService.cs(339,47): error CS1061: 'WalletHistory' 未包含 'ChangeAmount' 的定義，也找不到可接受類型 'WalletHistory' 第一個引數的可存取擴充方法 'ChangeAmount' (是否遺漏 using 指示詞或組件參考?) [C:\Users\n2029\Desktop\GameSpace\GameSpace\GameSpace\GameSpace.csproj]
C:\Users\n2029\Desktop\GameSpace\GameSpace\GameSpace\Areas\MiniGame\Services\UserWalletService.cs(340,40): error CS0019: 運算子 '??' 不可套用至類型為 'int' 和 'int' 的運算元 [C:\Users\n2029\Desktop\GameSpace\GameSpace\GameSpace\GameSpace.csproj]
C:\Users\n2029\Desktop\GameSpace\GameSpace\GameSpace\Areas\MiniGame\Services\UserWalletService.cs(344,28): error CS1061: 'WalletHistory' 未包含 'RelatedID' 的定義，也找不到可接受類型 'WalletHistory' 第一個引數的可存取擴充方法 'RelatedID' (是否遺漏 using 指示詞或組件參考?) [C:\Users\n2029\Desktop\GameSpace\GameSpace\GameSpace\GameSpace.csproj]
C:\Users\n2029\Desktop\GameSpace\GameSpace\GameSpace\Areas\MiniGame\Services\UserWalletService.cs(345,51): error CS1061: 'WalletHistory' 未包含 'RelatedID' 的定義，也找不到可接受類型 'WalletHistory' 第一個引數的可存取擴充方法 'RelatedID' (是否遺漏 using 指示詞或組件參考?) [C:\Users\n2029\Desktop\GameSpace\GameSpace\GameSpace\GameSpace.csproj]
C:\Users\n2029\Desktop\GameSpace\GameSpace\GameSpace\Areas\MiniGame\Controllers\AdminCouponController.cs(244,75): warning CS8602: 可能 null 參考的取值 (dereference)。 [C:\Users\n2029\Desktop\GameSpace\GameSpace\GameSpace\GameSpace.csproj]
C:\Users\n2029\Desktop\GameSpace\GameSpace\GameSpace\Areas\MiniGame\Services\UserService.cs(40,45): error CS1061: 'User' 未包含 'User_Email' 的定義，也找不到可接受類型 'User' 第一個引數的可存取擴充方法 'User_Email' (是否遺漏 using 指示詞或組件參考?) [C:\Users\n2029\Desktop\GameSpace\GameSpace\GameSpace\GameSpace.csproj]
C:\Users\n2029\Desktop\GameSpace\GameSpace\GameSpace\Areas\MiniGame\Services\UserService.cs(55,21): error CS0117: 'UserWallet' 未包含 'User_Id' 的定義 [C:\Users\n2029\Desktop\GameSpace\GameSpace\GameSpace\GameSpace.csproj]
C:\Users\n2029\Desktop\GameSpace\GameSpace\GameSpace\Areas\MiniGame\Services\UserService.cs(56,21): error CS0117: 'UserWallet' 未包含 'User_Point' 的定義 [C:\Users\n2029\Desktop\GameSpace\GameSpace\GameSpace\GameSpace.csproj]
C:\Users\n2029\Desktop\GameSpace\GameSpace\GameSpace\Areas\MiniGame\Services\UserService.cs(143,22): error CS1061: 'User' 未包含 'User_LockoutEnd' 的定義，也找不到可接受類型 'User' 第一個引數的可存取擴充方法 'User_LockoutEnd' (是否遺漏 using 指示詞或組件參考?) [C:\Users\n2029\Desktop\GameSpace\GameSpace\GameSpace\GameSpace.csproj]
C:\Users\n2029\Desktop\GameSpace\GameSpace\GameSpace\Areas\MiniGame\Services\UserService.cs(161,22): error CS1061: 'User' 未包含 'User_LockoutEnd' 的定義，也找不到可接受類型 'User' 第一個引數的可存取擴充方法 'User_LockoutEnd' (是否遺漏 using 指示詞或組件參考?) [C:\Users\n2029\Desktop\GameSpace\GameSpace\GameSpace\GameSpace.csproj]
C:\Users\n2029\Desktop\GameSpace\GameSpace\GameSpace\Areas\MiniGame\Services\UserService.cs(176,30): error CS1061: 'User' 未包含 'User_Email' 的定義，也找不到可接受類型 'User' 第一個引數的可存取擴充方法 'User_Email' (是否遺漏 using 指示詞或組件參考?) [C:\Users\n2029\Desktop\GameSpace\GameSpace\GameSpace\GameSpace.csproj]
C:\Users\n2029\Desktop\GameSpace\GameSpace\GameSpace\Areas\MiniGame\Controllers\AdminPetController.cs(285,47): error CS1061: 'Pet' 未包含 'IsActive' 的定義，也找不到可接受類型 'Pet' 第一個引數的可存取擴充方法 'IsActive' (是否遺漏 using 指示詞或組件參考?) [C:\Users\n2029\Desktop\GameSpace\GameSpace\GameSpace\GameSpace.csproj]
C:\Users\n2029\Desktop\GameSpace\GameSpace\GameSpace\Areas\MiniGame\Controllers\AdminPetController.cs(286,47): error CS1061: 'Pet' 未包含 'Rarity' 的定義，也找不到可接受類型 'Pet' 第一個引數的可存取擴充方法 'Rarity' (是否遺漏 using 指示詞或組件參考?) [C:\Users\n2029\Desktop\GameSpace\GameSpace\GameSpace\GameSpace.csproj]
C:\Users\n2029\Desktop\GameSpace\GameSpace\GameSpace\Areas\MiniGame\Controllers\AdminPetController.cs(287,45): error CS1061: 'Pet' 未包含 'Rarity' 的定義，也找不到可接受類型 'Pet' 第一個引數的可存取擴充方法 'Rarity' (是否遺漏 using 指示詞或組件參考?) [C:\Users\n2029\Desktop\GameSpace\GameSpace\GameSpace\GameSpace.csproj]
C:\Users\n2029\Desktop\GameSpace\GameSpace\GameSpace\Areas\MiniGame\Controllers\AdminPetController.cs(288,45): error CS1061: 'Pet' 未包含 'Rarity' 的定義，也找不到可接受類型 'Pet' 第一個引數的可存取擴充方法 'Rarity' (是否遺漏 using 指示詞或組件參考?) [C:\Users\n2029\Desktop\GameSpace\GameSpace\GameSpace\GameSpace.csproj]
C:\Users\n2029\Desktop\GameSpace\GameSpace\GameSpace\Areas\MiniGame\Controllers\AdminPetController.cs(289,50): error CS1061: 'Pet' 未包含 'Rarity' 的定義，也找不到可接受類型 'Pet' 第一個引數的可存取擴充方法 'Rarity' (是否遺漏 using 指示詞或組件參考?) [C:\Users\n2029\Desktop\GameSpace\GameSpace\GameSpace\GameSpace.csproj]
C:\Users\n2029\Desktop\GameSpace\GameSpace\GameSpace\Areas\MiniGame\Controllers\AdminPetController.cs(303,33): error CS1061: 'Pet' 未包含 'Rarity' 的定義，也找不到可接受類型 'Pet' 第一個引數的可存取擴充方法 'Rarity' (是否遺漏 using 指示詞或組件參考?) [C:\Users\n2029\Desktop\GameSpace\GameSpace\GameSpace\GameSpace.csproj]
C:\Users\n2029\Desktop\GameSpace\GameSpace\GameSpace\Areas\MiniGame\Services\UserService.cs(202,43): error CS1061: 'User' 未包含 'User_LockoutEnd' 的定義，也找不到可接受類型 'User' 第一個引數的可存取擴充方法 'User_LockoutEnd' (是否遺漏 using 指示詞或組件參考?) [C:\Users\n2029\Desktop\GameSpace\GameSpace\GameSpace\GameSpace.csproj]
C:\Users\n2029\Desktop\GameSpace\GameSpace\GameSpace\Areas\MiniGame\Controllers\AdminPetController.cs(322,33): error CS1061: 'Pet' 未包含 'PetType' 的定義，也找不到可接受類型 'Pet' 第一個引數的可存取擴充方法 'PetType' (是否遺漏 using 指示詞或組件參考?) [C:\Users\n2029\Desktop\GameSpace\GameSpace\GameSpace\GameSpace.csproj]
C:\Users\n2029\Desktop\GameSpace\GameSpace\GameSpace\Areas\MiniGame\Controllers\AdminPetController.cs(341,33): error CS1061: 'Pet' 未包含 'Rarity' 的定義，也找不到可接受類型 'Pet' 第一個引數的可存取擴充方法 'Rarity' (是否遺漏 using 指示詞或組件參考?) [C:\Users\n2029\Desktop\GameSpace\GameSpace\GameSpace\GameSpace.csproj]
C:\Users\n2029\Desktop\GameSpace\GameSpace\GameSpace\Areas\MiniGame\Controllers\AdminPetController.cs(383,21): error CS0117: 'PetColorOption' 未包含 'ColorValue' 的定義 [C:\Users\n2029\Desktop\GameSpace\GameSpace\GameSpace\GameSpace.csproj]
C:\Users\n2029\Desktop\GameSpace\GameSpace\GameSpace\Areas\MiniGame\Controllers\AdminPetController.cs(384,21): error CS0117: 'PetColorOption' 未包含 'DisplayOrder' 的定義 [C:\Users\n2029\Desktop\GameSpace\GameSpace\GameSpace\GameSpace.csproj]
C:\Users\n2029\Desktop\GameSpace\GameSpace\GameSpace\Areas\MiniGame\Controllers\AdminEVoucherController.cs(389,31): warning CS8629: 可為 Null 的實值型別可為 Null。 [C:\Users\n2029\Desktop\GameSpace\GameSpace\GameSpace\GameSpace.csproj]
C:\Users\n2029\Desktop\GameSpace\GameSpace\GameSpace\Areas\MiniGame\Controllers\AdminPetController.cs(412,60): error CS1061: 'PetColorOption' 未包含 'OptionID' 的定義，也找不到可接受類型 'PetColorOption' 第一個引數的可存取擴充方法 'OptionID' (是否遺漏 using 指示詞或組件參考?) [C:\Users\n2029\Desktop\GameSpace\GameSpace\GameSpace\GameSpace.csproj]
C:\Users\n2029\Desktop\GameSpace\GameSpace\GameSpace\Areas\MiniGame\Controllers\AdminPetController.cs(588,62): error CS1061: 'PetSkinColorPointSettings' 未包含 'Level' 的定義，也找不到可接受類型 'PetSkinColorPointSettings' 第一個引數的可存取擴充方法 'Level' (是否遺漏 using 指示詞或組件參考?) [C:\Users\n2029\Desktop\GameSpace\GameSpace\GameSpace\GameSpace.csproj]
C:\Users\n2029\Desktop\GameSpace\GameSpace\GameSpace\Areas\MiniGame\Controllers\AdminPetController.cs(631,62): error CS1061: 'PetBackgroundPointSettings' 未包含 'Level' 的定義，也找不到可接受類型 'PetBackgroundPointSettings' 第一個引數的可存取擴充方法 'Level' (是否遺漏 using 指示詞或組件參考?) [C:\Users\n2029\Desktop\GameSpace\GameSpace\GameSpace\GameSpace.csproj]
C:\Users\n2029\Desktop\GameSpace\GameSpace\GameSpace\Areas\MiniGame\Controllers\AdminDiagnosticsController.cs(161,49): error CS1061: 'GameSpacedatabaseContext' 未包含 'EVouchers' 的定義，也找不到可接受類型 'GameSpacedatabaseContext' 第一個引數的可存取擴充方法 'EVouchers' (是否遺漏 using 指示詞或組件參考?) [C:\Users\n2029\Desktop\GameSpace\GameSpace\GameSpace\GameSpace.csproj]
C:\Users\n2029\Desktop\GameSpace\GameSpace\GameSpace\Areas\MiniGame\Controllers\AdminEVoucherController.cs(416,75): warning CS8602: 可能 null 參考的取值 (dereference)。 [C:\Users\n2029\Desktop\GameSpace\GameSpace\GameSpace\GameSpace.csproj]
C:\Users\n2029\Desktop\GameSpace\GameSpace\GameSpace\Areas\MiniGame\Controllers\AdminMiniGameController.cs(114,36): error CS0118: 'MiniGame' 是 命名空間，但卻當成 類型 使用 [C:\Users\n2029\Desktop\GameSpace\GameSpace\GameSpace\GameSpace.csproj]
C:\Users\n2029\Desktop\GameSpace\GameSpace\GameSpace\Areas\MiniGame\Controllers\AdminMiniGameController.cs(116,38): error CS1061: 'AdminMiniGameCreateViewModel' 未包含 'GameName' 的定義，也找不到可接受類型 'AdminMiniGameCreateViewModel' 第一個引數的可存取擴充方法 'GameName' (是否遺漏 using 指示詞或組件參考?) [C:\Users\n2029\Desktop\GameSpace\GameSpace\GameSpace\GameSpace.csproj]
C:\Users\n2029\Desktop\GameSpace\GameSpace\GameSpace\Areas\MiniGame\Controllers\AdminMiniGameController.cs(117,45): error CS1061: 'AdminMiniGameCreateViewModel' 未包含 'GameDescription' 的定義，也找不到可接受類型 'AdminMiniGameCreateViewModel' 第一個引數的可存取擴充方法 'GameDescription' (是否遺漏 using 指示詞或組件參考?) [C:\Users\n2029\Desktop\GameSpace\GameSpace\GameSpace\GameSpace.csproj]
C:\Users\n2029\Desktop\GameSpace\GameSpace\GameSpace\Areas\MiniGame\Controllers\AdminMiniGameController.cs(119,40): error CS1061: 'AdminMiniGameCreateViewModel' 未包含 'CostPoints' 的定義，也找不到可接受類型 'AdminMiniGameCreateViewModel' 第一個引數的可存取擴充方法 'CostPoints' (是否遺漏 using 指示詞或組件參考?) [C:\Users\n2029\Desktop\GameSpace\GameSpace\GameSpace\GameSpace.csproj]
C:\Users\n2029\Desktop\GameSpace\GameSpace\GameSpace\Areas\MiniGame\Controllers\AdminMiniGameController.cs(120,42): error CS1061: 'AdminMiniGameCreateViewModel' 未包含 'RewardPoints' 的定義，也找不到可接受類型 'AdminMiniGameCreateViewModel' 第一個引數的可存取擴充方法 'RewardPoints' (是否遺漏 using 指示詞或組件參考?) [C:\Users\n2029\Desktop\GameSpace\GameSpace\GameSpace\GameSpace.csproj]
C:\Users\n2029\Desktop\GameSpace\GameSpace\GameSpace\Areas\MiniGame\Controllers\AdminMiniGameController.cs(121,42): error CS1061: 'AdminMiniGameCreateViewModel' 未包含 'MaxPlayCount' 的定義，也找不到可接受類型 'AdminMiniGameCreateViewModel' 第一個引數的可存取擴充方法 'MaxPlayCount' (是否遺漏 using 指示詞或組件參考?) [C:\Users\n2029\Desktop\GameSpace\GameSpace\GameSpace\GameSpace.csproj]
C:\Users\n2029\Desktop\GameSpace\GameSpace\GameSpace\Areas\MiniGame\Controllers\AdminMiniGameController.cs(122,42): error CS1061: 'AdminMiniGameCreateViewModel' 未包含 'GameImageUrl' 的定義，也找不到可接受類型 'AdminMiniGameCreateViewModel' 第一個引數的可存取擴充方法 'GameImageUrl' (是否遺漏 using 指示詞或組件參考?) [C:\Users\n2029\Desktop\GameSpace\GameSpace\GameSpace\GameSpace.csproj]
C:\Users\n2029\Desktop\GameSpace\GameSpace\GameSpace\Areas\MiniGame\Controllers\AdminMiniGameController.cs(123,38): error CS1061: 'AdminMiniGameCreateViewModel' 未包含 'IsActive' 的定義，也找不到可接受類型 'AdminMiniGameCreateViewModel' 第一個引數的可存取擴充方法 'IsActive' (是否遺漏 using 指示詞或組件參考?) [C:\Users\n2029\Desktop\GameSpace\GameSpace\GameSpace\GameSpace.csproj]
C:\Users\n2029\Desktop\GameSpace\GameSpace\GameSpace\Areas\MiniGame\Controllers\AdminDiagnosticsController.cs(218,52): error CS1061: 'GameSpacedatabaseContext' 未包含 'EVouchers' 的定義，也找不到可接受類型 'GameSpacedatabaseContext' 第一個引數的可存取擴充方法 'EVouchers' (是否遺漏 using 指示詞或組件參考?) [C:\Users\n2029\Desktop\GameSpace\GameSpace\GameSpace\GameSpace.csproj]
C:\Users\n2029\Desktop\GameSpace\GameSpace\GameSpace\Areas\Forum\Controllers\MetricController.cs(227,64): warning CS8602: 可能 null 參考的取值 (dereference)。 [C:\Users\n2029\Desktop\GameSpace\GameSpace\GameSpace\GameSpace.csproj]
C:\Users\n2029\Desktop\GameSpace\GameSpace\GameSpace\Areas\Forum\Controllers\MetricController.cs(243,30): warning CS8629: 可為 Null 的實值型別可為 Null。 [C:\Users\n2029\Desktop\GameSpace\GameSpace\GameSpace\GameSpace.csproj]
C:\Users\n2029\Desktop\GameSpace\GameSpace\GameSpace\Areas\Forum\Controllers\MetricController.cs(244,32): warning CS8629: 可為 Null 的實值型別可為 Null。 [C:\Users\n2029\Desktop\GameSpace\GameSpace\GameSpace\GameSpace.csproj]
C:\Users\n2029\Desktop\GameSpace\GameSpace\GameSpace\Areas\Forum\Controllers\MetricController.cs(268,47): warning CS8629: 可為 Null 的實值型別可為 Null。 [C:\Users\n2029\Desktop\GameSpace\GameSpace\GameSpace\GameSpace.csproj]
C:\Users\n2029\Desktop\GameSpace\GameSpace\GameSpace\Areas\MiniGame\Controllers\AdminMiniGameController.cs(145,43): error CS1061: 'GameSpacedatabaseContext' 未包含 'MiniGame' 的定義，也找不到可接受類型 'GameSpacedatabaseContext' 第一個引數的可存取擴充方法 'MiniGame' (是否遺漏 using 指示詞或組件參考?) [C:\Users\n2029\Desktop\GameSpace\GameSpace\GameSpace\GameSpace.csproj]
C:\Users\n2029\Desktop\GameSpace\GameSpace\GameSpace\Areas\MiniGame\Controllers\AdminMiniGameController.cs(153,17): error CS0117: 'AdminMiniGameCreateViewModel' 未包含 'GameName' 的定義 [C:\Users\n2029\Desktop\GameSpace\GameSpace\GameSpace\GameSpace.csproj]
C:\Users\n2029\Desktop\GameSpace\GameSpace\GameSpace\Areas\MiniGame\Controllers\AdminMiniGameController.cs(154,17): error CS0117: 'AdminMiniGameCreateViewModel' 未包含 'GameDescription' 的定義 [C:\Users\n2029\Desktop\GameSpace\GameSpace\GameSpace\GameSpace.csproj]
C:\Users\n2029\Desktop\GameSpace\GameSpace\GameSpace\Areas\MiniGame\Controllers\AdminMiniGameController.cs(156,17): error CS0117: 'AdminMiniGameCreateViewModel' 未包含 'CostPoints' 的定義 [C:\Users\n2029\Desktop\GameSpace\GameSpace\GameSpace\GameSpace.csproj]
C:\Users\n2029\Desktop\GameSpace\GameSpace\GameSpace\Areas\MiniGame\Controllers\AdminMiniGameController.cs(157,17): error CS0117: 'AdminMiniGameCreateViewModel' 未包含 'RewardPoints' 的定義 [C:\Users\n2029\Desktop\GameSpace\GameSpace\GameSpace\GameSpace.csproj]
C:\Users\n2029\Desktop\GameSpace\GameSpace\GameSpace\Areas\MiniGame\Controllers\AdminMiniGameController.cs(158,17): error CS0117: 'AdminMiniGameCreateViewModel' 未包含 'MaxPlayCount' 的定義 [C:\Users\n2029\Desktop\GameSpace\GameSpace\GameSpace\GameSpace.csproj]
C:\Users\n2029\Desktop\GameSpace\GameSpace\GameSpace\Areas\MiniGame\Controllers\AdminMiniGameController.cs(159,17): error CS0117: 'AdminMiniGameCreateViewModel' 未包含 'GameImageUrl' 的定義 [C:\Users\n2029\Desktop\GameSpace\GameSpace\GameSpace\GameSpace.csproj]
C:\Users\n2029\Desktop\GameSpace\GameSpace\GameSpace\Areas\MiniGame\Controllers\AdminMiniGameController.cs(160,17): error CS0117: 'AdminMiniGameCreateViewModel' 未包含 'IsActive' 的定義 [C:\Users\n2029\Desktop\GameSpace\GameSpace\GameSpace\GameSpace.csproj]
C:\Users\n2029\Desktop\GameSpace\GameSpace\GameSpace\Areas\MiniGame\Controllers\AdminMiniGameController.cs(175,51): error CS1061: 'GameSpacedatabaseContext' 未包含 'MiniGame' 的定義，也找不到可接受類型 'GameSpacedatabaseContext' 第一個引數的可存取擴充方法 'MiniGame' (是否遺漏 using 指示詞或組件參考?) [C:\Users\n2029\Desktop\GameSpace\GameSpace\GameSpace\GameSpace.csproj]
C:\Users\n2029\Desktop\GameSpace\GameSpace\GameSpace\Areas\MiniGame\Controllers\AdminMiniGameController.cs(181,47): error CS1061: 'AdminMiniGameCreateViewModel' 未包含 'GameName' 的定義，也找不到可接受類型 'AdminMiniGameCreateViewModel' 第一個引數的可存取擴充方法 'GameName' (是否遺漏 using 指示詞或組件參考?) [C:\Users\n2029\Desktop\GameSpace\GameSpace\GameSpace\GameSpace.csproj]
C:\Users\n2029\Desktop\GameSpace\GameSpace\GameSpace\Areas\MiniGame\Controllers\AdminMiniGameController.cs(182,54): error CS1061: 'AdminMiniGameCreateViewModel' 未包含 'GameDescription' 的定義，也找不到可接受類型 'AdminMiniGameCreateViewModel' 第一個引數的可存取擴充方法 'GameDescription' (是否遺漏 using 指示詞或組件參考?) [C:\Users\n2029\Desktop\GameSpace\GameSpace\GameSpace\GameSpace.csproj]
C:\Users\n2029\Desktop\GameSpace\GameSpace\GameSpace\Areas\MiniGame\Controllers\AdminMiniGameController.cs(184,49): error CS1061: 'AdminMiniGameCreateViewModel' 未包含 'CostPoints' 的定義，也找不到可接受類型 'AdminMiniGameCreateViewModel' 第一個引數的可存取擴充方法 'CostPoints' (是否遺漏 using 指示詞或組件參考?) [C:\Users\n2029\Desktop\GameSpace\GameSpace\GameSpace\GameSpace.csproj]
C:\Users\n2029\Desktop\GameSpace\GameSpace\GameSpace\Areas\MiniGame\Controllers\AdminMiniGameController.cs(185,51): error CS1061: 'AdminMiniGameCreateViewModel' 未包含 'RewardPoints' 的定義，也找不到可接受類型 'AdminMiniGameCreateViewModel' 第一個引數的可存取擴充方法 'RewardPoints' (是否遺漏 using 指示詞或組件參考?) [C:\Users\n2029\Desktop\GameSpace\GameSpace\GameSpace\GameSpace.csproj]
C:\Users\n2029\Desktop\GameSpace\GameSpace\GameSpace\Areas\MiniGame\Controllers\AdminMiniGameController.cs(186,51): error CS1061: 'AdminMiniGameCreateViewModel' 未包含 'MaxPlayCount' 的定義，也找不到可接受類型 'AdminMiniGameCreateViewModel' 第一個引數的可存取擴充方法 'MaxPlayCount' (是否遺漏 using 指示詞或組件參考?) [C:\Users\n2029\Desktop\GameSpace\GameSpace\GameSpace\GameSpace.csproj]
C:\Users\n2029\Desktop\GameSpace\GameSpace\GameSpace\Areas\MiniGame\Controllers\AdminMiniGameController.cs(187,51): error CS1061: 'AdminMiniGameCreateViewModel' 未包含 'GameImageUrl' 的定義，也找不到可接受類型 'AdminMiniGameCreateViewModel' 第一個引數的可存取擴充方法 'GameImageUrl' (是否遺漏 using 指示詞或組件參考?) [C:\Users\n2029\Desktop\GameSpace\GameSpace\GameSpace\GameSpace.csproj]
C:\Users\n2029\Desktop\GameSpace\GameSpace\GameSpace\Areas\MiniGame\Controllers\AdminMiniGameController.cs(188,47): error CS1061: 'AdminMiniGameCreateViewModel' 未包含 'IsActive' 的定義，也找不到可接受類型 'AdminMiniGameCreateViewModel' 第一個引數的可存取擴充方法 'IsActive' (是否遺漏 using 指示詞或組件參考?) [C:\Users\n2029\Desktop\GameSpace\GameSpace\GameSpace\GameSpace.csproj]
C:\Users\n2029\Desktop\GameSpace\GameSpace\GameSpace\Areas\MiniGame\Services\DashboardService.cs(153,32): error CS1061: 'GameSpacedatabaseContext' 未包含 'User_Wallet' 的定義，也找不到可接受類型 'GameSpacedatabaseContext' 第一個引數的可存取擴充方法 'User_Wallet' (是否遺漏 using 指示詞或組件參考?) [C:\Users\n2029\Desktop\GameSpace\GameSpace\GameSpace\GameSpace.csproj]
C:\Users\n2029\Desktop\GameSpace\GameSpace\GameSpace\Areas\MiniGame\Services\DashboardService.cs(157,37): error CS1061: 'GameSpacedatabaseContext' 未包含 'Pet' 的定義，也找不到可接受類型 'GameSpacedatabaseContext' 第一個引數的可存取擴充方法 'Pet' (是否遺漏 using 指示詞或組件參考?) [C:\Users\n2029\Desktop\GameSpace\GameSpace\GameSpace\GameSpace.csproj]
C:\Users\n2029\Desktop\GameSpace\GameSpace\GameSpace\Areas\MiniGame\Services\DashboardService.cs(161,37): error CS1061: 'GameSpacedatabaseContext' 未包含 'User_SignInStats' 的定義，也找不到可接受類型 'GameSpacedatabaseContext' 第一個引數的可存取擴充方法 'User_SignInStats' (是否遺漏 using 指示詞或組件參考?) [C:\Users\n2029\Desktop\GameSpace\GameSpace\GameSpace\GameSpace.csproj]
C:\Users\n2029\Desktop\GameSpace\GameSpace\GameSpace\Areas\MiniGame\Controllers\AdminMiniGameController.cs(220,43): error CS1061: 'GameSpacedatabaseContext' 未包含 'MiniGame' 的定義，也找不到可接受類型 'GameSpacedatabaseContext' 第一個引數的可存取擴充方法 'MiniGame' (是否遺漏 using 指示詞或組件參考?) [C:\Users\n2029\Desktop\GameSpace\GameSpace\GameSpace\GameSpace.csproj]
C:\Users\n2029\Desktop\GameSpace\GameSpace\GameSpace\Areas\MiniGame\Services\DashboardService.cs(189,48): error CS1061: 'GameSpacedatabaseContext' 未包含 'Pet' 的定義，也找不到可接受類型 'GameSpacedatabaseContext' 第一個引數的可存取擴充方法 'Pet' (是否遺漏 using 指示詞或組件參考?) [C:\Users\n2029\Desktop\GameSpace\GameSpace\GameSpace\GameSpace.csproj]
C:\Users\n2029\Desktop\GameSpace\GameSpace\GameSpace\Areas\MiniGame\Services\DashboardService.cs(196,48): error CS1061: 'GameSpacedatabaseContext' 未包含 'User_SignInStats' 的定義，也找不到可接受類型 'GameSpacedatabaseContext' 第一個引數的可存取擴充方法 'User_SignInStats' (是否遺漏 using 指示詞或組件參考?) [C:\Users\n2029\Desktop\GameSpace\GameSpace\GameSpace\GameSpace.csproj]
C:\Users\n2029\Desktop\GameSpace\GameSpace\GameSpace\Areas\MiniGame\Controllers\AdminMiniGameController.cs(237,43): error CS1061: 'GameSpacedatabaseContext' 未包含 'MiniGame' 的定義，也找不到可接受類型 'GameSpacedatabaseContext' 第一個引數的可存取擴充方法 'MiniGame' (是否遺漏 using 指示詞或組件參考?) [C:\Users\n2029\Desktop\GameSpace\GameSpace\GameSpace\GameSpace.csproj]
C:\Users\n2029\Desktop\GameSpace\GameSpace\GameSpace\Areas\MiniGame\Controllers\AdminMiniGameController.cs(240,26): error CS1061: 'GameSpacedatabaseContext' 未包含 'MiniGame' 的定義，也找不到可接受類型 'GameSpacedatabaseContext' 第一個引數的可存取擴充方法 'MiniGame' (是否遺漏 using 指示詞或組件參考?) [C:\Users\n2029\Desktop\GameSpace\GameSpace\GameSpace\GameSpace.csproj]
C:\Users\n2029\Desktop\GameSpace\GameSpace\GameSpace\Areas\MiniGame\Controllers\AdminDiagnosticsController.cs(262,38): error CS1061: 'GameSpacedatabaseContext' 未包含 'ErrorLogs' 的定義，也找不到可接受類型 'GameSpacedatabaseContext' 第一個引數的可存取擴充方法 'ErrorLogs' (是否遺漏 using 指示詞或組件參考?) [C:\Users\n2029\Desktop\GameSpace\GameSpace\GameSpace\GameSpace.csproj]
C:\Users\n2029\Desktop\GameSpace\GameSpace\GameSpace\Areas\MiniGame\Controllers\AdminDiagnosticsController.cs(302,49): warning CS1998: 這個非同步方法缺少 'await' 運算子，因此將以同步方式執行。請考慮使用 'await' 運算子等候未封鎖的應用程式開發介面呼叫，或使用 'await Task.Run(...)' 在背景執行緒上執行 CPU-bound 工作。 [C:\Users\n2029\Desktop\GameSpace\GameSpace\GameSpace\GameSpace.csproj]
C:\Users\n2029\Desktop\GameSpace\GameSpace\GameSpace\Areas\MiniGame\Controllers\AdminMiniGameController.cs(253,43): error CS1061: 'GameSpacedatabaseContext' 未包含 'MiniGame' 的定義，也找不到可接受類型 'GameSpacedatabaseContext' 第一個引數的可存取擴充方法 'MiniGame' (是否遺漏 using 指示詞或組件參考?) [C:\Users\n2029\Desktop\GameSpace\GameSpace\GameSpace\GameSpace.csproj]
C:\Users\n2029\Desktop\GameSpace\GameSpace\GameSpace\Areas\MiniGame\Services\UserService.cs(227,48): error CS1061: 'DateTime?' 未包含 'Date' 的定義，也找不到可接受類型 'DateTime?' 第一個引數的可存取擴充方法 'Date' (是否遺漏 using 指示詞或組件參考?) [C:\Users\n2029\Desktop\GameSpace\GameSpace\GameSpace\GameSpace.csproj]
C:\Users\n2029\Desktop\GameSpace\GameSpace\GameSpace\Areas\MiniGame\Controllers\AdminDiagnosticsController.cs(349,39): warning CS1998: 這個非同步方法缺少 'await' 運算子，因此將以同步方式執行。請考慮使用 'await' 運算子等候未封鎖的應用程式開發介面呼叫，或使用 'await Task.Run(...)' 在背景執行緒上執行 CPU-bound 工作。 [C:\Users\n2029\Desktop\GameSpace\GameSpace\GameSpace\GameSpace.csproj]
C:\Users\n2029\Desktop\GameSpace\GameSpace\GameSpace\Areas\MiniGame\Controllers\AdminMiniGameController.cs(272,40): error CS1061: 'GameSpacedatabaseContext' 未包含 'MiniGame' 的定義，也找不到可接受類型 'GameSpacedatabaseContext' 第一個引數的可存取擴充方法 'MiniGame' (是否遺漏 using 指示詞或組件參考?) [C:\Users\n2029\Desktop\GameSpace\GameSpace\GameSpace\GameSpace.csproj]
C:\Users\n2029\Desktop\GameSpace\GameSpace\GameSpace\Areas\MiniGame\Controllers\AdminMiniGameController.cs(273,41): error CS1061: 'GameSpacedatabaseContext' 未包含 'MiniGame' 的定義，也找不到可接受類型 'GameSpacedatabaseContext' 第一個引數的可存取擴充方法 'MiniGame' (是否遺漏 using 指示詞或組件參考?) [C:\Users\n2029\Desktop\GameSpace\GameSpace\GameSpace\GameSpace.csproj]
C:\Users\n2029\Desktop\GameSpace\GameSpace\GameSpace\Areas\MiniGame\Controllers\AdminMiniGameController.cs(274,41): error CS1061: 'GameSpacedatabaseContext' 未包含 'MiniGame' 的定義，也找不到可接受類型 'GameSpacedatabaseContext' 第一個引數的可存取擴充方法 'MiniGame' (是否遺漏 using 指示詞或組件參考?) [C:\Users\n2029\Desktop\GameSpace\GameSpace\GameSpace\GameSpace.csproj]
C:\Users\n2029\Desktop\GameSpace\GameSpace\GameSpace\Areas\MiniGame\Controllers\AdminMiniGameController.cs(275,41): error CS1061: 'GameSpacedatabaseContext' 未包含 'MiniGame' 的定義，也找不到可接受類型 'GameSpacedatabaseContext' 第一個引數的可存取擴充方法 'MiniGame' (是否遺漏 using 指示詞或組件參考?) [C:\Users\n2029\Desktop\GameSpace\GameSpace\GameSpace\GameSpace.csproj]
C:\Users\n2029\Desktop\GameSpace\GameSpace\GameSpace\Areas\MiniGame\Controllers\AdminMiniGameController.cs(276,43): error CS1061: 'GameSpacedatabaseContext' 未包含 'MiniGame' 的定義，也找不到可接受類型 'GameSpacedatabaseContext' 第一個引數的可存取擴充方法 'MiniGame' (是否遺漏 using 指示詞或組件參考?) [C:\Users\n2029\Desktop\GameSpace\GameSpace\GameSpace\GameSpace.csproj]
C:\Users\n2029\Desktop\GameSpace\GameSpace\GameSpace\Areas\MiniGame\Controllers\AdminMiniGameController.cs(277,45): error CS1061: 'GameSpacedatabaseContext' 未包含 'GamePlayRecord' 的定義，也找不到可接受類型 'GameSpacedatabaseContext' 第一個引數的可存取擴充方法 'GamePlayRecord' (是否遺漏 using 指示詞或組件參考?) [C:\Users\n2029\Desktop\GameSpace\GameSpace\GameSpace\GameSpace.csproj]
C:\Users\n2029\Desktop\GameSpace\GameSpace\GameSpace\Areas\MiniGame\Controllers\AdminDiagnosticsController.cs(358,35): error CS1061: 'GameSpacedatabaseContext' 未包含 'ErrorLogs' 的定義，也找不到可接受類型 'GameSpacedatabaseContext' 第一個引數的可存取擴充方法 'ErrorLogs' (是否遺漏 using 指示詞或組件參考?) [C:\Users\n2029\Desktop\GameSpace\GameSpace\GameSpace\GameSpace.csproj]
C:\Users\n2029\Desktop\GameSpace\GameSpace\GameSpace\Areas\MiniGame\Controllers\AdminEVoucherController.cs(678,33): error CS1061: 'Evoucher' 未包含 'Users' 的定義，也找不到可接受類型 'Evoucher' 第一個引數的可存取擴充方法 'Users' (是否遺漏 using 指示詞或組件參考?) [C:\Users\n2029\Desktop\GameSpace\GameSpace\GameSpace\GameSpace.csproj]
C:\Users\n2029\Desktop\GameSpace\GameSpace\GameSpace\Areas\MiniGame\Services\UserService.cs(247,49): error CS1061: 'UserRight' 未包含 'User_Id' 的定義，也找不到可接受類型 'UserRight' 第一個引數的可存取擴充方法 'User_Id' (是否遺漏 using 指示詞或組件參考?) [C:\Users\n2029\Desktop\GameSpace\GameSpace\GameSpace\GameSpace.csproj]
C:\Users\n2029\Desktop\GameSpace\GameSpace\GameSpace\Areas\MiniGame\Services\UserService.cs(247,72): error CS1061: 'UserRight' 未包含 'User_RightName' 的定義，也找不到可接受類型 'UserRight' 第一個引數的可存取擴充方法 'User_RightName' (是否遺漏 using 指示詞或組件參考?) [C:\Users\n2029\Desktop\GameSpace\GameSpace\GameSpace\GameSpace.csproj]
C:\Users\n2029\Desktop\GameSpace\GameSpace\GameSpace\Areas\MiniGame\Services\UserService.cs(253,21): error CS0117: 'UserRight' 未包含 'User_Id' 的定義 [C:\Users\n2029\Desktop\GameSpace\GameSpace\GameSpace\GameSpace.csproj]
C:\Users\n2029\Desktop\GameSpace\GameSpace\GameSpace\Areas\MiniGame\Services\UserService.cs(254,21): error CS0117: 'UserRight' 未包含 'User_RightName' 的定義 [C:\Users\n2029\Desktop\GameSpace\GameSpace\GameSpace\GameSpace.csproj]
C:\Users\n2029\Desktop\GameSpace\GameSpace\GameSpace\Areas\MiniGame\Services\UserService.cs(255,21): error CS0117: 'UserRight' 未包含 'User_GrantedAt' 的定義 [C:\Users\n2029\Desktop\GameSpace\GameSpace\GameSpace\GameSpace.csproj]
C:\Users\n2029\Desktop\GameSpace\GameSpace\GameSpace\Areas\MiniGame\Controllers\AdminDiagnosticsController.cs(366,35): error CS1061: 'GameSpacedatabaseContext' 未包含 'ErrorLogs' 的定義，也找不到可接受類型 'GameSpacedatabaseContext' 第一個引數的可存取擴充方法 'ErrorLogs' (是否遺漏 using 指示詞或組件參考?) [C:\Users\n2029\Desktop\GameSpace\GameSpace\GameSpace\GameSpace.csproj]
C:\Users\n2029\Desktop\GameSpace\GameSpace\GameSpace\Areas\MiniGame\Controllers\AdminMiniGameController.cs(287,47): error CS1061: 'GameSpacedatabaseContext' 未包含 'MiniGame' 的定義，也找不到可接受類型 'GameSpacedatabaseContext' 第一個引數的可存取擴充方法 'MiniGame' (是否遺漏 using 指示詞或組件參考?) [C:\Users\n2029\Desktop\GameSpace\GameSpace\GameSpace\GameSpace.csproj]
C:\Users\n2029\Desktop\GameSpace\GameSpace\GameSpace\Areas\MiniGame\Controllers\AdminDiagnosticsController.cs(373,35): error CS1061: 'GameSpacedatabaseContext' 未包含 'ErrorLogs' 的定義，也找不到可接受類型 'GameSpacedatabaseContext' 第一個引數的可存取擴充方法 'ErrorLogs' (是否遺漏 using 指示詞或組件參考?) [C:\Users\n2029\Desktop\GameSpace\GameSpace\GameSpace\GameSpace.csproj]
C:\Users\n2029\Desktop\GameSpace\GameSpace\GameSpace\Areas\MiniGame\Controllers\AdminDiagnosticsController.cs(378,36): warning CS1998: 這個非同步方法缺少 'await' 運算子，因此將以同步方式執行。請考慮使用 'await' 運算子等候未封鎖的應用程式開發介面呼叫，或使用 'await Task.Run(...)' 在背景執行緒上執行 CPU-bound 工作。 [C:\Users\n2029\Desktop\GameSpace\GameSpace\GameSpace\GameSpace.csproj]
C:\Users\n2029\Desktop\GameSpace\GameSpace\GameSpace\Areas\MiniGame\Controllers\AdminDiagnosticsController.cs(384,33): warning CS1998: 這個非同步方法缺少 'await' 運算子，因此將以同步方式執行。請考慮使用 'await' 運算子等候未封鎖的應用程式開發介面呼叫，或使用 'await Task.Run(...)' 在背景執行緒上執行 CPU-bound 工作。 [C:\Users\n2029\Desktop\GameSpace\GameSpace\GameSpace\GameSpace.csproj]
C:\Users\n2029\Desktop\GameSpace\GameSpace\GameSpace\Areas\MiniGame\Controllers\AdminDiagnosticsController.cs(390,38): warning CS1998: 這個非同步方法缺少 'await' 運算子，因此將以同步方式執行。請考慮使用 'await' 運算子等候未封鎖的應用程式開發介面呼叫，或使用 'await Task.Run(...)' 在背景執行緒上執行 CPU-bound 工作。 [C:\Users\n2029\Desktop\GameSpace\GameSpace\GameSpace\GameSpace.csproj]
C:\Users\n2029\Desktop\GameSpace\GameSpace\GameSpace\Areas\MiniGame\Services\UserService.cs(272,49): error CS1061: 'UserRight' 未包含 'User_Id' 的定義，也找不到可接受類型 'UserRight' 第一個引數的可存取擴充方法 'User_Id' (是否遺漏 using 指示詞或組件參考?) [C:\Users\n2029\Desktop\GameSpace\GameSpace\GameSpace\GameSpace.csproj]
C:\Users\n2029\Desktop\GameSpace\GameSpace\GameSpace\Areas\MiniGame\Services\UserService.cs(272,72): error CS1061: 'UserRight' 未包含 'User_RightName' 的定義，也找不到可接受類型 'UserRight' 第一個引數的可存取擴充方法 'User_RightName' (是否遺漏 using 指示詞或組件參考?) [C:\Users\n2029\Desktop\GameSpace\GameSpace\GameSpace\GameSpace.csproj]
C:\Users\n2029\Desktop\GameSpace\GameSpace\GameSpace\Areas\MiniGame\Services\DashboardService.cs(210,48): error CS1061: 'GameSpacedatabaseContext' 未包含 'User_SignInStats' 的定義，也找不到可接受類型 'GameSpacedatabaseContext' 第一個引數的可存取擴充方法 'User_SignInStats' (是否遺漏 using 指示詞或組件參考?) [C:\Users\n2029\Desktop\GameSpace\GameSpace\GameSpace\GameSpace.csproj]
C:\Users\n2029\Desktop\GameSpace\GameSpace\GameSpace\Areas\MiniGame\Services\DashboardService.cs(225,47): error CS1061: 'GameSpacedatabaseContext' 未包含 'WalletHistory' 的定義，也找不到可接受類型 'GameSpacedatabaseContext' 第一個引數的可存取擴充方法 'WalletHistory' (是否遺漏 using 指示詞或組件參考?) [C:\Users\n2029\Desktop\GameSpace\GameSpace\GameSpace\GameSpace.csproj]
C:\Users\n2029\Desktop\GameSpace\GameSpace\GameSpace\Areas\MiniGame\Services\UserService.cs(289,31): error CS1061: 'UserRight' 未包含 'User_Id' 的定義，也找不到可接受類型 'UserRight' 第一個引數的可存取擴充方法 'User_Id' (是否遺漏 using 指示詞或組件參考?) [C:\Users\n2029\Desktop\GameSpace\GameSpace\GameSpace\GameSpace.csproj]
C:\Users\n2029\Desktop\GameSpace\GameSpace\GameSpace\Areas\MiniGame\Services\UserService.cs(297,34): error CS1061: 'UserRight' 未包含 'User_Id' 的定義，也找不到可接受類型 'UserRight' 第一個引數的可存取擴充方法 'User_Id' (是否遺漏 using 指示詞或組件參考?) [C:\Users\n2029\Desktop\GameSpace\GameSpace\GameSpace\GameSpace.csproj]
C:\Users\n2029\Desktop\GameSpace\GameSpace\GameSpace\Areas\MiniGame\Services\UserService.cs(297,57): error CS1061: 'UserRight' 未包含 'User_RightName' 的定義，也找不到可接受類型 'UserRight' 第一個引數的可存取擴充方法 'User_RightName' (是否遺漏 using 指示詞或組件參考?) [C:\Users\n2029\Desktop\GameSpace\GameSpace\GameSpace\GameSpace.csproj]
C:\Users\n2029\Desktop\GameSpace\GameSpace\GameSpace\Areas\MiniGame\Controllers\AdminMiniGameController.cs(304,40): error CS1061: 'GameSpacedatabaseContext' 未包含 'GamePlayRecord' 的定義，也找不到可接受類型 'GameSpacedatabaseContext' 第一個引數的可存取擴充方法 'GamePlayRecord' (是否遺漏 using 指示詞或組件參考?) [C:\Users\n2029\Desktop\GameSpace\GameSpace\GameSpace\GameSpace.csproj]
C:\Users\n2029\Desktop\GameSpace\GameSpace\GameSpace\Areas\MiniGame\Controllers\AdminMiniGameController.cs(309,41): error CS1061: 'GameSpacedatabaseContext' 未包含 'MiniGame' 的定義，也找不到可接受類型 'GameSpacedatabaseContext' 第一個引數的可存取擴充方法 'MiniGame' (是否遺漏 using 指示詞或組件參考?) [C:\Users\n2029\Desktop\GameSpace\GameSpace\GameSpace\GameSpace.csproj]
C:\Users\n2029\Desktop\GameSpace\GameSpace\GameSpace\Areas\MiniGame\Controllers\PermissionController.cs(19,29): warning CS8625: 無法將 null 常值轉換成不可為 Null 的參考型別。 [C:\Users\n2029\Desktop\GameSpace\GameSpace\GameSpace\GameSpace.csproj]
C:\Users\n2029\Desktop\GameSpace\GameSpace\GameSpace\Areas\MiniGame\Services\DashboardService.cs(262,48): error CS1061: 'GameSpacedatabaseContext' 未包含 'User_Wallet' 的定義，也找不到可接受類型 'GameSpacedatabaseContext' 第一個引數的可存取擴充方法 'User_Wallet' (是否遺漏 using 指示詞或組件參考?) [C:\Users\n2029\Desktop\GameSpace\GameSpace\GameSpace\GameSpace.csproj]
C:\Users\n2029\Desktop\GameSpace\GameSpace\GameSpace\Areas\MiniGame\Services\DashboardService.cs(275,47): error CS1061: 'GameSpacedatabaseContext' 未包含 'Coupon' 的定義，也找不到可接受類型 'GameSpacedatabaseContext' 第一個引數的可存取擴充方法 'Coupon' (是否遺漏 using 指示詞或組件參考?) [C:\Users\n2029\Desktop\GameSpace\GameSpace\GameSpace\GameSpace.csproj]
C:\Users\n2029\Desktop\GameSpace\GameSpace\GameSpace\Areas\MiniGame\Controllers\MiniGameBaseController.cs(20,19): warning CS8618: 退出建構函式時，不可為 Null 的 欄位 '_adminService' 必須包含非 Null 值。請考慮新增 'required' 修飾元，或將 欄位 宣告為可以為 Null。 [C:\Users\n2029\Desktop\GameSpace\GameSpace\GameSpace\GameSpace.csproj]
C:\Users\n2029\Desktop\GameSpace\GameSpace\GameSpace\Areas\MiniGame\Controllers\MiniGameBaseController.cs(20,19): warning CS8618: 退出建構函式時，不可為 Null 的 欄位 '_permissionService' 必須包含非 Null 值。請考慮新增 'required' 修飾元，或將 欄位 宣告為可以為 Null。 [C:\Users\n2029\Desktop\GameSpace\GameSpace\GameSpace\GameSpace.csproj]
C:\Users\n2029\Desktop\GameSpace\GameSpace\GameSpace\Areas\MiniGame\Controllers\PermissionController.cs(33,53): error CS1061: 'IMiniGamePermissionService' 未包含 'GetManagerRoleInfoAsync' 的定義，也找不到可接受類型 'IMiniGamePermissionService' 第一個引數的可存取擴充方法 'GetManagerRoleInfoAsync' (是否遺漏 using 指示詞或組件參考?) [C:\Users\n2029\Desktop\GameSpace\GameSpace\GameSpace\GameSpace.csproj]
C:\Users\n2029\Desktop\GameSpace\GameSpace\GameSpace\Areas\MiniGame\Controllers\PermissionController.cs(34,55): error CS1061: 'IMiniGamePermissionService' 未包含 'GetPermissionStatisticsAsync' 的定義，也找不到可接受類型 'IMiniGamePermissionService' 第一個引數的可存取擴充方法 'GetPermissionStatisticsAsync' (是否遺漏 using 指示詞或組件參考?) [C:\Users\n2029\Desktop\GameSpace\GameSpace\GameSpace\GameSpace.csproj]
C:\Users\n2029\Desktop\GameSpace\GameSpace\GameSpace\Areas\MiniGame\Controllers\PermissionController.cs(53,60): error CS1061: 'IMiniGamePermissionService' 未包含 'GetManagerPermissionsAsync' 的定義，也找不到可接受類型 'IMiniGamePermissionService' 第一個引數的可存取擴充方法 'GetManagerPermissionsAsync' (是否遺漏 using 指示詞或組件參考?) [C:\Users\n2029\Desktop\GameSpace\GameSpace\GameSpace\GameSpace.csproj]
C:\Users\n2029\Desktop\GameSpace\GameSpace\GameSpace\Areas\MiniGame\Controllers\MiniGameBaseController.cs(52,24): warning CS8603: 可能有 Null 參考傳回。 [C:\Users\n2029\Desktop\GameSpace\GameSpace\GameSpace\GameSpace.csproj]
C:\Users\n2029\Desktop\GameSpace\GameSpace\GameSpace\Areas\MiniGame\Controllers\MiniGameBaseController.cs(54,20): warning CS8603: 可能有 Null 參考傳回。 [C:\Users\n2029\Desktop\GameSpace\GameSpace\GameSpace\GameSpace.csproj]
C:\Users\n2029\Desktop\GameSpace\GameSpace\GameSpace\Areas\MiniGame\Controllers\PermissionController.cs(70,55): error CS1061: 'IMiniGamePermissionService' 未包含 'UpdateManagerPermissionsAsync' 的定義，也找不到可接受類型 'IMiniGamePermissionService' 第一個引數的可存取擴充方法 'UpdateManagerPermissionsAsync' (是否遺漏 using 指示詞或組件參考?) [C:\Users\n2029\Desktop\GameSpace\GameSpace\GameSpace\GameSpace.csproj]
C:\Users\n2029\Desktop\GameSpace\GameSpace\GameSpace\Areas\MiniGame\Controllers\AdminMiniGameController.cs(325,40): error CS1061: 'GameSpacedatabaseContext' 未包含 'MiniGame' 的定義，也找不到可接受類型 'GameSpacedatabaseContext' 第一個引數的可存取擴充方法 'MiniGame' (是否遺漏 using 指示詞或組件參考?) [C:\Users\n2029\Desktop\GameSpace\GameSpace\GameSpace\GameSpace.csproj]
C:\Users\n2029\Desktop\GameSpace\GameSpace\GameSpace\Areas\MiniGame\Controllers\AdminMiniGameController.cs(332,42): error CS1061: 'GameSpacedatabaseContext' 未包含 'GamePlayRecord' 的定義，也找不到可接受類型 'GameSpacedatabaseContext' 第一個引數的可存取擴充方法 'GamePlayRecord' (是否遺漏 using 指示詞或組件參考?) [C:\Users\n2029\Desktop\GameSpace\GameSpace\GameSpace\GameSpace.csproj]
C:\Users\n2029\Desktop\GameSpace\GameSpace\GameSpace\Areas\MiniGame\Controllers\AdminMiniGameController.cs(333,57): error CS1061: 'GameSpacedatabaseContext' 未包含 'GamePlayRecord' 的定義，也找不到可接受類型 'GameSpacedatabaseContext' 第一個引數的可存取擴充方法 'GamePlayRecord' (是否遺漏 using 指示詞或組件參考?) [C:\Users\n2029\Desktop\GameSpace\GameSpace\GameSpace\GameSpace.csproj]
C:\Users\n2029\Desktop\GameSpace\GameSpace\GameSpace\Areas\MiniGame\Controllers\AdminMiniGameController.cs(334,61): error CS1061: 'GameSpacedatabaseContext' 未包含 'GamePlayRecord' 的定義，也找不到可接受類型 'GameSpacedatabaseContext' 第一個引數的可存取擴充方法 'GamePlayRecord' (是否遺漏 using 指示詞或組件參考?) [C:\Users\n2029\Desktop\GameSpace\GameSpace\GameSpace\GameSpace.csproj]
C:\Users\n2029\Desktop\GameSpace\GameSpace\GameSpace\Areas\MiniGame\Controllers\AdminWalletTypesController.cs(39,42): warning CS1998: 這個非同步方法缺少 'await' 運算子，因此將以同步方式執行。請考慮使用 'await' 運算子等候未封鎖的應用程式開發介面呼叫，或使用 'await Task.Run(...)' 在背景執行緒上執行 CPU-bound 工作。 [C:\Users\n2029\Desktop\GameSpace\GameSpace\GameSpace\GameSpace.csproj]
C:\Users\n2029\Desktop\GameSpace\GameSpace\GameSpace\Areas\MiniGame\Controllers\PermissionController.cs(112,59): error CS1061: 'IMiniGamePermissionService' 未包含 'GetUserRightsAsync' 的定義，也找不到可接受類型 'IMiniGamePermissionService' 第一個引數的可存取擴充方法 'GetUserRightsAsync' (是否遺漏 using 指示詞或組件參考?) [C:\Users\n2029\Desktop\GameSpace\GameSpace\GameSpace\GameSpace.csproj]
C:\Users\n2029\Desktop\GameSpace\GameSpace\GameSpace\Areas\MiniGame\Controllers\PermissionController.cs(113,54): error CS1061: 'IMiniGamePermissionService' 未包含 'GetAllUsersAsync' 的定義，也找不到可接受類型 'IMiniGamePermissionService' 第一個引數的可存取擴充方法 'GetAllUsersAsync' (是否遺漏 using 指示詞或組件參考?) [C:\Users\n2029\Desktop\GameSpace\GameSpace\GameSpace\GameSpace.csproj]
C:\Users\n2029\Desktop\GameSpace\GameSpace\GameSpace\Areas\MiniGame\Controllers\PermissionController.cs(114,59): error CS1061: 'IMiniGamePermissionService' 未包含 'GetRightTypesAsync' 的定義，也找不到可接受類型 'IMiniGamePermissionService' 第一個引數的可存取擴充方法 'GetRightTypesAsync' (是否遺漏 using 指示詞或組件參考?) [C:\Users\n2029\Desktop\GameSpace\GameSpace\GameSpace\GameSpace.csproj]
C:\Users\n2029\Desktop\GameSpace\GameSpace\GameSpace\Areas\MiniGame\Controllers\AdminMiniGameController.cs(348,44): error CS1061: 'GameSpacedatabaseContext' 未包含 'DailyGameLimits' 的定義，也找不到可接受類型 'GameSpacedatabaseContext' 第一個引數的可存取擴充方法 'DailyGameLimits' (是否遺漏 using 指示詞或組件參考?) [C:\Users\n2029\Desktop\GameSpace\GameSpace\GameSpace\GameSpace.csproj]
C:\Users\n2029\Desktop\GameSpace\GameSpace\GameSpace\Areas\MiniGame\Controllers\PermissionController.cs(148,55): error CS1061: 'IMiniGamePermissionService' 未包含 'AddUserRightAsync' 的定義，也找不到可接受類型 'IMiniGamePermissionService' 第一個引數的可存取擴充方法 'AddUserRightAsync' (是否遺漏 using 指示詞或組件參考?) [C:\Users\n2029\Desktop\GameSpace\GameSpace\GameSpace\GameSpace.csproj]
C:\Users\n2029\Desktop\GameSpace\GameSpace\GameSpace\Areas\MiniGame\Controllers\AdminMiniGameController.cs(373,44): error CS1061: 'GameSpacedatabaseContext' 未包含 'DailyGameLimits' 的定義，也找不到可接受類型 'GameSpacedatabaseContext' 第一個引數的可存取擴充方法 'DailyGameLimits' (是否遺漏 using 指示詞或組件參考?) [C:\Users\n2029\Desktop\GameSpace\GameSpace\GameSpace\GameSpace.csproj]
C:\Users\n2029\Desktop\GameSpace\GameSpace\GameSpace\Areas\MiniGame\Controllers\AdminMiniGameController.cs(377,30): error CS1061: 'GameSpacedatabaseContext' 未包含 'DailyGameLimits' 的定義，也找不到可接受類型 'GameSpacedatabaseContext' 第一個引數的可存取擴充方法 'DailyGameLimits' (是否遺漏 using 指示詞或組件參考?) [C:\Users\n2029\Desktop\GameSpace\GameSpace\GameSpace\GameSpace.csproj]
C:\Users\n2029\Desktop\GameSpace\GameSpace\GameSpace\Areas\MiniGame\Controllers\AdminMiniGameController.cs(382,30): error CS1061: 'GameSpacedatabaseContext' 未包含 'DailyGameLimits' 的定義，也找不到可接受類型 'GameSpacedatabaseContext' 第一個引數的可存取擴充方法 'DailyGameLimits' (是否遺漏 using 指示詞或組件參考?) [C:\Users\n2029\Desktop\GameSpace\GameSpace\GameSpace\GameSpace.csproj]
C:\Users\n2029\Desktop\GameSpace\GameSpace\GameSpace\Areas\MiniGame\Controllers\PermissionController.cs(190,55): error CS1061: 'IMiniGamePermissionService' 未包含 'RemoveUserRightAsync' 的定義，也找不到可接受類型 'IMiniGamePermissionService' 第一個引數的可存取擴充方法 'RemoveUserRightAsync' (是否遺漏 using 指示詞或組件參考?) [C:\Users\n2029\Desktop\GameSpace\GameSpace\GameSpace\GameSpace.csproj]
C:\Users\n2029\Desktop\GameSpace\GameSpace\GameSpace\Areas\MiniGame\Controllers\AdminMiniGameController.cs(400,47): error CS1061: 'GameSpacedatabaseContext' 未包含 'GameRewardSettings' 的定義，也找不到可接受類型 'GameSpacedatabaseContext' 第一個引數的可存取擴充方法 'GameRewardSettings' (是否遺漏 using 指示詞或組件參考?) [C:\Users\n2029\Desktop\GameSpace\GameSpace\GameSpace\GameSpace.csproj]
C:\Users\n2029\Desktop\GameSpace\GameSpace\GameSpace\Areas\MiniGame\Controllers\PermissionController.cs(228,55): error CS1061: 'IMiniGamePermissionService' 未包含 'UpdateUserRightAsync' 的定義，也找不到可接受類型 'IMiniGamePermissionService' 第一個引數的可存取擴充方法 'UpdateUserRightAsync' (是否遺漏 using 指示詞或組件參考?) [C:\Users\n2029\Desktop\GameSpace\GameSpace\GameSpace\GameSpace.csproj]
C:\Users\n2029\Desktop\GameSpace\GameSpace\GameSpace\Areas\MiniGame\Services\SignInStatsService.cs(31,56): error CS1061: 'UserSignInStat' 未包含 'UserID' 的定義，也找不到可接受類型 'UserSignInStat' 第一個引數的可存取擴充方法 'UserID' (是否遺漏 using 指示詞或組件參考?) [C:\Users\n2029\Desktop\GameSpace\GameSpace\GameSpace\GameSpace.csproj]
C:\Users\n2029\Desktop\GameSpace\GameSpace\GameSpace\Areas\MiniGame\Services\SignInStatsService.cs(33,27): error CS1061: 'SignInStatsQueryModel' 未包含 'SignTimeFrom' 的定義，也找不到可接受類型 'SignInStatsQueryModel' 第一個引數的可存取擴充方法 'SignTimeFrom' (是否遺漏 using 指示詞或組件參考?) [C:\Users\n2029\Desktop\GameSpace\GameSpace\GameSpace\GameSpace.csproj]
C:\Users\n2029\Desktop\GameSpace\GameSpace\GameSpace\Areas\MiniGame\Services\SignInStatsService.cs(34,74): error CS1061: 'SignInStatsQueryModel' 未包含 'SignTimeFrom' 的定義，也找不到可接受類型 'SignInStatsQueryModel' 第一個引數的可存取擴充方法 'SignTimeFrom' (是否遺漏 using 指示詞或組件參考?) [C:\Users\n2029\Desktop\GameSpace\GameSpace\GameSpace\GameSpace.csproj]
C:\Users\n2029\Desktop\GameSpace\GameSpace\GameSpace\Areas\MiniGame\Services\SignInStatsService.cs(36,27): error CS1061: 'SignInStatsQueryModel' 未包含 'SignTimeTo' 的定義，也找不到可接受類型 'SignInStatsQueryModel' 第一個引數的可存取擴充方法 'SignTimeTo' (是否遺漏 using 指示詞或組件參考?) [C:\Users\n2029\Desktop\GameSpace\GameSpace\GameSpace\GameSpace.csproj]
C:\Users\n2029\Desktop\GameSpace\GameSpace\GameSpace\Areas\MiniGame\Services\SignInStatsService.cs(37,74): error CS1061: 'SignInStatsQueryModel' 未包含 'SignTimeTo' 的定義，也找不到可接受類型 'SignInStatsQueryModel' 第一個引數的可存取擴充方法 'SignTimeTo' (是否遺漏 using 指示詞或組件參考?) [C:\Users\n2029\Desktop\GameSpace\GameSpace\GameSpace\GameSpace.csproj]
C:\Users\n2029\Desktop\GameSpace\GameSpace\GameSpace\Areas\MiniGame\Services\SignInStatsService.cs(40,56): error CS1061: 'UserSignInStat' 未包含 'ConsecutiveDays' 的定義，也找不到可接受類型 'UserSignInStat' 第一個引數的可存取擴充方法 'ConsecutiveDays' (是否遺漏 using 指示詞或組件參考?) [C:\Users\n2029\Desktop\GameSpace\GameSpace\GameSpace\GameSpace.csproj]
C:\Users\n2029\Desktop\GameSpace\GameSpace\GameSpace\Areas\MiniGame\Services\SignInStatsService.cs(45,49): error CS1061: 'SignInStatsQueryModel' 未包含 'OrderBy' 的定義，也找不到可接受類型 'SignInStatsQueryModel' 第一個引數的可存取擴充方法 'OrderBy' (是否遺漏 using 指示詞或組件參考?) [C:\Users\n2029\Desktop\GameSpace\GameSpace\GameSpace\GameSpace.csproj]
C:\Users\n2029\Desktop\GameSpace\GameSpace\GameSpace\Areas\MiniGame\Services\SignInStatsService.cs(48,99): error CS1061: 'SignInStatsQueryModel' 未包含 'OrderBy' 的定義，也找不到可接受類型 'SignInStatsQueryModel' 第一個引數的可存取擴充方法 'OrderBy' (是否遺漏 using 指示詞或組件參考?) [C:\Users\n2029\Desktop\GameSpace\GameSpace\GameSpace\GameSpace.csproj]
C:\Users\n2029\Desktop\GameSpace\GameSpace\GameSpace\Areas\MiniGame\Services\SignInStatsService.cs(50,89): error CS1061: 'SignInStatsQueryModel' 未包含 'OrderBy' 的定義，也找不到可接受類型 'SignInStatsQueryModel' 第一個引數的可存取擴充方法 'OrderBy' (是否遺漏 using 指示詞或組件參考?) [C:\Users\n2029\Desktop\GameSpace\GameSpace\GameSpace\GameSpace.csproj]
C:\Users\n2029\Desktop\GameSpace\GameSpace\GameSpace\Areas\MiniGame\Services\SignInStatsService.cs(65,29): error CS0029: 無法將類型 'System.Collections.Generic.List<GameSpace.Models.UserSignInStat>' 隱含轉換成 'System.Collections.Generic.List<GameSpace.Areas.MiniGame.Models.UserSignInStats>' [C:\Users\n2029\Desktop\GameSpace\GameSpace\GameSpace\GameSpace.csproj]
C:\Users\n2029\Desktop\GameSpace\GameSpace\GameSpace\Areas\MiniGame\Controllers\AdminEVoucherController.cs(814,25): error CS0117: 'Evoucher' 未包含 'UserID' 的定義 [C:\Users\n2029\Desktop\GameSpace\GameSpace\GameSpace\GameSpace.csproj]
C:\Users\n2029\Desktop\GameSpace\GameSpace\GameSpace\Areas\MiniGame\Controllers\PermissionController.cs(262,54): error CS1061: 'IMiniGamePermissionService' 未包含 'GetUserRightByIdAsync' 的定義，也找不到可接受類型 'IMiniGamePermissionService' 第一個引數的可存取擴充方法 'GetUserRightByIdAsync' (是否遺漏 using 指示詞或組件參考?) [C:\Users\n2029\Desktop\GameSpace\GameSpace\GameSpace\GameSpace.csproj]
C:\Users\n2029\Desktop\GameSpace\GameSpace\GameSpace\Areas\MiniGame\Controllers\AdminWalletTypesController.cs(180,46): error CS1061: 'GameSpacedatabaseContext' 未包含 'WalletTypes' 的定義，也找不到可接受類型 'GameSpacedatabaseContext' 第一個引數的可存取擴充方法 'WalletTypes' (是否遺漏 using 指示詞或組件參考?) [C:\Users\n2029\Desktop\GameSpace\GameSpace\GameSpace\GameSpace.csproj]
C:\Users\n2029\Desktop\GameSpace\GameSpace\GameSpace\Areas\MiniGame\Controllers\AdminHomeController.cs(312,28): error CS1061: 'UserSignInStat' 未包含 'SignInId' 的定義，也找不到可接受類型 'UserSignInStat' 第一個引數的可存取擴充方法 'SignInId' (是否遺漏 using 指示詞或組件參考?) [C:\Users\n2029\Desktop\GameSpace\GameSpace\GameSpace\GameSpace.csproj]
C:\Users\n2029\Desktop\GameSpace\GameSpace\GameSpace\Areas\MiniGame\Controllers\AdminHomeController.cs(332,43): error CS1061: 'MiniGame' 未包含 'GameName' 的定義，也找不到可接受類型 'MiniGame' 第一個引數的可存取擴充方法 'GameName' (是否遺漏 using 指示詞或組件參考?) [C:\Users\n2029\Desktop\GameSpace\GameSpace\GameSpace\GameSpace.csproj]
C:\Users\n2029\Desktop\GameSpace\GameSpace\GameSpace\Areas\MiniGame\Controllers\PermissionController.cs(284,55): error CS1061: 'IMiniGamePermissionService' 未包含 'GetUserRightsByUserIdAsync' 的定義，也找不到可接受類型 'IMiniGamePermissionService' 第一個引數的可存取擴充方法 'GetUserRightsByUserIdAsync' (是否遺漏 using 指示詞或組件參考?) [C:\Users\n2029\Desktop\GameSpace\GameSpace\GameSpace\GameSpace.csproj]
C:\Users\n2029\Desktop\GameSpace\GameSpace\GameSpace\Areas\MiniGame\Controllers\MiniGameBaseController.cs(65,49): error CS1061: 'IMiniGamePermissionService' 未包含 'HasManagerPermissionAsync' 的定義，也找不到可接受類型 'IMiniGamePermissionService' 第一個引數的可存取擴充方法 'HasManagerPermissionAsync' (是否遺漏 using 指示詞或組件參考?) [C:\Users\n2029\Desktop\GameSpace\GameSpace\GameSpace\GameSpace.csproj]
C:\Users\n2029\Desktop\GameSpace\GameSpace\GameSpace\Areas\MiniGame\Controllers\AdminHomeController.cs(353,17): error CS0117: 'SystemStatusModel' 未包含 'ErrorCount' 的定義 [C:\Users\n2029\Desktop\GameSpace\GameSpace\GameSpace\GameSpace.csproj]
C:\Users\n2029\Desktop\GameSpace\GameSpace\GameSpace\Areas\MiniGame\Controllers\MiniGameBaseController.cs(105,49): error CS1061: 'IMiniGamePermissionService' 未包含 'HasUserRightAsync' 的定義，也找不到可接受類型 'IMiniGamePermissionService' 第一個引數的可存取擴充方法 'HasUserRightAsync' (是否遺漏 using 指示詞或組件參考?) [C:\Users\n2029\Desktop\GameSpace\GameSpace\GameSpace\GameSpace.csproj]
C:\Users\n2029\Desktop\GameSpace\GameSpace\GameSpace\Areas\MiniGame\Controllers\PermissionController.cs(302,59): error CS1061: 'IMiniGamePermissionService' 未包含 'GetRightTypesAsync' 的定義，也找不到可接受類型 'IMiniGamePermissionService' 第一個引數的可存取擴充方法 'GetRightTypesAsync' (是否遺漏 using 指示詞或組件參考?) [C:\Users\n2029\Desktop\GameSpace\GameSpace\GameSpace\GameSpace.csproj]
C:\Users\n2029\Desktop\GameSpace\GameSpace\GameSpace\Areas\MiniGame\Controllers\AdminWalletTypesController.cs(197,45): error CS1061: 'GameSpacedatabaseContext' 未包含 'WalletTypes' 的定義，也找不到可接受類型 'GameSpacedatabaseContext' 第一個引數的可存取擴充方法 'WalletTypes' (是否遺漏 using 指示詞或組件參考?) [C:\Users\n2029\Desktop\GameSpace\GameSpace\GameSpace\GameSpace.csproj]
C:\Users\n2029\Desktop\GameSpace\GameSpace\GameSpace\Areas\MiniGame\Controllers\AdminWalletTypesController.cs(199,24): warning CS8603: 可能有 Null 參考傳回。 [C:\Users\n2029\Desktop\GameSpace\GameSpace\GameSpace\GameSpace.csproj]
C:\Users\n2029\Desktop\GameSpace\GameSpace\GameSpace\Areas\MiniGame\Controllers\AdminHomeController.cs(376,39): warning CS1998: 這個非同步方法缺少 'await' 運算子，因此將以同步方式執行。請考慮使用 'await' 運算子等候未封鎖的應用程式開發介面呼叫，或使用 'await Task.Run(...)' 在背景執行緒上執行 CPU-bound 工作。 [C:\Users\n2029\Desktop\GameSpace\GameSpace\GameSpace\GameSpace.csproj]
C:\Users\n2029\Desktop\GameSpace\GameSpace\GameSpace\Areas\MiniGame\Controllers\PermissionController.cs(327,55): error CS1061: 'IMiniGamePermissionService' 未包含 'AddRightTypeAsync' 的定義，也找不到可接受類型 'IMiniGamePermissionService' 第一個引數的可存取擴充方法 'AddRightTypeAsync' (是否遺漏 using 指示詞或組件參考?) [C:\Users\n2029\Desktop\GameSpace\GameSpace\GameSpace\GameSpace.csproj]
C:\Users\n2029\Desktop\GameSpace\GameSpace\GameSpace\Areas\MiniGame\Controllers\AdminMiniGameController.cs(451,47): error CS1061: 'GameSpacedatabaseContext' 未包含 'GameRewardSettings' 的定義，也找不到可接受類型 'GameSpacedatabaseContext' 第一個引數的可存取擴充方法 'GameRewardSettings' (是否遺漏 using 指示詞或組件參考?) [C:\Users\n2029\Desktop\GameSpace\GameSpace\GameSpace\GameSpace.csproj]
C:\Users\n2029\Desktop\GameSpace\GameSpace\GameSpace\Areas\MiniGame\Controllers\AdminMiniGameController.cs(454,36): error CS0246: 找不到類型或命名空間名稱 'GameRewardSettings' (是否遺漏了 using 指示詞或組件參考?) [C:\Users\n2029\Desktop\GameSpace\GameSpace\GameSpace\GameSpace.csproj]
C:\Users\n2029\Desktop\GameSpace\GameSpace\GameSpace\Areas\MiniGame\Controllers\AdminMiniGameController.cs(463,30): error CS1061: 'GameSpacedatabaseContext' 未包含 'GameRewardSettings' 的定義，也找不到可接受類型 'GameSpacedatabaseContext' 第一個引數的可存取擴充方法 'GameRewardSettings' (是否遺漏 using 指示詞或組件參考?) [C:\Users\n2029\Desktop\GameSpace\GameSpace\GameSpace\GameSpace.csproj]
C:\Users\n2029\Desktop\GameSpace\GameSpace\GameSpace\Areas\MiniGame\Controllers\AdminMiniGameController.cs(473,30): error CS1061: 'GameSpacedatabaseContext' 未包含 'GameRewardSettings' 的定義，也找不到可接受類型 'GameSpacedatabaseContext' 第一個引數的可存取擴充方法 'GameRewardSettings' (是否遺漏 using 指示詞或組件參考?) [C:\Users\n2029\Desktop\GameSpace\GameSpace\GameSpace\GameSpace.csproj]
C:\Users\n2029\Desktop\GameSpace\GameSpace\GameSpace\Areas\MiniGame\Controllers\AdminWalletTypesController.cs(213,34): error CS0246: 找不到類型或命名空間名稱 'WalletType' (是否遺漏了 using 指示詞或組件參考?) [C:\Users\n2029\Desktop\GameSpace\GameSpace\GameSpace\GameSpace.csproj]
C:\Users\n2029\Desktop\GameSpace\GameSpace\GameSpace\Areas\MiniGame\Controllers\AdminWalletTypesController.cs(221,22): error CS1061: 'GameSpacedatabaseContext' 未包含 'WalletTypes' 的定義，也找不到可接受類型 'GameSpacedatabaseContext' 第一個引數的可存取擴充方法 'WalletTypes' (是否遺漏 using 指示詞或組件參考?) [C:\Users\n2029\Desktop\GameSpace\GameSpace\GameSpace\GameSpace.csproj]
C:\Users\n2029\Desktop\GameSpace\GameSpace\GameSpace\Areas\MiniGame\Controllers\AdminHomeController.cs(385,35): error CS1061: 'GameSpacedatabaseContext' 未包含 'ErrorLogs' 的定義，也找不到可接受類型 'GameSpacedatabaseContext' 第一個引數的可存取擴充方法 'ErrorLogs' (是否遺漏 using 指示詞或組件參考?) [C:\Users\n2029\Desktop\GameSpace\GameSpace\GameSpace\GameSpace.csproj]
C:\Users\n2029\Desktop\GameSpace\GameSpace\GameSpace\Areas\MiniGame\Controllers\AdminMiniGameController.cs(487,29): error CS1061: 'GameSpacedatabaseContext' 未包含 'MiniGame' 的定義，也找不到可接受類型 'GameSpacedatabaseContext' 第一個引數的可存取擴充方法 'MiniGame' (是否遺漏 using 指示詞或組件參考?) [C:\Users\n2029\Desktop\GameSpace\GameSpace\GameSpace\GameSpace.csproj]
C:\Users\n2029\Desktop\GameSpace\GameSpace\GameSpace\Areas\MiniGame\Controllers\MiniGameBaseController.cs(120,50): error CS1061: 'IMiniGamePermissionService' 未包含 'LogPermissionOperationAsync' 的定義，也找不到可接受類型 'IMiniGamePermissionService' 第一個引數的可存取擴充方法 'LogPermissionOperationAsync' (是否遺漏 using 指示詞或組件參考?) [C:\Users\n2029\Desktop\GameSpace\GameSpace\GameSpace\GameSpace.csproj]
C:\Users\n2029\Desktop\GameSpace\GameSpace\GameSpace\Areas\MiniGame\Controllers\MiniGameBaseController.cs(127,41): error CS0266: 無法將類型 'int?' 隱含轉換成 'int'。已存在明確轉換 (是否漏了轉型?) [C:\Users\n2029\Desktop\GameSpace\GameSpace\GameSpace\GameSpace.csproj]
C:\Users\n2029\Desktop\GameSpace\GameSpace\GameSpace\Areas\MiniGame\Controllers\MiniGameBaseController.cs(128,29): error CS0117: 'AdminOperationLog' 未包含 'Operation' 的定義 [C:\Users\n2029\Desktop\GameSpace\GameSpace\GameSpace\GameSpace.csproj]
C:\Users\n2029\Desktop\GameSpace\GameSpace\GameSpace\Areas\MiniGame\Controllers\MiniGameBaseController.cs(129,29): error CS0117: 'AdminOperationLog' 未包含 'Details' 的定義 [C:\Users\n2029\Desktop\GameSpace\GameSpace\GameSpace\GameSpace.csproj]
C:\Users\n2029\Desktop\GameSpace\GameSpace\GameSpace\Areas\MiniGame\Controllers\MiniGameBaseController.cs(130,29): error CS0117: 'AdminOperationLog' 未包含 'TargetUserId' 的定義 [C:\Users\n2029\Desktop\GameSpace\GameSpace\GameSpace\GameSpace.csproj]
C:\Users\n2029\Desktop\GameSpace\GameSpace\GameSpace\Areas\MiniGame\Controllers\PermissionController.cs(365,55): error CS1061: 'IMiniGamePermissionService' 未包含 'UpdateRightTypeAsync' 的定義，也找不到可接受類型 'IMiniGamePermissionService' 第一個引數的可存取擴充方法 'UpdateRightTypeAsync' (是否遺漏 using 指示詞或組件參考?) [C:\Users\n2029\Desktop\GameSpace\GameSpace\GameSpace\GameSpace.csproj]
C:\Users\n2029\Desktop\GameSpace\GameSpace\GameSpace\Areas\MiniGame\Controllers\AdminWalletController.cs(61,17): error CS0117: 'AdminWalletIndexViewModel' 未包含 'Wallets' 的定義 [C:\Users\n2029\Desktop\GameSpace\GameSpace\GameSpace\GameSpace.csproj]
C:\Users\n2029\Desktop\GameSpace\GameSpace\GameSpace\Areas\MiniGame\Controllers\AdminWalletController.cs(61,43): error CS0246: 找不到類型或命名空間名稱 'Wallet' (是否遺漏了 using 指示詞或組件參考?) [C:\Users\n2029\Desktop\GameSpace\GameSpace\GameSpace\GameSpace.csproj]
C:\Users\n2029\Desktop\GameSpace\GameSpace\GameSpace\Areas\MiniGame\Controllers\AdminWalletController.cs(63,58): error CS0246: 找不到類型或命名空間名稱 'Wallet' (是否遺漏了 using 指示詞或組件參考?) [C:\Users\n2029\Desktop\GameSpace\GameSpace\GameSpace\GameSpace.csproj]
C:\Users\n2029\Desktop\GameSpace\GameSpace\GameSpace\Areas\MiniGame\Controllers\AdminWalletController.cs(65,38): error CS1061: 'WalletHistory' 未包含 'HistoryID' 的定義，也找不到可接受類型 'WalletHistory' 第一個引數的可存取擴充方法 'HistoryID' (是否遺漏 using 指示詞或組件參考?) [C:\Users\n2029\Desktop\GameSpace\GameSpace\GameSpace\GameSpace.csproj]
C:\Users\n2029\Desktop\GameSpace\GameSpace\GameSpace\Areas\MiniGame\Controllers\AdminWalletController.cs(66,36): error CS1061: 'WalletHistory' 未包含 'UserID' 的定義，也找不到可接受類型 'WalletHistory' 第一個引數的可存取擴充方法 'UserID' (是否遺漏 using 指示詞或組件參考?) [C:\Users\n2029\Desktop\GameSpace\GameSpace\GameSpace\GameSpace.csproj]
C:\Users\n2029\Desktop\GameSpace\GameSpace\GameSpace\Areas\MiniGame\Controllers\AdminWalletController.cs(35,52): warning CS8602: 可能 null 參考的取值 (dereference)。 [C:\Users\n2029\Desktop\GameSpace\GameSpace\GameSpace\GameSpace.csproj]
C:\Users\n2029\Desktop\GameSpace\GameSpace\GameSpace\Areas\MiniGame\Controllers\AdminWalletTypesController.cs(227,45): error CS1061: 'GameSpacedatabaseContext' 未包含 'WalletTypes' 的定義，也找不到可接受類型 'GameSpacedatabaseContext' 第一個引數的可存取擴充方法 'WalletTypes' (是否遺漏 using 指示詞或組件參考?) [C:\Users\n2029\Desktop\GameSpace\GameSpace\GameSpace\GameSpace.csproj]
C:\Users\n2029\Desktop\GameSpace\GameSpace\GameSpace\Areas\MiniGame\Controllers\AdminWalletTypesController.cs(240,45): error CS1061: 'GameSpacedatabaseContext' 未包含 'WalletTypes' 的定義，也找不到可接受類型 'GameSpacedatabaseContext' 第一個引數的可存取擴充方法 'WalletTypes' (是否遺漏 using 指示詞或組件參考?) [C:\Users\n2029\Desktop\GameSpace\GameSpace\GameSpace\GameSpace.csproj]
C:\Users\n2029\Desktop\GameSpace\GameSpace\GameSpace\Areas\MiniGame\Controllers\AdminWalletTypesController.cs(244,22): error CS1061: 'GameSpacedatabaseContext' 未包含 'WalletTypes' 的定義，也找不到可接受類型 'GameSpacedatabaseContext' 第一個引數的可存取擴充方法 'WalletTypes' (是否遺漏 using 指示詞或組件參考?) [C:\Users\n2029\Desktop\GameSpace\GameSpace\GameSpace\GameSpace.csproj]
C:\Users\n2029\Desktop\GameSpace\GameSpace\GameSpace\Areas\MiniGame\Controllers\PermissionController.cs(403,55): error CS1061: 'IMiniGamePermissionService' 未包含 'DeleteRightTypeAsync' 的定義，也找不到可接受類型 'IMiniGamePermissionService' 第一個引數的可存取擴充方法 'DeleteRightTypeAsync' (是否遺漏 using 指示詞或組件參考?) [C:\Users\n2029\Desktop\GameSpace\GameSpace\GameSpace\GameSpace.csproj]
C:\Users\n2029\Desktop\GameSpace\GameSpace\GameSpace\Areas\MiniGame\Controllers\AdminWalletTypesController.cs(250,45): error CS1061: 'GameSpacedatabaseContext' 未包含 'WalletTypes' 的定義，也找不到可接受類型 'GameSpacedatabaseContext' 第一個引數的可存取擴充方法 'WalletTypes' (是否遺漏 using 指示詞或組件參考?) [C:\Users\n2029\Desktop\GameSpace\GameSpace\GameSpace\GameSpace.csproj]
C:\Users\n2029\Desktop\GameSpace\GameSpace\GameSpace\Areas\MiniGame\Controllers\AdminWalletController.cs(106,30): error CS0246: 找不到類型或命名空間名稱 'Wallet' (是否遺漏了 using 指示詞或組件參考?) [C:\Users\n2029\Desktop\GameSpace\GameSpace\GameSpace\GameSpace.csproj]
C:\Users\n2029\Desktop\GameSpace\GameSpace\GameSpace\Areas\MiniGame\Controllers\AdminWalletController.cs(108,36): error CS1061: 'WalletHistory' 未包含 'HistoryID' 的定義，也找不到可接受類型 'WalletHistory' 第一個引數的可存取擴充方法 'HistoryID' (是否遺漏 using 指示詞或組件參考?) [C:\Users\n2029\Desktop\GameSpace\GameSpace\GameSpace\GameSpace.csproj]
C:\Users\n2029\Desktop\GameSpace\GameSpace\GameSpace\Areas\MiniGame\Controllers\AdminWalletController.cs(109,34): error CS1061: 'WalletHistory' 未包含 'UserID' 的定義，也找不到可接受類型 'WalletHistory' 第一個引數的可存取擴充方法 'UserID' (是否遺漏 using 指示詞或組件參考?) [C:\Users\n2029\Desktop\GameSpace\GameSpace\GameSpace\GameSpace.csproj]
C:\Users\n2029\Desktop\GameSpace\GameSpace\GameSpace\Areas\MiniGame\Controllers\PermissionController.cs(431,53): error CS1061: 'IMiniGamePermissionService' 未包含 'GetOperationLogsAsync' 的定義，也找不到可接受類型 'IMiniGamePermissionService' 第一個引數的可存取擴充方法 'GetOperationLogsAsync' (是否遺漏 using 指示詞或組件參考?) [C:\Users\n2029\Desktop\GameSpace\GameSpace\GameSpace\GameSpace.csproj]
C:\Users\n2029\Desktop\GameSpace\GameSpace\GameSpace\Areas\MiniGame\Controllers\PermissionController.cs(449,52): error CS1061: 'IMiniGamePermissionService' 未包含 'GetOperationLogByIdAsync' 的定義，也找不到可接受類型 'IMiniGamePermissionService' 第一個引數的可存取擴充方法 'GetOperationLogByIdAsync' (是否遺漏 using 指示詞或組件參考?) [C:\Users\n2029\Desktop\GameSpace\GameSpace\GameSpace\GameSpace.csproj]
C:\Users\n2029\Desktop\GameSpace\GameSpace\GameSpace\Areas\MiniGame\Controllers\AdminWalletController.cs(137,17): error CS0117: 'AdminWalletTransactionViewModel' 未包含 'UserId' 的定義 [C:\Users\n2029\Desktop\GameSpace\GameSpace\GameSpace\GameSpace.csproj]
C:\Users\n2029\Desktop\GameSpace\GameSpace\GameSpace\Areas\MiniGame\Controllers\AdminWalletController.cs(138,17): error CS0117: 'AdminWalletTransactionViewModel' 未包含 'UserName' 的定義 [C:\Users\n2029\Desktop\GameSpace\GameSpace\GameSpace\GameSpace.csproj]
C:\Users\n2029\Desktop\GameSpace\GameSpace\GameSpace\Areas\MiniGame\Controllers\AdminWalletController.cs(139,17): error CS0117: 'AdminWalletTransactionViewModel' 未包含 'CurrentPoints' 的定義 [C:\Users\n2029\Desktop\GameSpace\GameSpace\GameSpace\GameSpace.csproj]
C:\Users\n2029\Desktop\GameSpace\GameSpace\GameSpace\Areas\MiniGame\Controllers\PermissionController.cs(472,59): error CS1061: 'IMiniGamePermissionService' 未包含 'GetPermissionStatisticsAsync' 的定義，也找不到可接受類型 'IMiniGamePermissionService' 第一個引數的可存取擴充方法 'GetPermissionStatisticsAsync' (是否遺漏 using 指示詞或組件參考?) [C:\Users\n2029\Desktop\GameSpace\GameSpace\GameSpace\GameSpace.csproj]
C:\Users\n2029\Desktop\GameSpace\GameSpace\GameSpace\Areas\MiniGame\Controllers\PermissionController.cs(490,59): error CS1061: 'IMiniGamePermissionService' 未包含 'GetPermissionStatisticsAsync' 的定義，也找不到可接受類型 'IMiniGamePermissionService' 第一個引數的可存取擴充方法 'GetPermissionStatisticsAsync' (是否遺漏 using 指示詞或組件參考?) [C:\Users\n2029\Desktop\GameSpace\GameSpace\GameSpace\GameSpace.csproj]
C:\Users\n2029\Desktop\GameSpace\GameSpace\GameSpace\Areas\MiniGame\Controllers\AdminWalletController.cs(153,27): error CS1061: 'AdminWalletTransactionViewModel' 未包含 'TransactionType' 的定義，也找不到可接受類型 'AdminWalletTransactionViewModel' 第一個引數的可存取擴充方法 'TransactionType' (是否遺漏 using 指示詞或組件參考?) [C:\Users\n2029\Desktop\GameSpace\GameSpace\GameSpace\GameSpace.csproj]
C:\Users\n2029\Desktop\GameSpace\GameSpace\GameSpace\Areas\MiniGame\Controllers\AdminWalletController.cs(156,31): error CS1061: 'AdminWalletTransactionViewModel' 未包含 'UserId' 的定義，也找不到可接受類型 'AdminWalletTransactionViewModel' 第一個引數的可存取擴充方法 'UserId' (是否遺漏 using 指示詞或組件參考?) [C:\Users\n2029\Desktop\GameSpace\GameSpace\GameSpace\GameSpace.csproj]
C:\Users\n2029\Desktop\GameSpace\GameSpace\GameSpace\Areas\MiniGame\Controllers\AdminWalletController.cs(157,31): error CS1061: 'AdminWalletTransactionViewModel' 未包含 'TransactionAmount' 的定義，也找不到可接受類型 'AdminWalletTransactionViewModel' 第一個引數的可存取擴充方法 'TransactionAmount' (是否遺漏 using 指示詞或組件參考?) [C:\Users\n2029\Desktop\GameSpace\GameSpace\GameSpace\GameSpace.csproj]
C:\Users\n2029\Desktop\GameSpace\GameSpace\GameSpace\Areas\MiniGame\Controllers\AdminWalletController.cs(164,31): error CS1061: 'AdminWalletTransactionViewModel' 未包含 'UserId' 的定義，也找不到可接受類型 'AdminWalletTransactionViewModel' 第一個引數的可存取擴充方法 'UserId' (是否遺漏 using 指示詞或組件參考?) [C:\Users\n2029\Desktop\GameSpace\GameSpace\GameSpace\GameSpace.csproj]
C:\Users\n2029\Desktop\GameSpace\GameSpace\GameSpace\Areas\MiniGame\Controllers\AdminWalletController.cs(165,31): error CS1061: 'AdminWalletTransactionViewModel' 未包含 'TransactionAmount' 的定義，也找不到可接受類型 'AdminWalletTransactionViewModel' 第一個引數的可存取擴充方法 'TransactionAmount' (是否遺漏 using 指示詞或組件參考?) [C:\Users\n2029\Desktop\GameSpace\GameSpace\GameSpace\GameSpace.csproj]
C:\Users\n2029\Desktop\GameSpace\GameSpace\GameSpace\Areas\MiniGame\Controllers\AdminWalletController.cs(182,66): error CS1061: 'AdminWalletTransactionViewModel' 未包含 'UserId' 的定義，也找不到可接受類型 'AdminWalletTransactionViewModel' 第一個引數的可存取擴充方法 'UserId' (是否遺漏 using 指示詞或組件參考?) [C:\Users\n2029\Desktop\GameSpace\GameSpace\GameSpace\GameSpace.csproj]
C:\Users\n2029\Desktop\GameSpace\GameSpace\GameSpace\Areas\MiniGame\Controllers\AdminWalletController.cs(185,80): error CS1061: 'AdminWalletTransactionViewModel' 未包含 'UserId' 的定義，也找不到可接受類型 'AdminWalletTransactionViewModel' 第一個引數的可存取擴充方法 'UserId' (是否遺漏 using 指示詞或組件參考?) [C:\Users\n2029\Desktop\GameSpace\GameSpace\GameSpace\GameSpace.csproj]
C:\Users\n2029\Desktop\GameSpace\GameSpace\GameSpace\Areas\MiniGame\Controllers\AdminWalletController.cs(186,23): error CS1061: 'AdminWalletTransactionViewModel' 未包含 'UserName' 的定義，也找不到可接受類型 'AdminWalletTransactionViewModel' 第一個引數的可存取擴充方法 'UserName' (是否遺漏 using 指示詞或組件參考?) [C:\Users\n2029\Desktop\GameSpace\GameSpace\GameSpace\GameSpace.csproj]
C:\Users\n2029\Desktop\GameSpace\GameSpace\GameSpace\Areas\MiniGame\Controllers\AdminWalletController.cs(187,23): error CS1061: 'AdminWalletTransactionViewModel' 未包含 'CurrentPoints' 的定義，也找不到可接受類型 'AdminWalletTransactionViewModel' 第一個引數的可存取擴充方法 'CurrentPoints' (是否遺漏 using 指示詞或組件參考?) [C:\Users\n2029\Desktop\GameSpace\GameSpace\GameSpace\GameSpace.csproj]
C:\Users\n2029\Desktop\GameSpace\GameSpace\GameSpace\Areas\MiniGame\Controllers\AdminUserController.cs(30,25): error CS0246: 找不到類型或命名空間名稱 'Users' (是否遺漏了 using 指示詞或組件參考?) [C:\Users\n2029\Desktop\GameSpace\GameSpace\GameSpace\GameSpace.csproj]
C:\Users\n2029\Desktop\GameSpace\GameSpace\GameSpace\Areas\MiniGame\Controllers\AdminUserController.cs(74,41): error CS0246: 找不到類型或命名空間名稱 'Users' (是否遺漏了 using 指示詞或組件參考?) [C:\Users\n2029\Desktop\GameSpace\GameSpace\GameSpace\GameSpace.csproj]
C:\Users\n2029\Desktop\GameSpace\GameSpace\GameSpace\Areas\MiniGame\Controllers\AdminWalletController.cs(211,57): error CS0246: 找不到類型或命名空間名稱 'Wallet' (是否遺漏了 using 指示詞或組件參考?) [C:\Users\n2029\Desktop\GameSpace\GameSpace\GameSpace\GameSpace.csproj]
C:\Users\n2029\Desktop\GameSpace\GameSpace\GameSpace\Areas\MiniGame\Controllers\AdminWalletController.cs(213,30): error CS1061: 'WalletHistory' 未包含 'HistoryID' 的定義，也找不到可接受類型 'WalletHistory' 第一個引數的可存取擴充方法 'HistoryID' (是否遺漏 using 指示詞或組件參考?) [C:\Users\n2029\Desktop\GameSpace\GameSpace\GameSpace\GameSpace.csproj]
C:\Users\n2029\Desktop\GameSpace\GameSpace\GameSpace\Areas\MiniGame\Controllers\AdminWalletController.cs(214,28): error CS1061: 'WalletHistory' 未包含 'UserID' 的定義，也找不到可接受類型 'WalletHistory' 第一個引數的可存取擴充方法 'UserID' (是否遺漏 using 指示詞或組件參考?) [C:\Users\n2029\Desktop\GameSpace\GameSpace\GameSpace\GameSpace.csproj]
C:\Users\n2029\Desktop\GameSpace\GameSpace\GameSpace\Areas\MiniGame\Services\SignInStatsService.cs(89,21): error CS0117: 'SignInStatsSummary' 未包含 'TodaySignInCount' 的定義 [C:\Users\n2029\Desktop\GameSpace\GameSpace\GameSpace\GameSpace.csproj]
C:\Users\n2029\Desktop\GameSpace\GameSpace\GameSpace\Areas\MiniGame\Services\SignInStatsService.cs(90,21): error CS0117: 'SignInStatsSummary' 未包含 'ThisWeekSignInCount' 的定義 [C:\Users\n2029\Desktop\GameSpace\GameSpace\GameSpace\GameSpace.csproj]
C:\Users\n2029\Desktop\GameSpace\GameSpace\GameSpace\Areas\MiniGame\Services\SignInStatsService.cs(91,21): error CS0117: 'SignInStatsSummary' 未包含 'ThisMonthSignInCount' 的定義 [C:\Users\n2029\Desktop\GameSpace\GameSpace\GameSpace\GameSpace.csproj]
C:\Users\n2029\Desktop\GameSpace\GameSpace\GameSpace\Areas\MiniGame\Services\SignInStatsService.cs(92,79): error CS1061: 'UserSignInStat' 未包含 'ConsecutiveDays' 的定義，也找不到可接受類型 'UserSignInStat' 第一個引數的可存取擴充方法 'ConsecutiveDays' (是否遺漏 using 指示詞或組件參考?) [C:\Users\n2029\Desktop\GameSpace\GameSpace\GameSpace\GameSpace.csproj]
C:\Users\n2029\Desktop\GameSpace\GameSpace\GameSpace\Areas\MiniGame\Services\SignInStatsService.cs(93,21): error CS0117: 'SignInStatsSummary' 未包含 'PerfectAttendanceCount' 的定義 [C:\Users\n2029\Desktop\GameSpace\GameSpace\GameSpace\GameSpace.csproj]
C:\Users\n2029\Desktop\GameSpace\GameSpace\GameSpace\Areas\MiniGame\Services\SignInStatsService.cs(93,68): error CS1061: 'UserSignInStat' 未包含 'ConsecutiveDays' 的定義，也找不到可接受類型 'UserSignInStat' 第一個引數的可存取擴充方法 'ConsecutiveDays' (是否遺漏 using 指示詞或組件參考?) [C:\Users\n2029\Desktop\GameSpace\GameSpace\GameSpace\GameSpace.csproj]
C:\Users\n2029\Desktop\GameSpace\GameSpace\GameSpace\Areas\MiniGame\Services\SignInStatsService.cs(94,21): error CS0117: 'SignInStatsSummary' 未包含 'TotalPointsGranted' 的定義 [C:\Users\n2029\Desktop\GameSpace\GameSpace\GameSpace\GameSpace.csproj]
C:\Users\n2029\Desktop\GameSpace\GameSpace\GameSpace\Areas\MiniGame\Services\SignInStatsService.cs(94,62): error CS1061: 'UserSignInStat' 未包含 'PointsEarned' 的定義，也找不到可接受類型 'UserSignInStat' 第一個引數的可存取擴充方法 'PointsEarned' (是否遺漏 using 指示詞或組件參考?) [C:\Users\n2029\Desktop\GameSpace\GameSpace\GameSpace\GameSpace.csproj]
C:\Users\n2029\Desktop\GameSpace\GameSpace\GameSpace\Areas\MiniGame\Services\SignInStatsService.cs(95,21): error CS0117: 'SignInStatsSummary' 未包含 'TotalExpGranted' 的定義 [C:\Users\n2029\Desktop\GameSpace\GameSpace\GameSpace\GameSpace.csproj]
C:\Users\n2029\Desktop\GameSpace\GameSpace\GameSpace\Areas\MiniGame\Services\SignInStatsService.cs(95,59): error CS1061: 'UserSignInStat' 未包含 'PetExpEarned' 的定義，也找不到可接受類型 'UserSignInStat' 第一個引數的可存取擴充方法 'PetExpEarned' (是否遺漏 using 指示詞或組件參考?) [C:\Users\n2029\Desktop\GameSpace\GameSpace\GameSpace\GameSpace.csproj]
C:\Users\n2029\Desktop\GameSpace\GameSpace\GameSpace\Areas\MiniGame\Services\SignInStatsService.cs(96,21): error CS0117: 'SignInStatsSummary' 未包含 'TotalCouponsGranted' 的定義 [C:\Users\n2029\Desktop\GameSpace\GameSpace\GameSpace\GameSpace.csproj]
C:\Users\n2029\Desktop\GameSpace\GameSpace\GameSpace\Areas\MiniGame\Services\SignInStatsService.cs(96,65): error CS1061: 'UserSignInStat' 未包含 'CouponEarned' 的定義，也找不到可接受類型 'UserSignInStat' 第一個引數的可存取擴充方法 'CouponEarned' (是否遺漏 using 指示詞或組件參考?) [C:\Users\n2029\Desktop\GameSpace\GameSpace\GameSpace\GameSpace.csproj]
C:\Users\n2029\Desktop\GameSpace\GameSpace\GameSpace\Areas\MiniGame\Controllers\MiniGameBaseController.cs(312,47): warning CS8619: 型別 '(bool, string?, string?, DateTime?)' 的值中參考型別可 Null 性與目標型別 '(bool isValid, string type, string code, DateTime? timestamp)' 不符合。 [C:\Users\n2029\Desktop\GameSpace\GameSpace\GameSpace\GameSpace.csproj]
C:\Users\n2029\Desktop\GameSpace\GameSpace\GameSpace\Areas\MiniGame\Controllers\MiniGameBaseController.cs(323,24): warning CS8619: 型別 '(bool, string?, string?, DateTime?)' 的值中參考型別可 Null 性與目標型別 '(bool isValid, string type, string code, DateTime? timestamp)' 不符合。 [C:\Users\n2029\Desktop\GameSpace\GameSpace\GameSpace\GameSpace.csproj]
C:\Users\n2029\Desktop\GameSpace\GameSpace\GameSpace\Areas\MiniGame\Controllers\MiniGameBaseController.cs(327,24): warning CS8619: 型別 '(bool, string?, string?, DateTime?)' 的值中參考型別可 Null 性與目標型別 '(bool isValid, string type, string code, DateTime? timestamp)' 不符合。 [C:\Users\n2029\Desktop\GameSpace\GameSpace\GameSpace\GameSpace.csproj]
C:\Users\n2029\Desktop\GameSpace\GameSpace\GameSpace\Areas\MiniGame\Controllers\AdminUserController.cs(145,32): error CS0246: 找不到類型或命名空間名稱 'Users' (是否遺漏了 using 指示詞或組件參考?) [C:\Users\n2029\Desktop\GameSpace\GameSpace\GameSpace\GameSpace.csproj]
C:\Users\n2029\Desktop\GameSpace\GameSpace\GameSpace\Areas\MiniGame\Controllers\MiniGameBaseController.cs(344,49): error CS1061: 'SystemSetting' 未包含 'Key' 的定義，也找不到可接受類型 'SystemSetting' 第一個引數的可存取擴充方法 'Key' (是否遺漏 using 指示詞或組件參考?) [C:\Users\n2029\Desktop\GameSpace\GameSpace\GameSpace\GameSpace.csproj]
C:\Users\n2029\Desktop\GameSpace\GameSpace\GameSpace\Areas\MiniGame\Controllers\AdminUserController.cs(194,35): error CS1061: 'User' 未包含 'User_Email' 的定義，也找不到可接受類型 'User' 第一個引數的可存取擴充方法 'User_Email' (是否遺漏 using 指示詞或組件參考?) [C:\Users\n2029\Desktop\GameSpace\GameSpace\GameSpace\GameSpace.csproj]
C:\Users\n2029\Desktop\GameSpace\GameSpace\GameSpace\Areas\MiniGame\Controllers\AdminUserController.cs(195,35): error CS1061: 'User' 未包含 'User_Phone' 的定義，也找不到可接受類型 'User' 第一個引數的可存取擴充方法 'User_Phone' (是否遺漏 using 指示詞或組件參考?) [C:\Users\n2029\Desktop\GameSpace\GameSpace\GameSpace\GameSpace.csproj]
C:\Users\n2029\Desktop\GameSpace\GameSpace\GameSpace\Areas\MiniGame\Controllers\AdminUserController.cs(196,38): error CS1061: 'User' 未包含 'User_Birthday' 的定義，也找不到可接受類型 'User' 第一個引數的可存取擴充方法 'User_Birthday' (是否遺漏 using 指示詞或組件參考?) [C:\Users\n2029\Desktop\GameSpace\GameSpace\GameSpace\GameSpace.csproj]
C:\Users\n2029\Desktop\GameSpace\GameSpace\GameSpace\Areas\MiniGame\Controllers\AdminUserController.cs(197,36): error CS1061: 'User' 未包含 'User_Gender' 的定義，也找不到可接受類型 'User' 第一個引數的可存取擴充方法 'User_Gender' (是否遺漏 using 指示詞或組件參考?) [C:\Users\n2029\Desktop\GameSpace\GameSpace\GameSpace\GameSpace.csproj]
C:\Users\n2029\Desktop\GameSpace\GameSpace\GameSpace\Areas\MiniGame\Controllers\AdminUserController.cs(198,37): error CS1061: 'User' 未包含 'User_Address' 的定義，也找不到可接受類型 'User' 第一個引數的可存取擴充方法 'User_Address' (是否遺漏 using 指示詞或組件參考?) [C:\Users\n2029\Desktop\GameSpace\GameSpace\GameSpace\GameSpace.csproj]
C:\Users\n2029\Desktop\GameSpace\GameSpace\GameSpace\Areas\MiniGame\Controllers\AdminSignInController.cs(33,58): error CS1061: 'UserSignInStats' 未包含 'SignInTime' 的定義，也找不到可接受類型 'UserSignInStats' 第一個引數的可存取擴充方法 'SignInTime' (是否遺漏 using 指示詞或組件參考?) [C:\Users\n2029\Desktop\GameSpace\GameSpace\GameSpace\GameSpace.csproj]
C:\Users\n2029\Desktop\GameSpace\GameSpace\GameSpace\Areas\MiniGame\Controllers\AdminSignInController.cs(35,58): error CS1061: 'UserSignInStats' 未包含 'SignInTime' 的定義，也找不到可接受類型 'UserSignInStats' 第一個引數的可存取擴充方法 'SignInTime' (是否遺漏 using 指示詞或組件參考?) [C:\Users\n2029\Desktop\GameSpace\GameSpace\GameSpace\GameSpace.csproj]
C:\Users\n2029\Desktop\GameSpace\GameSpace\GameSpace\Areas\MiniGame\Controllers\AdminSignInController.cs(37,58): error CS1061: 'UserSignInStats' 未包含 'SignInTime' 的定義，也找不到可接受類型 'UserSignInStats' 第一個引數的可存取擴充方法 'SignInTime' (是否遺漏 using 指示詞或組件參考?) [C:\Users\n2029\Desktop\GameSpace\GameSpace\GameSpace\GameSpace.csproj]
C:\Users\n2029\Desktop\GameSpace\GameSpace\GameSpace\Areas\MiniGame\Controllers\AdminSignInController.cs(43,54): error CS1061: 'UserSignInStats' 未包含 'Users' 的定義，也找不到可接受類型 'UserSignInStats' 第一個引數的可存取擴充方法 'Users' (是否遺漏 using 指示詞或組件參考?) [C:\Users\n2029\Desktop\GameSpace\GameSpace\GameSpace\GameSpace.csproj]
C:\Users\n2029\Desktop\GameSpace\GameSpace\GameSpace\Areas\MiniGame\Controllers\AdminSignInController.cs(44,24): error CS1061: 'UserSignInStats' 未包含 'Users' 的定義，也找不到可接受類型 'UserSignInStats' 第一個引數的可存取擴充方法 'Users' (是否遺漏 using 指示詞或組件參考?) [C:\Users\n2029\Desktop\GameSpace\GameSpace\GameSpace\GameSpace.csproj]
C:\Users\n2029\Desktop\GameSpace\GameSpace\GameSpace\Areas\MiniGame\Controllers\AdminSignInController.cs(44,66): error CS1061: 'UserSignInStats' 未包含 'Users' 的定義，也找不到可接受類型 'UserSignInStats' 第一個引數的可存取擴充方法 'Users' (是否遺漏 using 指示詞或組件參考?) [C:\Users\n2029\Desktop\GameSpace\GameSpace\GameSpace\GameSpace.csproj]
C:\Users\n2029\Desktop\GameSpace\GameSpace\GameSpace\Areas\MiniGame\Controllers\AdminSignInController.cs(50,53): error CS1061: 'UserSignInStats' 未包含 'Users' 的定義，也找不到可接受類型 'UserSignInStats' 第一個引數的可存取擴充方法 'Users' (是否遺漏 using 指示詞或組件參考?) [C:\Users\n2029\Desktop\GameSpace\GameSpace\GameSpace\GameSpace.csproj]
C:\Users\n2029\Desktop\GameSpace\GameSpace\GameSpace\Areas\MiniGame\Controllers\AdminSignInController.cs(51,65): error CS1061: 'UserSignInStats' 未包含 'PointsGained' 的定義，也找不到可接受類型 'UserSignInStats' 第一個引數的可存取擴充方法 'PointsGained' (是否遺漏 using 指示詞或組件參考?) [C:\Users\n2029\Desktop\GameSpace\GameSpace\GameSpace\GameSpace.csproj]
C:\Users\n2029\Desktop\GameSpace\GameSpace\GameSpace\Areas\MiniGame\Controllers\AdminSignInController.cs(53,58): error CS1061: 'UserSignInStats' 未包含 'SignInTime' 的定義，也找不到可接受類型 'UserSignInStats' 第一個引數的可存取擴充方法 'SignInTime' (是否遺漏 using 指示詞或組件參考?) [C:\Users\n2029\Desktop\GameSpace\GameSpace\GameSpace\GameSpace.csproj]
C:\Users\n2029\Desktop\GameSpace\GameSpace\GameSpace\Areas\MiniGame\Controllers\AdminSignInController.cs(64,60): error CS0246: 找不到類型或命名空間名稱 'SignIn' (是否遺漏了 using 指示詞或組件參考?) [C:\Users\n2029\Desktop\GameSpace\GameSpace\GameSpace\GameSpace.csproj]
C:\Users\n2029\Desktop\GameSpace\GameSpace\GameSpace\Areas\MiniGame\Controllers\AdminSignInController.cs(66,30): error CS1061: 'UserSignInStats' 未包含 'LogID' 的定義，也找不到可接受類型 'UserSignInStats' 第一個引數的可存取擴充方法 'LogID' (是否遺漏 using 指示詞或組件參考?) [C:\Users\n2029\Desktop\GameSpace\GameSpace\GameSpace\GameSpace.csproj]
C:\Users\n2029\Desktop\GameSpace\GameSpace\GameSpace\Areas\MiniGame\Controllers\AdminSignInController.cs(68,32): error CS1061: 'UserSignInStats' 未包含 'SignInTime' 的定義，也找不到可接受類型 'UserSignInStats' 第一個引數的可存取擴充方法 'SignInTime' (是否遺漏 using 指示詞或組件參考?) [C:\Users\n2029\Desktop\GameSpace\GameSpace\GameSpace\GameSpace.csproj]
C:\Users\n2029\Desktop\GameSpace\GameSpace\GameSpace\Areas\MiniGame\Controllers\AdminSignInController.cs(69,34): error CS1061: 'UserSignInStats' 未包含 'PointsGained' 的定義，也找不到可接受類型 'UserSignInStats' 第一個引數的可存取擴充方法 'PointsGained' (是否遺漏 using 指示詞或組件參考?) [C:\Users\n2029\Desktop\GameSpace\GameSpace\GameSpace\GameSpace.csproj]
C:\Users\n2029\Desktop\GameSpace\GameSpace\GameSpace\Areas\MiniGame\Controllers\AdminSignInController.cs(71,27): error CS1061: 'UserSignInStats' 未包含 'Users' 的定義，也找不到可接受類型 'UserSignInStats' 第一個引數的可存取擴充方法 'Users' (是否遺漏 using 指示詞或組件參考?) [C:\Users\n2029\Desktop\GameSpace\GameSpace\GameSpace\GameSpace.csproj]
C:\Users\n2029\Desktop\GameSpace\GameSpace\GameSpace\Areas\MiniGame\Controllers\AdminSignInController.cs(77,31): error CS0246: 找不到類型或命名空間名稱 'PagedResult<>' (是否遺漏了 using 指示詞或組件參考?) [C:\Users\n2029\Desktop\GameSpace\GameSpace\GameSpace\GameSpace.csproj]
C:\Users\n2029\Desktop\GameSpace\GameSpace\GameSpace\Areas\MiniGame\Controllers\AdminSignInController.cs(77,43): error CS0246: 找不到類型或命名空間名稱 'SignIn' (是否遺漏了 using 指示詞或組件參考?) [C:\Users\n2029\Desktop\GameSpace\GameSpace\GameSpace\GameSpace.csproj]
C:\Users\n2029\Desktop\GameSpace\GameSpace\GameSpace\Areas\MiniGame\Controllers\AdminSignInController.cs(92,64): error CS1061: 'UserSignInStats' 未包含 'SignInTime' 的定義，也找不到可接受類型 'UserSignInStats' 第一個引數的可存取擴充方法 'SignInTime' (是否遺漏 using 指示詞或組件參考?) [C:\Users\n2029\Desktop\GameSpace\GameSpace\GameSpace\GameSpace.csproj]
C:\Users\n2029\Desktop\GameSpace\GameSpace\GameSpace\Areas\MiniGame\Controllers\AdminSignInController.cs(93,63): error CS1061: 'UserSignInStats' 未包含 'SignInTime' 的定義，也找不到可接受類型 'UserSignInStats' 第一個引數的可存取擴充方法 'SignInTime' (是否遺漏 using 指示詞或組件參考?) [C:\Users\n2029\Desktop\GameSpace\GameSpace\GameSpace\GameSpace.csproj]
C:\Users\n2029\Desktop\GameSpace\GameSpace\GameSpace\Areas\MiniGame\Controllers\AdminSignInController.cs(94,64): error CS1061: 'UserSignInStats' 未包含 'SignInTime' 的定義，也找不到可接受類型 'UserSignInStats' 第一個引數的可存取擴充方法 'SignInTime' (是否遺漏 using 指示詞或組件參考?) [C:\Users\n2029\Desktop\GameSpace\GameSpace\GameSpace\GameSpace.csproj]
C:\Users\n2029\Desktop\GameSpace\GameSpace\GameSpace\Areas\MiniGame\Controllers\MiniGameBaseController.cs(359,49): error CS1061: 'SystemSetting' 未包含 'Key' 的定義，也找不到可接受類型 'SystemSetting' 第一個引數的可存取擴充方法 'Key' (是否遺漏 using 指示詞或組件參考?) [C:\Users\n2029\Desktop\GameSpace\GameSpace\GameSpace\GameSpace.csproj]
C:\Users\n2029\Desktop\GameSpace\GameSpace\GameSpace\Areas\MiniGame\Controllers\MiniGameBaseController.cs(365,25): error CS0117: 'SystemSetting' 未包含 'Key' 的定義 [C:\Users\n2029\Desktop\GameSpace\GameSpace\GameSpace\GameSpace.csproj]
C:\Users\n2029\Desktop\GameSpace\GameSpace\GameSpace\Areas\MiniGame\Controllers\MiniGameBaseController.cs(366,25): error CS0117: 'SystemSetting' 未包含 'Value' 的定義 [C:\Users\n2029\Desktop\GameSpace\GameSpace\GameSpace\GameSpace.csproj]
C:\Users\n2029\Desktop\GameSpace\GameSpace\GameSpace\Areas\MiniGame\Controllers\MiniGameBaseController.cs(367,25): error CS0117: 'SystemSetting' 未包含 'CreatedTime' 的定義 [C:\Users\n2029\Desktop\GameSpace\GameSpace\GameSpace\GameSpace.csproj]
C:\Users\n2029\Desktop\GameSpace\GameSpace\GameSpace\Areas\MiniGame\Controllers\AdminUserController.cs(241,22): error CS1061: 'User' 未包含 'User_Email' 的定義，也找不到可接受類型 'User' 第一個引數的可存取擴充方法 'User_Email' (是否遺漏 using 指示詞或組件參考?) [C:\Users\n2029\Desktop\GameSpace\GameSpace\GameSpace\GameSpace.csproj]
C:\Users\n2029\Desktop\GameSpace\GameSpace\GameSpace\Areas\MiniGame\Controllers\AdminUserController.cs(242,22): error CS1061: 'User' 未包含 'User_Phone' 的定義，也找不到可接受類型 'User' 第一個引數的可存取擴充方法 'User_Phone' (是否遺漏 using 指示詞或組件參考?) [C:\Users\n2029\Desktop\GameSpace\GameSpace\GameSpace\GameSpace.csproj]
C:\Users\n2029\Desktop\GameSpace\GameSpace\GameSpace\Areas\MiniGame\Controllers\AdminUserController.cs(243,22): error CS1061: 'User' 未包含 'User_Birthday' 的定義，也找不到可接受類型 'User' 第一個引數的可存取擴充方法 'User_Birthday' (是否遺漏 using 指示詞或組件參考?) [C:\Users\n2029\Desktop\GameSpace\GameSpace\GameSpace\GameSpace.csproj]
C:\Users\n2029\Desktop\GameSpace\GameSpace\GameSpace\Areas\MiniGame\Controllers\AdminUserController.cs(244,22): error CS1061: 'User' 未包含 'User_Gender' 的定義，也找不到可接受類型 'User' 第一個引數的可存取擴充方法 'User_Gender' (是否遺漏 using 指示詞或組件參考?) [C:\Users\n2029\Desktop\GameSpace\GameSpace\GameSpace\GameSpace.csproj]
C:\Users\n2029\Desktop\GameSpace\GameSpace\GameSpace\Areas\MiniGame\Controllers\AdminUserController.cs(245,22): error CS1061: 'User' 未包含 'User_Address' 的定義，也找不到可接受類型 'User' 第一個引數的可存取擴充方法 'User_Address' (是否遺漏 using 指示詞或組件參考?) [C:\Users\n2029\Desktop\GameSpace\GameSpace\GameSpace\GameSpace.csproj]
C:\Users\n2029\Desktop\GameSpace\GameSpace\GameSpace\Areas\MiniGame\Controllers\AdminUserController.cs(256,26): error CS1061: 'User' 未包含 'User_Password' 的定義，也找不到可接受類型 'User' 第一個引數的可存取擴充方法 'User_Password' (是否遺漏 using 指示詞或組件參考?) [C:\Users\n2029\Desktop\GameSpace\GameSpace\GameSpace\GameSpace.csproj]
C:\Users\n2029\Desktop\GameSpace\GameSpace\GameSpace\Areas\MiniGame\Services\SignInStatsService.cs(171,47): error CS1503: 引數 1: 無法從 'string' 轉換成 'int' [C:\Users\n2029\Desktop\GameSpace\GameSpace\GameSpace\GameSpace.csproj]
C:\Users\n2029\Desktop\GameSpace\GameSpace\GameSpace\Areas\MiniGame\Services\SignInStatsService.cs(172,46): error CS1503: 引數 1: 無法從 'string' 轉換成 'int' [C:\Users\n2029\Desktop\GameSpace\GameSpace\GameSpace\GameSpace.csproj]
C:\Users\n2029\Desktop\GameSpace\GameSpace\GameSpace\Areas\MiniGame\Services\SignInStatsService.cs(173,51): error CS1503: 引數 1: 無法從 'string' 轉換成 'int' [C:\Users\n2029\Desktop\GameSpace\GameSpace\GameSpace\GameSpace.csproj]
C:\Users\n2029\Desktop\GameSpace\GameSpace\GameSpace\Areas\MiniGame\Services\SignInStatsService.cs(174,52): error CS1503: 引數 1: 無法從 'string' 轉換成 'int' [C:\Users\n2029\Desktop\GameSpace\GameSpace\GameSpace\GameSpace.csproj]
C:\Users\n2029\Desktop\GameSpace\GameSpace\GameSpace\Areas\MiniGame\Services\SignInStatsService.cs(175,52): error CS1503: 引數 1: 無法從 'string' 轉換成 'int' [C:\Users\n2029\Desktop\GameSpace\GameSpace\GameSpace\GameSpace.csproj]
C:\Users\n2029\Desktop\GameSpace\GameSpace\GameSpace\Areas\MiniGame\Services\SignInStatsService.cs(176,52): error CS1503: 引數 1: 無法從 'string' 轉換成 'int' [C:\Users\n2029\Desktop\GameSpace\GameSpace\GameSpace\GameSpace.csproj]
C:\Users\n2029\Desktop\GameSpace\GameSpace\GameSpace\Areas\MiniGame\Services\SignInStatsService.cs(176,93): error CS1503: 引數 1: 無法從 'string' 轉換成 'int' [C:\Users\n2029\Desktop\GameSpace\GameSpace\GameSpace\GameSpace.csproj]
C:\Users\n2029\Desktop\GameSpace\GameSpace\GameSpace\Areas\MiniGame\Services\SignInStatsService.cs(177,55): error CS1503: 引數 1: 無法從 'string' 轉換成 'int' [C:\Users\n2029\Desktop\GameSpace\GameSpace\GameSpace\GameSpace.csproj]
C:\Users\n2029\Desktop\GameSpace\GameSpace\GameSpace\Areas\social_hub\Views\Support\_TicketList.cshtml(59,40): warning CS8602: 可能 null 參考的取值 (dereference)。 [C:\Users\n2029\Desktop\GameSpace\GameSpace\GameSpace\GameSpace.csproj]
C:\Users\n2029\Desktop\GameSpace\GameSpace\GameSpace\Areas\MiniGame\Controllers\AdminUserController.cs(333,66): warning CS8602: 可能 null 參考的取值 (dereference)。 [C:\Users\n2029\Desktop\GameSpace\GameSpace\GameSpace\GameSpace.csproj]
C:\Users\n2029\Desktop\GameSpace\GameSpace\GameSpace\Areas\MiniGame\Controllers\AdminUserController.cs(352,22): error CS1061: 'User' 未包含 'User_Password' 的定義，也找不到可接受類型 'User' 第一個引數的可存取擴充方法 'User_Password' (是否遺漏 using 指示詞或組件參考?) [C:\Users\n2029\Desktop\GameSpace\GameSpace\GameSpace\GameSpace.csproj]
C:\Users\n2029\Desktop\GameSpace\GameSpace\GameSpace\Areas\MiniGame\Services\SignInStatsService.cs(200,47): error CS1503: 引數 1: 無法從 'string' 轉換成 'int' [C:\Users\n2029\Desktop\GameSpace\GameSpace\GameSpace\GameSpace.csproj]
C:\Users\n2029\Desktop\GameSpace\GameSpace\GameSpace\Areas\MiniGame\Services\SignInStatsService.cs(201,46): error CS1503: 引數 1: 無法從 'string' 轉換成 'int' [C:\Users\n2029\Desktop\GameSpace\GameSpace\GameSpace\GameSpace.csproj]
C:\Users\n2029\Desktop\GameSpace\GameSpace\GameSpace\Areas\MiniGame\Services\SignInStatsService.cs(202,51): error CS1503: 引數 1: 無法從 'string' 轉換成 'int' [C:\Users\n2029\Desktop\GameSpace\GameSpace\GameSpace\GameSpace.csproj]
C:\Users\n2029\Desktop\GameSpace\GameSpace\GameSpace\Areas\MiniGame\Services\SignInStatsService.cs(203,52): error CS1503: 引數 1: 無法從 'string' 轉換成 'int' [C:\Users\n2029\Desktop\GameSpace\GameSpace\GameSpace\GameSpace.csproj]
C:\Users\n2029\Desktop\GameSpace\GameSpace\GameSpace\Areas\MiniGame\Services\SignInStatsService.cs(204,52): error CS1503: 引數 1: 無法從 'string' 轉換成 'int' [C:\Users\n2029\Desktop\GameSpace\GameSpace\GameSpace\GameSpace.csproj]
C:\Users\n2029\Desktop\GameSpace\GameSpace\GameSpace\Areas\MiniGame\Services\SignInStatsService.cs(205,52): error CS1503: 引數 1: 無法從 'string' 轉換成 'int' [C:\Users\n2029\Desktop\GameSpace\GameSpace\GameSpace\GameSpace.csproj]
C:\Users\n2029\Desktop\GameSpace\GameSpace\GameSpace\Areas\MiniGame\Services\SignInStatsService.cs(205,93): error CS1503: 引數 1: 無法從 'string' 轉換成 'int' [C:\Users\n2029\Desktop\GameSpace\GameSpace\GameSpace\GameSpace.csproj]
C:\Users\n2029\Desktop\GameSpace\GameSpace\GameSpace\Areas\MiniGame\Services\SignInStatsService.cs(206,55): error CS1503: 引數 1: 無法從 'string' 轉換成 'int' [C:\Users\n2029\Desktop\GameSpace\GameSpace\GameSpace\GameSpace.csproj]
C:\Users\n2029\Desktop\GameSpace\GameSpace\GameSpace\Areas\MiniGame\Services\SignInStatsService.cs(225,47): error CS1503: 引數 1: 無法從 'string' 轉換成 'int' [C:\Users\n2029\Desktop\GameSpace\GameSpace\GameSpace\GameSpace.csproj]
C:\Users\n2029\Desktop\GameSpace\GameSpace\GameSpace\Areas\MiniGame\Services\SignInStatsService.cs(226,46): error CS1503: 引數 1: 無法從 'string' 轉換成 'int' [C:\Users\n2029\Desktop\GameSpace\GameSpace\GameSpace\GameSpace.csproj]
C:\Users\n2029\Desktop\GameSpace\GameSpace\GameSpace\Areas\MiniGame\Services\SignInStatsService.cs(227,51): error CS1503: 引數 1: 無法從 'string' 轉換成 'int' [C:\Users\n2029\Desktop\GameSpace\GameSpace\GameSpace\GameSpace.csproj]
C:\Users\n2029\Desktop\GameSpace\GameSpace\GameSpace\Areas\MiniGame\Services\SignInStatsService.cs(228,52): error CS1503: 引數 1: 無法從 'string' 轉換成 'int' [C:\Users\n2029\Desktop\GameSpace\GameSpace\GameSpace\GameSpace.csproj]
C:\Users\n2029\Desktop\GameSpace\GameSpace\GameSpace\Areas\MiniGame\Services\SignInStatsService.cs(229,52): error CS1503: 引數 1: 無法從 'string' 轉換成 'int' [C:\Users\n2029\Desktop\GameSpace\GameSpace\GameSpace\GameSpace.csproj]
C:\Users\n2029\Desktop\GameSpace\GameSpace\GameSpace\Areas\MiniGame\Services\SignInStatsService.cs(230,52): error CS1503: 引數 1: 無法從 'string' 轉換成 'int' [C:\Users\n2029\Desktop\GameSpace\GameSpace\GameSpace\GameSpace.csproj]
C:\Users\n2029\Desktop\GameSpace\GameSpace\GameSpace\Areas\MiniGame\Services\SignInStatsService.cs(230,93): error CS1503: 引數 1: 無法從 'string' 轉換成 'int' [C:\Users\n2029\Desktop\GameSpace\GameSpace\GameSpace\GameSpace.csproj]
C:\Users\n2029\Desktop\GameSpace\GameSpace\GameSpace\Areas\MiniGame\Services\SignInStatsService.cs(231,55): error CS1503: 引數 1: 無法從 'string' 轉換成 'int' [C:\Users\n2029\Desktop\GameSpace\GameSpace\GameSpace\GameSpace.csproj]
C:\Users\n2029\Desktop\GameSpace\GameSpace\GameSpace\Areas\MiniGame\Controllers\AdminUserController.cs(416,27): error CS1061: 'User' 未包含 'User_Email' 的定義，也找不到可接受類型 'User' 第一個引數的可存取擴充方法 'User_Email' (是否遺漏 using 指示詞或組件參考?) [C:\Users\n2029\Desktop\GameSpace\GameSpace\GameSpace\GameSpace.csproj]
C:\Users\n2029\Desktop\GameSpace\GameSpace\GameSpace\Areas\MiniGame\Services\SignInStatsService.cs(313,47): error CS1503: 引數 1: 無法從 'string' 轉換成 'int' [C:\Users\n2029\Desktop\GameSpace\GameSpace\GameSpace\GameSpace.csproj]
C:\Users\n2029\Desktop\GameSpace\GameSpace\GameSpace\Areas\MiniGame\Services\SignInStatsService.cs(314,46): error CS1503: 引數 1: 無法從 'string' 轉換成 'int' [C:\Users\n2029\Desktop\GameSpace\GameSpace\GameSpace\GameSpace.csproj]
C:\Users\n2029\Desktop\GameSpace\GameSpace\GameSpace\Areas\MiniGame\Services\SignInStatsService.cs(315,51): error CS1503: 引數 1: 無法從 'string' 轉換成 'int' [C:\Users\n2029\Desktop\GameSpace\GameSpace\GameSpace\GameSpace.csproj]
C:\Users\n2029\Desktop\GameSpace\GameSpace\GameSpace\Areas\MiniGame\Services\SignInStatsService.cs(316,52): error CS1503: 引數 1: 無法從 'string' 轉換成 'int' [C:\Users\n2029\Desktop\GameSpace\GameSpace\GameSpace\GameSpace.csproj]
C:\Users\n2029\Desktop\GameSpace\GameSpace\GameSpace\Areas\MiniGame\Services\SignInStatsService.cs(317,52): error CS1503: 引數 1: 無法從 'string' 轉換成 'int' [C:\Users\n2029\Desktop\GameSpace\GameSpace\GameSpace\GameSpace.csproj]
C:\Users\n2029\Desktop\GameSpace\GameSpace\GameSpace\Areas\MiniGame\Services\SignInStatsService.cs(318,52): error CS1503: 引數 1: 無法從 'string' 轉換成 'int' [C:\Users\n2029\Desktop\GameSpace\GameSpace\GameSpace\GameSpace.csproj]
C:\Users\n2029\Desktop\GameSpace\GameSpace\GameSpace\Areas\MiniGame\Services\SignInStatsService.cs(318,93): error CS1503: 引數 1: 無法從 'string' 轉換成 'int' [C:\Users\n2029\Desktop\GameSpace\GameSpace\GameSpace\GameSpace.csproj]
C:\Users\n2029\Desktop\GameSpace\GameSpace\GameSpace\Areas\MiniGame\Services\SignInStatsService.cs(319,55): error CS1503: 引數 1: 無法從 'string' 轉換成 'int' [C:\Users\n2029\Desktop\GameSpace\GameSpace\GameSpace\GameSpace.csproj]
C:\Users\n2029\Desktop\GameSpace\GameSpace\GameSpace\Areas\social_hub\Views\Mutes\Delete.cshtml(25,36): warning CS8602: 可能 null 參考的取值 (dereference)。 [C:\Users\n2029\Desktop\GameSpace\GameSpace\GameSpace\GameSpace.csproj]
C:\Users\n2029\Desktop\GameSpace\GameSpace\GameSpace\Areas\social_hub\Views\Mutes\Details.cshtml(48,36): warning CS8602: 可能 null 參考的取值 (dereference)。 [C:\Users\n2029\Desktop\GameSpace\GameSpace\GameSpace\GameSpace.csproj]
C:\Users\n2029\Desktop\GameSpace\GameSpace\GameSpace\Areas\social_hub\Views\Home\WhoAmI.cshtml(85,40): warning CS8602: 可能 null 參考的取值 (dereference)。 [C:\Users\n2029\Desktop\GameSpace\GameSpace\GameSpace\GameSpace.csproj]
C:\Users\n2029\Desktop\GameSpace\GameSpace\GameSpace\Areas\MiniGame\Controllers\AdminSignInController.cs(115,30): error CS0246: 找不到類型或命名空間名稱 'SignIn' (是否遺漏了 using 指示詞或組件參考?) [C:\Users\n2029\Desktop\GameSpace\GameSpace\GameSpace\GameSpace.csproj]
C:\Users\n2029\Desktop\GameSpace\GameSpace\GameSpace\Areas\MiniGame\Controllers\AdminSignInController.cs(117,41): error CS1061: 'UserSignInStats' 未包含 'LogID' 的定義，也找不到可接受類型 'UserSignInStats' 第一個引數的可存取擴充方法 'LogID' (是否遺漏 using 指示詞或組件參考?) [C:\Users\n2029\Desktop\GameSpace\GameSpace\GameSpace\GameSpace.csproj]
C:\Users\n2029\Desktop\GameSpace\GameSpace\GameSpace\Areas\MiniGame\Controllers\AdminSignInController.cs(119,43): error CS1061: 'UserSignInStats' 未包含 'SignInTime' 的定義，也找不到可接受類型 'UserSignInStats' 第一個引數的可存取擴充方法 'SignInTime' (是否遺漏 using 指示詞或組件參考?) [C:\Users\n2029\Desktop\GameSpace\GameSpace\GameSpace\GameSpace.csproj]
C:\Users\n2029\Desktop\GameSpace\GameSpace\GameSpace\Areas\MiniGame\Controllers\AdminSignInController.cs(120,45): error CS1061: 'UserSignInStats' 未包含 'PointsGained' 的定義，也找不到可接受類型 'UserSignInStats' 第一個引數的可存取擴充方法 'PointsGained' (是否遺漏 using 指示詞或組件參考?) [C:\Users\n2029\Desktop\GameSpace\GameSpace\GameSpace\GameSpace.csproj]
C:\Users\n2029\Desktop\GameSpace\GameSpace\GameSpace\Areas\MiniGame\Controllers\AdminSignInController.cs(122,38): error CS1061: 'UserSignInStats' 未包含 'Users' 的定義，也找不到可接受類型 'UserSignInStats' 第一個引數的可存取擴充方法 'Users' (是否遺漏 using 指示詞或組件參考?) [C:\Users\n2029\Desktop\GameSpace\GameSpace\GameSpace\GameSpace.csproj]
C:\Users\n2029\Desktop\GameSpace\GameSpace\GameSpace\Areas\MiniGame\Services\SignInService.cs(46,21): error CS0117: 'UserSignInStats' 未包含 'SignInTime' 的定義 [C:\Users\n2029\Desktop\GameSpace\GameSpace\GameSpace\GameSpace.csproj]
C:\Users\n2029\Desktop\GameSpace\GameSpace\GameSpace\Areas\MiniGame\Services\SignInService.cs(48,21): error CS0117: 'UserSignInStats' 未包含 'PointsGained' 的定義 [C:\Users\n2029\Desktop\GameSpace\GameSpace\GameSpace\GameSpace.csproj]
C:\Users\n2029\Desktop\GameSpace\GameSpace\GameSpace\Areas\MiniGame\Services\SignInService.cs(49,21): error CS0117: 'UserSignInStats' 未包含 'ExpGained' 的定義 [C:\Users\n2029\Desktop\GameSpace\GameSpace\GameSpace\GameSpace.csproj]
C:\Users\n2029\Desktop\GameSpace\GameSpace\GameSpace\Areas\MiniGame\Services\SignInService.cs(50,21): error CS0117: 'UserSignInStats' 未包含 'CouponGained' 的定義 [C:\Users\n2029\Desktop\GameSpace\GameSpace\GameSpace\GameSpace.csproj]
C:\Users\n2029\Desktop\GameSpace\GameSpace\GameSpace\Areas\MiniGame\Services\SignInService.cs(52,26): error CS1061: 'GameSpacedatabaseContext' 未包含 'User_SignInStats' 的定義，也找不到可接受類型 'GameSpacedatabaseContext' 第一個引數的可存取擴充方法 'User_SignInStats' (是否遺漏 using 指示詞或組件參考?) [C:\Users\n2029\Desktop\GameSpace\GameSpace\GameSpace\GameSpace.csproj]
C:\Users\n2029\Desktop\GameSpace\GameSpace\GameSpace\Areas\MiniGame\Services\SignInService.cs(69,48): error CS1061: 'GameSpacedatabaseContext' 未包含 'User_SignInStats' 的定義，也找不到可接受類型 'GameSpacedatabaseContext' 第一個引數的可存取擴充方法 'User_SignInStats' (是否遺漏 using 指示詞或組件參考?) [C:\Users\n2029\Desktop\GameSpace\GameSpace\GameSpace\GameSpace.csproj]
C:\Users\n2029\Desktop\GameSpace\GameSpace\GameSpace\Areas\MiniGame\Controllers\AdminSignInController.cs(166,49): error CS1061: 'UserSignInStats' 未包含 'SignInTime' 的定義，也找不到可接受類型 'UserSignInStats' 第一個引數的可存取擴充方法 'SignInTime' (是否遺漏 using 指示詞或組件參考?) [C:\Users\n2029\Desktop\GameSpace\GameSpace\GameSpace\GameSpace.csproj]
C:\Users\n2029\Desktop\GameSpace\GameSpace\GameSpace\Areas\MiniGame\Controllers\AdminSignInController.cs(167,52): error CS1061: 'UserSignInStats' 未包含 'SignInTime' 的定義，也找不到可接受類型 'UserSignInStats' 第一個引數的可存取擴充方法 'SignInTime' (是否遺漏 using 指示詞或組件參考?) [C:\Users\n2029\Desktop\GameSpace\GameSpace\GameSpace\GameSpace.csproj]
C:\Users\n2029\Desktop\GameSpace\GameSpace\GameSpace\Areas\MiniGame\Controllers\AdminSignInController.cs(168,53): error CS1061: 'UserSignInStats' 未包含 'SignInTime' 的定義，也找不到可接受類型 'UserSignInStats' 第一個引數的可存取擴充方法 'SignInTime' (是否遺漏 using 指示詞或組件參考?) [C:\Users\n2029\Desktop\GameSpace\GameSpace\GameSpace\GameSpace.csproj]
C:\Users\n2029\Desktop\GameSpace\GameSpace\GameSpace\Areas\MiniGame\Services\SignInService.cs(77,45): error CS1061: 'GameSpacedatabaseContext' 未包含 'User_SignInStats' 的定義，也找不到可接受類型 'GameSpacedatabaseContext' 第一個引數的可存取擴充方法 'User_SignInStats' (是否遺漏 using 指示詞或組件參考?) [C:\Users\n2029\Desktop\GameSpace\GameSpace\GameSpace\GameSpace.csproj]
C:\Users\n2029\Desktop\GameSpace\GameSpace\GameSpace\Areas\MiniGame\Services\SignInService.cs(87,45): error CS1061: 'GameSpacedatabaseContext' 未包含 'User_SignInStats' 的定義，也找不到可接受類型 'GameSpacedatabaseContext' 第一個引數的可存取擴充方法 'User_SignInStats' (是否遺漏 using 指示詞或組件參考?) [C:\Users\n2029\Desktop\GameSpace\GameSpace\GameSpace\GameSpace.csproj]
C:\Users\n2029\Desktop\GameSpace\GameSpace\GameSpace\Areas\MiniGame\Services\SignInService.cs(98,35): error CS1061: 'GameSpacedatabaseContext' 未包含 'User_SignInStats' 的定義，也找不到可接受類型 'GameSpacedatabaseContext' 第一個引數的可存取擴充方法 'User_SignInStats' (是否遺漏 using 指示詞或組件參考?) [C:\Users\n2029\Desktop\GameSpace\GameSpace\GameSpace\GameSpace.csproj]
C:\Users\n2029\Desktop\GameSpace\GameSpace\GameSpace\Areas\MiniGame\Services\SignInService.cs(108,35): error CS1061: 'GameSpacedatabaseContext' 未包含 'User_SignInStats' 的定義，也找不到可接受類型 'GameSpacedatabaseContext' 第一個引數的可存取擴充方法 'User_SignInStats' (是否遺漏 using 指示詞或組件參考?) [C:\Users\n2029\Desktop\GameSpace\GameSpace\GameSpace\GameSpace.csproj]
C:\Users\n2029\Desktop\GameSpace\GameSpace\GameSpace\Areas\MiniGame\Services\SignInService.cs(118,35): error CS1061: 'GameSpacedatabaseContext' 未包含 'User_SignInStats' 的定義，也找不到可接受類型 'GameSpacedatabaseContext' 第一個引數的可存取擴充方法 'User_SignInStats' (是否遺漏 using 指示詞或組件參考?) [C:\Users\n2029\Desktop\GameSpace\GameSpace\GameSpace\GameSpace.csproj]
C:\Users\n2029\Desktop\GameSpace\GameSpace\GameSpace\Areas\MiniGame\Services\SignInService.cs(127,35): error CS1061: 'GameSpacedatabaseContext' 未包含 'User_SignInStats' 的定義，也找不到可接受類型 'GameSpacedatabaseContext' 第一個引數的可存取擴充方法 'User_SignInStats' (是否遺漏 using 指示詞或組件參考?) [C:\Users\n2029\Desktop\GameSpace\GameSpace\GameSpace\GameSpace.csproj]
C:\Users\n2029\Desktop\GameSpace\GameSpace\GameSpace\Areas\MiniGame\Services\SignInService.cs(178,45): error CS1061: 'GameSpacedatabaseContext' 未包含 'User_Wallet' 的定義，也找不到可接受類型 'GameSpacedatabaseContext' 第一個引數的可存取擴充方法 'User_Wallet' (是否遺漏 using 指示詞或組件參考?) [C:\Users\n2029\Desktop\GameSpace\GameSpace\GameSpace\GameSpace.csproj]
C:\Users\n2029\Desktop\GameSpace\GameSpace\GameSpace\Areas\MiniGame\Services\SignInService.cs(185,25): error CS0117: 'WalletHistory' 未包含 'UserID' 的定義 [C:\Users\n2029\Desktop\GameSpace\GameSpace\GameSpace\GameSpace.csproj]
C:\Users\n2029\Desktop\GameSpace\GameSpace\GameSpace\Areas\MiniGame\Services\SignInService.cs(192,30): error CS1061: 'GameSpacedatabaseContext' 未包含 'WalletHistory' 的定義，也找不到可接受類型 'GameSpacedatabaseContext' 第一個引數的可存取擴充方法 'WalletHistory' (是否遺漏 using 指示詞或組件參考?) [C:\Users\n2029\Desktop\GameSpace\GameSpace\GameSpace\GameSpace.csproj]
C:\Users\n2029\Desktop\GameSpace\GameSpace\GameSpace\Areas\MiniGame\Services\SignInService.cs(196,42): error CS1061: 'GameSpacedatabaseContext' 未包含 'Pet' 的定義，也找不到可接受類型 'GameSpacedatabaseContext' 第一個引數的可存取擴充方法 'Pet' (是否遺漏 using 指示詞或組件參考?) [C:\Users\n2029\Desktop\GameSpace\GameSpace\GameSpace\GameSpace.csproj]
C:\Users\n2029\Desktop\GameSpace\GameSpace\GameSpace\Areas\MiniGame\Services\SignInService.cs(206,53): error CS1061: 'GameSpacedatabaseContext' 未包含 'CouponType' 的定義，也找不到可接受類型 'GameSpacedatabaseContext' 第一個引數的可存取擴充方法 'CouponType' (是否遺漏 using 指示詞或組件參考?) [C:\Users\n2029\Desktop\GameSpace\GameSpace\GameSpace\GameSpace.csproj]
C:\Users\n2029\Desktop\GameSpace\GameSpace\GameSpace\Areas\MiniGame\Services\SignInService.cs(211,29): error CS0117: 'Coupon' 未包含 'UserID' 的定義 [C:\Users\n2029\Desktop\GameSpace\GameSpace\GameSpace\GameSpace.csproj]
C:\Users\n2029\Desktop\GameSpace\GameSpace\GameSpace\Areas\MiniGame\Services\SignInService.cs(212,29): error CS0117: 'Coupon' 未包含 'CouponTypeID' 的定義 [C:\Users\n2029\Desktop\GameSpace\GameSpace\GameSpace\GameSpace.csproj]
C:\Users\n2029\Desktop\GameSpace\GameSpace\GameSpace\Areas\MiniGame\Services\SignInService.cs(214,29): error CS0117: 'Coupon' 未包含 'IssueTime' 的定義 [C:\Users\n2029\Desktop\GameSpace\GameSpace\GameSpace\GameSpace.csproj]
C:\Users\n2029\Desktop\GameSpace\GameSpace\GameSpace\Areas\MiniGame\Services\SignInService.cs(215,29): error CS0117: 'Coupon' 未包含 'ExpiryTime' 的定義 [C:\Users\n2029\Desktop\GameSpace\GameSpace\GameSpace\GameSpace.csproj]
C:\Users\n2029\Desktop\GameSpace\GameSpace\GameSpace\Areas\MiniGame\Services\SignInService.cs(218,34): error CS1061: 'GameSpacedatabaseContext' 未包含 'Coupon' 的定義，也找不到可接受類型 'GameSpacedatabaseContext' 第一個引數的可存取擴充方法 'Coupon' (是否遺漏 using 指示詞或組件參考?) [C:\Users\n2029\Desktop\GameSpace\GameSpace\GameSpace\GameSpace.csproj]
C:\Users\n2029\Desktop\GameSpace\GameSpace\GameSpace\Areas\MiniGame\Services\SignInService.cs(231,58): warning CS1998: 這個非同步方法缺少 'await' 運算子，因此將以同步方式執行。請考慮使用 'await' 運算子等候未封鎖的應用程式開發介面呼叫，或使用 'await Task.Run(...)' 在背景執行緒上執行 CPU-bound 工作。 [C:\Users\n2029\Desktop\GameSpace\GameSpace\GameSpace\GameSpace.csproj]
C:\Users\n2029\Desktop\GameSpace\GameSpace\GameSpace\Areas\MiniGame\Services\SignInService.cs(247,45): error CS1061: 'GameSpacedatabaseContext' 未包含 'User_SignInStats' 的定義，也找不到可接受類型 'GameSpacedatabaseContext' 第一個引數的可存取擴充方法 'User_SignInStats' (是否遺漏 using 指示詞或組件參考?) [C:\Users\n2029\Desktop\GameSpace\GameSpace\GameSpace\GameSpace.csproj]
C:\Users\n2029\Desktop\GameSpace\GameSpace\GameSpace\Areas\MiniGame\Controllers\AdminSignInController.cs(307,58): error CS1061: 'UserSignInStats' 未包含 'SignInTime' 的定義，也找不到可接受類型 'UserSignInStats' 第一個引數的可存取擴充方法 'SignInTime' (是否遺漏 using 指示詞或組件參考?) [C:\Users\n2029\Desktop\GameSpace\GameSpace\GameSpace\GameSpace.csproj]
C:\Users\n2029\Desktop\GameSpace\GameSpace\GameSpace\Areas\MiniGame\Controllers\AdminSignInController.cs(307,103): error CS1061: 'UserSignInStats' 未包含 'SignInTime' 的定義，也找不到可接受類型 'UserSignInStats' 第一個引數的可存取擴充方法 'SignInTime' (是否遺漏 using 指示詞或組件參考?) [C:\Users\n2029\Desktop\GameSpace\GameSpace\GameSpace\GameSpace.csproj]
C:\Users\n2029\Desktop\GameSpace\GameSpace\GameSpace\Areas\MiniGame\Controllers\AdminSignInController.cs(380,34): warning CS8619: 型別 '?' 的值中參考型別可 Null 性與目標型別 'dynamic' 不符合。 [C:\Users\n2029\Desktop\GameSpace\GameSpace\GameSpace\GameSpace.csproj]
C:\Users\n2029\Desktop\GameSpace\GameSpace\GameSpace\Areas\MiniGame\Controllers\AdminSignInController.cs(381,43): warning CS8619: 型別 '?' 的值中參考型別可 Null 性與目標型別 'dynamic' 不符合。 [C:\Users\n2029\Desktop\GameSpace\GameSpace\GameSpace\GameSpace.csproj]
C:\Users\n2029\Desktop\GameSpace\GameSpace\GameSpace\Areas\MiniGame\Controllers\AdminSignInController.cs(382,42): warning CS8619: 型別 '?' 的值中參考型別可 Null 性與目標型別 'dynamic' 不符合。 [C:\Users\n2029\Desktop\GameSpace\GameSpace\GameSpace\GameSpace.csproj]
C:\Users\n2029\Desktop\GameSpace\GameSpace\GameSpace\Areas\MiniGame\Controllers\AdminSignInController.cs(383,51): warning CS8619: 型別 '?' 的值中參考型別可 Null 性與目標型別 'dynamic' 不符合。 [C:\Users\n2029\Desktop\GameSpace\GameSpace\GameSpace\GameSpace.csproj]
C:\Users\n2029\Desktop\GameSpace\GameSpace\GameSpace\Areas\MiniGame\Controllers\AdminSignInController.cs(384,42): warning CS8619: 型別 '?' 的值中參考型別可 Null 性與目標型別 'dynamic' 不符合。 [C:\Users\n2029\Desktop\GameSpace\GameSpace\GameSpace\GameSpace.csproj]
C:\Users\n2029\Desktop\GameSpace\GameSpace\GameSpace\Areas\MiniGame\Services\SignInService.cs(272,45): error CS1061: 'GameSpacedatabaseContext' 未包含 'User_SignInStats' 的定義，也找不到可接受類型 'GameSpacedatabaseContext' 第一個引數的可存取擴充方法 'User_SignInStats' (是否遺漏 using 指示詞或組件參考?) [C:\Users\n2029\Desktop\GameSpace\GameSpace\GameSpace\GameSpace.csproj]
C:\Users\n2029\Desktop\GameSpace\GameSpace\GameSpace\Areas\MiniGame\Services\SignInService.cs(289,42): error CS1061: 'GameSpacedatabaseContext' 未包含 'User_SignInStats' 的定義，也找不到可接受類型 'GameSpacedatabaseContext' 第一個引數的可存取擴充方法 'User_SignInStats' (是否遺漏 using 指示詞或組件參考?) [C:\Users\n2029\Desktop\GameSpace\GameSpace\GameSpace\GameSpace.csproj]
C:\Users\n2029\Desktop\GameSpace\GameSpace\GameSpace\Areas\MiniGame\Controllers\AdminSignInController.cs(416,53): error CS1061: 'UserSignInStats' 未包含 'Users' 的定義，也找不到可接受類型 'UserSignInStats' 第一個引數的可存取擴充方法 'Users' (是否遺漏 using 指示詞或組件參考?) [C:\Users\n2029\Desktop\GameSpace\GameSpace\GameSpace\GameSpace.csproj]
C:\Users\n2029\Desktop\GameSpace\GameSpace\GameSpace\Areas\MiniGame\Controllers\AdminSignInController.cs(436,37): warning CS8619: 型別 '?' 的值中參考型別可 Null 性與目標型別 'dynamic' 不符合。 [C:\Users\n2029\Desktop\GameSpace\GameSpace\GameSpace\GameSpace.csproj]
C:\Users\n2029\Desktop\GameSpace\GameSpace\GameSpace\Areas\MiniGame\Controllers\AdminSignInController.cs(437,38): warning CS8619: 型別 '?' 的值中參考型別可 Null 性與目標型別 'dynamic' 不符合。 [C:\Users\n2029\Desktop\GameSpace\GameSpace\GameSpace\GameSpace.csproj]
C:\Users\n2029\Desktop\GameSpace\GameSpace\GameSpace\Areas\MiniGame\Services\SignInService.cs(303,43): error CS1061: 'GameSpacedatabaseContext' 未包含 'User_SignInStats' 的定義，也找不到可接受類型 'GameSpacedatabaseContext' 第一個引數的可存取擴充方法 'User_SignInStats' (是否遺漏 using 指示詞或組件參考?) [C:\Users\n2029\Desktop\GameSpace\GameSpace\GameSpace\GameSpace.csproj]
C:\Users\n2029\Desktop\GameSpace\GameSpace\GameSpace\Areas\MiniGame\Services\SignInService.cs(325,35): error CS1061: 'GameSpacedatabaseContext' 未包含 'SignInRules' 的定義，也找不到可接受類型 'GameSpacedatabaseContext' 第一個引數的可存取擴充方法 'SignInRules' (是否遺漏 using 指示詞或組件參考?) [C:\Users\n2029\Desktop\GameSpace\GameSpace\GameSpace\GameSpace.csproj]
C:\Users\n2029\Desktop\GameSpace\GameSpace\GameSpace\Areas\MiniGame\Services\SignInService.cs(332,35): error CS1061: 'GameSpacedatabaseContext' 未包含 'SignInRules' 的定義，也找不到可接受類型 'GameSpacedatabaseContext' 第一個引數的可存取擴充方法 'SignInRules' (是否遺漏 using 指示詞或組件參考?) [C:\Users\n2029\Desktop\GameSpace\GameSpace\GameSpace\GameSpace.csproj]
C:\Users\n2029\Desktop\GameSpace\GameSpace\GameSpace\Areas\MiniGame\Services\SignInService.cs(341,26): error CS1061: 'GameSpacedatabaseContext' 未包含 'SignInRules' 的定義，也找不到可接受類型 'GameSpacedatabaseContext' 第一個引數的可存取擴充方法 'SignInRules' (是否遺漏 using 指示詞或組件參考?) [C:\Users\n2029\Desktop\GameSpace\GameSpace\GameSpace\GameSpace.csproj]
C:\Users\n2029\Desktop\GameSpace\GameSpace\GameSpace\Areas\MiniGame\Services\SignInService.cs(356,26): error CS1061: 'GameSpacedatabaseContext' 未包含 'SignInRules' 的定義，也找不到可接受類型 'GameSpacedatabaseContext' 第一個引數的可存取擴充方法 'SignInRules' (是否遺漏 using 指示詞或組件參考?) [C:\Users\n2029\Desktop\GameSpace\GameSpace\GameSpace\GameSpace.csproj]
C:\Users\n2029\Desktop\GameSpace\GameSpace\GameSpace\Areas\MiniGame\Services\SignInService.cs(373,26): error CS1061: 'GameSpacedatabaseContext' 未包含 'SignInRules' 的定義，也找不到可接受類型 'GameSpacedatabaseContext' 第一個引數的可存取擴充方法 'SignInRules' (是否遺漏 using 指示詞或組件參考?) [C:\Users\n2029\Desktop\GameSpace\GameSpace\GameSpace\GameSpace.csproj]
C:\Users\n2029\Desktop\GameSpace\GameSpace\GameSpace\Areas\MiniGame\Controllers\AdminSignInController.cs(457,31): error CS1061: 'UserSignInStats' 未包含 'SignInTime' 的定義，也找不到可接受類型 'UserSignInStats' 第一個引數的可存取擴充方法 'SignInTime' (是否遺漏 using 指示詞或組件參考?) [C:\Users\n2029\Desktop\GameSpace\GameSpace\GameSpace\GameSpace.csproj]
C:\Users\n2029\Desktop\GameSpace\GameSpace\GameSpace\Areas\MiniGame\Controllers\AdminSignInController.cs(457,60): error CS1061: 'UserSignInStats' 未包含 'SignInTime' 的定義，也找不到可接受類型 'UserSignInStats' 第一個引數的可存取擴充方法 'SignInTime' (是否遺漏 using 指示詞或組件參考?) [C:\Users\n2029\Desktop\GameSpace\GameSpace\GameSpace\GameSpace.csproj]
C:\Users\n2029\Desktop\GameSpace\GameSpace\GameSpace\Areas\MiniGame\Services\PointsSettingsStatisticsService.cs(29,82): error CS1061: 'UserWallet' 未包含 'Points' 的定義，也找不到可接受類型 'UserWallet' 第一個引數的可存取擴充方法 'Points' (是否遺漏 using 指示詞或組件參考?) [C:\Users\n2029\Desktop\GameSpace\GameSpace\GameSpace\GameSpace.csproj]
C:\Users\n2029\Desktop\GameSpace\GameSpace\GameSpace\Areas\MiniGame\Services\PointsSettingsStatisticsService.cs(30,96): error CS1061: 'UserWallet' 未包含 'Points' 的定義，也找不到可接受類型 'UserWallet' 第一個引數的可存取擴充方法 'Points' (是否遺漏 using 指示詞或組件參考?) [C:\Users\n2029\Desktop\GameSpace\GameSpace\GameSpace\GameSpace.csproj]
C:\Users\n2029\Desktop\GameSpace\GameSpace\GameSpace\Areas\MiniGame\Services\PointsSettingsStatisticsService.cs(31,80): error CS1061: 'UserWallet' 未包含 'Points' 的定義，也找不到可接受類型 'UserWallet' 第一個引數的可存取擴充方法 'Points' (是否遺漏 using 指示詞或組件參考?) [C:\Users\n2029\Desktop\GameSpace\GameSpace\GameSpace\GameSpace.csproj]
C:\Users\n2029\Desktop\GameSpace\GameSpace\GameSpace\Areas\MiniGame\Services\PointsSettingsStatisticsService.cs(32,80): error CS1061: 'UserWallet' 未包含 'Points' 的定義，也找不到可接受類型 'UserWallet' 第一個引數的可存取擴充方法 'Points' (是否遺漏 using 指示詞或組件參考?) [C:\Users\n2029\Desktop\GameSpace\GameSpace\GameSpace\GameSpace.csproj]
C:\Users\n2029\Desktop\GameSpace\GameSpace\GameSpace\Areas\MiniGame\Controllers\AdminSignInController.cs(503,31): error CS1061: 'UserSignInStats' 未包含 'SignInTime' 的定義，也找不到可接受類型 'UserSignInStats' 第一個引數的可存取擴充方法 'SignInTime' (是否遺漏 using 指示詞或組件參考?) [C:\Users\n2029\Desktop\GameSpace\GameSpace\GameSpace\GameSpace.csproj]
C:\Users\n2029\Desktop\GameSpace\GameSpace\GameSpace\Areas\MiniGame\Controllers\AdminSignInController.cs(503,76): error CS1061: 'UserSignInStats' 未包含 'SignInTime' 的定義，也找不到可接受類型 'UserSignInStats' 第一個引數的可存取擴充方法 'SignInTime' (是否遺漏 using 指示詞或組件參考?) [C:\Users\n2029\Desktop\GameSpace\GameSpace\GameSpace\GameSpace.csproj]
C:\Users\n2029\Desktop\GameSpace\GameSpace\GameSpace\Areas\MiniGame\Services\PointsSettingsStatisticsService.cs(50,79): error CS1061: 'UserWallet' 未包含 'Points' 的定義，也找不到可接受類型 'UserWallet' 第一個引數的可存取擴充方法 'Points' (是否遺漏 using 指示詞或組件參考?) [C:\Users\n2029\Desktop\GameSpace\GameSpace\GameSpace\GameSpace.csproj]
C:\Users\n2029\Desktop\GameSpace\GameSpace\GameSpace\Areas\MiniGame\Services\PointsSettingsStatisticsService.cs(50,96): error CS1061: 'UserWallet' 未包含 'Points' 的定義，也找不到可接受類型 'UserWallet' 第一個引數的可存取擴充方法 'Points' (是否遺漏 using 指示詞或組件參考?) [C:\Users\n2029\Desktop\GameSpace\GameSpace\GameSpace\GameSpace.csproj]
C:\Users\n2029\Desktop\GameSpace\GameSpace\GameSpace\Areas\MiniGame\Services\PointsSettingsStatisticsService.cs(51,82): error CS1061: 'UserWallet' 未包含 'Points' 的定義，也找不到可接受類型 'UserWallet' 第一個引數的可存取擴充方法 'Points' (是否遺漏 using 指示詞或組件參考?) [C:\Users\n2029\Desktop\GameSpace\GameSpace\GameSpace\GameSpace.csproj]
C:\Users\n2029\Desktop\GameSpace\GameSpace\GameSpace\Areas\MiniGame\Services\PointsSettingsStatisticsService.cs(51,102): error CS1061: 'UserWallet' 未包含 'Points' 的定義，也找不到可接受類型 'UserWallet' 第一個引數的可存取擴充方法 'Points' (是否遺漏 using 指示詞或組件參考?) [C:\Users\n2029\Desktop\GameSpace\GameSpace\GameSpace\GameSpace.csproj]
C:\Users\n2029\Desktop\GameSpace\GameSpace\GameSpace\Areas\MiniGame\Services\PointsSettingsStatisticsService.cs(52,83): error CS1061: 'UserWallet' 未包含 'Points' 的定義，也找不到可接受類型 'UserWallet' 第一個引數的可存取擴充方法 'Points' (是否遺漏 using 指示詞或組件參考?) [C:\Users\n2029\Desktop\GameSpace\GameSpace\GameSpace\GameSpace.csproj]
C:\Users\n2029\Desktop\GameSpace\GameSpace\GameSpace\Areas\MiniGame\Services\PointsSettingsStatisticsService.cs(52,103): error CS1061: 'UserWallet' 未包含 'Points' 的定義，也找不到可接受類型 'UserWallet' 第一個引數的可存取擴充方法 'Points' (是否遺漏 using 指示詞或組件參考?) [C:\Users\n2029\Desktop\GameSpace\GameSpace\GameSpace\GameSpace.csproj]
C:\Users\n2029\Desktop\GameSpace\GameSpace\GameSpace\Areas\MiniGame\Services\PointsSettingsStatisticsService.cs(53,79): error CS1061: 'UserWallet' 未包含 'Points' 的定義，也找不到可接受類型 'UserWallet' 第一個引數的可存取擴充方法 'Points' (是否遺漏 using 指示詞或組件參考?) [C:\Users\n2029\Desktop\GameSpace\GameSpace\GameSpace\GameSpace.csproj]
C:\Users\n2029\Desktop\GameSpace\GameSpace\GameSpace\Areas\MiniGame\Services\PointsSettingsStatisticsService.cs(65,52): warning CS1998: 這個非同步方法缺少 'await' 運算子，因此將以同步方式執行。請考慮使用 'await' 運算子等候未封鎖的應用程式開發介面呼叫，或使用 'await Task.Run(...)' 在背景執行緒上執行 CPU-bound 工作。 [C:\Users\n2029\Desktop\GameSpace\GameSpace\GameSpace\GameSpace.csproj]
C:\Users\n2029\Desktop\GameSpace\GameSpace\GameSpace\Areas\MiniGame\Services\PetService.cs(20,33): error CS1061: 'Pet' 未包含 'Users' 的定義，也找不到可接受類型 'Pet' 第一個引數的可存取擴充方法 'Users' (是否遺漏 using 指示詞或組件參考?) [C:\Users\n2029\Desktop\GameSpace\GameSpace\GameSpace\GameSpace.csproj]
C:\Users\n2029\Desktop\GameSpace\GameSpace\GameSpace\Areas\MiniGame\Services\PetService.cs(28,33): error CS1061: 'Pet' 未包含 'Users' 的定義，也找不到可接受類型 'Pet' 第一個引數的可存取擴充方法 'Users' (是否遺漏 using 指示詞或組件參考?) [C:\Users\n2029\Desktop\GameSpace\GameSpace\GameSpace\GameSpace.csproj]
C:\Users\n2029\Desktop\GameSpace\GameSpace\GameSpace\Areas\MiniGame\Services\PetService.cs(35,33): error CS1061: 'Pet' 未包含 'Users' 的定義，也找不到可接受類型 'Pet' 第一個引數的可存取擴充方法 'Users' (是否遺漏 using 指示詞或組件參考?) [C:\Users\n2029\Desktop\GameSpace\GameSpace\GameSpace\GameSpace.csproj]
C:\Users\n2029\Desktop\GameSpace\GameSpace\GameSpace\Areas\MiniGame\Controllers\AdminSignInController.cs(550,58): error CS1061: 'UserSignInStats' 未包含 'SignInTime' 的定義，也找不到可接受類型 'UserSignInStats' 第一個引數的可存取擴充方法 'SignInTime' (是否遺漏 using 指示詞或組件參考?) [C:\Users\n2029\Desktop\GameSpace\GameSpace\GameSpace\GameSpace.csproj]
C:\Users\n2029\Desktop\GameSpace\GameSpace\GameSpace\Areas\MiniGame\Controllers\AdminSignInController.cs(550,106): error CS1061: 'UserSignInStats' 未包含 'SignInTime' 的定義，也找不到可接受類型 'UserSignInStats' 第一個引數的可存取擴充方法 'SignInTime' (是否遺漏 using 指示詞或組件參考?) [C:\Users\n2029\Desktop\GameSpace\GameSpace\GameSpace\GameSpace.csproj]
C:\Users\n2029\Desktop\GameSpace\GameSpace\GameSpace\Areas\MiniGame\Controllers\AdminSignInController.cs(551,58): error CS1061: 'UserSignInStats' 未包含 'SignInTime' 的定義，也找不到可接受類型 'UserSignInStats' 第一個引數的可存取擴充方法 'SignInTime' (是否遺漏 using 指示詞或組件參考?) [C:\Users\n2029\Desktop\GameSpace\GameSpace\GameSpace\GameSpace.csproj]
C:\Users\n2029\Desktop\GameSpace\GameSpace\GameSpace\Areas\MiniGame\Controllers\AdminSignInController.cs(551,106): error CS1061: 'UserSignInStats' 未包含 'SignInTime' 的定義，也找不到可接受類型 'UserSignInStats' 第一個引數的可存取擴充方法 'SignInTime' (是否遺漏 using 指示詞或組件參考?) [C:\Users\n2029\Desktop\GameSpace\GameSpace\GameSpace\GameSpace.csproj]
C:\Users\n2029\Desktop\GameSpace\GameSpace\GameSpace\Areas\MiniGame\Views\Shared\_Layout.cshtml(113,10): error CS0103: 名稱 'keyframes' 不存在於目前的內容中 [C:\Users\n2029\Desktop\GameSpace\GameSpace\GameSpace\GameSpace.csproj]
C:\Users\n2029\Desktop\GameSpace\GameSpace\GameSpace\Areas\MiniGame\Views\Settings\PetBackgroundChangeSettings\Index.cshtml(76,103): error CS1061: 'PetBackgroundChangeSettingsViewModel' 未包含 'BackgroundColor' 的定義，也找不到可接受類型 'PetBackgroundChangeSettingsViewModel' 第一個引數的可存取擴充方法 'BackgroundColor' (是否遺漏 using 指示詞或組件參考?) [C:\Users\n2029\Desktop\GameSpace\GameSpace\GameSpace\GameSpace.csproj]
C:\Users\n2029\Desktop\GameSpace\GameSpace\GameSpace\Areas\MiniGame\Views\Settings\PetBackgroundChangeSettings\Index.cshtml(77,51): error CS1061: 'PetBackgroundChangeSettingsViewModel' 未包含 'BackgroundColor' 的定義，也找不到可接受類型 'PetBackgroundChangeSettingsViewModel' 第一個引數的可存取擴充方法 'BackgroundColor' (是否遺漏 using 指示詞或組件參考?) [C:\Users\n2029\Desktop\GameSpace\GameSpace\GameSpace\GameSpace.csproj]
C:\Users\n2029\Desktop\GameSpace\GameSpace\GameSpace\Areas\MiniGame\Views\Settings\PetBackgroundChangeSettings\Index.cshtml(80,47): error CS1061: 'PetBackgroundChangeSettingsViewModel' 未包含 'PointsRequired' 的定義，也找不到可接受類型 'PetBackgroundChangeSettingsViewModel' 第一個引數的可存取擴充方法 'PointsRequired' (是否遺漏 using 指示詞或組件參考?) [C:\Users\n2029\Desktop\GameSpace\GameSpace\GameSpace\GameSpace.csproj]
C:\Users\n2029\Desktop\GameSpace\GameSpace\GameSpace\Areas\MiniGame\Views\Settings\PetBackgroundChangeSettings\Index.cshtml(92,57): error CS1501: 方法 'ToString' 沒有任何多載使用 1 個引數 [C:\Users\n2029\Desktop\GameSpace\GameSpace\GameSpace\GameSpace.csproj]
C:\Users\n2029\Desktop\GameSpace\GameSpace\GameSpace\Areas\MiniGame\Views\Settings\PetBackgroundChangeSettings\Delete.cshtml(45,84): error CS1061: 'PetBackgroundChangeSettingsViewModel' 未包含 'BackgroundColor' 的定義，也找不到可接受類型 'PetBackgroundChangeSettingsViewModel' 第一個引數的可存取擴充方法 'BackgroundColor' (是否遺漏 using 指示詞或組件參考?) [C:\Users\n2029\Desktop\GameSpace\GameSpace\GameSpace\GameSpace.csproj]
C:\Users\n2029\Desktop\GameSpace\GameSpace\GameSpace\Areas\MiniGame\Views\Settings\PetBackgroundChangeSettings\Delete.cshtml(46,32): error CS1061: 'PetBackgroundChangeSettingsViewModel' 未包含 'BackgroundColor' 的定義，也找不到可接受類型 'PetBackgroundChangeSettingsViewModel' 第一個引數的可存取擴充方法 'BackgroundColor' (是否遺漏 using 指示詞或組件參考?) [C:\Users\n2029\Desktop\GameSpace\GameSpace\GameSpace\GameSpace.csproj]
C:\Users\n2029\Desktop\GameSpace\GameSpace\GameSpace\Areas\MiniGame\Views\Settings\PetBackgroundChangeSettings\Delete.cshtml(51,45): error CS1061: 'PetBackgroundChangeSettingsViewModel' 未包含 'PointsRequired' 的定義，也找不到可接受類型 'PetBackgroundChangeSettingsViewModel' 第一個引數的可存取擴充方法 'PointsRequired' (是否遺漏 using 指示詞或組件參考?) [C:\Users\n2029\Desktop\GameSpace\GameSpace\GameSpace\GameSpace.csproj]
C:\Users\n2029\Desktop\GameSpace\GameSpace\GameSpace\Areas\MiniGame\Services\PetService.cs(221,21): error CS1061: 'Pet' 未包含 'PointsGained_LevelUp' 的定義，也找不到可接受類型 'Pet' 第一個引數的可存取擴充方法 'PointsGained_LevelUp' (是否遺漏 using 指示詞或組件參考?) [C:\Users\n2029\Desktop\GameSpace\GameSpace\GameSpace\GameSpace.csproj]
C:\Users\n2029\Desktop\GameSpace\GameSpace\GameSpace\Areas\MiniGame\Services\PetService.cs(222,21): error CS1061: 'Pet' 未包含 'PointsGainedTime_LevelUp' 的定義，也找不到可接受類型 'Pet' 第一個引數的可存取擴充方法 'PointsGainedTime_LevelUp' (是否遺漏 using 指示詞或組件參考?) [C:\Users\n2029\Desktop\GameSpace\GameSpace\GameSpace\GameSpace.csproj]
C:\Users\n2029\Desktop\GameSpace\GameSpace\GameSpace\Areas\MiniGame\Services\PetService.cs(225,45): error CS1061: 'GameSpacedatabaseContext' 未包含 'User_Wallet' 的定義，也找不到可接受類型 'GameSpacedatabaseContext' 第一個引數的可存取擴充方法 'User_Wallet' (是否遺漏 using 指示詞或組件參考?) [C:\Users\n2029\Desktop\GameSpace\GameSpace\GameSpace\GameSpace.csproj]
C:\Users\n2029\Desktop\GameSpace\GameSpace\GameSpace\Areas\MiniGame\Services\PetService.cs(225,99): error CS1061: 'Pet' 未包含 'UserID' 的定義，也找不到可接受類型 'Pet' 第一個引數的可存取擴充方法 'UserID' (是否遺漏 using 指示詞或組件參考?) [C:\Users\n2029\Desktop\GameSpace\GameSpace\GameSpace\GameSpace.csproj]
C:\Users\n2029\Desktop\GameSpace\GameSpace\GameSpace\Areas\MiniGame\Services\PetService.cs(240,32): warning CS1998: 這個非同步方法缺少 'await' 運算子，因此將以同步方式執行。請考慮使用 'await' 運算子等候未封鎖的應用程式開發介面呼叫，或使用 'await Task.Run(...)' 在背景執行緒上執行 CPU-bound 工作。 [C:\Users\n2029\Desktop\GameSpace\GameSpace\GameSpace\GameSpace.csproj]
C:\Users\n2029\Desktop\GameSpace\GameSpace\GameSpace\Areas\MiniGame\Services\PetService.cs(256,45): error CS1061: 'GameSpacedatabaseContext' 未包含 'User_Wallet' 的定義，也找不到可接受類型 'GameSpacedatabaseContext' 第一個引數的可存取擴充方法 'User_Wallet' (是否遺漏 using 指示詞或組件參考?) [C:\Users\n2029\Desktop\GameSpace\GameSpace\GameSpace\GameSpace.csproj]
C:\Users\n2029\Desktop\GameSpace\GameSpace\GameSpace\Areas\MiniGame\Services\PetService.cs(256,99): error CS1061: 'Pet' 未包含 'UserID' 的定義，也找不到可接受類型 'Pet' 第一個引數的可存取擴充方法 'UserID' (是否遺漏 using 指示詞或組件參考?) [C:\Users\n2029\Desktop\GameSpace\GameSpace\GameSpace\GameSpace.csproj]
C:\Users\n2029\Desktop\GameSpace\GameSpace\GameSpace\Areas\MiniGame\Services\PetService.cs(265,21): error CS1061: 'Pet' 未包含 'PointsChanged_SkinColor' 的定義，也找不到可接受類型 'Pet' 第一個引數的可存取擴充方法 'PointsChanged_SkinColor' (是否遺漏 using 指示詞或組件參考?) [C:\Users\n2029\Desktop\GameSpace\GameSpace\GameSpace\GameSpace.csproj]
C:\Users\n2029\Desktop\GameSpace\GameSpace\GameSpace\Areas\MiniGame\Services\PetService.cs(270,21): error CS0117: 'WalletHistory' 未包含 'UserID' 的定義 [C:\Users\n2029\Desktop\GameSpace\GameSpace\GameSpace\GameSpace.csproj]
C:\Users\n2029\Desktop\GameSpace\GameSpace\GameSpace\Areas\MiniGame\Services\PetService.cs(270,34): error CS1061: 'Pet' 未包含 'UserID' 的定義，也找不到可接受類型 'Pet' 第一個引數的可存取擴充方法 'UserID' (是否遺漏 using 指示詞或組件參考?) [C:\Users\n2029\Desktop\GameSpace\GameSpace\GameSpace\GameSpace.csproj]
C:\Users\n2029\Desktop\GameSpace\GameSpace\GameSpace\Areas\MiniGame\Services\PetService.cs(277,26): error CS1061: 'GameSpacedatabaseContext' 未包含 'WalletHistory' 的定義，也找不到可接受類型 'GameSpacedatabaseContext' 第一個引數的可存取擴充方法 'WalletHistory' (是否遺漏 using 指示詞或組件參考?) [C:\Users\n2029\Desktop\GameSpace\GameSpace\GameSpace\GameSpace.csproj]
C:\Users\n2029\Desktop\GameSpace\GameSpace\GameSpace\Areas\MiniGame\Services\PetService.cs(296,45): error CS1061: 'GameSpacedatabaseContext' 未包含 'User_Wallet' 的定義，也找不到可接受類型 'GameSpacedatabaseContext' 第一個引數的可存取擴充方法 'User_Wallet' (是否遺漏 using 指示詞或組件參考?) [C:\Users\n2029\Desktop\GameSpace\GameSpace\GameSpace\GameSpace.csproj]
C:\Users\n2029\Desktop\GameSpace\GameSpace\GameSpace\Areas\MiniGame\Services\PetService.cs(296,99): error CS1061: 'Pet' 未包含 'UserID' 的定義，也找不到可接受類型 'Pet' 第一個引數的可存取擴充方法 'UserID' (是否遺漏 using 指示詞或組件參考?) [C:\Users\n2029\Desktop\GameSpace\GameSpace\GameSpace\GameSpace.csproj]
C:\Users\n2029\Desktop\GameSpace\GameSpace\GameSpace\Areas\MiniGame\Services\PetService.cs(305,21): error CS1061: 'Pet' 未包含 'PointsChanged_BackgroundColor' 的定義，也找不到可接受類型 'Pet' 第一個引數的可存取擴充方法 'PointsChanged_BackgroundColor' (是否遺漏 using 指示詞或組件參考?) [C:\Users\n2029\Desktop\GameSpace\GameSpace\GameSpace\GameSpace.csproj]
C:\Users\n2029\Desktop\GameSpace\GameSpace\GameSpace\Areas\MiniGame\Services\PetService.cs(310,21): error CS0117: 'WalletHistory' 未包含 'UserID' 的定義 [C:\Users\n2029\Desktop\GameSpace\GameSpace\GameSpace\GameSpace.csproj]
C:\Users\n2029\Desktop\GameSpace\GameSpace\GameSpace\Areas\MiniGame\Services\PetService.cs(310,34): error CS1061: 'Pet' 未包含 'UserID' 的定義，也找不到可接受類型 'Pet' 第一個引數的可存取擴充方法 'UserID' (是否遺漏 using 指示詞或組件參考?) [C:\Users\n2029\Desktop\GameSpace\GameSpace\GameSpace\GameSpace.csproj]
C:\Users\n2029\Desktop\GameSpace\GameSpace\GameSpace\Areas\MiniGame\Services\PetService.cs(317,26): error CS1061: 'GameSpacedatabaseContext' 未包含 'WalletHistory' 的定義，也找不到可接受類型 'GameSpacedatabaseContext' 第一個引數的可存取擴充方法 'WalletHistory' (是否遺漏 using 指示詞或組件參考?) [C:\Users\n2029\Desktop\GameSpace\GameSpace\GameSpace\GameSpace.csproj]
C:\Users\n2029\Desktop\GameSpace\GameSpace\GameSpace\Areas\MiniGame\Services\PetService.cs(332,33): error CS1061: 'PetColorOption' 未包含 'DisplayOrder' 的定義，也找不到可接受類型 'PetColorOption' 第一個引數的可存取擴充方法 'DisplayOrder' (是否遺漏 using 指示詞或組件參考?) [C:\Users\n2029\Desktop\GameSpace\GameSpace\GameSpace\GameSpace.csproj]
C:\Users\n2029\Desktop\GameSpace\GameSpace\GameSpace\Areas\MiniGame\Views\Settings\PetBackgroundChangeSettings\Edit.cshtml(39,37): error CS1061: 'PetBackgroundChangeSettingsViewModel' 未包含 'BackgroundColor' 的定義，也找不到可接受類型 'PetBackgroundChangeSettingsViewModel' 第一個引數的可存取擴充方法 'BackgroundColor' (是否遺漏 using 指示詞或組件參考?) [C:\Users\n2029\Desktop\GameSpace\GameSpace\GameSpace\GameSpace.csproj]
C:\Users\n2029\Desktop\GameSpace\GameSpace\GameSpace\Areas\MiniGame\Views\Settings\PetBackgroundChangeSettings\Edit.cshtml(40,37): error CS1061: 'PetBackgroundChangeSettingsViewModel' 未包含 'BackgroundColor' 的定義，也找不到可接受類型 'PetBackgroundChangeSettingsViewModel' 第一個引數的可存取擴充方法 'BackgroundColor' (是否遺漏 using 指示詞或組件參考?) [C:\Users\n2029\Desktop\GameSpace\GameSpace\GameSpace\GameSpace.csproj]
C:\Users\n2029\Desktop\GameSpace\GameSpace\GameSpace\Areas\MiniGame\Views\Settings\PetBackgroundChangeSettings\Edit.cshtml(41,47): error CS1061: 'PetBackgroundChangeSettingsViewModel' 未包含 'BackgroundColor' 的定義，也找不到可接受類型 'PetBackgroundChangeSettingsViewModel' 第一個引數的可存取擴充方法 'BackgroundColor' (是否遺漏 using 指示詞或組件參考?) [C:\Users\n2029\Desktop\GameSpace\GameSpace\GameSpace\GameSpace.csproj]
C:\Users\n2029\Desktop\GameSpace\GameSpace\GameSpace\Areas\MiniGame\Views\Settings\PetBackgroundChangeSettings\Edit.cshtml(45,37): error CS1061: 'PetBackgroundChangeSettingsViewModel' 未包含 'PointsRequired' 的定義，也找不到可接受類型 'PetBackgroundChangeSettingsViewModel' 第一個引數的可存取擴充方法 'PointsRequired' (是否遺漏 using 指示詞或組件參考?) [C:\Users\n2029\Desktop\GameSpace\GameSpace\GameSpace\GameSpace.csproj]
C:\Users\n2029\Desktop\GameSpace\GameSpace\GameSpace\Areas\MiniGame\Views\Settings\PetBackgroundChangeSettings\Edit.cshtml(46,37): error CS1061: 'PetBackgroundChangeSettingsViewModel' 未包含 'PointsRequired' 的定義，也找不到可接受類型 'PetBackgroundChangeSettingsViewModel' 第一個引數的可存取擴充方法 'PointsRequired' (是否遺漏 using 指示詞或組件參考?) [C:\Users\n2029\Desktop\GameSpace\GameSpace\GameSpace\GameSpace.csproj]
C:\Users\n2029\Desktop\GameSpace\GameSpace\GameSpace\Areas\MiniGame\Views\Settings\PetBackgroundChangeSettings\Edit.cshtml(47,47): error CS1061: 'PetBackgroundChangeSettingsViewModel' 未包含 'PointsRequired' 的定義，也找不到可接受類型 'PetBackgroundChangeSettingsViewModel' 第一個引數的可存取擴充方法 'PointsRequired' (是否遺漏 using 指示詞或組件參考?) [C:\Users\n2029\Desktop\GameSpace\GameSpace\GameSpace\GameSpace.csproj]
C:\Users\n2029\Desktop\GameSpace\GameSpace\GameSpace\Areas\MiniGame\Views\Settings\PetBackgroundChangeSettings\Create.cshtml(38,37): error CS1061: 'PetBackgroundChangeSettingsViewModel' 未包含 'BackgroundColor' 的定義，也找不到可接受類型 'PetBackgroundChangeSettingsViewModel' 第一個引數的可存取擴充方法 'BackgroundColor' (是否遺漏 using 指示詞或組件參考?) [C:\Users\n2029\Desktop\GameSpace\GameSpace\GameSpace\GameSpace.csproj]
C:\Users\n2029\Desktop\GameSpace\GameSpace\GameSpace\Areas\MiniGame\Views\Settings\PetBackgroundChangeSettings\Create.cshtml(39,37): error CS1061: 'PetBackgroundChangeSettingsViewModel' 未包含 'BackgroundColor' 的定義，也找不到可接受類型 'PetBackgroundChangeSettingsViewModel' 第一個引數的可存取擴充方法 'BackgroundColor' (是否遺漏 using 指示詞或組件參考?) [C:\Users\n2029\Desktop\GameSpace\GameSpace\GameSpace\GameSpace.csproj]
C:\Users\n2029\Desktop\GameSpace\GameSpace\GameSpace\Areas\MiniGame\Views\Settings\PetBackgroundChangeSettings\Create.cshtml(40,47): error CS1061: 'PetBackgroundChangeSettingsViewModel' 未包含 'BackgroundColor' 的定義，也找不到可接受類型 'PetBackgroundChangeSettingsViewModel' 第一個引數的可存取擴充方法 'BackgroundColor' (是否遺漏 using 指示詞或組件參考?) [C:\Users\n2029\Desktop\GameSpace\GameSpace\GameSpace\GameSpace.csproj]
C:\Users\n2029\Desktop\GameSpace\GameSpace\GameSpace\Areas\MiniGame\Views\Settings\PetBackgroundChangeSettings\Create.cshtml(44,37): error CS1061: 'PetBackgroundChangeSettingsViewModel' 未包含 'PointsRequired' 的定義，也找不到可接受類型 'PetBackgroundChangeSettingsViewModel' 第一個引數的可存取擴充方法 'PointsRequired' (是否遺漏 using 指示詞或組件參考?) [C:\Users\n2029\Desktop\GameSpace\GameSpace\GameSpace\GameSpace.csproj]
C:\Users\n2029\Desktop\GameSpace\GameSpace\GameSpace\Areas\MiniGame\Views\Settings\PetBackgroundChangeSettings\Create.cshtml(45,37): error CS1061: 'PetBackgroundChangeSettingsViewModel' 未包含 'PointsRequired' 的定義，也找不到可接受類型 'PetBackgroundChangeSettingsViewModel' 第一個引數的可存取擴充方法 'PointsRequired' (是否遺漏 using 指示詞或組件參考?) [C:\Users\n2029\Desktop\GameSpace\GameSpace\GameSpace\GameSpace.csproj]
C:\Users\n2029\Desktop\GameSpace\GameSpace\GameSpace\Areas\MiniGame\Views\Settings\PetBackgroundChangeSettings\Create.cshtml(46,47): error CS1061: 'PetBackgroundChangeSettingsViewModel' 未包含 'PointsRequired' 的定義，也找不到可接受類型 'PetBackgroundChangeSettingsViewModel' 第一個引數的可存取擴充方法 'PointsRequired' (是否遺漏 using 指示詞或組件參考?) [C:\Users\n2029\Desktop\GameSpace\GameSpace\GameSpace\GameSpace.csproj]
C:\Users\n2029\Desktop\GameSpace\GameSpace\GameSpace\Areas\MiniGame\Services\PetService.cs(346,17): error CS0117: 'PetBackgroundOption' 未包含 'BackgroundId' 的定義 [C:\Users\n2029\Desktop\GameSpace\GameSpace\GameSpace\GameSpace.csproj]
C:\Users\n2029\Desktop\GameSpace\GameSpace\GameSpace\Areas\MiniGame\Services\PetService.cs(349,17): error CS0117: 'PetBackgroundOption' 未包含 'RequiredPoints' 的定義 [C:\Users\n2029\Desktop\GameSpace\GameSpace\GameSpace\GameSpace.csproj]
C:\Users\n2029\Desktop\GameSpace\GameSpace\GameSpace\Areas\MiniGame\Services\PetService.cs(351,17): error CS0117: 'PetBackgroundOption' 未包含 'IsUnlocked' 的定義 [C:\Users\n2029\Desktop\GameSpace\GameSpace\GameSpace\GameSpace.csproj]
C:\Users\n2029\Desktop\GameSpace\GameSpace\GameSpace\Areas\MiniGame\Services\PetService.cs(348,28): warning CS8625: 無法將 null 常值轉換成不可為 Null 的參考型別。 [C:\Users\n2029\Desktop\GameSpace\GameSpace\GameSpace\GameSpace.csproj]
C:\Users\n2029\Desktop\GameSpace\GameSpace\GameSpace\Areas\MiniGame\Services\PetService.cs(371,44): error CS1061: 'Pet' 未包含 'PointsChanged_SkinColor' 的定義，也找不到可接受類型 'Pet' 第一個引數的可存取擴充方法 'PointsChanged_SkinColor' (是否遺漏 using 指示詞或組件參考?) [C:\Users\n2029\Desktop\GameSpace\GameSpace\GameSpace\GameSpace.csproj]
C:\Users\n2029\Desktop\GameSpace\GameSpace\GameSpace\Areas\MiniGame\Services\PetService.cs(372,50): error CS1061: 'Pet' 未包含 'PointsChanged_BackgroundColor' 的定義，也找不到可接受類型 'Pet' 第一個引數的可存取擴充方法 'PointsChanged_BackgroundColor' (是否遺漏 using 指示詞或組件參考?) [C:\Users\n2029\Desktop\GameSpace\GameSpace\GameSpace\GameSpace.csproj]
C:\Users\n2029\Desktop\GameSpace\GameSpace\GameSpace\Areas\MiniGame\Services\PetService.cs(373,50): error CS1061: 'Pet' 未包含 'PointsGained_LevelUp' 的定義，也找不到可接受類型 'Pet' 第一個引數的可存取擴充方法 'PointsGained_LevelUp' (是否遺漏 using 指示詞或組件參考?) [C:\Users\n2029\Desktop\GameSpace\GameSpace\GameSpace\GameSpace.csproj]
C:\Users\n2029\Desktop\GameSpace\GameSpace\GameSpace\Areas\MiniGame\Services\PetService.cs(380,33): error CS1061: 'Pet' 未包含 'Users' 的定義，也找不到可接受類型 'Pet' 第一個引數的可存取擴充方法 'Users' (是否遺漏 using 指示詞或組件參考?) [C:\Users\n2029\Desktop\GameSpace\GameSpace\GameSpace\GameSpace.csproj]
C:\Users\n2029\Desktop\GameSpace\GameSpace\GameSpace\Areas\social_hub\Views\CsPermissions\Add.cshtml(39,60): warning CS8602: 可能 null 參考的取值 (dereference)。 [C:\Users\n2029\Desktop\GameSpace\GameSpace\GameSpace\GameSpace.csproj]
C:\Users\n2029\Desktop\GameSpace\GameSpace\GameSpace\Areas\MiniGame\Services\PetRulesService.cs(95,35): error CS1061: 'GameSpacedatabaseContext' 未包含 'PetSkinColorPointSettings' 的定義，也找不到可接受類型 'GameSpacedatabaseContext' 第一個引數的可存取擴充方法 'PetSkinColorPointSettings' (是否遺漏 using 指示詞或組件參考?) [C:\Users\n2029\Desktop\GameSpace\GameSpace\GameSpace\GameSpace.csproj]
C:\Users\n2029\Desktop\GameSpace\GameSpace\GameSpace\Areas\MiniGame\Services\PetRulesService.cs(102,35): error CS1061: 'GameSpacedatabaseContext' 未包含 'PetSkinColorPointSettings' 的定義，也找不到可接受類型 'GameSpacedatabaseContext' 第一個引數的可存取擴充方法 'PetSkinColorPointSettings' (是否遺漏 using 指示詞或組件參考?) [C:\Users\n2029\Desktop\GameSpace\GameSpace\GameSpace\GameSpace.csproj]
C:\Users\n2029\Desktop\GameSpace\GameSpace\GameSpace\Areas\MiniGame\Services\PetRulesService.cs(110,26): error CS1061: 'GameSpacedatabaseContext' 未包含 'PetSkinColorPointSettings' 的定義，也找不到可接受類型 'GameSpacedatabaseContext' 第一個引數的可存取擴充方法 'PetSkinColorPointSettings' (是否遺漏 using 指示詞或組件參考?) [C:\Users\n2029\Desktop\GameSpace\GameSpace\GameSpace\GameSpace.csproj]
C:\Users\n2029\Desktop\GameSpace\GameSpace\GameSpace\Areas\MiniGame\Services\PetRulesService.cs(123,28): error CS1061: 'PetSkinColorPointSettings' 未包含 'PointsCost' 的定義，也找不到可接受類型 'PetSkinColorPointSettings' 第一個引數的可存取擴充方法 'PointsCost' (是否遺漏 using 指示詞或組件參考?) [C:\Users\n2029\Desktop\GameSpace\GameSpace\GameSpace\GameSpace.csproj]
C:\Users\n2029\Desktop\GameSpace\GameSpace\GameSpace\Areas\MiniGame\Services\PetRulesService.cs(129,35): error CS1061: 'GameSpacedatabaseContext' 未包含 'PetBackgroundPointSettings' 的定義，也找不到可接受類型 'GameSpacedatabaseContext' 第一個引數的可存取擴充方法 'PetBackgroundPointSettings' (是否遺漏 using 指示詞或組件參考?) [C:\Users\n2029\Desktop\GameSpace\GameSpace\GameSpace\GameSpace.csproj]
C:\Users\n2029\Desktop\GameSpace\GameSpace\GameSpace\Areas\MiniGame\Services\PetRulesService.cs(136,35): error CS1061: 'GameSpacedatabaseContext' 未包含 'PetBackgroundPointSettings' 的定義，也找不到可接受類型 'GameSpacedatabaseContext' 第一個引數的可存取擴充方法 'PetBackgroundPointSettings' (是否遺漏 using 指示詞或組件參考?) [C:\Users\n2029\Desktop\GameSpace\GameSpace\GameSpace\GameSpace.csproj]
C:\Users\n2029\Desktop\GameSpace\GameSpace\GameSpace\Areas\MiniGame\Services\PetRulesService.cs(144,26): error CS1061: 'GameSpacedatabaseContext' 未包含 'PetBackgroundPointSettings' 的定義，也找不到可接受類型 'GameSpacedatabaseContext' 第一個引數的可存取擴充方法 'PetBackgroundPointSettings' (是否遺漏 using 指示詞或組件參考?) [C:\Users\n2029\Desktop\GameSpace\GameSpace\GameSpace\GameSpace.csproj]
C:\Users\n2029\Desktop\GameSpace\GameSpace\GameSpace\Areas\MiniGame\Services\PetRulesService.cs(157,28): error CS1061: 'PetBackgroundPointSettings' 未包含 'PointsCost' 的定義，也找不到可接受類型 'PetBackgroundPointSettings' 第一個引數的可存取擴充方法 'PointsCost' (是否遺漏 using 指示詞或組件參考?) [C:\Users\n2029\Desktop\GameSpace\GameSpace\GameSpace\GameSpace.csproj]
C:\Users\n2029\Desktop\GameSpace\GameSpace\GameSpace\Areas\MiniGame\Views\Permission\UserRights.cshtml(32,82): error CS0019: 運算子 '==' 不可套用至類型為 'string' 和 'int' 的運算元 [C:\Users\n2029\Desktop\GameSpace\GameSpace\GameSpace\GameSpace.csproj]
C:\Users\n2029\Desktop\GameSpace\GameSpace\GameSpace\Areas\MiniGame\Services\PetLevelUpRuleValidationService.cs(43,27): error CS1061: 'PetLevelUpRuleCreateViewModel' 未包含 'ExperienceRequired' 的定義，也找不到可接受類型 'PetLevelUpRuleCreateViewModel' 第一個引數的可存取擴充方法 'ExperienceRequired' (是否遺漏 using 指示詞或組件參考?) [C:\Users\n2029\Desktop\GameSpace\GameSpace\GameSpace\GameSpace.csproj]
C:\Users\n2029\Desktop\GameSpace\GameSpace\GameSpace\Areas\MiniGame\Services\PetLevelUpRuleValidationService.cs(55,27): error CS1061: 'PetLevelUpRuleCreateViewModel' 未包含 'ExpReward' 的定義，也找不到可接受類型 'PetLevelUpRuleCreateViewModel' 第一個引數的可存取擴充方法 'ExpReward' (是否遺漏 using 指示詞或組件參考?) [C:\Users\n2029\Desktop\GameSpace\GameSpace\GameSpace\GameSpace.csproj]
C:\Users\n2029\Desktop\GameSpace\GameSpace\GameSpace\Areas\MiniGame\Services\PetLevelUpRuleValidationService.cs(72,90): error CS1061: 'PetLevelUpRuleCreateViewModel' 未包含 'ExperienceRequired' 的定義，也找不到可接受類型 'PetLevelUpRuleCreateViewModel' 第一個引數的可存取擴充方法 'ExperienceRequired' (是否遺漏 using 指示詞或組件參考?) [C:\Users\n2029\Desktop\GameSpace\GameSpace\GameSpace\GameSpace.csproj]
C:\Users\n2029\Desktop\GameSpace\GameSpace\GameSpace\Areas\MiniGame\Services\PetLevelUpRuleValidationService.cs(72,136): error CS1061: 'PetLevelUpRuleCreateViewModel' 未包含 'ExpReward' 的定義，也找不到可接受類型 'PetLevelUpRuleCreateViewModel' 第一個引數的可存取擴充方法 'ExpReward' (是否遺漏 using 指示詞或組件參考?) [C:\Users\n2029\Desktop\GameSpace\GameSpace\GameSpace\GameSpace.csproj]
C:\Users\n2029\Desktop\GameSpace\GameSpace\GameSpace\Areas\MiniGame\Views\AdminWallet\UserWallet.cshtml(82,57): error CS1061: 'UserWallet' 未包含 'WalletId' 的定義，也找不到可接受類型 'UserWallet' 第一個引數的可存取擴充方法 'WalletId' (是否遺漏 using 指示詞或組件參考?) [C:\Users\n2029\Desktop\GameSpace\GameSpace\GameSpace\GameSpace.csproj]
C:\Users\n2029\Desktop\GameSpace\GameSpace\GameSpace\Areas\MiniGame\Views\AdminWallet\UserWallet.cshtml(84,77): error CS1061: 'UserWallet' 未包含 'TransactionType' 的定義，也找不到可接受類型 'UserWallet' 第一個引數的可存取擴充方法 'TransactionType' (是否遺漏 using 指示詞或組件參考?) [C:\Users\n2029\Desktop\GameSpace\GameSpace\GameSpace\GameSpace.csproj]
C:\Users\n2029\Desktop\GameSpace\GameSpace\GameSpace\Areas\MiniGame\Views\AdminWallet\UserWallet.cshtml(85,62): error CS1061: 'UserWallet' 未包含 'TransactionType' 的定義，也找不到可接受類型 'UserWallet' 第一個引數的可存取擴充方法 'TransactionType' (是否遺漏 using 指示詞或組件參考?) [C:\Users\n2029\Desktop\GameSpace\GameSpace\GameSpace\GameSpace.csproj]
C:\Users\n2029\Desktop\GameSpace\GameSpace\GameSpace\Areas\MiniGame\Views\AdminWallet\UserWallet.cshtml(88,65): error CS1061: 'UserWallet' 未包含 'TransactionType' 的定義，也找不到可接受類型 'UserWallet' 第一個引數的可存取擴充方法 'TransactionType' (是否遺漏 using 指示詞或組件參考?) [C:\Users\n2029\Desktop\GameSpace\GameSpace\GameSpace\GameSpace.csproj]
C:\Users\n2029\Desktop\GameSpace\GameSpace\GameSpace\Areas\MiniGame\Views\AdminWallet\UserWallet.cshtml(89,58): error CS1061: 'UserWallet' 未包含 'TransactionType' 的定義，也找不到可接受類型 'UserWallet' 第一個引數的可存取擴充方法 'TransactionType' (是否遺漏 using 指示詞或組件參考?) [C:\Users\n2029\Desktop\GameSpace\GameSpace\GameSpace\GameSpace.csproj]
C:\Users\n2029\Desktop\GameSpace\GameSpace\GameSpace\Areas\MiniGame\Views\AdminWallet\UserWallet.cshtml(89,104): error CS1061: 'UserWallet' 未包含 'Amount' 的定義，也找不到可接受類型 'UserWallet' 第一個引數的可存取擴充方法 'Amount' (是否遺漏 using 指示詞或組件參考?) [C:\Users\n2029\Desktop\GameSpace\GameSpace\GameSpace\GameSpace.csproj]
C:\Users\n2029\Desktop\GameSpace\GameSpace\GameSpace\Areas\MiniGame\Views\AdminWallet\UserWallet.cshtml(91,57): error CS1061: 'UserWallet' 未包含 'TransactionDate' 的定義，也找不到可接受類型 'UserWallet' 第一個引數的可存取擴充方法 'TransactionDate' (是否遺漏 using 指示詞或組件參考?) [C:\Users\n2029\Desktop\GameSpace\GameSpace\GameSpace\GameSpace.csproj]
C:\Users\n2029\Desktop\GameSpace\GameSpace\GameSpace\Areas\MiniGame\Views\AdminWallet\UserWallet.cshtml(92,57): error CS1061: 'UserWallet' 未包含 'Description' 的定義，也找不到可接受類型 'UserWallet' 第一個引數的可存取擴充方法 'Description' (是否遺漏 using 指示詞或組件參考?) [C:\Users\n2029\Desktop\GameSpace\GameSpace\GameSpace\GameSpace.csproj]
C:\Users\n2029\Desktop\GameSpace\GameSpace\GameSpace\Areas\MiniGame\Views\AdminWallet\UserWallet.cshtml(118,66): error CS1061: 'UserWallet' 未包含 'TransactionType' 的定義，也找不到可接受類型 'UserWallet' 第一個引數的可存取擴充方法 'TransactionType' (是否遺漏 using 指示詞或組件參考?) [C:\Users\n2029\Desktop\GameSpace\GameSpace\GameSpace\GameSpace.csproj]
C:\Users\n2029\Desktop\GameSpace\GameSpace\GameSpace\Areas\MiniGame\Views\AdminWallet\UserWallet.cshtml(127,65): error CS1061: 'UserWallet' 未包含 'TransactionType' 的定義，也找不到可接受類型 'UserWallet' 第一個引數的可存取擴充方法 'TransactionType' (是否遺漏 using 指示詞或組件參考?) [C:\Users\n2029\Desktop\GameSpace\GameSpace\GameSpace\GameSpace.csproj]
C:\Users\n2029\Desktop\GameSpace\GameSpace\GameSpace\Areas\MiniGame\Services\PetLevelUpRuleValidationService.cs(110,27): error CS1061: 'PetLevelUpRuleEditViewModel' 未包含 'ExperienceRequired' 的定義，也找不到可接受類型 'PetLevelUpRuleEditViewModel' 第一個引數的可存取擴充方法 'ExperienceRequired' (是否遺漏 using 指示詞或組件參考?) [C:\Users\n2029\Desktop\GameSpace\GameSpace\GameSpace\GameSpace.csproj]
C:\Users\n2029\Desktop\GameSpace\GameSpace\GameSpace\Areas\MiniGame\Services\PetLevelUpRuleValidationService.cs(122,27): error CS1061: 'PetLevelUpRuleEditViewModel' 未包含 'ExpReward' 的定義，也找不到可接受類型 'PetLevelUpRuleEditViewModel' 第一個引數的可存取擴充方法 'ExpReward' (是否遺漏 using 指示詞或組件參考?) [C:\Users\n2029\Desktop\GameSpace\GameSpace\GameSpace\GameSpace.csproj]
C:\Users\n2029\Desktop\GameSpace\GameSpace\GameSpace\Areas\MiniGame\Services\PetLevelUpRuleValidationService.cs(139,90): error CS1061: 'PetLevelUpRuleEditViewModel' 未包含 'ExperienceRequired' 的定義，也找不到可接受類型 'PetLevelUpRuleEditViewModel' 第一個引數的可存取擴充方法 'ExperienceRequired' (是否遺漏 using 指示詞或組件參考?) [C:\Users\n2029\Desktop\GameSpace\GameSpace\GameSpace\GameSpace.csproj]
C:\Users\n2029\Desktop\GameSpace\GameSpace\GameSpace\Areas\MiniGame\Services\PetLevelUpRuleValidationService.cs(139,136): error CS1061: 'PetLevelUpRuleEditViewModel' 未包含 'ExpReward' 的定義，也找不到可接受類型 'PetLevelUpRuleEditViewModel' 第一個引數的可存取擴充方法 'ExpReward' (是否遺漏 using 指示詞或組件參考?) [C:\Users\n2029\Desktop\GameSpace\GameSpace\GameSpace\GameSpace.csproj]
C:\Users\n2029\Desktop\GameSpace\GameSpace\GameSpace\Areas\MiniGame\Views\AdminWallet\ViewHistory.cshtml(185,54): error CS1061: 'WalletHistory' 未包含 'TransactionDate' 的定義，也找不到可接受類型 'WalletHistory' 第一個引數的可存取擴充方法 'TransactionDate' (是否遺漏 using 指示詞或組件參考?) [C:\Users\n2029\Desktop\GameSpace\GameSpace\GameSpace\GameSpace.csproj]
C:\Users\n2029\Desktop\GameSpace\GameSpace\GameSpace\Areas\MiniGame\Views\AdminWallet\ViewHistory.cshtml(188,62): error CS1061: 'WalletHistory' 未包含 'TransactionType' 的定義，也找不到可接受類型 'WalletHistory' 第一個引數的可存取擴充方法 'TransactionType' (是否遺漏 using 指示詞或組件參考?) [C:\Users\n2029\Desktop\GameSpace\GameSpace\GameSpace\GameSpace.csproj]
C:\Users\n2029\Desktop\GameSpace\GameSpace\GameSpace\Areas\MiniGame\Views\AdminWallet\ViewHistory.cshtml(200,98): error CS1061: 'WalletHistory' 未包含 'TransactionType' 的定義，也找不到可接受類型 'WalletHistory' 第一個引數的可存取擴充方法 'TransactionType' (是否遺漏 using 指示詞或組件參考?) [C:\Users\n2029\Desktop\GameSpace\GameSpace\GameSpace\GameSpace.csproj]
C:\Users\n2029\Desktop\GameSpace\GameSpace\GameSpace\Areas\MiniGame\Views\AdminWallet\ViewHistory.cshtml(205,62): error CS1061: 'WalletHistory' 未包含 'ActionType' 的定義，也找不到可接受類型 'WalletHistory' 第一個引數的可存取擴充方法 'ActionType' (是否遺漏 using 指示詞或組件參考?) [C:\Users\n2029\Desktop\GameSpace\GameSpace\GameSpace\GameSpace.csproj]
C:\Users\n2029\Desktop\GameSpace\GameSpace\GameSpace\Areas\MiniGame\Views\AdminWallet\ViewHistory.cshtml(220,98): error CS1061: 'WalletHistory' 未包含 'ActionType' 的定義，也找不到可接受類型 'WalletHistory' 第一個引數的可存取擴充方法 'ActionType' (是否遺漏 using 指示詞或組件參考?) [C:\Users\n2029\Desktop\GameSpace\GameSpace\GameSpace\GameSpace.csproj]
C:\Users\n2029\Desktop\GameSpace\GameSpace\GameSpace\Areas\MiniGame\Views\AdminWallet\ViewHistory.cshtml(225,58): error CS1061: 'WalletHistory' 未包含 'TransactionType' 的定義，也找不到可接受類型 'WalletHistory' 第一個引數的可存取擴充方法 'TransactionType' (是否遺漏 using 指示詞或組件參考?) [C:\Users\n2029\Desktop\GameSpace\GameSpace\GameSpace\GameSpace.csproj]
C:\Users\n2029\Desktop\GameSpace\GameSpace\GameSpace\Areas\MiniGame\Views\AdminWallet\ViewHistory.cshtml(227,72): error CS1061: 'WalletHistory' 未包含 'ActionType' 的定義，也找不到可接受類型 'WalletHistory' 第一個引數的可存取擴充方法 'ActionType' (是否遺漏 using 指示詞或組件參考?) [C:\Users\n2029\Desktop\GameSpace\GameSpace\GameSpace\GameSpace.csproj]
C:\Users\n2029\Desktop\GameSpace\GameSpace\GameSpace\Areas\MiniGame\Views\AdminWallet\ViewHistory.cshtml(228,63): error CS1061: 'WalletHistory' 未包含 'ActionType' 的定義，也找不到可接受類型 'WalletHistory' 第一個引數的可存取擴充方法 'ActionType' (是否遺漏 using 指示詞或組件參考?) [C:\Users\n2029\Desktop\GameSpace\GameSpace\GameSpace\GameSpace.csproj]
C:\Users\n2029\Desktop\GameSpace\GameSpace\GameSpace\Areas\MiniGame\Views\AdminWallet\ViewHistory.cshtml(228,109): error CS1061: 'WalletHistory' 未包含 'Amount' 的定義，也找不到可接受類型 'WalletHistory' 第一個引數的可存取擴充方法 'Amount' (是否遺漏 using 指示詞或組件參考?) [C:\Users\n2029\Desktop\GameSpace\GameSpace\GameSpace\GameSpace.csproj]
C:\Users\n2029\Desktop\GameSpace\GameSpace\GameSpace\Areas\MiniGame\Views\AdminWallet\ViewHistory.cshtml(233,72): error CS1061: 'WalletHistory' 未包含 'ActionType' 的定義，也找不到可接受類型 'WalletHistory' 第一個引數的可存取擴充方法 'ActionType' (是否遺漏 using 指示詞或組件參考?) [C:\Users\n2029\Desktop\GameSpace\GameSpace\GameSpace\GameSpace.csproj]
C:\Users\n2029\Desktop\GameSpace\GameSpace\GameSpace\Areas\MiniGame\Views\AdminWallet\ViewHistory.cshtml(234,63): error CS1061: 'WalletHistory' 未包含 'ActionType' 的定義，也找不到可接受類型 'WalletHistory' 第一個引數的可存取擴充方法 'ActionType' (是否遺漏 using 指示詞或組件參考?) [C:\Users\n2029\Desktop\GameSpace\GameSpace\GameSpace\GameSpace.csproj]
C:\Users\n2029\Desktop\GameSpace\GameSpace\GameSpace\Areas\MiniGame\Views\AdminWallet\ViewHistory.cshtml(234,109): error CS1061: 'WalletHistory' 未包含 'Quantity' 的定義，也找不到可接受類型 'WalletHistory' 第一個引數的可存取擴充方法 'Quantity' (是否遺漏 using 指示詞或組件參考?) [C:\Users\n2029\Desktop\GameSpace\GameSpace\GameSpace\GameSpace.csproj]
C:\Users\n2029\Desktop\GameSpace\GameSpace\GameSpace\Areas\MiniGame\Views\AdminWallet\ViewHistory.cshtml(238,54): error CS1061: 'WalletHistory' 未包含 'Balance' 的定義，也找不到可接受類型 'WalletHistory' 第一個引數的可存取擴充方法 'Balance' (是否遺漏 using 指示詞或組件參考?) [C:\Users\n2029\Desktop\GameSpace\GameSpace\GameSpace\GameSpace.csproj]
C:\Users\n2029\Desktop\GameSpace\GameSpace\GameSpace\Areas\MiniGame\Views\AdminWallet\ViewHistory.cshtml(241,122): error CS1061: 'WalletHistory' 未包含 'Id' 的定義，也找不到可接受類型 'WalletHistory' 第一個引數的可存取擴充方法 'Id' (是否遺漏 using 指示詞或組件參考?) [C:\Users\n2029\Desktop\GameSpace\GameSpace\GameSpace\GameSpace.csproj]
C:\Users\n2029\Desktop\GameSpace\GameSpace\GameSpace\Areas\MiniGame\Views\AdminUser\Index.cshtml(53,57): error CS1501: 方法 'ToString' 沒有任何多載使用 1 個引數 [C:\Users\n2029\Desktop\GameSpace\GameSpace\GameSpace\GameSpace.csproj]
C:\Users\n2029\Desktop\GameSpace\GameSpace\GameSpace\Areas\MiniGame\Views\Shared\_AdminLayout.cshtml(66,10): error CS0103: 名稱 'media' 不存在於目前的內容中 [C:\Users\n2029\Desktop\GameSpace\GameSpace\GameSpace\GameSpace.csproj]
C:\Users\n2029\Desktop\GameSpace\GameSpace\GameSpace\Areas\MiniGame\Views\Shared\_AdminLayout.cshtml(419,33): error CS0103: 名稱 'Scripts' 不存在於目前的內容中 [C:\Users\n2029\Desktop\GameSpace\GameSpace\GameSpace\GameSpace.csproj]
C:\Users\n2029\Desktop\GameSpace\GameSpace\GameSpace\Areas\MiniGame\Services\PetLevelUpRuleValidationService.cs(224,34): error CS1061: 'PetLevelUpRule' 未包含 'ExperienceRequired' 的定義，也找不到可接受類型 'PetLevelUpRule' 第一個引數的可存取擴充方法 'ExperienceRequired' (是否遺漏 using 指示詞或組件參考?) [C:\Users\n2029\Desktop\GameSpace\GameSpace\GameSpace\GameSpace.csproj]
C:\Users\n2029\Desktop\GameSpace\GameSpace\GameSpace\Areas\MiniGame\Services\PetLevelUpRuleValidationService.cs(224,67): error CS1061: 'PetLevelUpRule' 未包含 'ExperienceRequired' 的定義，也找不到可接受類型 'PetLevelUpRule' 第一個引數的可存取擴充方法 'ExperienceRequired' (是否遺漏 using 指示詞或組件參考?) [C:\Users\n2029\Desktop\GameSpace\GameSpace\GameSpace\GameSpace.csproj]
C:\Users\n2029\Desktop\GameSpace\GameSpace\GameSpace\Areas\MiniGame\Services\PetLevelUpRuleValidationService.cs(226,81): error CS1061: 'PetLevelUpRule' 未包含 'ExperienceRequired' 的定義，也找不到可接受類型 'PetLevelUpRule' 第一個引數的可存取擴充方法 'ExperienceRequired' (是否遺漏 using 指示詞或組件參考?) [C:\Users\n2029\Desktop\GameSpace\GameSpace\GameSpace\GameSpace.csproj]
C:\Users\n2029\Desktop\GameSpace\GameSpace\GameSpace\Areas\MiniGame\Services\PetLevelUpRuleValidationService.cs(226,146): error CS1061: 'PetLevelUpRule' 未包含 'ExperienceRequired' 的定義，也找不到可接受類型 'PetLevelUpRule' 第一個引數的可存取擴充方法 'ExperienceRequired' (是否遺漏 using 指示詞或組件參考?) [C:\Users\n2029\Desktop\GameSpace\GameSpace\GameSpace\GameSpace.csproj]
C:\Users\n2029\Desktop\GameSpace\GameSpace\GameSpace\Areas\MiniGame\Services\PetLevelUpRuleValidationService.cs(234,50): error CS1061: 'PetLevelUpRule' 未包含 'ExperienceRequired' 的定義，也找不到可接受類型 'PetLevelUpRule' 第一個引數的可存取擴充方法 'ExperienceRequired' (是否遺漏 using 指示詞或組件參考?) [C:\Users\n2029\Desktop\GameSpace\GameSpace\GameSpace\GameSpace.csproj]
C:\Users\n2029\Desktop\GameSpace\GameSpace\GameSpace\Areas\MiniGame\Services\PetLevelUpRuleValidationService.cs(236,106): error CS1061: 'PetLevelUpRule' 未包含 'ExperienceRequired' 的定義，也找不到可接受類型 'PetLevelUpRule' 第一個引數的可存取擴充方法 'ExperienceRequired' (是否遺漏 using 指示詞或組件參考?) [C:\Users\n2029\Desktop\GameSpace\GameSpace\GameSpace\GameSpace.csproj]
C:\Users\n2029\Desktop\GameSpace\GameSpace\GameSpace\Areas\MiniGame\Services\PetLevelUpRuleValidationService.cs(239,30): error CS1061: 'PetLevelUpRule' 未包含 'ExpReward' 的定義，也找不到可接受類型 'PetLevelUpRule' 第一個引數的可存取擴充方法 'ExpReward' (是否遺漏 using 指示詞或組件參考?) [C:\Users\n2029\Desktop\GameSpace\GameSpace\GameSpace\GameSpace.csproj]
C:\Users\n2029\Desktop\GameSpace\GameSpace\GameSpace\Areas\MiniGame\Services\PetLevelUpRuleValidationService.cs(239,47): error CS1061: 'PetLevelUpRule' 未包含 'ExperienceRequired' 的定義，也找不到可接受類型 'PetLevelUpRule' 第一個引數的可存取擴充方法 'ExperienceRequired' (是否遺漏 using 指示詞或組件參考?) [C:\Users\n2029\Desktop\GameSpace\GameSpace\GameSpace\GameSpace.csproj]
C:\Users\n2029\Desktop\GameSpace\GameSpace\GameSpace\Areas\MiniGame\Services\PetLevelUpRuleValidationService.cs(241,76): error CS1061: 'PetLevelUpRule' 未包含 'ExpReward' 的定義，也找不到可接受類型 'PetLevelUpRule' 第一個引數的可存取擴充方法 'ExpReward' (是否遺漏 using 指示詞或組件參考?) [C:\Users\n2029\Desktop\GameSpace\GameSpace\GameSpace\GameSpace.csproj]
C:\Users\n2029\Desktop\GameSpace\GameSpace\GameSpace\Areas\MiniGame\Services\PetLevelUpRuleValidationService.cs(241,103): error CS1061: 'PetLevelUpRule' 未包含 'ExperienceRequired' 的定義，也找不到可接受類型 'PetLevelUpRule' 第一個引數的可存取擴充方法 'ExperienceRequired' (是否遺漏 using 指示詞或組件參考?) [C:\Users\n2029\Desktop\GameSpace\GameSpace\GameSpace\GameSpace.csproj]
C:\Users\n2029\Desktop\GameSpace\GameSpace\GameSpace\Areas\MiniGame\Views\AdminWallet\Transaction.cshtml(28,41): error CS1061: 'AdminWalletTransactionViewModel' 未包含 'UserId' 的定義，也找不到可接受類型 'AdminWalletTransactionViewModel' 第一個引數的可存取擴充方法 'UserId' (是否遺漏 using 指示詞或組件參考?) [C:\Users\n2029\Desktop\GameSpace\GameSpace\GameSpace\GameSpace.csproj]
C:\Users\n2029\Desktop\GameSpace\GameSpace\GameSpace\Areas\MiniGame\Views\AdminWallet\Transaction.cshtml(34,91): error CS1061: 'AdminWalletTransactionViewModel' 未包含 'UserName' 的定義，也找不到可接受類型 'AdminWalletTransactionViewModel' 第一個引數的可存取擴充方法 'UserName' (是否遺漏 using 指示詞或組件參考?) [C:\Users\n2029\Desktop\GameSpace\GameSpace\GameSpace\GameSpace.csproj]
C:\Users\n2029\Desktop\GameSpace\GameSpace\GameSpace\Areas\MiniGame\Views\AdminWallet\Transaction.cshtml(40,91): error CS1061: 'AdminWalletTransactionViewModel' 未包含 'CurrentPoints' 的定義，也找不到可接受類型 'AdminWalletTransactionViewModel' 第一個引數的可存取擴充方法 'CurrentPoints' (是否遺漏 using 指示詞或組件參考?) [C:\Users\n2029\Desktop\GameSpace\GameSpace\GameSpace\GameSpace.csproj]
C:\Users\n2029\Desktop\GameSpace\GameSpace\GameSpace\Areas\MiniGame\Views\AdminWallet\Transaction.cshtml(48,53): error CS1061: 'AdminWalletTransactionViewModel' 未包含 'TransactionType' 的定義，也找不到可接受類型 'AdminWalletTransactionViewModel' 第一個引數的可存取擴充方法 'TransactionType' (是否遺漏 using 指示詞或組件參考?) [C:\Users\n2029\Desktop\GameSpace\GameSpace\GameSpace\GameSpace.csproj]
C:\Users\n2029\Desktop\GameSpace\GameSpace\GameSpace\Areas\MiniGame\Views\AdminWallet\Transaction.cshtml(49,54): error CS1061: 'AdminWalletTransactionViewModel' 未包含 'TransactionType' 的定義，也找不到可接受類型 'AdminWalletTransactionViewModel' 第一個引數的可存取擴充方法 'TransactionType' (是否遺漏 using 指示詞或組件參考?) [C:\Users\n2029\Desktop\GameSpace\GameSpace\GameSpace\GameSpace.csproj]
C:\Users\n2029\Desktop\GameSpace\GameSpace\GameSpace\Areas\MiniGame\Views\AdminWallet\Transaction.cshtml(54,63): error CS1061: 'AdminWalletTransactionViewModel' 未包含 'TransactionType' 的定義，也找不到可接受類型 'AdminWalletTransactionViewModel' 第一個引數的可存取擴充方法 'TransactionType' (是否遺漏 using 指示詞或組件參考?) [C:\Users\n2029\Desktop\GameSpace\GameSpace\GameSpace\GameSpace.csproj]
C:\Users\n2029\Desktop\GameSpace\GameSpace\GameSpace\Areas\MiniGame\Views\AdminWallet\Transaction.cshtml(59,53): error CS1061: 'AdminWalletTransactionViewModel' 未包含 'TransactionAmount' 的定義，也找不到可接受類型 'AdminWalletTransactionViewModel' 第一個引數的可存取擴充方法 'TransactionAmount' (是否遺漏 using 指示詞或組件參考?) [C:\Users\n2029\Desktop\GameSpace\GameSpace\GameSpace\GameSpace.csproj]
C:\Users\n2029\Desktop\GameSpace\GameSpace\GameSpace\Areas\MiniGame\Views\AdminWallet\Transaction.cshtml(60,53): error CS1061: 'AdminWalletTransactionViewModel' 未包含 'TransactionAmount' 的定義，也找不到可接受類型 'AdminWalletTransactionViewModel' 第一個引數的可存取擴充方法 'TransactionAmount' (是否遺漏 using 指示詞或組件參考?) [C:\Users\n2029\Desktop\GameSpace\GameSpace\GameSpace\GameSpace.csproj]
C:\Users\n2029\Desktop\GameSpace\GameSpace\GameSpace\Areas\MiniGame\Views\AdminWallet\Transaction.cshtml(61,63): error CS1061: 'AdminWalletTransactionViewModel' 未包含 'TransactionAmount' 的定義，也找不到可接受類型 'AdminWalletTransactionViewModel' 第一個引數的可存取擴充方法 'TransactionAmount' (是否遺漏 using 指示詞或組件參考?) [C:\Users\n2029\Desktop\GameSpace\GameSpace\GameSpace\GameSpace.csproj]
C:\Users\n2029\Desktop\GameSpace\GameSpace\GameSpace\Areas\MiniGame\Views\EVouchers\Create.cshtml(60,45): error CS1061: 'EVoucherCreateModel' 未包含 'IsUsed' 的定義，也找不到可接受類型 'EVoucherCreateModel' 第一個引數的可存取擴充方法 'IsUsed' (是否遺漏 using 指示詞或組件參考?) [C:\Users\n2029\Desktop\GameSpace\GameSpace\GameSpace\GameSpace.csproj]
C:\Users\n2029\Desktop\GameSpace\GameSpace\GameSpace\Areas\MiniGame\Views\EVouchers\Create.cshtml(61,46): error CS1061: 'EVoucherCreateModel' 未包含 'IsUsed' 的定義，也找不到可接受類型 'EVoucherCreateModel' 第一個引數的可存取擴充方法 'IsUsed' (是否遺漏 using 指示詞或組件參考?) [C:\Users\n2029\Desktop\GameSpace\GameSpace\GameSpace\GameSpace.csproj]
C:\Users\n2029\Desktop\GameSpace\GameSpace\GameSpace\Areas\MiniGame\Views\EVouchers\Create.cshtml(65,55): error CS1061: 'EVoucherCreateModel' 未包含 'IsUsed' 的定義，也找不到可接受類型 'EVoucherCreateModel' 第一個引數的可存取擴充方法 'IsUsed' (是否遺漏 using 指示詞或組件參考?) [C:\Users\n2029\Desktop\GameSpace\GameSpace\GameSpace\GameSpace.csproj]
C:\Users\n2029\Desktop\GameSpace\GameSpace\GameSpace\Areas\MiniGame\Views\EVouchers\Create.cshtml(70,45): error CS1061: 'EVoucherCreateModel' 未包含 'UsedDate' 的定義，也找不到可接受類型 'EVoucherCreateModel' 第一個引數的可存取擴充方法 'UsedDate' (是否遺漏 using 指示詞或組件參考?) [C:\Users\n2029\Desktop\GameSpace\GameSpace\GameSpace\GameSpace.csproj]
C:\Users\n2029\Desktop\GameSpace\GameSpace\GameSpace\Areas\MiniGame\Views\EVouchers\Create.cshtml(71,45): error CS1061: 'EVoucherCreateModel' 未包含 'UsedDate' 的定義，也找不到可接受類型 'EVoucherCreateModel' 第一個引數的可存取擴充方法 'UsedDate' (是否遺漏 using 指示詞或組件參考?) [C:\Users\n2029\Desktop\GameSpace\GameSpace\GameSpace\GameSpace.csproj]
C:\Users\n2029\Desktop\GameSpace\GameSpace\GameSpace\Areas\MiniGame\Views\EVouchers\Create.cshtml(72,55): error CS1061: 'EVoucherCreateModel' 未包含 'UsedDate' 的定義，也找不到可接受類型 'EVoucherCreateModel' 第一個引數的可存取擴充方法 'UsedDate' (是否遺漏 using 指示詞或組件參考?) [C:\Users\n2029\Desktop\GameSpace\GameSpace\GameSpace\GameSpace.csproj]
C:\Users\n2029\Desktop\GameSpace\GameSpace\GameSpace\Areas\MiniGame\Views\EVouchers\Create.cshtml(78,37): error CS1061: 'EVoucherCreateModel' 未包含 'Description' 的定義，也找不到可接受類型 'EVoucherCreateModel' 第一個引數的可存取擴充方法 'Description' (是否遺漏 using 指示詞或組件參考?) [C:\Users\n2029\Desktop\GameSpace\GameSpace\GameSpace\GameSpace.csproj]
C:\Users\n2029\Desktop\GameSpace\GameSpace\GameSpace\Areas\MiniGame\Views\EVouchers\Create.cshtml(79,40): error CS1061: 'EVoucherCreateModel' 未包含 'Description' 的定義，也找不到可接受類型 'EVoucherCreateModel' 第一個引數的可存取擴充方法 'Description' (是否遺漏 using 指示詞或組件參考?) [C:\Users\n2029\Desktop\GameSpace\GameSpace\GameSpace\GameSpace.csproj]
C:\Users\n2029\Desktop\GameSpace\GameSpace\GameSpace\Areas\MiniGame\Views\EVouchers\Create.cshtml(80,47): error CS1061: 'EVoucherCreateModel' 未包含 'Description' 的定義，也找不到可接受類型 'EVoucherCreateModel' 第一個引數的可存取擴充方法 'Description' (是否遺漏 using 指示詞或組件參考?) [C:\Users\n2029\Desktop\GameSpace\GameSpace\GameSpace\GameSpace.csproj]
C:\Users\n2029\Desktop\GameSpace\GameSpace\GameSpace\obj\Debug\net8.0\Microsoft.CodeAnalysis.Razor.Compiler\Microsoft.NET.Sdk.Razor.SourceGenerators.RazorSourceGenerator\Areas_MiniGame_Views_EVouchers_Edit_cshtml.g.cs(751,13): error CS1501: 方法 'Write' 沒有任何多載使用 0 個引數 [C:\Users\n2029\Desktop\GameSpace\GameSpace\GameSpace\GameSpace.csproj]
C:\Users\n2029\Desktop\GameSpace\GameSpace\GameSpace\obj\Debug\net8.0\Microsoft.CodeAnalysis.Razor.Compiler\Microsoft.NET.Sdk.Razor.SourceGenerators.RazorSourceGenerator\Areas_MiniGame_Views_EVouchers_Edit_cshtml.g.cs(760,13): error CS1501: 方法 'Write' 沒有任何多載使用 0 個引數 [C:\Users\n2029\Desktop\GameSpace\GameSpace\GameSpace\GameSpace.csproj]
C:\Users\n2029\Desktop\GameSpace\GameSpace\GameSpace\obj\Debug\net8.0\Microsoft.CodeAnalysis.Razor.Compiler\Microsoft.NET.Sdk.Razor.SourceGenerators.RazorSourceGenerator\Areas_MiniGame_Views_EVouchers_Edit_cshtml.g.cs(776,13): error CS1501: 方法 'Write' 沒有任何多載使用 0 個引數 [C:\Users\n2029\Desktop\GameSpace\GameSpace\GameSpace\GameSpace.csproj]
C:\Users\n2029\Desktop\GameSpace\GameSpace\GameSpace\obj\Debug\net8.0\Microsoft.CodeAnalysis.Razor.Compiler\Microsoft.NET.Sdk.Razor.SourceGenerators.RazorSourceGenerator\Areas_MiniGame_Views_EVouchers_Edit_cshtml.g.cs(785,13): error CS1501: 方法 'Write' 沒有任何多載使用 0 個引數 [C:\Users\n2029\Desktop\GameSpace\GameSpace\GameSpace\GameSpace.csproj]
C:\Users\n2029\Desktop\GameSpace\GameSpace\GameSpace\obj\Debug\net8.0\Microsoft.CodeAnalysis.Razor.Compiler\Microsoft.NET.Sdk.Razor.SourceGenerators.RazorSourceGenerator\Areas_MiniGame_Views_EVouchers_Edit_cshtml.g.cs(794,13): error CS1501: 方法 'Write' 沒有任何多載使用 0 個引數 [C:\Users\n2029\Desktop\GameSpace\GameSpace\GameSpace\GameSpace.csproj]
C:\Users\n2029\Desktop\GameSpace\GameSpace\GameSpace\Areas\MiniGame\Views\EVouchers\Edit.cshtml(118,50): error CS1501: 方法 'ToString' 沒有任何多載使用 1 個引數 [C:\Users\n2029\Desktop\GameSpace\GameSpace\GameSpace\GameSpace.csproj]
C:\Users\n2029\Desktop\GameSpace\GameSpace\GameSpace\obj\Debug\net8.0\Microsoft.CodeAnalysis.Razor.Compiler\Microsoft.NET.Sdk.Razor.SourceGenerators.RazorSourceGenerator\Areas_MiniGame_Views_EVouchers_Edit_cshtml.g.cs(857,13): error CS1501: 方法 'Write' 沒有任何多載使用 0 個引數 [C:\Users\n2029\Desktop\GameSpace\GameSpace\GameSpace\GameSpace.csproj]
C:\Users\n2029\Desktop\GameSpace\GameSpace\GameSpace\Areas\MiniGame\Views\AdminUser\Details.cshtml(66,63): error CS1501: 方法 'ToString' 沒有任何多載使用 1 個引數 [C:\Users\n2029\Desktop\GameSpace\GameSpace\GameSpace\GameSpace.csproj]
C:\Users\n2029\Desktop\GameSpace\GameSpace\GameSpace\Areas\MiniGame\Views\AdminUser\Details.cshtml(102,32): error CS1061: 'User' 未包含 'Wallets' 的定義，也找不到可接受類型 'User' 第一個引數的可存取擴充方法 'Wallets' (是否遺漏 using 指示詞或組件參考?) [C:\Users\n2029\Desktop\GameSpace\GameSpace\GameSpace\GameSpace.csproj]
C:\Users\n2029\Desktop\GameSpace\GameSpace\GameSpace\Areas\MiniGame\Views\AdminUser\Details.cshtml(102,57): error CS1061: 'User' 未包含 'Wallets' 的定義，也找不到可接受類型 'User' 第一個引數的可存取擴充方法 'Wallets' (是否遺漏 using 指示詞或組件參考?) [C:\Users\n2029\Desktop\GameSpace\GameSpace\GameSpace\GameSpace.csproj]
C:\Users\n2029\Desktop\GameSpace\GameSpace\GameSpace\Areas\MiniGame\Views\AdminUser\Details.cshtml(115,67): error CS1061: 'User' 未包含 'Wallets' 的定義，也找不到可接受類型 'User' 第一個引數的可存取擴充方法 'Wallets' (是否遺漏 using 指示詞或組件參考?) [C:\Users\n2029\Desktop\GameSpace\GameSpace\GameSpace\GameSpace.csproj]
C:\Users\n2029\Desktop\GameSpace\GameSpace\GameSpace\Areas\MiniGame\Views\AdminUser\Details.cshtml(131,36): error CS1061: 'User' 未包含 'Wallets' 的定義，也找不到可接受類型 'User' 第一個引數的可存取擴充方法 'Wallets' (是否遺漏 using 指示詞或組件參考?) [C:\Users\n2029\Desktop\GameSpace\GameSpace\GameSpace\GameSpace.csproj]
C:\Users\n2029\Desktop\GameSpace\GameSpace\GameSpace\Areas\MiniGame\Views\AdminUser\Details.cshtml(133,82): error CS1061: 'User' 未包含 'Wallets' 的定義，也找不到可接受類型 'User' 第一個引數的可存取擴充方法 'Wallets' (是否遺漏 using 指示詞或組件參考?) [C:\Users\n2029\Desktop\GameSpace\GameSpace\GameSpace\GameSpace.csproj]
C:\Users\n2029\Desktop\GameSpace\GameSpace\GameSpace\Areas\MiniGame\Views\AdminUser\Details.cshtml(149,32): error CS1061: 'User' 未包含 'SignIns' 的定義，也找不到可接受類型 'User' 第一個引數的可存取擴充方法 'SignIns' (是否遺漏 using 指示詞或組件參考?) [C:\Users\n2029\Desktop\GameSpace\GameSpace\GameSpace\GameSpace.csproj]
C:\Users\n2029\Desktop\GameSpace\GameSpace\GameSpace\Areas\MiniGame\Views\AdminUser\Details.cshtml(149,57): error CS1061: 'User' 未包含 'SignIns' 的定義，也找不到可接受類型 'User' 第一個引數的可存取擴充方法 'SignIns' (是否遺漏 using 指示詞或組件參考?) [C:\Users\n2029\Desktop\GameSpace\GameSpace\GameSpace\GameSpace.csproj]
C:\Users\n2029\Desktop\GameSpace\GameSpace\GameSpace\Areas\MiniGame\Views\AdminUser\Details.cshtml(161,67): error CS1061: 'User' 未包含 'SignIns' 的定義，也找不到可接受類型 'User' 第一個引數的可存取擴充方法 'SignIns' (是否遺漏 using 指示詞或組件參考?) [C:\Users\n2029\Desktop\GameSpace\GameSpace\GameSpace\GameSpace.csproj]
C:\Users\n2029\Desktop\GameSpace\GameSpace\GameSpace\Areas\MiniGame\Views\AdminUser\Details.cshtml(172,36): error CS1061: 'User' 未包含 'SignIns' 的定義，也找不到可接受類型 'User' 第一個引數的可存取擴充方法 'SignIns' (是否遺漏 using 指示詞或組件參考?) [C:\Users\n2029\Desktop\GameSpace\GameSpace\GameSpace\GameSpace.csproj]
C:\Users\n2029\Desktop\GameSpace\GameSpace\GameSpace\Areas\MiniGame\Views\AdminUser\Details.cshtml(174,82): error CS1061: 'User' 未包含 'SignIns' 的定義，也找不到可接受類型 'User' 第一個引數的可存取擴充方法 'SignIns' (是否遺漏 using 指示詞或組件參考?) [C:\Users\n2029\Desktop\GameSpace\GameSpace\GameSpace\GameSpace.csproj]
C:\Users\n2029\Desktop\GameSpace\GameSpace\GameSpace\Areas\MiniGame\Views\AdminUser\Details.cshtml(190,32): error CS1061: 'User' 未包含 'Pets' 的定義，也找不到可接受類型 'User' 第一個引數的可存取擴充方法 'Pets' (是否遺漏 using 指示詞或組件參考?) [C:\Users\n2029\Desktop\GameSpace\GameSpace\GameSpace\GameSpace.csproj]
C:\Users\n2029\Desktop\GameSpace\GameSpace\GameSpace\Areas\MiniGame\Views\AdminUser\Details.cshtml(190,54): error CS1061: 'User' 未包含 'Pets' 的定義，也找不到可接受類型 'User' 第一個引數的可存取擴充方法 'Pets' (是否遺漏 using 指示詞或組件參考?) [C:\Users\n2029\Desktop\GameSpace\GameSpace\GameSpace\GameSpace.csproj]
C:\Users\n2029\Desktop\GameSpace\GameSpace\GameSpace\Areas\MiniGame\Views\AdminUser\Details.cshtml(193,56): error CS1061: 'User' 未包含 'Pets' 的定義，也找不到可接受類型 'User' 第一個引數的可存取擴充方法 'Pets' (是否遺漏 using 指示詞或組件參考?) [C:\Users\n2029\Desktop\GameSpace\GameSpace\GameSpace\GameSpace.csproj]
C:\Users\n2029\Desktop\GameSpace\GameSpace\GameSpace\Areas\MiniGame\Views\AdminUser\Details.cshtml(207,36): error CS1061: 'User' 未包含 'Pets' 的定義，也找不到可接受類型 'User' 第一個引數的可存取擴充方法 'Pets' (是否遺漏 using 指示詞或組件參考?) [C:\Users\n2029\Desktop\GameSpace\GameSpace\GameSpace\GameSpace.csproj]
C:\Users\n2029\Desktop\GameSpace\GameSpace\GameSpace\Areas\MiniGame\Views\AdminUser\Details.cshtml(209,80): error CS1061: 'User' 未包含 'Pets' 的定義，也找不到可接受類型 'User' 第一個引數的可存取擴充方法 'Pets' (是否遺漏 using 指示詞或組件參考?) [C:\Users\n2029\Desktop\GameSpace\GameSpace\GameSpace\GameSpace.csproj]
C:\Users\n2029\Desktop\GameSpace\GameSpace\GameSpace\Areas\MiniGame\Views\AdminUser\Details.cshtml(225,32): error CS1061: 'User' 未包含 'GamePlayRecords' 的定義，也找不到可接受類型 'User' 第一個引數的可存取擴充方法 'GamePlayRecords' (是否遺漏 using 指示詞或組件參考?) [C:\Users\n2029\Desktop\GameSpace\GameSpace\GameSpace\GameSpace.csproj]
C:\Users\n2029\Desktop\GameSpace\GameSpace\GameSpace\Areas\MiniGame\Views\AdminUser\Details.cshtml(225,65): error CS1061: 'User' 未包含 'GamePlayRecords' 的定義，也找不到可接受類型 'User' 第一個引數的可存取擴充方法 'GamePlayRecords' (是否遺漏 using 指示詞或組件參考?) [C:\Users\n2029\Desktop\GameSpace\GameSpace\GameSpace\GameSpace.csproj]
C:\Users\n2029\Desktop\GameSpace\GameSpace\GameSpace\Areas\MiniGame\Views\AdminUser\Details.cshtml(238,67): error CS1061: 'User' 未包含 'GamePlayRecords' 的定義，也找不到可接受類型 'User' 第一個引數的可存取擴充方法 'GamePlayRecords' (是否遺漏 using 指示詞或組件參考?) [C:\Users\n2029\Desktop\GameSpace\GameSpace\GameSpace\GameSpace.csproj]
C:\Users\n2029\Desktop\GameSpace\GameSpace\GameSpace\Areas\MiniGame\Views\AdminUser\Details.cshtml(250,36): error CS1061: 'User' 未包含 'GamePlayRecords' 的定義，也找不到可接受類型 'User' 第一個引數的可存取擴充方法 'GamePlayRecords' (是否遺漏 using 指示詞或組件參考?) [C:\Users\n2029\Desktop\GameSpace\GameSpace\GameSpace\GameSpace.csproj]
C:\Users\n2029\Desktop\GameSpace\GameSpace\GameSpace\Areas\MiniGame\Views\AdminUser\Details.cshtml(252,82): error CS1061: 'User' 未包含 'GamePlayRecords' 的定義，也找不到可接受類型 'User' 第一個引數的可存取擴充方法 'GamePlayRecords' (是否遺漏 using 指示詞或組件參考?) [C:\Users\n2029\Desktop\GameSpace\GameSpace\GameSpace\GameSpace.csproj]
C:\Users\n2029\Desktop\GameSpace\GameSpace\GameSpace\Areas\MiniGame\Services\PetLevelUpRuleValidationService.cs(305,62): error CS1061: 'PetLevelUpRule' 未包含 'ExperienceRequired' 的定義，也找不到可接受類型 'PetLevelUpRule' 第一個引數的可存取擴充方法 'ExperienceRequired' (是否遺漏 using 指示詞或組件參考?) [C:\Users\n2029\Desktop\GameSpace\GameSpace\GameSpace\GameSpace.csproj]
C:\Users\n2029\Desktop\GameSpace\GameSpace\GameSpace\Areas\MiniGame\Services\PetLevelUpRuleValidationService.cs(316,64): error CS1061: 'PetLevelUpRule' 未包含 'ExperienceRequired' 的定義，也找不到可接受類型 'PetLevelUpRule' 第一個引數的可存取擴充方法 'ExperienceRequired' (是否遺漏 using 指示詞或組件參考?) [C:\Users\n2029\Desktop\GameSpace\GameSpace\GameSpace\GameSpace.csproj]
C:\Users\n2029\Desktop\GameSpace\GameSpace\GameSpace\Areas\MiniGame\Services\PetLevelUpRuleService.cs(21,51): warning CS1998: 這個非同步方法缺少 'await' 運算子，因此將以同步方式執行。請考慮使用 'await' 運算子等候未封鎖的應用程式開發介面呼叫，或使用 'await Task.Run(...)' 在背景執行緒上執行 CPU-bound 工作。 [C:\Users\n2029\Desktop\GameSpace\GameSpace\GameSpace\GameSpace.csproj]
C:\Users\n2029\Desktop\GameSpace\GameSpace\GameSpace\Areas\MiniGame\Views\AdminSignInStats\ViewRecords.cshtml(163,49): error CS1061: 'SignInRecordModel' 未包含 'SignInDate' 的定義，也找不到可接受類型 'SignInRecordModel' 第一個引數的可存取擴充方法 'SignInDate' (是否遺漏 using 指示詞或組件參考?) [C:\Users\n2029\Desktop\GameSpace\GameSpace\GameSpace\GameSpace.csproj]
C:\Users\n2029\Desktop\GameSpace\GameSpace\GameSpace\Areas\MiniGame\Views\AdminSignInStats\ViewRecords.cshtml(164,49): error CS1061: 'SignInRecordModel' 未包含 'UserId' 的定義，也找不到可接受類型 'SignInRecordModel' 第一個引數的可存取擴充方法 'UserId' (是否遺漏 using 指示詞或組件參考?) [C:\Users\n2029\Desktop\GameSpace\GameSpace\GameSpace\GameSpace.csproj]
C:\Users\n2029\Desktop\GameSpace\GameSpace\GameSpace\Areas\MiniGame\Views\AdminSignInStats\ViewRecords.cshtml(165,49): error CS1061: 'SignInRecordModel' 未包含 'UserName' 的定義，也找不到可接受類型 'SignInRecordModel' 第一個引數的可存取擴充方法 'UserName' (是否遺漏 using 指示詞或組件參考?) [C:\Users\n2029\Desktop\GameSpace\GameSpace\GameSpace\GameSpace.csproj]
C:\Users\n2029\Desktop\GameSpace\GameSpace\GameSpace\Areas\MiniGame\Views\AdminSignInStats\ViewRecords.cshtml(167,94): error CS1061: 'SignInRecordModel' 未包含 'PointsEarned' 的定義，也找不到可接受類型 'SignInRecordModel' 第一個引數的可存取擴充方法 'PointsEarned' (是否遺漏 using 指示詞或組件參考?) [C:\Users\n2029\Desktop\GameSpace\GameSpace\GameSpace\GameSpace.csproj]
C:\Users\n2029\Desktop\GameSpace\GameSpace\GameSpace\Areas\MiniGame\Views\AdminSignInStats\ViewRecords.cshtml(170,80): error CS1061: 'SignInRecordModel' 未包含 'ConsecutiveDays' 的定義，也找不到可接受類型 'SignInRecordModel' 第一個引數的可存取擴充方法 'ConsecutiveDays' (是否遺漏 using 指示詞或組件參考?) [C:\Users\n2029\Desktop\GameSpace\GameSpace\GameSpace\GameSpace.csproj]
C:\Users\n2029\Desktop\GameSpace\GameSpace\GameSpace\Areas\MiniGame\Views\AdminSignInStats\ViewRecords.cshtml(173,53): error CS1061: 'SignInRecordModel' 未包含 'BonusType' 的定義，也找不到可接受類型 'SignInRecordModel' 第一個引數的可存取擴充方法 'BonusType' (是否遺漏 using 指示詞或組件參考?) [C:\Users\n2029\Desktop\GameSpace\GameSpace\GameSpace\GameSpace.csproj]
C:\Users\n2029\Desktop\GameSpace\GameSpace\GameSpace\Areas\MiniGame\Views\AdminSignInStats\ViewRecords.cshtml(177,57): error CS1061: 'SignInRecordModel' 未包含 'BonusType' 的定義，也找不到可接受類型 'SignInRecordModel' 第一個引數的可存取擴充方法 'BonusType' (是否遺漏 using 指示詞或組件參考?) [C:\Users\n2029\Desktop\GameSpace\GameSpace\GameSpace\GameSpace.csproj]
C:\Users\n2029\Desktop\GameSpace\GameSpace\GameSpace\Areas\MiniGame\Views\AdminSignInStats\ViewRecords.cshtml(181,57): error CS1061: 'SignInRecordModel' 未包含 'BonusType' 的定義，也找不到可接受類型 'SignInRecordModel' 第一個引數的可存取擴充方法 'BonusType' (是否遺漏 using 指示詞或組件參考?) [C:\Users\n2029\Desktop\GameSpace\GameSpace\GameSpace\GameSpace.csproj]
C:\Users\n2029\Desktop\GameSpace\GameSpace\GameSpace\Areas\MiniGame\Views\AdminSignInStats\ViewRecords.cshtml(185,57): error CS1061: 'SignInRecordModel' 未包含 'BonusType' 的定義，也找不到可接受類型 'SignInRecordModel' 第一個引數的可存取擴充方法 'BonusType' (是否遺漏 using 指示詞或組件參考?) [C:\Users\n2029\Desktop\GameSpace\GameSpace\GameSpace\GameSpace.csproj]
C:\Users\n2029\Desktop\GameSpace\GameSpace\GameSpace\Areas\MiniGame\Views\AdminSignInStats\ViewRecords.cshtml(191,89): error CS1061: 'SignInRecordModel' 未包含 'BonusType' 的定義，也找不到可接受類型 'SignInRecordModel' 第一個引數的可存取擴充方法 'BonusType' (是否遺漏 using 指示詞或組件參考?) [C:\Users\n2029\Desktop\GameSpace\GameSpace\GameSpace\GameSpace.csproj]
C:\Users\n2029\Desktop\GameSpace\GameSpace\GameSpace\Areas\MiniGame\Views\AdminSignInStats\ViewRecords.cshtml(194,49): error CS1061: 'SignInRecordModel' 未包含 'IPAddress' 的定義，也找不到可接受類型 'SignInRecordModel' 第一個引數的可存取擴充方法 'IPAddress' (是否遺漏 using 指示詞或組件參考?) [C:\Users\n2029\Desktop\GameSpace\GameSpace\GameSpace\GameSpace.csproj]
C:\Users\n2029\Desktop\GameSpace\GameSpace\GameSpace\Areas\MiniGame\Views\AdminSignInStats\ViewRecords.cshtml(196,112): error CS1061: 'SignInRecordModel' 未包含 'Id' 的定義，也找不到可接受類型 'SignInRecordModel' 第一個引數的可存取擴充方法 'Id' (是否遺漏 using 指示詞或組件參考?) [C:\Users\n2029\Desktop\GameSpace\GameSpace\GameSpace\GameSpace.csproj]
C:\Users\n2029\Desktop\GameSpace\GameSpace\GameSpace\Areas\MiniGame\Services\PetLevelUpRuleService.cs(36,46): warning CS1998: 這個非同步方法缺少 'await' 運算子，因此將以同步方式執行。請考慮使用 'await' 運算子等候未封鎖的應用程式開發介面呼叫，或使用 'await Task.Run(...)' 在背景執行緒上執行 CPU-bound 工作。 [C:\Users\n2029\Desktop\GameSpace\GameSpace\GameSpace\GameSpace.csproj]
C:\Users\n2029\Desktop\GameSpace\GameSpace\GameSpace\Areas\MiniGame\Views\AdminSignInStats\SignInRules.cshtml(41,69): error CS1061: 'SignInRuleReadModel' 未包含 'Name' 的定義，也找不到可接受類型 'SignInRuleReadModel' 第一個引數的可存取擴充方法 'Name' (是否遺漏 using 指示詞或組件參考?) [C:\Users\n2029\Desktop\GameSpace\GameSpace\GameSpace\GameSpace.csproj]
C:\Users\n2029\Desktop\GameSpace\GameSpace\GameSpace\Areas\MiniGame\Views\AdminSignInStats\SignInRules.cshtml(125,59): error CS1061: 'SignInRuleReadModel' 未包含 'Name' 的定義，也找不到可接受類型 'SignInRuleReadModel' 第一個引數的可存取擴充方法 'Name' (是否遺漏 using 指示詞或組件參考?) [C:\Users\n2029\Desktop\GameSpace\GameSpace\GameSpace\GameSpace.csproj]
C:\Users\n2029\Desktop\GameSpace\GameSpace\GameSpace\Areas\MiniGame\Views\AdminSignInStats\SignInRules.cshtml(48,52): warning CS8602: 可能 null 參考的取值 (dereference)。 [C:\Users\n2029\Desktop\GameSpace\GameSpace\GameSpace\GameSpace.csproj]
C:\Users\n2029\Desktop\GameSpace\GameSpace\GameSpace\Areas\MiniGame\Views\AdminSignInStats\SignInRules.cshtml(126,80): warning CS8602: 可能 null 參考的取值 (dereference)。 [C:\Users\n2029\Desktop\GameSpace\GameSpace\GameSpace\GameSpace.csproj]
C:\Users\n2029\Desktop\GameSpace\GameSpace\GameSpace\Areas\MiniGame\Views\AdminPet\PetRules.cshtml(41,66): error CS1061: 'PetRuleReadModel' 未包含 'Name' 的定義，也找不到可接受類型 'PetRuleReadModel' 第一個引數的可存取擴充方法 'Name' (是否遺漏 using 指示詞或組件參考?) [C:\Users\n2029\Desktop\GameSpace\GameSpace\GameSpace\GameSpace.csproj]
C:\Users\n2029\Desktop\GameSpace\GameSpace\GameSpace\Areas\MiniGame\Views\AdminPet\PetRules.cshtml(48,66): error CS1061: 'PetRuleReadModel' 未包含 'MaxPets' 的定義，也找不到可接受類型 'PetRuleReadModel' 第一個引數的可存取擴充方法 'MaxPets' (是否遺漏 using 指示詞或組件參考?) [C:\Users\n2029\Desktop\GameSpace\GameSpace\GameSpace\GameSpace.csproj]
C:\Users\n2029\Desktop\GameSpace\GameSpace\GameSpace\Areas\MiniGame\Views\AdminPet\PetRules.cshtml(57,66): error CS1061: 'PetRuleReadModel' 未包含 'FeedingCost' 的定義，也找不到可接受類型 'PetRuleReadModel' 第一個引數的可存取擴充方法 'FeedingCost' (是否遺漏 using 指示詞或組件參考?) [C:\Users\n2029\Desktop\GameSpace\GameSpace\GameSpace\GameSpace.csproj]
C:\Users\n2029\Desktop\GameSpace\GameSpace\GameSpace\Areas\MiniGame\Views\AdminPet\PetRules.cshtml(64,66): error CS1061: 'PetRuleReadModel' 未包含 'FeedingReward' 的定義，也找不到可接受類型 'PetRuleReadModel' 第一個引數的可存取擴充方法 'FeedingReward' (是否遺漏 using 指示詞或組件參考?) [C:\Users\n2029\Desktop\GameSpace\GameSpace\GameSpace\GameSpace.csproj]
C:\Users\n2029\Desktop\GameSpace\GameSpace\GameSpace\Areas\MiniGame\Views\AdminPet\PetRules.cshtml(141,56): error CS1061: 'PetRuleReadModel' 未包含 'Name' 的定義，也找不到可接受類型 'PetRuleReadModel' 第一個引數的可存取擴充方法 'Name' (是否遺漏 using 指示詞或組件參考?) [C:\Users\n2029\Desktop\GameSpace\GameSpace\GameSpace\GameSpace.csproj]
C:\Users\n2029\Desktop\GameSpace\GameSpace\GameSpace\Areas\MiniGame\Views\AdminPet\PetRules.cshtml(142,91): error CS1061: 'PetRuleReadModel' 未包含 'MaxPets' 的定義，也找不到可接受類型 'PetRuleReadModel' 第一個引數的可存取擴充方法 'MaxPets' (是否遺漏 using 指示詞或組件參考?) [C:\Users\n2029\Desktop\GameSpace\GameSpace\GameSpace\GameSpace.csproj]
C:\Users\n2029\Desktop\GameSpace\GameSpace\GameSpace\Areas\MiniGame\Views\AdminPet\PetRules.cshtml(143,76): error CS1061: 'PetRuleReadModel' 未包含 'FeedingCost' 的定義，也找不到可接受類型 'PetRuleReadModel' 第一個引數的可存取擴充方法 'FeedingCost' (是否遺漏 using 指示詞或組件參考?) [C:\Users\n2029\Desktop\GameSpace\GameSpace\GameSpace\GameSpace.csproj]
C:\Users\n2029\Desktop\GameSpace\GameSpace\GameSpace\Areas\MiniGame\Views\AdminPet\PetRules.cshtml(144,77): error CS1061: 'PetRuleReadModel' 未包含 'FeedingReward' 的定義，也找不到可接受類型 'PetRuleReadModel' 第一個引數的可存取擴充方法 'FeedingReward' (是否遺漏 using 指示詞或組件參考?) [C:\Users\n2029\Desktop\GameSpace\GameSpace\GameSpace\GameSpace.csproj]
C:\Users\n2029\Desktop\GameSpace\GameSpace\GameSpace\Areas\MiniGame\Views\AdminPet\PetRules.cshtml(73,74): warning CS8602: 可能 null 參考的取值 (dereference)。 [C:\Users\n2029\Desktop\GameSpace\GameSpace\GameSpace\GameSpace.csproj]
C:\Users\n2029\Desktop\GameSpace\GameSpace\GameSpace\Areas\MiniGame\Views\AdminPet\PetRules.cshtml(146,46): warning CS8602: 可能 null 參考的取值 (dereference)。 [C:\Users\n2029\Desktop\GameSpace\GameSpace\GameSpace\GameSpace.csproj]
C:\Users\n2029\Desktop\GameSpace\GameSpace\GameSpace\Areas\MiniGame\Services\PetLevelRewardSettingService.cs(23,47): error CS1061: 'GameSpacedatabaseContext' 未包含 'PetLevelRewardSettings' 的定義，也找不到可接受類型 'GameSpacedatabaseContext' 第一個引數的可存取擴充方法 'PetLevelRewardSettings' (是否遺漏 using 指示詞或組件參考?) [C:\Users\n2029\Desktop\GameSpace\GameSpace\GameSpace\GameSpace.csproj]
C:\Users\n2029\Desktop\GameSpace\GameSpace\GameSpace\obj\Debug\net8.0\Microsoft.CodeAnalysis.Razor.Compiler\Microsoft.NET.Sdk.Razor.SourceGenerators.RazorSourceGenerator\Areas_MiniGame_Views_AdminSignIn_Rules_cshtml.g.cs(131,143): error CS1963: 運算式樹狀結構不可包含動態作業 [C:\Users\n2029\Desktop\GameSpace\GameSpace\GameSpace\GameSpace.csproj]
C:\Users\n2029\Desktop\GameSpace\GameSpace\GameSpace\obj\Debug\net8.0\Microsoft.CodeAnalysis.Razor.Compiler\Microsoft.NET.Sdk.Razor.SourceGenerators.RazorSourceGenerator\Areas_MiniGame_Views_AdminSignIn_Rules_cshtml.g.cs(131,143): error CS1963: 運算式樹狀結構不可包含動態作業 [C:\Users\n2029\Desktop\GameSpace\GameSpace\GameSpace\GameSpace.csproj]
C:\Users\n2029\Desktop\GameSpace\GameSpace\GameSpace\obj\Debug\net8.0\Microsoft.CodeAnalysis.Razor.Compiler\Microsoft.NET.Sdk.Razor.SourceGenerators.RazorSourceGenerator\Areas_MiniGame_Views_AdminSignIn_Rules_cshtml.g.cs(155,143): error CS1963: 運算式樹狀結構不可包含動態作業 [C:\Users\n2029\Desktop\GameSpace\GameSpace\GameSpace\GameSpace.csproj]
C:\Users\n2029\Desktop\GameSpace\GameSpace\GameSpace\obj\Debug\net8.0\Microsoft.CodeAnalysis.Razor.Compiler\Microsoft.NET.Sdk.Razor.SourceGenerators.RazorSourceGenerator\Areas_MiniGame_Views_AdminSignIn_Rules_cshtml.g.cs(155,143): error CS1963: 運算式樹狀結構不可包含動態作業 [C:\Users\n2029\Desktop\GameSpace\GameSpace\GameSpace\GameSpace.csproj]
C:\Users\n2029\Desktop\GameSpace\GameSpace\GameSpace\obj\Debug\net8.0\Microsoft.CodeAnalysis.Razor.Compiler\Microsoft.NET.Sdk.Razor.SourceGenerators.RazorSourceGenerator\Areas_MiniGame_Views_AdminSignIn_Rules_cshtml.g.cs(182,155): error CS1963: 運算式樹狀結構不可包含動態作業 [C:\Users\n2029\Desktop\GameSpace\GameSpace\GameSpace\GameSpace.csproj]
C:\Users\n2029\Desktop\GameSpace\GameSpace\GameSpace\obj\Debug\net8.0\Microsoft.CodeAnalysis.Razor.Compiler\Microsoft.NET.Sdk.Razor.SourceGenerators.RazorSourceGenerator\Areas_MiniGame_Views_AdminSignIn_Rules_cshtml.g.cs(182,155): error CS1963: 運算式樹狀結構不可包含動態作業 [C:\Users\n2029\Desktop\GameSpace\GameSpace\GameSpace\GameSpace.csproj]
C:\Users\n2029\Desktop\GameSpace\GameSpace\GameSpace\obj\Debug\net8.0\Microsoft.CodeAnalysis.Razor.Compiler\Microsoft.NET.Sdk.Razor.SourceGenerators.RazorSourceGenerator\Areas_MiniGame_Views_AdminSignIn_Rules_cshtml.g.cs(207,143): error CS1963: 運算式樹狀結構不可包含動態作業 [C:\Users\n2029\Desktop\GameSpace\GameSpace\GameSpace\GameSpace.csproj]
C:\Users\n2029\Desktop\GameSpace\GameSpace\GameSpace\obj\Debug\net8.0\Microsoft.CodeAnalysis.Razor.Compiler\Microsoft.NET.Sdk.Razor.SourceGenerators.RazorSourceGenerator\Areas_MiniGame_Views_AdminSignIn_Rules_cshtml.g.cs(207,143): error CS1963: 運算式樹狀結構不可包含動態作業 [C:\Users\n2029\Desktop\GameSpace\GameSpace\GameSpace\GameSpace.csproj]
C:\Users\n2029\Desktop\GameSpace\GameSpace\GameSpace\obj\Debug\net8.0\Microsoft.CodeAnalysis.Razor.Compiler\Microsoft.NET.Sdk.Razor.SourceGenerators.RazorSourceGenerator\Areas_MiniGame_Views_AdminSignIn_Rules_cshtml.g.cs(231,143): error CS1963: 運算式樹狀結構不可包含動態作業 [C:\Users\n2029\Desktop\GameSpace\GameSpace\GameSpace\GameSpace.csproj]
C:\Users\n2029\Desktop\GameSpace\GameSpace\GameSpace\obj\Debug\net8.0\Microsoft.CodeAnalysis.Razor.Compiler\Microsoft.NET.Sdk.Razor.SourceGenerators.RazorSourceGenerator\Areas_MiniGame_Views_AdminSignIn_Rules_cshtml.g.cs(231,143): error CS1963: 運算式樹狀結構不可包含動態作業 [C:\Users\n2029\Desktop\GameSpace\GameSpace\GameSpace\GameSpace.csproj]
C:\Users\n2029\Desktop\GameSpace\GameSpace\GameSpace\obj\Debug\net8.0\Microsoft.CodeAnalysis.Razor.Compiler\Microsoft.NET.Sdk.Razor.SourceGenerators.RazorSourceGenerator\Areas_MiniGame_Views_AdminSignIn_Rules_cshtml.g.cs(258,155): error CS1963: 運算式樹狀結構不可包含動態作業 [C:\Users\n2029\Desktop\GameSpace\GameSpace\GameSpace\GameSpace.csproj]
C:\Users\n2029\Desktop\GameSpace\GameSpace\GameSpace\obj\Debug\net8.0\Microsoft.CodeAnalysis.Razor.Compiler\Microsoft.NET.Sdk.Razor.SourceGenerators.RazorSourceGenerator\Areas_MiniGame_Views_AdminSignIn_Rules_cshtml.g.cs(258,155): error CS1963: 運算式樹狀結構不可包含動態作業 [C:\Users\n2029\Desktop\GameSpace\GameSpace\GameSpace\GameSpace.csproj]
C:\Users\n2029\Desktop\GameSpace\GameSpace\GameSpace\obj\Debug\net8.0\Microsoft.CodeAnalysis.Razor.Compiler\Microsoft.NET.Sdk.Razor.SourceGenerators.RazorSourceGenerator\Areas_MiniGame_Views_AdminSignIn_Rules_cshtml.g.cs(290,143): error CS1963: 運算式樹狀結構不可包含動態作業 [C:\Users\n2029\Desktop\GameSpace\GameSpace\GameSpace\GameSpace.csproj]
C:\Users\n2029\Desktop\GameSpace\GameSpace\GameSpace\obj\Debug\net8.0\Microsoft.CodeAnalysis.Razor.Compiler\Microsoft.NET.Sdk.Razor.SourceGenerators.RazorSourceGenerator\Areas_MiniGame_Views_AdminSignIn_Rules_cshtml.g.cs(290,143): error CS1963: 運算式樹狀結構不可包含動態作業 [C:\Users\n2029\Desktop\GameSpace\GameSpace\GameSpace\GameSpace.csproj]
C:\Users\n2029\Desktop\GameSpace\GameSpace\GameSpace\obj\Debug\net8.0\Microsoft.CodeAnalysis.Razor.Compiler\Microsoft.NET.Sdk.Razor.SourceGenerators.RazorSourceGenerator\Areas_MiniGame_Views_AdminSignIn_Rules_cshtml.g.cs(314,143): error CS1963: 運算式樹狀結構不可包含動態作業 [C:\Users\n2029\Desktop\GameSpace\GameSpace\GameSpace\GameSpace.csproj]
C:\Users\n2029\Desktop\GameSpace\GameSpace\GameSpace\obj\Debug\net8.0\Microsoft.CodeAnalysis.Razor.Compiler\Microsoft.NET.Sdk.Razor.SourceGenerators.RazorSourceGenerator\Areas_MiniGame_Views_AdminSignIn_Rules_cshtml.g.cs(314,143): error CS1963: 運算式樹狀結構不可包含動態作業 [C:\Users\n2029\Desktop\GameSpace\GameSpace\GameSpace\GameSpace.csproj]
C:\Users\n2029\Desktop\GameSpace\GameSpace\GameSpace\obj\Debug\net8.0\Microsoft.CodeAnalysis.Razor.Compiler\Microsoft.NET.Sdk.Razor.SourceGenerators.RazorSourceGenerator\Areas_MiniGame_Views_AdminSignIn_Rules_cshtml.g.cs(341,155): error CS1963: 運算式樹狀結構不可包含動態作業 [C:\Users\n2029\Desktop\GameSpace\GameSpace\GameSpace\GameSpace.csproj]
C:\Users\n2029\Desktop\GameSpace\GameSpace\GameSpace\obj\Debug\net8.0\Microsoft.CodeAnalysis.Razor.Compiler\Microsoft.NET.Sdk.Razor.SourceGenerators.RazorSourceGenerator\Areas_MiniGame_Views_AdminSignIn_Rules_cshtml.g.cs(341,155): error CS1963: 運算式樹狀結構不可包含動態作業 [C:\Users\n2029\Desktop\GameSpace\GameSpace\GameSpace\GameSpace.csproj]
C:\Users\n2029\Desktop\GameSpace\GameSpace\GameSpace\obj\Debug\net8.0\Microsoft.CodeAnalysis.Razor.Compiler\Microsoft.NET.Sdk.Razor.SourceGenerators.RazorSourceGenerator\Areas_MiniGame_Views_AdminSignIn_Rules_cshtml.g.cs(366,143): error CS1963: 運算式樹狀結構不可包含動態作業 [C:\Users\n2029\Desktop\GameSpace\GameSpace\GameSpace\GameSpace.csproj]
C:\Users\n2029\Desktop\GameSpace\GameSpace\GameSpace\obj\Debug\net8.0\Microsoft.CodeAnalysis.Razor.Compiler\Microsoft.NET.Sdk.Razor.SourceGenerators.RazorSourceGenerator\Areas_MiniGame_Views_AdminSignIn_Rules_cshtml.g.cs(366,143): error CS1963: 運算式樹狀結構不可包含動態作業 [C:\Users\n2029\Desktop\GameSpace\GameSpace\GameSpace\GameSpace.csproj]
C:\Users\n2029\Desktop\GameSpace\GameSpace\GameSpace\obj\Debug\net8.0\Microsoft.CodeAnalysis.Razor.Compiler\Microsoft.NET.Sdk.Razor.SourceGenerators.RazorSourceGenerator\Areas_MiniGame_Views_AdminSignIn_Rules_cshtml.g.cs(390,143): error CS1963: 運算式樹狀結構不可包含動態作業 [C:\Users\n2029\Desktop\GameSpace\GameSpace\GameSpace\GameSpace.csproj]
C:\Users\n2029\Desktop\GameSpace\GameSpace\GameSpace\obj\Debug\net8.0\Microsoft.CodeAnalysis.Razor.Compiler\Microsoft.NET.Sdk.Razor.SourceGenerators.RazorSourceGenerator\Areas_MiniGame_Views_AdminSignIn_Rules_cshtml.g.cs(390,143): error CS1963: 運算式樹狀結構不可包含動態作業 [C:\Users\n2029\Desktop\GameSpace\GameSpace\GameSpace\GameSpace.csproj]
C:\Users\n2029\Desktop\GameSpace\GameSpace\GameSpace\obj\Debug\net8.0\Microsoft.CodeAnalysis.Razor.Compiler\Microsoft.NET.Sdk.Razor.SourceGenerators.RazorSourceGenerator\Areas_MiniGame_Views_AdminSignIn_Rules_cshtml.g.cs(417,155): error CS1963: 運算式樹狀結構不可包含動態作業 [C:\Users\n2029\Desktop\GameSpace\GameSpace\GameSpace\GameSpace.csproj]
C:\Users\n2029\Desktop\GameSpace\GameSpace\GameSpace\obj\Debug\net8.0\Microsoft.CodeAnalysis.Razor.Compiler\Microsoft.NET.Sdk.Razor.SourceGenerators.RazorSourceGenerator\Areas_MiniGame_Views_AdminSignIn_Rules_cshtml.g.cs(417,155): error CS1963: 運算式樹狀結構不可包含動態作業 [C:\Users\n2029\Desktop\GameSpace\GameSpace\GameSpace\GameSpace.csproj]
C:\Users\n2029\Desktop\GameSpace\GameSpace\GameSpace\obj\Debug\net8.0\Microsoft.CodeAnalysis.Razor.Compiler\Microsoft.NET.Sdk.Razor.SourceGenerators.RazorSourceGenerator\Areas_MiniGame_Views_AdminSignIn_Rules_cshtml.g.cs(449,143): error CS1963: 運算式樹狀結構不可包含動態作業 [C:\Users\n2029\Desktop\GameSpace\GameSpace\GameSpace\GameSpace.csproj]
C:\Users\n2029\Desktop\GameSpace\GameSpace\GameSpace\obj\Debug\net8.0\Microsoft.CodeAnalysis.Razor.Compiler\Microsoft.NET.Sdk.Razor.SourceGenerators.RazorSourceGenerator\Areas_MiniGame_Views_AdminSignIn_Rules_cshtml.g.cs(449,143): error CS1963: 運算式樹狀結構不可包含動態作業 [C:\Users\n2029\Desktop\GameSpace\GameSpace\GameSpace\GameSpace.csproj]
C:\Users\n2029\Desktop\GameSpace\GameSpace\GameSpace\obj\Debug\net8.0\Microsoft.CodeAnalysis.Razor.Compiler\Microsoft.NET.Sdk.Razor.SourceGenerators.RazorSourceGenerator\Areas_MiniGame_Views_AdminSignIn_Rules_cshtml.g.cs(473,146): error CS1963: 運算式樹狀結構不可包含動態作業 [C:\Users\n2029\Desktop\GameSpace\GameSpace\GameSpace\GameSpace.csproj]
C:\Users\n2029\Desktop\GameSpace\GameSpace\GameSpace\obj\Debug\net8.0\Microsoft.CodeAnalysis.Razor.Compiler\Microsoft.NET.Sdk.Razor.SourceGenerators.RazorSourceGenerator\Areas_MiniGame_Views_AdminSignIn_Rules_cshtml.g.cs(473,146): error CS1963: 運算式樹狀結構不可包含動態作業 [C:\Users\n2029\Desktop\GameSpace\GameSpace\GameSpace\GameSpace.csproj]
C:\Users\n2029\Desktop\GameSpace\GameSpace\GameSpace\obj\Debug\net8.0\Microsoft.CodeAnalysis.Razor.Compiler\Microsoft.NET.Sdk.Razor.SourceGenerators.RazorSourceGenerator\Areas_MiniGame_Views_AdminSignIn_Rules_cshtml.g.cs(498,155): error CS1963: 運算式樹狀結構不可包含動態作業 [C:\Users\n2029\Desktop\GameSpace\GameSpace\GameSpace\GameSpace.csproj]
C:\Users\n2029\Desktop\GameSpace\GameSpace\GameSpace\obj\Debug\net8.0\Microsoft.CodeAnalysis.Razor.Compiler\Microsoft.NET.Sdk.Razor.SourceGenerators.RazorSourceGenerator\Areas_MiniGame_Views_AdminSignIn_Rules_cshtml.g.cs(498,155): error CS1963: 運算式樹狀結構不可包含動態作業 [C:\Users\n2029\Desktop\GameSpace\GameSpace\GameSpace\GameSpace.csproj]
C:\Users\n2029\Desktop\GameSpace\GameSpace\GameSpace\Areas\MiniGame\Services\PetLevelRewardSettingService.cs(55,46): error CS1061: 'GameSpacedatabaseContext' 未包含 'PetLevelRewardSettings' 的定義，也找不到可接受類型 'GameSpacedatabaseContext' 第一個引數的可存取擴充方法 'PetLevelRewardSettings' (是否遺漏 using 指示詞或組件參考?) [C:\Users\n2029\Desktop\GameSpace\GameSpace\GameSpace\GameSpace.csproj]
C:\Users\n2029\Desktop\GameSpace\GameSpace\GameSpace\Areas\MiniGame\Services\PetLevelRewardSettingService.cs(114,26): error CS1061: 'GameSpacedatabaseContext' 未包含 'PetLevelRewardSettings' 的定義，也找不到可接受類型 'GameSpacedatabaseContext' 第一個引數的可存取擴充方法 'PetLevelRewardSettings' (是否遺漏 using 指示詞或組件參考?) [C:\Users\n2029\Desktop\GameSpace\GameSpace\GameSpace\GameSpace.csproj]
C:\Users\n2029\Desktop\GameSpace\GameSpace\GameSpace\Areas\MiniGame\Services\PetLevelRewardSettingService.cs(145,46): error CS1061: 'GameSpacedatabaseContext' 未包含 'PetLevelRewardSettings' 的定義，也找不到可接受類型 'GameSpacedatabaseContext' 第一個引數的可存取擴充方法 'PetLevelRewardSettings' (是否遺漏 using 指示詞或組件參考?) [C:\Users\n2029\Desktop\GameSpace\GameSpace\GameSpace\GameSpace.csproj]
C:\Users\n2029\Desktop\GameSpace\GameSpace\GameSpace\Areas\MiniGame\Views\AdminPet\IndividualSettings.cshtml(75,53): error CS1061: 'PetIndividualSettingsModel' 未包含 'Pets' 的定義，也找不到可接受類型 'PetIndividualSettingsModel' 第一個引數的可存取擴充方法 'Pets' (是否遺漏 using 指示詞或組件參考?) [C:\Users\n2029\Desktop\GameSpace\GameSpace\GameSpace\GameSpace.csproj]
C:\Users\n2029\Desktop\GameSpace\GameSpace\GameSpace\Areas\MiniGame\Views\AdminPet\IndividualSettings.cshtml(75,75): error CS1061: 'PetIndividualSettingsModel' 未包含 'Pets' 的定義，也找不到可接受類型 'PetIndividualSettingsModel' 第一個引數的可存取擴充方法 'Pets' (是否遺漏 using 指示詞或組件參考?) [C:\Users\n2029\Desktop\GameSpace\GameSpace\GameSpace\GameSpace.csproj]
C:\Users\n2029\Desktop\GameSpace\GameSpace\GameSpace\Areas\MiniGame\Views\AdminPet\IndividualSettings.cshtml(77,56): error CS1061: 'PetIndividualSettingsModel' 未包含 'Pets' 的定義，也找不到可接受類型 'PetIndividualSettingsModel' 第一個引數的可存取擴充方法 'Pets' (是否遺漏 using 指示詞或組件參考?) [C:\Users\n2029\Desktop\GameSpace\GameSpace\GameSpace\GameSpace.csproj]
C:\Users\n2029\Desktop\GameSpace\GameSpace\GameSpace\Areas\MiniGame\Services\PetLevelRewardSettingService.cs(196,46): error CS1061: 'GameSpacedatabaseContext' 未包含 'PetLevelRewardSettings' 的定義，也找不到可接受類型 'GameSpacedatabaseContext' 第一個引數的可存取擴充方法 'PetLevelRewardSettings' (是否遺漏 using 指示詞或組件參考?) [C:\Users\n2029\Desktop\GameSpace\GameSpace\GameSpace\GameSpace.csproj]
C:\Users\n2029\Desktop\GameSpace\GameSpace\GameSpace\Areas\MiniGame\Services\PetLevelRewardSettingService.cs(203,26): error CS1061: 'GameSpacedatabaseContext' 未包含 'PetLevelRewardSettings' 的定義，也找不到可接受類型 'GameSpacedatabaseContext' 第一個引數的可存取擴充方法 'PetLevelRewardSettings' (是否遺漏 using 指示詞或組件參考?) [C:\Users\n2029\Desktop\GameSpace\GameSpace\GameSpace\GameSpace.csproj]
C:\Users\n2029\Desktop\GameSpace\GameSpace\GameSpace\Areas\MiniGame\Services\PetLevelRewardSettingService.cs(220,46): error CS1061: 'GameSpacedatabaseContext' 未包含 'PetLevelRewardSettings' 的定義，也找不到可接受類型 'GameSpacedatabaseContext' 第一個引數的可存取擴充方法 'PetLevelRewardSettings' (是否遺漏 using 指示詞或組件參考?) [C:\Users\n2029\Desktop\GameSpace\GameSpace\GameSpace\GameSpace.csproj]
C:\Users\n2029\Desktop\GameSpace\GameSpace\GameSpace\Areas\MiniGame\Views\AdminWallet\AdjustEVouchers.cshtml(32,45): error CS1061: 'AdjustEVouchersModel' 未包含 'UserId' 的定義，也找不到可接受類型 'AdjustEVouchersModel' 第一個引數的可存取擴充方法 'UserId' (是否遺漏 using 指示詞或組件參考?) [C:\Users\n2029\Desktop\GameSpace\GameSpace\GameSpace\GameSpace.csproj]
C:\Users\n2029\Desktop\GameSpace\GameSpace\GameSpace\Areas\MiniGame\Views\AdminWallet\AdjustEVouchers.cshtml(33,45): error CS1061: 'AdjustEVouchersModel' 未包含 'UserId' 的定義，也找不到可接受類型 'AdjustEVouchersModel' 第一個引數的可存取擴充方法 'UserId' (是否遺漏 using 指示詞或組件參考?) [C:\Users\n2029\Desktop\GameSpace\GameSpace\GameSpace\GameSpace.csproj]
C:\Users\n2029\Desktop\GameSpace\GameSpace\GameSpace\Areas\MiniGame\Views\AdminWallet\AdjustEVouchers.cshtml(34,55): error CS1061: 'AdjustEVouchersModel' 未包含 'UserId' 的定義，也找不到可接受類型 'AdjustEVouchersModel' 第一個引數的可存取擴充方法 'UserId' (是否遺漏 using 指示詞或組件參考?) [C:\Users\n2029\Desktop\GameSpace\GameSpace\GameSpace\GameSpace.csproj]
C:\Users\n2029\Desktop\GameSpace\GameSpace\GameSpace\Areas\MiniGame\Views\AdminWallet\AdjustEVouchers.cshtml(39,45): error CS1061: 'AdjustEVouchersModel' 未包含 'EVoucherTypeId' 的定義，也找不到可接受類型 'AdjustEVouchersModel' 第一個引數的可存取擴充方法 'EVoucherTypeId' (是否遺漏 using 指示詞或組件參考?) [C:\Users\n2029\Desktop\GameSpace\GameSpace\GameSpace\GameSpace.csproj]
C:\Users\n2029\Desktop\GameSpace\GameSpace\GameSpace\Areas\MiniGame\Views\AdminWallet\AdjustEVouchers.cshtml(40,46): error CS1061: 'AdjustEVouchersModel' 未包含 'EVoucherTypeId' 的定義，也找不到可接受類型 'AdjustEVouchersModel' 第一個引數的可存取擴充方法 'EVoucherTypeId' (是否遺漏 using 指示詞或組件參考?) [C:\Users\n2029\Desktop\GameSpace\GameSpace\GameSpace\GameSpace.csproj]
C:\Users\n2029\Desktop\GameSpace\GameSpace\GameSpace\Areas\MiniGame\Views\AdminWallet\AdjustEVouchers.cshtml(47,55): error CS1061: 'AdjustEVouchersModel' 未包含 'EVoucherTypeId' 的定義，也找不到可接受類型 'AdjustEVouchersModel' 第一個引數的可存取擴充方法 'EVoucherTypeId' (是否遺漏 using 指示詞或組件參考?) [C:\Users\n2029\Desktop\GameSpace\GameSpace\GameSpace\GameSpace.csproj]
C:\Users\n2029\Desktop\GameSpace\GameSpace\GameSpace\Areas\MiniGame\Views\AdminWallet\AdjustEVouchers.cshtml(62,45): error CS1061: 'AdjustEVouchersModel' 未包含 'ExpiryDate' 的定義，也找不到可接受類型 'AdjustEVouchersModel' 第一個引數的可存取擴充方法 'ExpiryDate' (是否遺漏 using 指示詞或組件參考?) [C:\Users\n2029\Desktop\GameSpace\GameSpace\GameSpace\GameSpace.csproj]
C:\Users\n2029\Desktop\GameSpace\GameSpace\GameSpace\Areas\MiniGame\Views\AdminWallet\AdjustEVouchers.cshtml(63,45): error CS1061: 'AdjustEVouchersModel' 未包含 'ExpiryDate' 的定義，也找不到可接受類型 'AdjustEVouchersModel' 第一個引數的可存取擴充方法 'ExpiryDate' (是否遺漏 using 指示詞或組件參考?) [C:\Users\n2029\Desktop\GameSpace\GameSpace\GameSpace\GameSpace.csproj]
C:\Users\n2029\Desktop\GameSpace\GameSpace\GameSpace\Areas\MiniGame\Views\AdminWallet\AdjustEVouchers.cshtml(64,55): error CS1061: 'AdjustEVouchersModel' 未包含 'ExpiryDate' 的定義，也找不到可接受類型 'AdjustEVouchersModel' 第一個引數的可存取擴充方法 'ExpiryDate' (是否遺漏 using 指示詞或組件參考?) [C:\Users\n2029\Desktop\GameSpace\GameSpace\GameSpace\GameSpace.csproj]
C:\Users\n2029\Desktop\GameSpace\GameSpace\GameSpace\Areas\MiniGame\Views\AdminMiniGame\ViewGameRecords.cshtml(195,49): error CS1061: 'GameRecordModel' 未包含 'StartTime' 的定義，也找不到可接受類型 'GameRecordModel' 第一個引數的可存取擴充方法 'StartTime' (是否遺漏 using 指示詞或組件參考?) [C:\Users\n2029\Desktop\GameSpace\GameSpace\GameSpace\GameSpace.csproj]
C:\Users\n2029\Desktop\GameSpace\GameSpace\GameSpace\Areas\MiniGame\Views\AdminMiniGame\ViewGameRecords.cshtml(196,49): error CS1061: 'GameRecordModel' 未包含 'UserId' 的定義，也找不到可接受類型 'GameRecordModel' 第一個引數的可存取擴充方法 'UserId' (是否遺漏 using 指示詞或組件參考?) [C:\Users\n2029\Desktop\GameSpace\GameSpace\GameSpace\GameSpace.csproj]
C:\Users\n2029\Desktop\GameSpace\GameSpace\GameSpace\Areas\MiniGame\Views\AdminMiniGame\ViewGameRecords.cshtml(197,49): error CS1061: 'GameRecordModel' 未包含 'UserName' 的定義，也找不到可接受類型 'GameRecordModel' 第一個引數的可存取擴充方法 'UserName' (是否遺漏 using 指示詞或組件參考?) [C:\Users\n2029\Desktop\GameSpace\GameSpace\GameSpace\GameSpace.csproj]
C:\Users\n2029\Desktop\GameSpace\GameSpace\GameSpace\Areas\MiniGame\Views\AdminMiniGame\ViewGameRecords.cshtml(199,83): error CS1061: 'GameRecordModel' 未包含 'GameName' 的定義，也找不到可接受類型 'GameRecordModel' 第一個引數的可存取擴充方法 'GameName' (是否遺漏 using 指示詞或組件參考?) [C:\Users\n2029\Desktop\GameSpace\GameSpace\GameSpace\GameSpace.csproj]
C:\Users\n2029\Desktop\GameSpace\GameSpace\GameSpace\Areas\MiniGame\Views\AdminMiniGame\ViewGameRecords.cshtml(202,57): error CS1061: 'GameRecordModel' 未包含 'Result' 的定義，也找不到可接受類型 'GameRecordModel' 第一個引數的可存取擴充方法 'Result' (是否遺漏 using 指示詞或組件參考?) [C:\Users\n2029\Desktop\GameSpace\GameSpace\GameSpace\GameSpace.csproj]
C:\Users\n2029\Desktop\GameSpace\GameSpace\GameSpace\Areas\MiniGame\Views\AdminMiniGame\ViewGameRecords.cshtml(214,93): error CS1061: 'GameRecordModel' 未包含 'Result' 的定義，也找不到可接受類型 'GameRecordModel' 第一個引數的可存取擴充方法 'Result' (是否遺漏 using 指示詞或組件參考?) [C:\Users\n2029\Desktop\GameSpace\GameSpace\GameSpace\GameSpace.csproj]
C:\Users\n2029\Desktop\GameSpace\GameSpace\GameSpace\Areas\MiniGame\Views\AdminMiniGame\ViewGameRecords.cshtml(219,80): error CS1061: 'GameRecordModel' 未包含 'Score' 的定義，也找不到可接受類型 'GameRecordModel' 第一個引數的可存取擴充方法 'Score' (是否遺漏 using 指示詞或組件參考?) [C:\Users\n2029\Desktop\GameSpace\GameSpace\GameSpace\GameSpace.csproj]
C:\Users\n2029\Desktop\GameSpace\GameSpace\GameSpace\Areas\MiniGame\Views\AdminMiniGame\ViewGameRecords.cshtml(222,53): error CS1061: 'GameRecordModel' 未包含 'PointsEarned' 的定義，也找不到可接受類型 'GameRecordModel' 第一個引數的可存取擴充方法 'PointsEarned' (是否遺漏 using 指示詞或組件參考?) [C:\Users\n2029\Desktop\GameSpace\GameSpace\GameSpace\GameSpace.csproj]
C:\Users\n2029\Desktop\GameSpace\GameSpace\GameSpace\Areas\MiniGame\Views\AdminMiniGame\ViewGameRecords.cshtml(224,98): error CS1061: 'GameRecordModel' 未包含 'PointsEarned' 的定義，也找不到可接受類型 'GameRecordModel' 第一個引數的可存取擴充方法 'PointsEarned' (是否遺漏 using 指示詞或組件參考?) [C:\Users\n2029\Desktop\GameSpace\GameSpace\GameSpace\GameSpace.csproj]
C:\Users\n2029\Desktop\GameSpace\GameSpace\GameSpace\Areas\MiniGame\Views\AdminMiniGame\ViewGameRecords.cshtml(226,57): error CS1061: 'GameRecordModel' 未包含 'PointsEarned' 的定義，也找不到可接受類型 'GameRecordModel' 第一個引數的可存取擴充方法 'PointsEarned' (是否遺漏 using 指示詞或組件參考?) [C:\Users\n2029\Desktop\GameSpace\GameSpace\GameSpace\GameSpace.csproj]
C:\Users\n2029\Desktop\GameSpace\GameSpace\GameSpace\Areas\MiniGame\Views\AdminMiniGame\ViewGameRecords.cshtml(228,96): error CS1061: 'GameRecordModel' 未包含 'PointsEarned' 的定義，也找不到可接受類型 'GameRecordModel' 第一個引數的可存取擴充方法 'PointsEarned' (是否遺漏 using 指示詞或組件參考?) [C:\Users\n2029\Desktop\GameSpace\GameSpace\GameSpace\GameSpace.csproj]
C:\Users\n2029\Desktop\GameSpace\GameSpace\GameSpace\Areas\MiniGame\Views\AdminMiniGame\ViewGameRecords.cshtml(235,49): error CS1061: 'GameRecordModel' 未包含 'Duration' 的定義，也找不到可接受類型 'GameRecordModel' 第一個引數的可存取擴充方法 'Duration' (是否遺漏 using 指示詞或組件參考?) [C:\Users\n2029\Desktop\GameSpace\GameSpace\GameSpace\GameSpace.csproj]
C:\Users\n2029\Desktop\GameSpace\GameSpace\GameSpace\Areas\MiniGame\Views\AdminMiniGame\ViewGameRecords.cshtml(237,110): error CS1061: 'GameRecordModel' 未包含 'Id' 的定義，也找不到可接受類型 'GameRecordModel' 第一個引數的可存取擴充方法 'Id' (是否遺漏 using 指示詞或組件參考?) [C:\Users\n2029\Desktop\GameSpace\GameSpace\GameSpace\GameSpace.csproj]
C:\Users\n2029\Desktop\GameSpace\GameSpace\GameSpace\Areas\MiniGame\Views\AdminMiniGame\ViewGameRecords.cshtml(240,112): error CS1061: 'GameRecordModel' 未包含 'Id' 的定義，也找不到可接受類型 'GameRecordModel' 第一個引數的可存取擴充方法 'Id' (是否遺漏 using 指示詞或組件參考?) [C:\Users\n2029\Desktop\GameSpace\GameSpace\GameSpace\GameSpace.csproj]
C:\Users\n2029\Desktop\GameSpace\GameSpace\GameSpace\Areas\MiniGame\Views\AdminSignIn\Create.cshtml(29,45): error CS1061: 'AdminSignInCreateViewModel' 未包含 'SignInName' 的定義，也找不到可接受類型 'AdminSignInCreateViewModel' 第一個引數的可存取擴充方法 'SignInName' (是否遺漏 using 指示詞或組件參考?) [C:\Users\n2029\Desktop\GameSpace\GameSpace\GameSpace\GameSpace.csproj]
C:\Users\n2029\Desktop\GameSpace\GameSpace\GameSpace\Areas\MiniGame\Views\AdminSignIn\Create.cshtml(30,45): error CS1061: 'AdminSignInCreateViewModel' 未包含 'SignInName' 的定義，也找不到可接受類型 'AdminSignInCreateViewModel' 第一個引數的可存取擴充方法 'SignInName' (是否遺漏 using 指示詞或組件參考?) [C:\Users\n2029\Desktop\GameSpace\GameSpace\GameSpace\GameSpace.csproj]
C:\Users\n2029\Desktop\GameSpace\GameSpace\GameSpace\Areas\MiniGame\Views\AdminSignIn\Create.cshtml(31,55): error CS1061: 'AdminSignInCreateViewModel' 未包含 'SignInName' 的定義，也找不到可接受類型 'AdminSignInCreateViewModel' 第一個引數的可存取擴充方法 'SignInName' (是否遺漏 using 指示詞或組件參考?) [C:\Users\n2029\Desktop\GameSpace\GameSpace\GameSpace\GameSpace.csproj]
C:\Users\n2029\Desktop\GameSpace\GameSpace\GameSpace\Areas\MiniGame\Views\AdminSignIn\Create.cshtml(35,45): error CS1061: 'AdminSignInCreateViewModel' 未包含 'SignInDescription' 的定義，也找不到可接受類型 'AdminSignInCreateViewModel' 第一個引數的可存取擴充方法 'SignInDescription' (是否遺漏 using 指示詞或組件參考?) [C:\Users\n2029\Desktop\GameSpace\GameSpace\GameSpace\GameSpace.csproj]
C:\Users\n2029\Desktop\GameSpace\GameSpace\GameSpace\Areas\MiniGame\Views\AdminSignIn\Create.cshtml(36,48): error CS1061: 'AdminSignInCreateViewModel' 未包含 'SignInDescription' 的定義，也找不到可接受類型 'AdminSignInCreateViewModel' 第一個引數的可存取擴充方法 'SignInDescription' (是否遺漏 using 指示詞或組件參考?) [C:\Users\n2029\Desktop\GameSpace\GameSpace\GameSpace\GameSpace.csproj]
C:\Users\n2029\Desktop\GameSpace\GameSpace\GameSpace\Areas\MiniGame\Views\AdminSignIn\Create.cshtml(37,55): error CS1061: 'AdminSignInCreateViewModel' 未包含 'SignInDescription' 的定義，也找不到可接受類型 'AdminSignInCreateViewModel' 第一個引數的可存取擴充方法 'SignInDescription' (是否遺漏 using 指示詞或組件參考?) [C:\Users\n2029\Desktop\GameSpace\GameSpace\GameSpace\GameSpace.csproj]
C:\Users\n2029\Desktop\GameSpace\GameSpace\GameSpace\Areas\MiniGame\Views\AdminSignIn\Create.cshtml(43,53): error CS1061: 'AdminSignInCreateViewModel' 未包含 'RewardPoints' 的定義，也找不到可接受類型 'AdminSignInCreateViewModel' 第一個引數的可存取擴充方法 'RewardPoints' (是否遺漏 using 指示詞或組件參考?) [C:\Users\n2029\Desktop\GameSpace\GameSpace\GameSpace\GameSpace.csproj]
C:\Users\n2029\Desktop\GameSpace\GameSpace\GameSpace\Areas\MiniGame\Views\AdminSignIn\Create.cshtml(44,53): error CS1061: 'AdminSignInCreateViewModel' 未包含 'RewardPoints' 的定義，也找不到可接受類型 'AdminSignInCreateViewModel' 第一個引數的可存取擴充方法 'RewardPoints' (是否遺漏 using 指示詞或組件參考?) [C:\Users\n2029\Desktop\GameSpace\GameSpace\GameSpace\GameSpace.csproj]
C:\Users\n2029\Desktop\GameSpace\GameSpace\GameSpace\Areas\MiniGame\Views\AdminSignIn\Create.cshtml(45,63): error CS1061: 'AdminSignInCreateViewModel' 未包含 'RewardPoints' 的定義，也找不到可接受類型 'AdminSignInCreateViewModel' 第一個引數的可存取擴充方法 'RewardPoints' (是否遺漏 using 指示詞或組件參考?) [C:\Users\n2029\Desktop\GameSpace\GameSpace\GameSpace\GameSpace.csproj]
C:\Users\n2029\Desktop\GameSpace\GameSpace\GameSpace\Areas\MiniGame\Views\AdminSignIn\Create.cshtml(50,53): error CS1061: 'AdminSignInCreateViewModel' 未包含 'IsActive' 的定義，也找不到可接受類型 'AdminSignInCreateViewModel' 第一個引數的可存取擴充方法 'IsActive' (是否遺漏 using 指示詞或組件參考?) [C:\Users\n2029\Desktop\GameSpace\GameSpace\GameSpace\GameSpace.csproj]
C:\Users\n2029\Desktop\GameSpace\GameSpace\GameSpace\Areas\MiniGame\Views\AdminSignIn\Create.cshtml(52,57): error CS1061: 'AdminSignInCreateViewModel' 未包含 'IsActive' 的定義，也找不到可接受類型 'AdminSignInCreateViewModel' 第一個引數的可存取擴充方法 'IsActive' (是否遺漏 using 指示詞或組件參考?) [C:\Users\n2029\Desktop\GameSpace\GameSpace\GameSpace\GameSpace.csproj]
C:\Users\n2029\Desktop\GameSpace\GameSpace\GameSpace\Areas\MiniGame\Views\AdminSignIn\Create.cshtml(64,53): error CS1061: 'AdminSignInCreateViewModel' 未包含 'StartDate' 的定義，也找不到可接受類型 'AdminSignInCreateViewModel' 第一個引數的可存取擴充方法 'StartDate' (是否遺漏 using 指示詞或組件參考?) [C:\Users\n2029\Desktop\GameSpace\GameSpace\GameSpace\GameSpace.csproj]
C:\Users\n2029\Desktop\GameSpace\GameSpace\GameSpace\Areas\MiniGame\Views\AdminSignIn\Create.cshtml(65,53): error CS1061: 'AdminSignInCreateViewModel' 未包含 'StartDate' 的定義，也找不到可接受類型 'AdminSignInCreateViewModel' 第一個引數的可存取擴充方法 'StartDate' (是否遺漏 using 指示詞或組件參考?) [C:\Users\n2029\Desktop\GameSpace\GameSpace\GameSpace\GameSpace.csproj]
C:\Users\n2029\Desktop\GameSpace\GameSpace\GameSpace\Areas\MiniGame\Views\AdminSignIn\Create.cshtml(66,63): error CS1061: 'AdminSignInCreateViewModel' 未包含 'StartDate' 的定義，也找不到可接受類型 'AdminSignInCreateViewModel' 第一個引數的可存取擴充方法 'StartDate' (是否遺漏 using 指示詞或組件參考?) [C:\Users\n2029\Desktop\GameSpace\GameSpace\GameSpace\GameSpace.csproj]
C:\Users\n2029\Desktop\GameSpace\GameSpace\GameSpace\Areas\MiniGame\Views\AdminSignIn\Create.cshtml(71,53): error CS1061: 'AdminSignInCreateViewModel' 未包含 'EndDate' 的定義，也找不到可接受類型 'AdminSignInCreateViewModel' 第一個引數的可存取擴充方法 'EndDate' (是否遺漏 using 指示詞或組件參考?) [C:\Users\n2029\Desktop\GameSpace\GameSpace\GameSpace\GameSpace.csproj]
C:\Users\n2029\Desktop\GameSpace\GameSpace\GameSpace\Areas\MiniGame\Views\AdminSignIn\Create.cshtml(72,53): error CS1061: 'AdminSignInCreateViewModel' 未包含 'EndDate' 的定義，也找不到可接受類型 'AdminSignInCreateViewModel' 第一個引數的可存取擴充方法 'EndDate' (是否遺漏 using 指示詞或組件參考?) [C:\Users\n2029\Desktop\GameSpace\GameSpace\GameSpace\GameSpace.csproj]
C:\Users\n2029\Desktop\GameSpace\GameSpace\GameSpace\Areas\MiniGame\Views\AdminSignIn\Create.cshtml(73,63): error CS1061: 'AdminSignInCreateViewModel' 未包含 'EndDate' 的定義，也找不到可接受類型 'AdminSignInCreateViewModel' 第一個引數的可存取擴充方法 'EndDate' (是否遺漏 using 指示詞或組件參考?) [C:\Users\n2029\Desktop\GameSpace\GameSpace\GameSpace\GameSpace.csproj]
C:\Users\n2029\Desktop\GameSpace\GameSpace\GameSpace\Areas\MiniGame\Views\AdminPet\ColorChangeHistory.cshtml(22,101): error CS1061: 'PetColorChangeQueryModel' 未包含 'UserId' 的定義，也找不到可接受類型 'PetColorChangeQueryModel' 第一個引數的可存取擴充方法 'UserId' (是否遺漏 using 指示詞或組件參考?) [C:\Users\n2029\Desktop\GameSpace\GameSpace\GameSpace\GameSpace.csproj]
C:\Users\n2029\Desktop\GameSpace\GameSpace\GameSpace\Areas\MiniGame\Views\AdminPet\ColorChangeHistory.cshtml(26,99): error CS1061: 'PetColorChangeQueryModel' 未包含 'PetId' 的定義，也找不到可接受類型 'PetColorChangeQueryModel' 第一個引數的可存取擴充方法 'PetId' (是否遺漏 using 指示詞或組件參考?) [C:\Users\n2029\Desktop\GameSpace\GameSpace\GameSpace\GameSpace.csproj]
C:\Users\n2029\Desktop\GameSpace\GameSpace\GameSpace\Areas\MiniGame\Views\AdminPet\ColorChangeHistory.cshtml(32,64): error CS1061: 'PetColorChangeQueryModel' 未包含 'ChangeType' 的定義，也找不到可接受類型 'PetColorChangeQueryModel' 第一個引數的可存取擴充方法 'ChangeType' (是否遺漏 using 指示詞或組件參考?) [C:\Users\n2029\Desktop\GameSpace\GameSpace\GameSpace\GameSpace.csproj]
C:\Users\n2029\Desktop\GameSpace\GameSpace\GameSpace\Areas\MiniGame\Views\AdminPet\ColorChangeHistory.cshtml(33,70): error CS1061: 'PetColorChangeQueryModel' 未包含 'ChangeType' 的定義，也找不到可接受類型 'PetColorChangeQueryModel' 第一個引數的可存取擴充方法 'ChangeType' (是否遺漏 using 指示詞或組件參考?) [C:\Users\n2029\Desktop\GameSpace\GameSpace\GameSpace\GameSpace.csproj]
C:\Users\n2029\Desktop\GameSpace\GameSpace\GameSpace\Areas\MiniGame\Views\AdminPet\ColorChangeHistory.cshtml(38,107): error CS1061: 'PetColorChangeQueryModel' 未包含 'StartDate' 的定義，也找不到可接受類型 'PetColorChangeQueryModel' 第一個引數的可存取擴充方法 'StartDate' (是否遺漏 using 指示詞或組件參考?) [C:\Users\n2029\Desktop\GameSpace\GameSpace\GameSpace\GameSpace.csproj]
C:\Users\n2029\Desktop\GameSpace\GameSpace\GameSpace\Areas\MiniGame\Views\AdminPet\ColorChangeHistory.cshtml(42,103): error CS1061: 'PetColorChangeQueryModel' 未包含 'EndDate' 的定義，也找不到可接受類型 'PetColorChangeQueryModel' 第一個引數的可存取擴充方法 'EndDate' (是否遺漏 using 指示詞或組件參考?) [C:\Users\n2029\Desktop\GameSpace\GameSpace\GameSpace\GameSpace.csproj]
C:\Users\n2029\Desktop\GameSpace\GameSpace\GameSpace\Areas\MiniGame\Views\AdminPet\ColorChangeHistory.cshtml(89,59): error CS1061: 'PetColorChangeQueryModel' 未包含 'Items' 的定義，也找不到可接受類型 'PetColorChangeQueryModel' 第一個引數的可存取擴充方法 'Items' (是否遺漏 using 指示詞或組件參考?) [C:\Users\n2029\Desktop\GameSpace\GameSpace\GameSpace\GameSpace.csproj]
C:\Users\n2029\Desktop\GameSpace\GameSpace\GameSpace\Areas\MiniGame\Views\AdminPet\ColorChangeHistory.cshtml(112,28): error CS1061: 'PetColorChangeQueryModel' 未包含 'TotalPages' 的定義，也找不到可接受類型 'PetColorChangeQueryModel' 第一個引數的可存取擴充方法 'TotalPages' (是否遺漏 using 指示詞或組件參考?) [C:\Users\n2029\Desktop\GameSpace\GameSpace\GameSpace\GameSpace.csproj]
C:\Users\n2029\Desktop\GameSpace\GameSpace\GameSpace\Areas\MiniGame\Views\AdminPet\ColorChangeHistory.cshtml(116,40): error CS1061: 'PetColorChangeQueryModel' 未包含 'PageNumber' 的定義，也找不到可接受類型 'PetColorChangeQueryModel' 第一個引數的可存取擴充方法 'PageNumber' (是否遺漏 using 指示詞或組件參考?) [C:\Users\n2029\Desktop\GameSpace\GameSpace\GameSpace\GameSpace.csproj]
C:\Users\n2029\Desktop\GameSpace\GameSpace\GameSpace\Areas\MiniGame\Views\AdminPet\ColorChangeHistory.cshtml(119,84): error CS1061: 'PetColorChangeQueryModel' 未包含 'PageNumber' 的定義，也找不到可接受類型 'PetColorChangeQueryModel' 第一個引數的可存取擴充方法 'PageNumber' (是否遺漏 using 指示詞或組件參考?) [C:\Users\n2029\Desktop\GameSpace\GameSpace\GameSpace\GameSpace.csproj]
C:\Users\n2029\Desktop\GameSpace\GameSpace\GameSpace\Areas\MiniGame\Views\AdminPet\ColorChangeHistory.cshtml(119,139): error CS1061: 'PetColorChangeQueryModel' 未包含 'UserId' 的定義，也找不到可接受類型 'PetColorChangeQueryModel' 第一個引數的可存取擴充方法 'UserId' (是否遺漏 using 指示詞或組件參考?) [C:\Users\n2029\Desktop\GameSpace\GameSpace\GameSpace\GameSpace.csproj]
C:\Users\n2029\Desktop\GameSpace\GameSpace\GameSpace\Areas\MiniGame\Views\AdminPet\ColorChangeHistory.cshtml(119,159): error CS1061: 'PetColorChangeQueryModel' 未包含 'PetId' 的定義，也找不到可接受類型 'PetColorChangeQueryModel' 第一個引數的可存取擴充方法 'PetId' (是否遺漏 using 指示詞或組件參考?) [C:\Users\n2029\Desktop\GameSpace\GameSpace\GameSpace\GameSpace.csproj]
C:\Users\n2029\Desktop\GameSpace\GameSpace\GameSpace\Areas\MiniGame\Views\AdminPet\ColorChangeHistory.cshtml(119,183): error CS1061: 'PetColorChangeQueryModel' 未包含 'ChangeType' 的定義，也找不到可接受類型 'PetColorChangeQueryModel' 第一個引數的可存取擴充方法 'ChangeType' (是否遺漏 using 指示詞或組件參考?) [C:\Users\n2029\Desktop\GameSpace\GameSpace\GameSpace\GameSpace.csproj]
C:\Users\n2029\Desktop\GameSpace\GameSpace\GameSpace\Areas\MiniGame\Views\AdminPet\ColorChangeHistory.cshtml(119,211): error CS1061: 'PetColorChangeQueryModel' 未包含 'StartDate' 的定義，也找不到可接受類型 'PetColorChangeQueryModel' 第一個引數的可存取擴充方法 'StartDate' (是否遺漏 using 指示詞或組件參考?) [C:\Users\n2029\Desktop\GameSpace\GameSpace\GameSpace\GameSpace.csproj]
C:\Users\n2029\Desktop\GameSpace\GameSpace\GameSpace\Areas\MiniGame\Views\AdminPet\ColorChangeHistory.cshtml(119,260): error CS1061: 'PetColorChangeQueryModel' 未包含 'EndDate' 的定義，也找不到可接受類型 'PetColorChangeQueryModel' 第一個引數的可存取擴充方法 'EndDate' (是否遺漏 using 指示詞或組件參考?) [C:\Users\n2029\Desktop\GameSpace\GameSpace\GameSpace\GameSpace.csproj]
C:\Users\n2029\Desktop\GameSpace\GameSpace\GameSpace\Areas\MiniGame\Views\AdminPet\ColorChangeHistory.cshtml(123,61): error CS1061: 'PetColorChangeQueryModel' 未包含 'PageNumber' 的定義，也找不到可接受類型 'PetColorChangeQueryModel' 第一個引數的可存取擴充方法 'PageNumber' (是否遺漏 using 指示詞或組件參考?) [C:\Users\n2029\Desktop\GameSpace\GameSpace\GameSpace\GameSpace.csproj]
C:\Users\n2029\Desktop\GameSpace\GameSpace\GameSpace\Areas\MiniGame\Views\AdminPet\ColorChangeHistory.cshtml(123,98): error CS1061: 'PetColorChangeQueryModel' 未包含 'TotalPages' 的定義，也找不到可接受類型 'PetColorChangeQueryModel' 第一個引數的可存取擴充方法 'TotalPages' (是否遺漏 using 指示詞或組件參考?) [C:\Users\n2029\Desktop\GameSpace\GameSpace\GameSpace\GameSpace.csproj]
C:\Users\n2029\Desktop\GameSpace\GameSpace\GameSpace\Areas\MiniGame\Views\AdminPet\ColorChangeHistory.cshtml(123,116): error CS1061: 'PetColorChangeQueryModel' 未包含 'PageNumber' 的定義，也找不到可接受類型 'PetColorChangeQueryModel' 第一個引數的可存取擴充方法 'PageNumber' (是否遺漏 using 指示詞或組件參考?) [C:\Users\n2029\Desktop\GameSpace\GameSpace\GameSpace\GameSpace.csproj]
C:\Users\n2029\Desktop\GameSpace\GameSpace\GameSpace\Areas\MiniGame\Views\AdminPet\ColorChangeHistory.cshtml(125,67): error CS1061: 'PetColorChangeQueryModel' 未包含 'PageNumber' 的定義，也找不到可接受類型 'PetColorChangeQueryModel' 第一個引數的可存取擴充方法 'PageNumber' (是否遺漏 using 指示詞或組件參考?) [C:\Users\n2029\Desktop\GameSpace\GameSpace\GameSpace\GameSpace.csproj]
C:\Users\n2029\Desktop\GameSpace\GameSpace\GameSpace\Areas\MiniGame\Views\AdminPet\ColorChangeHistory.cshtml(126,118): error CS1061: 'PetColorChangeQueryModel' 未包含 'UserId' 的定義，也找不到可接受類型 'PetColorChangeQueryModel' 第一個引數的可存取擴充方法 'UserId' (是否遺漏 using 指示詞或組件參考?) [C:\Users\n2029\Desktop\GameSpace\GameSpace\GameSpace\GameSpace.csproj]
C:\Users\n2029\Desktop\GameSpace\GameSpace\GameSpace\Areas\MiniGame\Views\AdminPet\ColorChangeHistory.cshtml(126,138): error CS1061: 'PetColorChangeQueryModel' 未包含 'PetId' 的定義，也找不到可接受類型 'PetColorChangeQueryModel' 第一個引數的可存取擴充方法 'PetId' (是否遺漏 using 指示詞或組件參考?) [C:\Users\n2029\Desktop\GameSpace\GameSpace\GameSpace\GameSpace.csproj]
C:\Users\n2029\Desktop\GameSpace\GameSpace\GameSpace\Areas\MiniGame\Views\AdminPet\ColorChangeHistory.cshtml(126,162): error CS1061: 'PetColorChangeQueryModel' 未包含 'ChangeType' 的定義，也找不到可接受類型 'PetColorChangeQueryModel' 第一個引數的可存取擴充方法 'ChangeType' (是否遺漏 using 指示詞或組件參考?) [C:\Users\n2029\Desktop\GameSpace\GameSpace\GameSpace\GameSpace.csproj]
C:\Users\n2029\Desktop\GameSpace\GameSpace\GameSpace\Areas\MiniGame\Views\AdminPet\ColorChangeHistory.cshtml(126,190): error CS1061: 'PetColorChangeQueryModel' 未包含 'StartDate' 的定義，也找不到可接受類型 'PetColorChangeQueryModel' 第一個引數的可存取擴充方法 'StartDate' (是否遺漏 using 指示詞或組件參考?) [C:\Users\n2029\Desktop\GameSpace\GameSpace\GameSpace\GameSpace.csproj]
C:\Users\n2029\Desktop\GameSpace\GameSpace\GameSpace\Areas\MiniGame\Views\AdminPet\ColorChangeHistory.cshtml(126,239): error CS1061: 'PetColorChangeQueryModel' 未包含 'EndDate' 的定義，也找不到可接受類型 'PetColorChangeQueryModel' 第一個引數的可存取擴充方法 'EndDate' (是否遺漏 using 指示詞或組件參考?) [C:\Users\n2029\Desktop\GameSpace\GameSpace\GameSpace\GameSpace.csproj]
C:\Users\n2029\Desktop\GameSpace\GameSpace\GameSpace\Areas\MiniGame\Views\AdminPet\ColorChangeHistory.cshtml(130,40): error CS1061: 'PetColorChangeQueryModel' 未包含 'PageNumber' 的定義，也找不到可接受類型 'PetColorChangeQueryModel' 第一個引數的可存取擴充方法 'PageNumber' (是否遺漏 using 指示詞或組件參考?) [C:\Users\n2029\Desktop\GameSpace\GameSpace\GameSpace\GameSpace.csproj]
C:\Users\n2029\Desktop\GameSpace\GameSpace\GameSpace\Areas\MiniGame\Views\AdminPet\ColorChangeHistory.cshtml(130,59): error CS1061: 'PetColorChangeQueryModel' 未包含 'TotalPages' 的定義，也找不到可接受類型 'PetColorChangeQueryModel' 第一個引數的可存取擴充方法 'TotalPages' (是否遺漏 using 指示詞或組件參考?) [C:\Users\n2029\Desktop\GameSpace\GameSpace\GameSpace\GameSpace.csproj]
C:\Users\n2029\Desktop\GameSpace\GameSpace\GameSpace\Areas\MiniGame\Views\AdminPet\ColorChangeHistory.cshtml(133,84): error CS1061: 'PetColorChangeQueryModel' 未包含 'PageNumber' 的定義，也找不到可接受類型 'PetColorChangeQueryModel' 第一個引數的可存取擴充方法 'PageNumber' (是否遺漏 using 指示詞或組件參考?) [C:\Users\n2029\Desktop\GameSpace\GameSpace\GameSpace\GameSpace.csproj]
C:\Users\n2029\Desktop\GameSpace\GameSpace\GameSpace\Areas\MiniGame\Views\AdminPet\ColorChangeHistory.cshtml(133,139): error CS1061: 'PetColorChangeQueryModel' 未包含 'UserId' 的定義，也找不到可接受類型 'PetColorChangeQueryModel' 第一個引數的可存取擴充方法 'UserId' (是否遺漏 using 指示詞或組件參考?) [C:\Users\n2029\Desktop\GameSpace\GameSpace\GameSpace\GameSpace.csproj]
C:\Users\n2029\Desktop\GameSpace\GameSpace\GameSpace\Areas\MiniGame\Views\AdminPet\ColorChangeHistory.cshtml(133,159): error CS1061: 'PetColorChangeQueryModel' 未包含 'PetId' 的定義，也找不到可接受類型 'PetColorChangeQueryModel' 第一個引數的可存取擴充方法 'PetId' (是否遺漏 using 指示詞或組件參考?) [C:\Users\n2029\Desktop\GameSpace\GameSpace\GameSpace\GameSpace.csproj]
C:\Users\n2029\Desktop\GameSpace\GameSpace\GameSpace\Areas\MiniGame\Views\AdminPet\ColorChangeHistory.cshtml(133,183): error CS1061: 'PetColorChangeQueryModel' 未包含 'ChangeType' 的定義，也找不到可接受類型 'PetColorChangeQueryModel' 第一個引數的可存取擴充方法 'ChangeType' (是否遺漏 using 指示詞或組件參考?) [C:\Users\n2029\Desktop\GameSpace\GameSpace\GameSpace\GameSpace.csproj]
C:\Users\n2029\Desktop\GameSpace\GameSpace\GameSpace\Areas\MiniGame\Views\AdminPet\ColorChangeHistory.cshtml(133,211): error CS1061: 'PetColorChangeQueryModel' 未包含 'StartDate' 的定義，也找不到可接受類型 'PetColorChangeQueryModel' 第一個引數的可存取擴充方法 'StartDate' (是否遺漏 using 指示詞或組件參考?) [C:\Users\n2029\Desktop\GameSpace\GameSpace\GameSpace\GameSpace.csproj]
C:\Users\n2029\Desktop\GameSpace\GameSpace\GameSpace\Areas\MiniGame\Views\AdminPet\ColorChangeHistory.cshtml(133,260): error CS1061: 'PetColorChangeQueryModel' 未包含 'EndDate' 的定義，也找不到可接受類型 'PetColorChangeQueryModel' 第一個引數的可存取擴充方法 'EndDate' (是否遺漏 using 指示詞或組件參考?) [C:\Users\n2029\Desktop\GameSpace\GameSpace\GameSpace\GameSpace.csproj]
C:\Users\n2029\Desktop\GameSpace\GameSpace\GameSpace\Areas\MiniGame\Services\PetLevelRewardSettingService.cs(248,38): error CS1061: 'GameSpacedatabaseContext' 未包含 'PetLevelRewardSettings' 的定義，也找不到可接受類型 'GameSpacedatabaseContext' 第一個引數的可存取擴充方法 'PetLevelRewardSettings' (是否遺漏 using 指示詞或組件參考?) [C:\Users\n2029\Desktop\GameSpace\GameSpace\GameSpace\GameSpace.csproj]
C:\Users\n2029\Desktop\GameSpace\GameSpace\GameSpace\Areas\MiniGame\Services\PetLevelRewardSettingService.cs(304,38): error CS1061: 'GameSpacedatabaseContext' 未包含 'PetLevelRewardSettings' 的定義，也找不到可接受類型 'GameSpacedatabaseContext' 第一個引數的可存取擴充方法 'PetLevelRewardSettings' (是否遺漏 using 指示詞或組件參考?) [C:\Users\n2029\Desktop\GameSpace\GameSpace\GameSpace\GameSpace.csproj]
C:\Users\n2029\Desktop\GameSpace\GameSpace\GameSpace\Areas\MiniGame\Views\AdminManager\Details.cshtml(12,75): error CS1061: 'ManagerDatum' 未包含 'Manager_Id' 的定義，也找不到可接受類型 'ManagerDatum' 第一個引數的可存取擴充方法 'Manager_Id' (是否遺漏 using 指示詞或組件參考?) [C:\Users\n2029\Desktop\GameSpace\GameSpace\GameSpace\GameSpace.csproj]
C:\Users\n2029\Desktop\GameSpace\GameSpace\GameSpace\Areas\MiniGame\Views\AdminManager\Details.cshtml(33,49): error CS1061: 'ManagerDatum' 未包含 'Manager_Name' 的定義，也找不到可接受類型 'ManagerDatum' 第一個引數的可存取擴充方法 'Manager_Name' (是否遺漏 using 指示詞或組件參考?) [C:\Users\n2029\Desktop\GameSpace\GameSpace\GameSpace\GameSpace.csproj]
C:\Users\n2029\Desktop\GameSpace\GameSpace\GameSpace\Areas\MiniGame\Views\AdminManager\Details.cshtml(34,52): error CS1061: 'ManagerDatum' 未包含 'Manager_LockoutEnabled' 的定義，也找不到可接受類型 'ManagerDatum' 第一個引數的可存取擴充方法 'Manager_LockoutEnabled' (是否遺漏 using 指示詞或組件參考?) [C:\Users\n2029\Desktop\GameSpace\GameSpace\GameSpace\GameSpace.csproj]
C:\Users\n2029\Desktop\GameSpace\GameSpace\GameSpace\Areas\MiniGame\Views\AdminManager\Details.cshtml(34,84): error CS1061: 'ManagerDatum' 未包含 'Manager_LockoutEnd' 的定義，也找不到可接受類型 'ManagerDatum' 第一個引數的可存取擴充方法 'Manager_LockoutEnd' (是否遺漏 using 指示詞或組件參考?) [C:\Users\n2029\Desktop\GameSpace\GameSpace\GameSpace\GameSpace.csproj]
C:\Users\n2029\Desktop\GameSpace\GameSpace\GameSpace\Areas\MiniGame\Views\AdminManager\Details.cshtml(34,121): error CS1061: 'ManagerDatum' 未包含 'Manager_LockoutEnd' 的定義，也找不到可接受類型 'ManagerDatum' 第一個引數的可存取擴充方法 'Manager_LockoutEnd' (是否遺漏 using 指示詞或組件參考?) [C:\Users\n2029\Desktop\GameSpace\GameSpace\GameSpace\GameSpace.csproj]
C:\Users\n2029\Desktop\GameSpace\GameSpace\GameSpace\Areas\MiniGame\Views\AdminManager\Details.cshtml(35,37): error CS1061: 'ManagerDatum' 未包含 'Manager_LockoutEnabled' 的定義，也找不到可接受類型 'ManagerDatum' 第一個引數的可存取擴充方法 'Manager_LockoutEnabled' (是否遺漏 using 指示詞或組件參考?) [C:\Users\n2029\Desktop\GameSpace\GameSpace\GameSpace\GameSpace.csproj]
C:\Users\n2029\Desktop\GameSpace\GameSpace\GameSpace\Areas\MiniGame\Views\AdminManager\Details.cshtml(35,69): error CS1061: 'ManagerDatum' 未包含 'Manager_LockoutEnd' 的定義，也找不到可接受類型 'ManagerDatum' 第一個引數的可存取擴充方法 'Manager_LockoutEnd' (是否遺漏 using 指示詞或組件參考?) [C:\Users\n2029\Desktop\GameSpace\GameSpace\GameSpace\GameSpace.csproj]
C:\Users\n2029\Desktop\GameSpace\GameSpace\GameSpace\Areas\MiniGame\Views\AdminManager\Details.cshtml(35,106): error CS1061: 'ManagerDatum' 未包含 'Manager_LockoutEnd' 的定義，也找不到可接受類型 'ManagerDatum' 第一個引數的可存取擴充方法 'Manager_LockoutEnd' (是否遺漏 using 指示詞或組件參考?) [C:\Users\n2029\Desktop\GameSpace\GameSpace\GameSpace\GameSpace.csproj]
C:\Users\n2029\Desktop\GameSpace\GameSpace\GameSpace\Areas\MiniGame\Views\AdminManager\Details.cshtml(42,40): error CS1061: 'ManagerDatum' 未包含 'Manager_Id' 的定義，也找不到可接受類型 'ManagerDatum' 第一個引數的可存取擴充方法 'Manager_Id' (是否遺漏 using 指示詞或組件參考?) [C:\Users\n2029\Desktop\GameSpace\GameSpace\GameSpace\GameSpace.csproj]
C:\Users\n2029\Desktop\GameSpace\GameSpace\GameSpace\Areas\MiniGame\Views\AdminManager\Details.cshtml(46,40): error CS1061: 'ManagerDatum' 未包含 'Manager_Account' 的定義，也找不到可接受類型 'ManagerDatum' 第一個引數的可存取擴充方法 'Manager_Account' (是否遺漏 using 指示詞或組件參考?) [C:\Users\n2029\Desktop\GameSpace\GameSpace\GameSpace\GameSpace.csproj]
C:\Users\n2029\Desktop\GameSpace\GameSpace\GameSpace\Areas\MiniGame\Views\AdminManager\Details.cshtml(50,40): error CS1061: 'ManagerDatum' 未包含 'Manager_Email' 的定義，也找不到可接受類型 'ManagerDatum' 第一個引數的可存取擴充方法 'Manager_Email' (是否遺漏 using 指示詞或組件參考?) [C:\Users\n2029\Desktop\GameSpace\GameSpace\GameSpace\GameSpace.csproj]
C:\Users\n2029\Desktop\GameSpace\GameSpace\GameSpace\Areas\MiniGame\Views\AdminManager\Details.cshtml(54,40): error CS1061: 'ManagerDatum' 未包含 'Administrator_registration_date' 的定義，也找不到可接受類型 'ManagerDatum' 第一個引數的可存取擴充方法 'Administrator_registration_date' (是否遺漏 using 指示詞或組件參考?) [C:\Users\n2029\Desktop\GameSpace\GameSpace\GameSpace\GameSpace.csproj]
C:\Users\n2029\Desktop\GameSpace\GameSpace\GameSpace\Areas\MiniGame\Views\AdminManager\Details.cshtml(58,41): error CS1061: 'ManagerDatum' 未包含 'LastLoginAt' 的定義，也找不到可接受類型 'ManagerDatum' 第一個引數的可存取擴充方法 'LastLoginAt' (是否遺漏 using 指示詞或組件參考?) [C:\Users\n2029\Desktop\GameSpace\GameSpace\GameSpace\GameSpace.csproj]
C:\Users\n2029\Desktop\GameSpace\GameSpace\GameSpace\Areas\MiniGame\Views\AdminManager\Details.cshtml(63,44): error CS1061: 'ManagerDatum' 未包含 'Manager_LockoutEnabled' 的定義，也找不到可接受類型 'ManagerDatum' 第一個引數的可存取擴充方法 'Manager_LockoutEnabled' (是否遺漏 using 指示詞或組件參考?) [C:\Users\n2029\Desktop\GameSpace\GameSpace\GameSpace\GameSpace.csproj]
C:\Users\n2029\Desktop\GameSpace\GameSpace\GameSpace\Areas\MiniGame\Views\AdminManager\Details.cshtml(63,76): error CS1061: 'ManagerDatum' 未包含 'Manager_LockoutEnd' 的定義，也找不到可接受類型 'ManagerDatum' 第一個引數的可存取擴充方法 'Manager_LockoutEnd' (是否遺漏 using 指示詞或組件參考?) [C:\Users\n2029\Desktop\GameSpace\GameSpace\GameSpace\GameSpace.csproj]
C:\Users\n2029\Desktop\GameSpace\GameSpace\GameSpace\Areas\MiniGame\Views\AdminManager\Details.cshtml(63,113): error CS1061: 'ManagerDatum' 未包含 'Manager_LockoutEnd' 的定義，也找不到可接受類型 'ManagerDatum' 第一個引數的可存取擴充方法 'Manager_LockoutEnd' (是否遺漏 using 指示詞或組件參考?) [C:\Users\n2029\Desktop\GameSpace\GameSpace\GameSpace\GameSpace.csproj]
C:\Users\n2029\Desktop\GameSpace\GameSpace\GameSpace\Areas\MiniGame\Views\AdminManager\Details.cshtml(65,75): error CS1061: 'ManagerDatum' 未包含 'Manager_LockoutEnd' 的定義，也找不到可接受類型 'ManagerDatum' 第一個引數的可存取擴充方法 'Manager_LockoutEnd' (是否遺漏 using 指示詞或組件參考?) [C:\Users\n2029\Desktop\GameSpace\GameSpace\GameSpace\GameSpace.csproj]
C:\Users\n2029\Desktop\GameSpace\GameSpace\GameSpace\Areas\MiniGame\Views\AdminManager\Details.cshtml(95,89): error CS1061: 'ManagerRolePermission' 未包含 'ManagerRolePermission' 的定義，也找不到可接受類型 'ManagerRolePermission' 第一個引數的可存取擴充方法 'ManagerRolePermission' (是否遺漏 using 指示詞或組件參考?) [C:\Users\n2029\Desktop\GameSpace\GameSpace\GameSpace\GameSpace.csproj]
C:\Users\n2029\Desktop\GameSpace\GameSpace\GameSpace\Areas\MiniGame\Views\AdminManager\Details.cshtml(97,83): error CS1061: 'ManagerRolePermission' 未包含 'ManagerRolePermission' 的定義，也找不到可接受類型 'ManagerRolePermission' 第一個引數的可存取擴充方法 'ManagerRolePermission' (是否遺漏 using 指示詞或組件參考?) [C:\Users\n2029\Desktop\GameSpace\GameSpace\GameSpace\GameSpace.csproj]
C:\Users\n2029\Desktop\GameSpace\GameSpace\GameSpace\Areas\MiniGame\Views\AdminManager\Details.cshtml(122,43): error CS1061: 'ManagerRolePermission' 未包含 'ManagerRolePermission' 的定義，也找不到可接受類型 'ManagerRolePermission' 第一個引數的可存取擴充方法 'ManagerRolePermission' (是否遺漏 using 指示詞或組件參考?) [C:\Users\n2029\Desktop\GameSpace\GameSpace\GameSpace\GameSpace.csproj]
C:\Users\n2029\Desktop\GameSpace\GameSpace\GameSpace\Areas\MiniGame\Views\AdminManager\Details.cshtml(122,104): error CS1061: 'ManagerRolePermission' 未包含 'ManagerRolePermission' 的定義，也找不到可接受類型 'ManagerRolePermission' 第一個引數的可存取擴充方法 'ManagerRolePermission' (是否遺漏 using 指示詞或組件參考?) [C:\Users\n2029\Desktop\GameSpace\GameSpace\GameSpace\GameSpace.csproj]
C:\Users\n2029\Desktop\GameSpace\GameSpace\GameSpace\Areas\MiniGame\Views\AdminManager\Details.cshtml(125,51): error CS1061: 'ManagerRolePermission' 未包含 'ManagerRolePermission' 的定義，也找不到可接受類型 'ManagerRolePermission' 第一個引數的可存取擴充方法 'ManagerRolePermission' (是否遺漏 using 指示詞或組件參考?) [C:\Users\n2029\Desktop\GameSpace\GameSpace\GameSpace\GameSpace.csproj]
C:\Users\n2029\Desktop\GameSpace\GameSpace\GameSpace\Areas\MiniGame\Views\AdminManager\Details.cshtml(127,78): error CS1061: 'ManagerRolePermission' 未包含 'ManagerRolePermission' 的定義，也找不到可接受類型 'ManagerRolePermission' 第一個引數的可存取擴充方法 'ManagerRolePermission' (是否遺漏 using 指示詞或組件參考?) [C:\Users\n2029\Desktop\GameSpace\GameSpace\GameSpace\GameSpace.csproj]
C:\Users\n2029\Desktop\GameSpace\GameSpace\GameSpace\Areas\MiniGame\Views\AdminManager\Details.cshtml(165,48): error CS1061: 'ManagerDatum' 未包含 'Administrator_registration_date' 的定義，也找不到可接受類型 'ManagerDatum' 第一個引數的可存取擴充方法 'Administrator_registration_date' (是否遺漏 using 指示詞或組件參考?) [C:\Users\n2029\Desktop\GameSpace\GameSpace\GameSpace\GameSpace.csproj]
C:\Users\n2029\Desktop\GameSpace\GameSpace\GameSpace\Areas\MiniGame\Views\AdminManager\Details.cshtml(170,44): error CS1061: 'ManagerDatum' 未包含 'LastLoginAt' 的定義，也找不到可接受類型 'ManagerDatum' 第一個引數的可存取擴充方法 'LastLoginAt' (是否遺漏 using 指示詞或組件參考?) [C:\Users\n2029\Desktop\GameSpace\GameSpace\GameSpace\GameSpace.csproj]
C:\Users\n2029\Desktop\GameSpace\GameSpace\GameSpace\Areas\MiniGame\Views\AdminManager\Details.cshtml(173,52): error CS1061: 'ManagerDatum' 未包含 'LastLoginAt' 的定義，也找不到可接受類型 'ManagerDatum' 第一個引數的可存取擴充方法 'LastLoginAt' (是否遺漏 using 指示詞或組件參考?) [C:\Users\n2029\Desktop\GameSpace\GameSpace\GameSpace\GameSpace.csproj]
C:\Users\n2029\Desktop\GameSpace\GameSpace\GameSpace\Areas\MiniGame\Views\AdminManager\Details.cshtml(179,44): error CS1061: 'ManagerDatum' 未包含 'Manager_LockoutEnabled' 的定義，也找不到可接受類型 'ManagerDatum' 第一個引數的可存取擴充方法 'Manager_LockoutEnabled' (是否遺漏 using 指示詞或組件參考?) [C:\Users\n2029\Desktop\GameSpace\GameSpace\GameSpace\GameSpace.csproj]
C:\Users\n2029\Desktop\GameSpace\GameSpace\GameSpace\Areas\MiniGame\Views\AdminManager\Details.cshtml(179,76): error CS1061: 'ManagerDatum' 未包含 'Manager_LockoutEnd' 的定義，也找不到可接受類型 'ManagerDatum' 第一個引數的可存取擴充方法 'Manager_LockoutEnd' (是否遺漏 using 指示詞或組件參考?) [C:\Users\n2029\Desktop\GameSpace\GameSpace\GameSpace\GameSpace.csproj]
C:\Users\n2029\Desktop\GameSpace\GameSpace\GameSpace\Areas\MiniGame\Views\AdminManager\Details.cshtml(182,52): error CS1061: 'ManagerDatum' 未包含 'Manager_LockoutEnd' 的定義，也找不到可接受類型 'ManagerDatum' 第一個引數的可存取擴充方法 'Manager_LockoutEnd' (是否遺漏 using 指示詞或組件參考?) [C:\Users\n2029\Desktop\GameSpace\GameSpace\GameSpace\GameSpace.csproj]
C:\Users\n2029\Desktop\GameSpace\GameSpace\GameSpace\Areas\MiniGame\Views\AdminManager\Delete.cshtml(36,48): error CS1061: 'ManagerDatum' 未包含 'Manager_Id' 的定義，也找不到可接受類型 'ManagerDatum' 第一個引數的可存取擴充方法 'Manager_Id' (是否遺漏 using 指示詞或組件參考?) [C:\Users\n2029\Desktop\GameSpace\GameSpace\GameSpace\GameSpace.csproj]
C:\Users\n2029\Desktop\GameSpace\GameSpace\GameSpace\Areas\MiniGame\Views\AdminManager\Delete.cshtml(40,48): error CS1061: 'ManagerDatum' 未包含 'Manager_Name' 的定義，也找不到可接受類型 'ManagerDatum' 第一個引數的可存取擴充方法 'Manager_Name' (是否遺漏 using 指示詞或組件參考?) [C:\Users\n2029\Desktop\GameSpace\GameSpace\GameSpace\GameSpace.csproj]
C:\Users\n2029\Desktop\GameSpace\GameSpace\GameSpace\Areas\MiniGame\Views\AdminManager\Delete.cshtml(44,48): error CS1061: 'ManagerDatum' 未包含 'Manager_Account' 的定義，也找不到可接受類型 'ManagerDatum' 第一個引數的可存取擴充方法 'Manager_Account' (是否遺漏 using 指示詞或組件參考?) [C:\Users\n2029\Desktop\GameSpace\GameSpace\GameSpace\GameSpace.csproj]
C:\Users\n2029\Desktop\GameSpace\GameSpace\GameSpace\Areas\MiniGame\Views\AdminManager\Delete.cshtml(48,48): error CS1061: 'ManagerDatum' 未包含 'Manager_Email' 的定義，也找不到可接受類型 'ManagerDatum' 第一個引數的可存取擴充方法 'Manager_Email' (是否遺漏 using 指示詞或組件參考?) [C:\Users\n2029\Desktop\GameSpace\GameSpace\GameSpace\GameSpace.csproj]
C:\Users\n2029\Desktop\GameSpace\GameSpace\GameSpace\Areas\MiniGame\Views\AdminManager\Delete.cshtml(52,48): error CS1061: 'ManagerDatum' 未包含 'Administrator_registration_date' 的定義，也找不到可接受類型 'ManagerDatum' 第一個引數的可存取擴充方法 'Administrator_registration_date' (是否遺漏 using 指示詞或組件參考?) [C:\Users\n2029\Desktop\GameSpace\GameSpace\GameSpace\GameSpace.csproj]
C:\Users\n2029\Desktop\GameSpace\GameSpace\GameSpace\Areas\MiniGame\Views\AdminManager\Delete.cshtml(57,68): error CS1061: 'ManagerDatum' 未包含 'Manager_LockoutEnabled' 的定義，也找不到可接受類型 'ManagerDatum' 第一個引數的可存取擴充方法 'Manager_LockoutEnabled' (是否遺漏 using 指示詞或組件參考?) [C:\Users\n2029\Desktop\GameSpace\GameSpace\GameSpace\GameSpace.csproj]
C:\Users\n2029\Desktop\GameSpace\GameSpace\GameSpace\Areas\MiniGame\Views\AdminManager\Delete.cshtml(57,100): error CS1061: 'ManagerDatum' 未包含 'Manager_LockoutEnd' 的定義，也找不到可接受類型 'ManagerDatum' 第一個引數的可存取擴充方法 'Manager_LockoutEnd' (是否遺漏 using 指示詞或組件參考?) [C:\Users\n2029\Desktop\GameSpace\GameSpace\GameSpace\GameSpace.csproj]
C:\Users\n2029\Desktop\GameSpace\GameSpace\GameSpace\Areas\MiniGame\Views\AdminManager\Delete.cshtml(57,137): error CS1061: 'ManagerDatum' 未包含 'Manager_LockoutEnd' 的定義，也找不到可接受類型 'ManagerDatum' 第一個引數的可存取擴充方法 'Manager_LockoutEnd' (是否遺漏 using 指示詞或組件參考?) [C:\Users\n2029\Desktop\GameSpace\GameSpace\GameSpace\GameSpace.csproj]
C:\Users\n2029\Desktop\GameSpace\GameSpace\GameSpace\Areas\MiniGame\Views\AdminManager\Delete.cshtml(58,53): error CS1061: 'ManagerDatum' 未包含 'Manager_LockoutEnabled' 的定義，也找不到可接受類型 'ManagerDatum' 第一個引數的可存取擴充方法 'Manager_LockoutEnabled' (是否遺漏 using 指示詞或組件參考?) [C:\Users\n2029\Desktop\GameSpace\GameSpace\GameSpace\GameSpace.csproj]
C:\Users\n2029\Desktop\GameSpace\GameSpace\GameSpace\Areas\MiniGame\Views\AdminManager\Delete.cshtml(58,85): error CS1061: 'ManagerDatum' 未包含 'Manager_LockoutEnd' 的定義，也找不到可接受類型 'ManagerDatum' 第一個引數的可存取擴充方法 'Manager_LockoutEnd' (是否遺漏 using 指示詞或組件參考?) [C:\Users\n2029\Desktop\GameSpace\GameSpace\GameSpace\GameSpace.csproj]
C:\Users\n2029\Desktop\GameSpace\GameSpace\GameSpace\Areas\MiniGame\Views\AdminManager\Delete.cshtml(58,122): error CS1061: 'ManagerDatum' 未包含 'Manager_LockoutEnd' 的定義，也找不到可接受類型 'ManagerDatum' 第一個引數的可存取擴充方法 'Manager_LockoutEnd' (是否遺漏 using 指示詞或組件參考?) [C:\Users\n2029\Desktop\GameSpace\GameSpace\GameSpace\GameSpace.csproj]
C:\Users\n2029\Desktop\GameSpace\GameSpace\GameSpace\Areas\MiniGame\Views\AdminManager\Delete.cshtml(73,49): error CS1061: 'ManagerDatum' 未包含 'LastLoginAt' 的定義，也找不到可接受類型 'ManagerDatum' 第一個引數的可存取擴充方法 'LastLoginAt' (是否遺漏 using 指示詞或組件參考?) [C:\Users\n2029\Desktop\GameSpace\GameSpace\GameSpace\GameSpace.csproj]
C:\Users\n2029\Desktop\GameSpace\GameSpace\GameSpace\Areas\MiniGame\Views\AdminManager\Delete.cshtml(80,41): error CS1061: 'ManagerDatum' 未包含 'Manager_Id' 的定義，也找不到可接受類型 'ManagerDatum' 第一個引數的可存取擴充方法 'Manager_Id' (是否遺漏 using 指示詞或組件參考?) [C:\Users\n2029\Desktop\GameSpace\GameSpace\GameSpace\GameSpace.csproj]
C:\Users\n2029\Desktop\GameSpace\GameSpace\GameSpace\Areas\MiniGame\Views\AdminManager\Delete.cshtml(135,87): error CS1061: 'ManagerDatum' 未包含 'Manager_Id' 的定義，也找不到可接受類型 'ManagerDatum' 第一個引數的可存取擴充方法 'Manager_Id' (是否遺漏 using 指示詞或組件參考?) [C:\Users\n2029\Desktop\GameSpace\GameSpace\GameSpace\GameSpace.csproj]
C:\Users\n2029\Desktop\GameSpace\GameSpace\GameSpace\Areas\MiniGame\Views\AdminManager\Delete.cshtml(161,55): error CS1061: 'ManagerDatum' 未包含 'Manager_Id' 的定義，也找不到可接受類型 'ManagerDatum' 第一個引數的可存取擴充方法 'Manager_Id' (是否遺漏 using 指示詞或組件參考?) [C:\Users\n2029\Desktop\GameSpace\GameSpace\GameSpace\GameSpace.csproj]
C:\Users\n2029\Desktop\GameSpace\GameSpace\GameSpace\Areas\MiniGame\Views\AdminManager\Delete.cshtml(188,55): error CS1061: 'ManagerDatum' 未包含 'Manager_Id' 的定義，也找不到可接受類型 'ManagerDatum' 第一個引數的可存取擴充方法 'Manager_Id' (是否遺漏 using 指示詞或組件參考?) [C:\Users\n2029\Desktop\GameSpace\GameSpace\GameSpace\GameSpace.csproj]
C:\Users\n2029\Desktop\GameSpace\GameSpace\GameSpace\Areas\MiniGame\Services\PetLevelRewardSettingService.cs(342,49): error CS1061: 'GameSpacedatabaseContext' 未包含 'PetLevelRewardSettings' 的定義，也找不到可接受類型 'GameSpacedatabaseContext' 第一個引數的可存取擴充方法 'PetLevelRewardSettings' (是否遺漏 using 指示詞或組件參考?) [C:\Users\n2029\Desktop\GameSpace\GameSpace\GameSpace\GameSpace.csproj]
C:\Users\n2029\Desktop\GameSpace\GameSpace\GameSpace\Areas\MiniGame\Services\PetLevelRewardSettingService.cs(343,51): error CS1061: 'GameSpacedatabaseContext' 未包含 'PetLevelRewardSettings' 的定義，也找不到可接受類型 'GameSpacedatabaseContext' 第一個引數的可存取擴充方法 'PetLevelRewardSettings' (是否遺漏 using 指示詞或組件參考?) [C:\Users\n2029\Desktop\GameSpace\GameSpace\GameSpace\GameSpace.csproj]
C:\Users\n2029\Desktop\GameSpace\GameSpace\GameSpace\Areas\MiniGame\Services\PetLevelRewardSettingService.cs(346,54): error CS1061: 'GameSpacedatabaseContext' 未包含 'PetLevelRewardSettings' 的定義，也找不到可接受類型 'GameSpacedatabaseContext' 第一個引數的可存取擴充方法 'PetLevelRewardSettings' (是否遺漏 using 指示詞或組件參考?) [C:\Users\n2029\Desktop\GameSpace\GameSpace\GameSpace\GameSpace.csproj]
C:\Users\n2029\Desktop\GameSpace\GameSpace\GameSpace\Areas\MiniGame\Services\PetLevelRewardSettingService.cs(351,49): error CS1061: 'GameSpacedatabaseContext' 未包含 'PetLevelRewardSettings' 的定義，也找不到可接受類型 'GameSpacedatabaseContext' 第一個引數的可存取擴充方法 'PetLevelRewardSettings' (是否遺漏 using 指示詞或組件參考?) [C:\Users\n2029\Desktop\GameSpace\GameSpace\GameSpace\GameSpace.csproj]
C:\Users\n2029\Desktop\GameSpace\GameSpace\GameSpace\Areas\MiniGame\Views\AdminDashboard\Index.cshtml(259,70): error CS1977: 無法將 Lambda 運算式用做為動態分派作業的引數，但卻未先將其轉型為委派或運算式樹狀結構類型。 [C:\Users\n2029\Desktop\GameSpace\GameSpace\GameSpace\GameSpace.csproj]
C:\Users\n2029\Desktop\GameSpace\GameSpace\GameSpace\Areas\MiniGame\Views\AdminDashboard\Index.cshtml(262,72): error CS1977: 無法將 Lambda 運算式用做為動態分派作業的引數，但卻未先將其轉型為委派或運算式樹狀結構類型。 [C:\Users\n2029\Desktop\GameSpace\GameSpace\GameSpace\GameSpace.csproj]
C:\Users\n2029\Desktop\GameSpace\GameSpace\GameSpace\Areas\MiniGame\Views\AdminDashboard\Index.cshtml(284,68): error CS1977: 無法將 Lambda 運算式用做為動態分派作業的引數，但卻未先將其轉型為委派或運算式樹狀結構類型。 [C:\Users\n2029\Desktop\GameSpace\GameSpace\GameSpace\GameSpace.csproj]
C:\Users\n2029\Desktop\GameSpace\GameSpace\GameSpace\Areas\MiniGame\Views\AdminDashboard\Index.cshtml(286,70): error CS1977: 無法將 Lambda 運算式用做為動態分派作業的引數，但卻未先將其轉型為委派或運算式樹狀結構類型。 [C:\Users\n2029\Desktop\GameSpace\GameSpace\GameSpace\GameSpace.csproj]
C:\Users\n2029\Desktop\GameSpace\GameSpace\GameSpace\Areas\MiniGame\Views\AdminPet\ListWithQuery.cshtml(248,46): error CS1061: 'Pet' 未包含 'Id' 的定義，也找不到可接受類型 'Pet' 第一個引數的可存取擴充方法 'Id' (是否遺漏 using 指示詞或組件參考?) [C:\Users\n2029\Desktop\GameSpace\GameSpace\GameSpace\GameSpace.csproj]
C:\Users\n2029\Desktop\GameSpace\GameSpace\GameSpace\Areas\MiniGame\Views\AdminPet\ListWithQuery.cshtml(250,46): error CS1061: 'Pet' 未包含 'UserName' 的定義，也找不到可接受類型 'Pet' 第一個引數的可存取擴充方法 'UserName' (是否遺漏 using 指示詞或組件參考?) [C:\Users\n2029\Desktop\GameSpace\GameSpace\GameSpace\GameSpace.csproj]
C:\Users\n2029\Desktop\GameSpace\GameSpace\GameSpace\Areas\MiniGame\Views\AdminPet\ListWithQuery.cshtml(251,46): error CS1061: 'Pet' 未包含 'Name' 的定義，也找不到可接受類型 'Pet' 第一個引數的可存取擴充方法 'Name' (是否遺漏 using 指示詞或組件參考?) [C:\Users\n2029\Desktop\GameSpace\GameSpace\GameSpace\GameSpace.csproj]
C:\Users\n2029\Desktop\GameSpace\GameSpace\GameSpace\Areas\MiniGame\Views\AdminPet\ListWithQuery.cshtml(259,46): error CS1061: 'Pet' 未包含 'Background' 的定義，也找不到可接受類型 'Pet' 第一個引數的可存取擴充方法 'Background' (是否遺漏 using 指示詞或組件參考?) [C:\Users\n2029\Desktop\GameSpace\GameSpace\GameSpace\GameSpace.csproj]
C:\Users\n2029\Desktop\GameSpace\GameSpace\GameSpace\Areas\MiniGame\Views\AdminPet\ListWithQuery.cshtml(261,50): error CS1061: 'Pet' 未包含 'IsActive' 的定義，也找不到可接受類型 'Pet' 第一個引數的可存取擴充方法 'IsActive' (是否遺漏 using 指示詞或組件參考?) [C:\Users\n2029\Desktop\GameSpace\GameSpace\GameSpace\GameSpace.csproj]
C:\Users\n2029\Desktop\GameSpace\GameSpace\GameSpace\Areas\MiniGame\Views\AdminPet\ListWithQuery.cshtml(270,46): error CS1061: 'Pet' 未包含 'CreatedAt' 的定義，也找不到可接受類型 'Pet' 第一個引數的可存取擴充方法 'CreatedAt' (是否遺漏 using 指示詞或組件參考?) [C:\Users\n2029\Desktop\GameSpace\GameSpace\GameSpace\GameSpace.csproj]
C:\Users\n2029\Desktop\GameSpace\GameSpace\GameSpace\Areas\MiniGame\Views\AdminPet\ListWithQuery.cshtml(272,102): error CS1061: 'Pet' 未包含 'Id' 的定義，也找不到可接受類型 'Pet' 第一個引數的可存取擴充方法 'Id' (是否遺漏 using 指示詞或組件參考?) [C:\Users\n2029\Desktop\GameSpace\GameSpace\GameSpace\GameSpace.csproj]
C:\Users\n2029\Desktop\GameSpace\GameSpace\GameSpace\Areas\MiniGame\Views\AdminPet\ListWithQuery.cshtml(275,106): error CS1061: 'Pet' 未包含 'Id' 的定義，也找不到可接受類型 'Pet' 第一個引數的可存取擴充方法 'Id' (是否遺漏 using 指示詞或組件參考?) [C:\Users\n2029\Desktop\GameSpace\GameSpace\GameSpace\GameSpace.csproj]
C:\Users\n2029\Desktop\GameSpace\GameSpace\GameSpace\Areas\MiniGame\Views\AdminPet\ListWithQuery.cshtml(278,103): error CS1061: 'Pet' 未包含 'Id' 的定義，也找不到可接受類型 'Pet' 第一個引數的可存取擴充方法 'Id' (是否遺漏 using 指示詞或組件參考?) [C:\Users\n2029\Desktop\GameSpace\GameSpace\GameSpace\GameSpace.csproj]
C:\Users\n2029\Desktop\GameSpace\GameSpace\GameSpace\Areas\MiniGame\Views\AdminPet\ListWithQuery.cshtml(296,41): error CS1061: 'PetListQueryModel' 未包含 'Pagination' 的定義，也找不到可接受類型 'PetListQueryModel' 第一個引數的可存取擴充方法 'Pagination' (是否遺漏 using 指示詞或組件參考?) [C:\Users\n2029\Desktop\GameSpace\GameSpace\GameSpace\GameSpace.csproj]
C:\Users\n2029\Desktop\GameSpace\GameSpace\GameSpace\Areas\MiniGame\Views\AdminPet\ListWithQuery.cshtml(300,36): error CS1061: 'PetListQueryModel' 未包含 'Pagination' 的定義，也找不到可接受類型 'PetListQueryModel' 第一個引數的可存取擴充方法 'Pagination' (是否遺漏 using 指示詞或組件參考?) [C:\Users\n2029\Desktop\GameSpace\GameSpace\GameSpace\GameSpace.csproj]
C:\Users\n2029\Desktop\GameSpace\GameSpace\GameSpace\Areas\MiniGame\Views\AdminPet\ListWithQuery.cshtml(303,74): error CS1061: 'PetListQueryModel' 未包含 'Pagination' 的定義，也找不到可接受類型 'PetListQueryModel' 第一個引數的可存取擴充方法 'Pagination' (是否遺漏 using 指示詞或組件參考?) [C:\Users\n2029\Desktop\GameSpace\GameSpace\GameSpace\GameSpace.csproj]
C:\Users\n2029\Desktop\GameSpace\GameSpace\GameSpace\Areas\MiniGame\Views\AdminPet\ListWithQuery.cshtml(307,57): error CS1061: 'PetListQueryModel' 未包含 'Pagination' 的定義，也找不到可接受類型 'PetListQueryModel' 第一個引數的可存取擴充方法 'Pagination' (是否遺漏 using 指示詞或組件參考?) [C:\Users\n2029\Desktop\GameSpace\GameSpace\GameSpace\GameSpace.csproj]
C:\Users\n2029\Desktop\GameSpace\GameSpace\GameSpace\Areas\MiniGame\Views\AdminPet\ListWithQuery.cshtml(307,106): error CS1061: 'PetListQueryModel' 未包含 'Pagination' 的定義，也找不到可接受類型 'PetListQueryModel' 第一個引數的可存取擴充方法 'Pagination' (是否遺漏 using 指示詞或組件參考?) [C:\Users\n2029\Desktop\GameSpace\GameSpace\GameSpace\GameSpace.csproj]
C:\Users\n2029\Desktop\GameSpace\GameSpace\GameSpace\Areas\MiniGame\Views\AdminPet\ListWithQuery.cshtml(307,135): error CS1061: 'PetListQueryModel' 未包含 'Pagination' 的定義，也找不到可接受類型 'PetListQueryModel' 第一個引數的可存取擴充方法 'Pagination' (是否遺漏 using 指示詞或組件參考?) [C:\Users\n2029\Desktop\GameSpace\GameSpace\GameSpace\GameSpace.csproj]
C:\Users\n2029\Desktop\GameSpace\GameSpace\GameSpace\Areas\MiniGame\Views\AdminPet\ListWithQuery.cshtml(309,63): error CS1061: 'PetListQueryModel' 未包含 'Pagination' 的定義，也找不到可接受類型 'PetListQueryModel' 第一個引數的可存取擴充方法 'Pagination' (是否遺漏 using 指示詞或組件參考?) [C:\Users\n2029\Desktop\GameSpace\GameSpace\GameSpace\GameSpace.csproj]
C:\Users\n2029\Desktop\GameSpace\GameSpace\GameSpace\Areas\MiniGame\Views\AdminPet\ListWithQuery.cshtml(314,36): error CS1061: 'PetListQueryModel' 未包含 'Pagination' 的定義，也找不到可接受類型 'PetListQueryModel' 第一個引數的可存取擴充方法 'Pagination' (是否遺漏 using 指示詞或組件參考?) [C:\Users\n2029\Desktop\GameSpace\GameSpace\GameSpace\GameSpace.csproj]
C:\Users\n2029\Desktop\GameSpace\GameSpace\GameSpace\Areas\MiniGame\Views\AdminPet\ListWithQuery.cshtml(317,74): error CS1061: 'PetListQueryModel' 未包含 'Pagination' 的定義，也找不到可接受類型 'PetListQueryModel' 第一個引數的可存取擴充方法 'Pagination' (是否遺漏 using 指示詞或組件參考?) [C:\Users\n2029\Desktop\GameSpace\GameSpace\GameSpace\GameSpace.csproj]
C:\Users\n2029\Desktop\GameSpace\GameSpace\GameSpace\Areas\MiniGame\Views\AdminManager\Index.cshtml(192,47): warning CS8602: 可能 null 參考的取值 (dereference)。 [C:\Users\n2029\Desktop\GameSpace\GameSpace\GameSpace\GameSpace.csproj]
C:\Users\n2029\Desktop\GameSpace\GameSpace\GameSpace\Areas\MiniGame\Views\AdminManager\Index.cshtml(194,54): warning CS8602: 可能 null 參考的取值 (dereference)。 [C:\Users\n2029\Desktop\GameSpace\GameSpace\GameSpace\GameSpace.csproj]
C:\Users\n2029\Desktop\GameSpace\GameSpace\GameSpace\Areas\MiniGame\Views\AdminManager\Index.cshtml(252,35): warning CS8602: 可能 null 參考的取值 (dereference)。 [C:\Users\n2029\Desktop\GameSpace\GameSpace\GameSpace\GameSpace.csproj]
C:\Users\n2029\Desktop\GameSpace\GameSpace\GameSpace\Areas\MiniGame\Views\AdminManager\Index.cshtml(256,30): warning CS8602: 可能 null 參考的取值 (dereference)。 [C:\Users\n2029\Desktop\GameSpace\GameSpace\GameSpace\GameSpace.csproj]
C:\Users\n2029\Desktop\GameSpace\GameSpace\GameSpace\Areas\MiniGame\Services\PetLevelRewardSettingService.cs(380,38): error CS1061: 'GameSpacedatabaseContext' 未包含 'PetLevelRewardSettings' 的定義，也找不到可接受類型 'GameSpacedatabaseContext' 第一個引數的可存取擴充方法 'PetLevelRewardSettings' (是否遺漏 using 指示詞或組件參考?) [C:\Users\n2029\Desktop\GameSpace\GameSpace\GameSpace\GameSpace.csproj]
C:\Users\n2029\Desktop\GameSpace\GameSpace\GameSpace\Areas\MiniGame\Views\AdminManager\CreateRole.cshtml(29,45): error CS1061: 'AdminManagerRoleCreateViewModel' 未包含 'role_name' 的定義，也找不到可接受類型 'AdminManagerRoleCreateViewModel' 第一個引數的可存取擴充方法 'role_name' (是否遺漏 using 指示詞或組件參考?) [C:\Users\n2029\Desktop\GameSpace\GameSpace\GameSpace\GameSpace.csproj]
C:\Users\n2029\Desktop\GameSpace\GameSpace\GameSpace\Areas\MiniGame\Views\AdminManager\CreateRole.cshtml(30,45): error CS1061: 'AdminManagerRoleCreateViewModel' 未包含 'role_name' 的定義，也找不到可接受類型 'AdminManagerRoleCreateViewModel' 第一個引數的可存取擴充方法 'role_name' (是否遺漏 using 指示詞或組件參考?) [C:\Users\n2029\Desktop\GameSpace\GameSpace\GameSpace\GameSpace.csproj]
C:\Users\n2029\Desktop\GameSpace\GameSpace\GameSpace\Areas\MiniGame\Views\AdminManager\CreateRole.cshtml(31,55): error CS1061: 'AdminManagerRoleCreateViewModel' 未包含 'role_name' 的定義，也找不到可接受類型 'AdminManagerRoleCreateViewModel' 第一個引數的可存取擴充方法 'role_name' (是否遺漏 using 指示詞或組件參考?) [C:\Users\n2029\Desktop\GameSpace\GameSpace\GameSpace\GameSpace.csproj]
C:\Users\n2029\Desktop\GameSpace\GameSpace\GameSpace\Areas\MiniGame\Views\AdminManager\CreateRole.cshtml(35,45): error CS1061: 'AdminManagerRoleCreateViewModel' 未包含 'role_description' 的定義，也找不到可接受類型 'AdminManagerRoleCreateViewModel' 第一個引數的可存取擴充方法 'role_description' (是否遺漏 using 指示詞或組件參考?) [C:\Users\n2029\Desktop\GameSpace\GameSpace\GameSpace\GameSpace.csproj]
C:\Users\n2029\Desktop\GameSpace\GameSpace\GameSpace\Areas\MiniGame\Views\AdminManager\CreateRole.cshtml(36,48): error CS1061: 'AdminManagerRoleCreateViewModel' 未包含 'role_description' 的定義，也找不到可接受類型 'AdminManagerRoleCreateViewModel' 第一個引數的可存取擴充方法 'role_description' (是否遺漏 using 指示詞或組件參考?) [C:\Users\n2029\Desktop\GameSpace\GameSpace\GameSpace\GameSpace.csproj]
C:\Users\n2029\Desktop\GameSpace\GameSpace\GameSpace\Areas\MiniGame\Views\AdminManager\CreateRole.cshtml(37,55): error CS1061: 'AdminManagerRoleCreateViewModel' 未包含 'role_description' 的定義，也找不到可接受類型 'AdminManagerRoleCreateViewModel' 第一個引數的可存取擴充方法 'role_description' (是否遺漏 using 指示詞或組件參考?) [C:\Users\n2029\Desktop\GameSpace\GameSpace\GameSpace\GameSpace.csproj]
C:\Users\n2029\Desktop\GameSpace\GameSpace\GameSpace\Areas\MiniGame\Views\AdminManager\CreateRole.cshtml(63,49): error CS1061: 'AdminManagerRoleCreateViewModel' 未包含 'IsActive' 的定義，也找不到可接受類型 'AdminManagerRoleCreateViewModel' 第一個引數的可存取擴充方法 'IsActive' (是否遺漏 using 指示詞或組件參考?) [C:\Users\n2029\Desktop\GameSpace\GameSpace\GameSpace\GameSpace.csproj]
C:\Users\n2029\Desktop\GameSpace\GameSpace\GameSpace\Areas\MiniGame\Views\AdminManager\CreateRole.cshtml(123,64): error CS0246: 找不到類型或命名空間名稱 'ManagerPermission' (是否遺漏了 using 指示詞或組件參考?) [C:\Users\n2029\Desktop\GameSpace\GameSpace\GameSpace\GameSpace.csproj]
C:\Users\n2029\Desktop\GameSpace\GameSpace\GameSpace\Areas\MiniGame\Services\PetLevelRewardSettingService.cs(401,50): error CS1061: 'GameSpacedatabaseContext' 未包含 'PetLevelRewardSettings' 的定義，也找不到可接受類型 'GameSpacedatabaseContext' 第一個引數的可存取擴充方法 'PetLevelRewardSettings' (是否遺漏 using 指示詞或組件參考?) [C:\Users\n2029\Desktop\GameSpace\GameSpace\GameSpace\GameSpace.csproj]
C:\Users\n2029\Desktop\GameSpace\GameSpace\GameSpace\Areas\MiniGame\docs\backups\20251003_111736\EVouchers_bak\Edit.cshtml(118,50): error CS1501: 方法 'ToString' 沒有任何多載使用 1 個引數 [C:\Users\n2029\Desktop\GameSpace\GameSpace\GameSpace\GameSpace.csproj]
C:\Users\n2029\Desktop\GameSpace\GameSpace\GameSpace\Areas\MiniGame\Views\AdminEVoucher\Index.cshtml(194,47): warning CS8602: 可能 null 參考的取值 (dereference)。 [C:\Users\n2029\Desktop\GameSpace\GameSpace\GameSpace\GameSpace.csproj]
C:\Users\n2029\Desktop\GameSpace\GameSpace\GameSpace\Areas\MiniGame\Views\AdminEVoucher\Index.cshtml(196,55): warning CS8602: 可能 null 參考的取值 (dereference)。 [C:\Users\n2029\Desktop\GameSpace\GameSpace\GameSpace\GameSpace.csproj]
C:\Users\n2029\Desktop\GameSpace\GameSpace\GameSpace\Areas\MiniGame\Views\AdminEVoucher\Index.cshtml(247,35): warning CS8602: 可能 null 參考的取值 (dereference)。 [C:\Users\n2029\Desktop\GameSpace\GameSpace\GameSpace\GameSpace.csproj]
C:\Users\n2029\Desktop\GameSpace\GameSpace\GameSpace\Areas\MiniGame\Views\AdminEVoucher\Index.cshtml(251,30): warning CS8602: 可能 null 參考的取值 (dereference)。 [C:\Users\n2029\Desktop\GameSpace\GameSpace\GameSpace\GameSpace.csproj]
C:\Users\n2029\Desktop\GameSpace\GameSpace\GameSpace\Areas\MiniGame\Views\AdminUser\Delete.cshtml(52,71): error CS1501: 方法 'ToString' 沒有任何多載使用 1 個引數 [C:\Users\n2029\Desktop\GameSpace\GameSpace\GameSpace\GameSpace.csproj]
C:\Users\n2029\Desktop\GameSpace\GameSpace\GameSpace\Areas\MiniGame\Views\AdminUser\Delete.cshtml(69,49): error CS1061: 'User' 未包含 'Wallets' 的定義，也找不到可接受類型 'User' 第一個引數的可存取擴充方法 'Wallets' (是否遺漏 using 指示詞或組件參考?) [C:\Users\n2029\Desktop\GameSpace\GameSpace\GameSpace\GameSpace.csproj]
C:\Users\n2029\Desktop\GameSpace\GameSpace\GameSpace\Areas\MiniGame\Views\AdminUser\Delete.cshtml(73,49): error CS1061: 'User' 未包含 'SignIns' 的定義，也找不到可接受類型 'User' 第一個引數的可存取擴充方法 'SignIns' (是否遺漏 using 指示詞或組件參考?) [C:\Users\n2029\Desktop\GameSpace\GameSpace\GameSpace\GameSpace.csproj]
C:\Users\n2029\Desktop\GameSpace\GameSpace\GameSpace\Areas\MiniGame\Views\AdminUser\Delete.cshtml(77,49): error CS1061: 'User' 未包含 'Pets' 的定義，也找不到可接受類型 'User' 第一個引數的可存取擴充方法 'Pets' (是否遺漏 using 指示詞或組件參考?) [C:\Users\n2029\Desktop\GameSpace\GameSpace\GameSpace\GameSpace.csproj]
C:\Users\n2029\Desktop\GameSpace\GameSpace\GameSpace\Areas\MiniGame\Views\AdminUser\Delete.cshtml(81,49): error CS1061: 'User' 未包含 'GamePlayRecords' 的定義，也找不到可接受類型 'User' 第一個引數的可存取擴充方法 'GamePlayRecords' (是否遺漏 using 指示詞或組件參考?) [C:\Users\n2029\Desktop\GameSpace\GameSpace\GameSpace\GameSpace.csproj]
C:\Users\n2029\Desktop\GameSpace\GameSpace\GameSpace\Areas\MiniGame\Views\AdminManager\Create.cshtml(48,53): error CS1061: 'AdminManagerCreateViewModel' 未包含 'Password' 的定義，也找不到可接受類型 'AdminManagerCreateViewModel' 第一個引數的可存取擴充方法 'Password' (是否遺漏 using 指示詞或組件參考?) [C:\Users\n2029\Desktop\GameSpace\GameSpace\GameSpace\GameSpace.csproj]
C:\Users\n2029\Desktop\GameSpace\GameSpace\GameSpace\Areas\MiniGame\Views\AdminManager\Create.cshtml(49,53): error CS1061: 'AdminManagerCreateViewModel' 未包含 'Password' 的定義，也找不到可接受類型 'AdminManagerCreateViewModel' 第一個引數的可存取擴充方法 'Password' (是否遺漏 using 指示詞或組件參考?) [C:\Users\n2029\Desktop\GameSpace\GameSpace\GameSpace\GameSpace.csproj]
C:\Users\n2029\Desktop\GameSpace\GameSpace\GameSpace\Areas\MiniGame\Views\AdminManager\Create.cshtml(50,63): error CS1061: 'AdminManagerCreateViewModel' 未包含 'Password' 的定義，也找不到可接受類型 'AdminManagerCreateViewModel' 第一個引數的可存取擴充方法 'Password' (是否遺漏 using 指示詞或組件參考?) [C:\Users\n2029\Desktop\GameSpace\GameSpace\GameSpace\GameSpace.csproj]
C:\Users\n2029\Desktop\GameSpace\GameSpace\GameSpace\Areas\MiniGame\Views\AdminManager\Create.cshtml(55,53): error CS1061: 'AdminManagerCreateViewModel' 未包含 'ConfirmPassword' 的定義，也找不到可接受類型 'AdminManagerCreateViewModel' 第一個引數的可存取擴充方法 'ConfirmPassword' (是否遺漏 using 指示詞或組件參考?) [C:\Users\n2029\Desktop\GameSpace\GameSpace\GameSpace\GameSpace.csproj]
C:\Users\n2029\Desktop\GameSpace\GameSpace\GameSpace\Areas\MiniGame\Views\AdminManager\Create.cshtml(56,53): error CS1061: 'AdminManagerCreateViewModel' 未包含 'ConfirmPassword' 的定義，也找不到可接受類型 'AdminManagerCreateViewModel' 第一個引數的可存取擴充方法 'ConfirmPassword' (是否遺漏 using 指示詞或組件參考?) [C:\Users\n2029\Desktop\GameSpace\GameSpace\GameSpace\GameSpace.csproj]
C:\Users\n2029\Desktop\GameSpace\GameSpace\GameSpace\Areas\MiniGame\Views\AdminManager\Create.cshtml(57,63): error CS1061: 'AdminManagerCreateViewModel' 未包含 'ConfirmPassword' 的定義，也找不到可接受類型 'AdminManagerCreateViewModel' 第一個引數的可存取擴充方法 'ConfirmPassword' (是否遺漏 using 指示詞或組件參考?) [C:\Users\n2029\Desktop\GameSpace\GameSpace\GameSpace\GameSpace.csproj]
C:\Users\n2029\Desktop\GameSpace\GameSpace\GameSpace\Areas\MiniGame\Views\AdminManager\Create.cshtml(91,49): error CS1061: 'AdminManagerCreateViewModel' 未包含 'IsActive' 的定義，也找不到可接受類型 'AdminManagerCreateViewModel' 第一個引數的可存取擴充方法 'IsActive' (是否遺漏 using 指示詞或組件參考?) [C:\Users\n2029\Desktop\GameSpace\GameSpace\GameSpace\GameSpace.csproj]
C:\Users\n2029\Desktop\GameSpace\GameSpace\GameSpace\Areas\MiniGame\Views\AdminCoupon\Index_temp.cshtml(193,47): warning CS8602: 可能 null 參考的取值 (dereference)。 [C:\Users\n2029\Desktop\GameSpace\GameSpace\GameSpace\GameSpace.csproj]
C:\Users\n2029\Desktop\GameSpace\GameSpace\GameSpace\Areas\MiniGame\Views\AdminCoupon\Index_temp.cshtml(195,53): warning CS8602: 可能 null 參考的取值 (dereference)。 [C:\Users\n2029\Desktop\GameSpace\GameSpace\GameSpace\GameSpace.csproj]
C:\Users\n2029\Desktop\GameSpace\GameSpace\GameSpace\Areas\MiniGame\Views\AdminCoupon\Index_temp.cshtml(245,35): warning CS8602: 可能 null 參考的取值 (dereference)。 [C:\Users\n2029\Desktop\GameSpace\GameSpace\GameSpace\GameSpace.csproj]
C:\Users\n2029\Desktop\GameSpace\GameSpace\GameSpace\Areas\MiniGame\Views\AdminCoupon\Index_temp.cshtml(249,30): warning CS8602: 可能 null 參考的取值 (dereference)。 [C:\Users\n2029\Desktop\GameSpace\GameSpace\GameSpace\GameSpace.csproj]
C:\Users\n2029\Desktop\GameSpace\GameSpace\GameSpace\Areas\MiniGame\Views\AdminManager\Edit.cshtml(62,64): error CS1061: 'AdminManagerEditViewModel' 未包含 'RoleIds' 的定義，也找不到可接受類型 'AdminManagerEditViewModel' 第一個引數的可存取擴充方法 'RoleIds' (是否遺漏 using 指示詞或組件參考?) [C:\Users\n2029\Desktop\GameSpace\GameSpace\GameSpace\GameSpace.csproj]
C:\Users\n2029\Desktop\GameSpace\GameSpace\GameSpace\Areas\MiniGame\Views\AdminManager\Edit.cshtml(62,58): error CS1973: '?' 沒有名稱為 'Contains' 的適用方法，但似乎有使用該名稱的擴充方法。擴充方法不可以動態方式分派。請考慮將動態引數轉型，或不要利用擴充方法語法來呼叫擴充方法。 [C:\Users\n2029\Desktop\GameSpace\GameSpace\GameSpace\GameSpace.csproj]
C:\Users\n2029\Desktop\GameSpace\GameSpace\GameSpace\Areas\MiniGame\Views\AdminManager\Edit.cshtml(87,61): error CS1061: 'AdminManagerEditViewModel' 未包含 'NewPassword' 的定義，也找不到可接受類型 'AdminManagerEditViewModel' 第一個引數的可存取擴充方法 'NewPassword' (是否遺漏 using 指示詞或組件參考?) [C:\Users\n2029\Desktop\GameSpace\GameSpace\GameSpace\GameSpace.csproj]
C:\Users\n2029\Desktop\GameSpace\GameSpace\GameSpace\Areas\MiniGame\Views\AdminManager\Edit.cshtml(88,61): error CS1061: 'AdminManagerEditViewModel' 未包含 'NewPassword' 的定義，也找不到可接受類型 'AdminManagerEditViewModel' 第一個引數的可存取擴充方法 'NewPassword' (是否遺漏 using 指示詞或組件參考?) [C:\Users\n2029\Desktop\GameSpace\GameSpace\GameSpace\GameSpace.csproj]
C:\Users\n2029\Desktop\GameSpace\GameSpace\GameSpace\Areas\MiniGame\Views\AdminManager\Edit.cshtml(89,71): error CS1061: 'AdminManagerEditViewModel' 未包含 'NewPassword' 的定義，也找不到可接受類型 'AdminManagerEditViewModel' 第一個引數的可存取擴充方法 'NewPassword' (是否遺漏 using 指示詞或組件參考?) [C:\Users\n2029\Desktop\GameSpace\GameSpace\GameSpace\GameSpace.csproj]
C:\Users\n2029\Desktop\GameSpace\GameSpace\GameSpace\Areas\MiniGame\Views\AdminManager\Edit.cshtml(94,61): error CS1061: 'AdminManagerEditViewModel' 未包含 'ConfirmNewPassword' 的定義，也找不到可接受類型 'AdminManagerEditViewModel' 第一個引數的可存取擴充方法 'ConfirmNewPassword' (是否遺漏 using 指示詞或組件參考?) [C:\Users\n2029\Desktop\GameSpace\GameSpace\GameSpace\GameSpace.csproj]
C:\Users\n2029\Desktop\GameSpace\GameSpace\GameSpace\Areas\MiniGame\Views\AdminManager\Edit.cshtml(95,61): error CS1061: 'AdminManagerEditViewModel' 未包含 'ConfirmNewPassword' 的定義，也找不到可接受類型 'AdminManagerEditViewModel' 第一個引數的可存取擴充方法 'ConfirmNewPassword' (是否遺漏 using 指示詞或組件參考?) [C:\Users\n2029\Desktop\GameSpace\GameSpace\GameSpace\GameSpace.csproj]
C:\Users\n2029\Desktop\GameSpace\GameSpace\GameSpace\Areas\MiniGame\Views\AdminManager\Edit.cshtml(96,71): error CS1061: 'AdminManagerEditViewModel' 未包含 'ConfirmNewPassword' 的定義，也找不到可接受類型 'AdminManagerEditViewModel' 第一個引數的可存取擴充方法 'ConfirmNewPassword' (是否遺漏 using 指示詞或組件參考?) [C:\Users\n2029\Desktop\GameSpace\GameSpace\GameSpace\GameSpace.csproj]
C:\Users\n2029\Desktop\GameSpace\GameSpace\GameSpace\Areas\MiniGame\Services\PetCostSettingServices.cs(137,35): error CS1061: 'GameSpacedatabaseContext' 未包含 'PetBackgroundCostSettings' 的定義，也找不到可接受類型 'GameSpacedatabaseContext' 第一個引數的可存取擴充方法 'PetBackgroundCostSettings' (是否遺漏 using 指示詞或組件參考?) [C:\Users\n2029\Desktop\GameSpace\GameSpace\GameSpace\GameSpace.csproj]
C:\Users\n2029\Desktop\GameSpace\GameSpace\GameSpace\Areas\MiniGame\Services\PetCostSettingServices.cs(144,35): error CS1061: 'GameSpacedatabaseContext' 未包含 'PetBackgroundCostSettings' 的定義，也找不到可接受類型 'GameSpacedatabaseContext' 第一個引數的可存取擴充方法 'PetBackgroundCostSettings' (是否遺漏 using 指示詞或組件參考?) [C:\Users\n2029\Desktop\GameSpace\GameSpace\GameSpace\GameSpace.csproj]
C:\Users\n2029\Desktop\GameSpace\GameSpace\GameSpace\Areas\MiniGame\Services\PetCostSettingServices.cs(152,26): error CS1061: 'GameSpacedatabaseContext' 未包含 'PetBackgroundCostSettings' 的定義，也找不到可接受類型 'GameSpacedatabaseContext' 第一個引數的可存取擴充方法 'PetBackgroundCostSettings' (是否遺漏 using 指示詞或組件參考?) [C:\Users\n2029\Desktop\GameSpace\GameSpace\GameSpace\GameSpace.csproj]
C:\Users\n2029\Desktop\GameSpace\GameSpace\GameSpace\Areas\MiniGame\Services\PetCostSettingServices.cs(167,26): error CS1061: 'GameSpacedatabaseContext' 未包含 'PetBackgroundCostSettings' 的定義，也找不到可接受類型 'GameSpacedatabaseContext' 第一個引數的可存取擴充方法 'PetBackgroundCostSettings' (是否遺漏 using 指示詞或組件參考?) [C:\Users\n2029\Desktop\GameSpace\GameSpace\GameSpace\GameSpace.csproj]
C:\Users\n2029\Desktop\GameSpace\GameSpace\GameSpace\Areas\MiniGame\Views\AdminEVoucher\CreateType.cshtml(50,53): error CS1061: 'AdminEVoucherTypeCreateViewModel' 未包含 'ValidDays' 的定義，也找不到可接受類型 'AdminEVoucherTypeCreateViewModel' 第一個引數的可存取擴充方法 'ValidDays' (是否遺漏 using 指示詞或組件參考?) [C:\Users\n2029\Desktop\GameSpace\GameSpace\GameSpace\GameSpace.csproj]
C:\Users\n2029\Desktop\GameSpace\GameSpace\GameSpace\Areas\MiniGame\Views\AdminEVoucher\CreateType.cshtml(51,53): error CS1061: 'AdminEVoucherTypeCreateViewModel' 未包含 'ValidDays' 的定義，也找不到可接受類型 'AdminEVoucherTypeCreateViewModel' 第一個引數的可存取擴充方法 'ValidDays' (是否遺漏 using 指示詞或組件參考?) [C:\Users\n2029\Desktop\GameSpace\GameSpace\GameSpace\GameSpace.csproj]
C:\Users\n2029\Desktop\GameSpace\GameSpace\GameSpace\Areas\MiniGame\Views\AdminEVoucher\CreateType.cshtml(52,63): error CS1061: 'AdminEVoucherTypeCreateViewModel' 未包含 'ValidDays' 的定義，也找不到可接受類型 'AdminEVoucherTypeCreateViewModel' 第一個引數的可存取擴充方法 'ValidDays' (是否遺漏 using 指示詞或組件參考?) [C:\Users\n2029\Desktop\GameSpace\GameSpace\GameSpace\GameSpace.csproj]
C:\Users\n2029\Desktop\GameSpace\GameSpace\GameSpace\Areas\MiniGame\Views\AdminEVoucher\CreateType.cshtml(59,45): error CS1061: 'AdminEVoucherTypeCreateViewModel' 未包含 'ImageUrl' 的定義，也找不到可接受類型 'AdminEVoucherTypeCreateViewModel' 第一個引數的可存取擴充方法 'ImageUrl' (是否遺漏 using 指示詞或組件參考?) [C:\Users\n2029\Desktop\GameSpace\GameSpace\GameSpace\GameSpace.csproj]
C:\Users\n2029\Desktop\GameSpace\GameSpace\GameSpace\Areas\MiniGame\Views\AdminEVoucher\CreateType.cshtml(60,45): error CS1061: 'AdminEVoucherTypeCreateViewModel' 未包含 'ImageUrl' 的定義，也找不到可接受類型 'AdminEVoucherTypeCreateViewModel' 第一個引數的可存取擴充方法 'ImageUrl' (是否遺漏 using 指示詞或組件參考?) [C:\Users\n2029\Desktop\GameSpace\GameSpace\GameSpace\GameSpace.csproj]
C:\Users\n2029\Desktop\GameSpace\GameSpace\GameSpace\Areas\MiniGame\Views\AdminEVoucher\CreateType.cshtml(61,55): error CS1061: 'AdminEVoucherTypeCreateViewModel' 未包含 'ImageUrl' 的定義，也找不到可接受類型 'AdminEVoucherTypeCreateViewModel' 第一個引數的可存取擴充方法 'ImageUrl' (是否遺漏 using 指示詞或組件參考?) [C:\Users\n2029\Desktop\GameSpace\GameSpace\GameSpace\GameSpace.csproj]
C:\Users\n2029\Desktop\GameSpace\GameSpace\GameSpace\Areas\MiniGame\Views\AdminEVoucher\CreateType.cshtml(67,49): error CS1061: 'AdminEVoucherTypeCreateViewModel' 未包含 'IsActive' 的定義，也找不到可接受類型 'AdminEVoucherTypeCreateViewModel' 第一個引數的可存取擴充方法 'IsActive' (是否遺漏 using 指示詞或組件參考?) [C:\Users\n2029\Desktop\GameSpace\GameSpace\GameSpace\GameSpace.csproj]
C:\Users\n2029\Desktop\GameSpace\GameSpace\GameSpace\Areas\MiniGame\Services\PetCostSettingServices.cs(184,26): error CS1061: 'GameSpacedatabaseContext' 未包含 'PetBackgroundCostSettings' 的定義，也找不到可接受類型 'GameSpacedatabaseContext' 第一個引數的可存取擴充方法 'PetBackgroundCostSettings' (是否遺漏 using 指示詞或組件參考?) [C:\Users\n2029\Desktop\GameSpace\GameSpace\GameSpace\GameSpace.csproj]
C:\Users\n2029\Desktop\GameSpace\GameSpace\GameSpace\Areas\MiniGame\Services\PetCostSettingServices.cs(47,35): error CS1061: 'GameSpacedatabaseContext' 未包含 'PetSkinColorCostSettings' 的定義，也找不到可接受類型 'GameSpacedatabaseContext' 第一個引數的可存取擴充方法 'PetSkinColorCostSettings' (是否遺漏 using 指示詞或組件參考?) [C:\Users\n2029\Desktop\GameSpace\GameSpace\GameSpace\GameSpace.csproj]
C:\Users\n2029\Desktop\GameSpace\GameSpace\GameSpace\Areas\MiniGame\Services\PetCostSettingServices.cs(54,35): error CS1061: 'GameSpacedatabaseContext' 未包含 'PetSkinColorCostSettings' 的定義，也找不到可接受類型 'GameSpacedatabaseContext' 第一個引數的可存取擴充方法 'PetSkinColorCostSettings' (是否遺漏 using 指示詞或組件參考?) [C:\Users\n2029\Desktop\GameSpace\GameSpace\GameSpace\GameSpace.csproj]
C:\Users\n2029\Desktop\GameSpace\GameSpace\GameSpace\Areas\MiniGame\Services\PetCostSettingServices.cs(62,26): error CS1061: 'GameSpacedatabaseContext' 未包含 'PetSkinColorCostSettings' 的定義，也找不到可接受類型 'GameSpacedatabaseContext' 第一個引數的可存取擴充方法 'PetSkinColorCostSettings' (是否遺漏 using 指示詞或組件參考?) [C:\Users\n2029\Desktop\GameSpace\GameSpace\GameSpace\GameSpace.csproj]
C:\Users\n2029\Desktop\GameSpace\GameSpace\GameSpace\Areas\MiniGame\Services\PetCostSettingServices.cs(77,26): error CS1061: 'GameSpacedatabaseContext' 未包含 'PetSkinColorCostSettings' 的定義，也找不到可接受類型 'GameSpacedatabaseContext' 第一個引數的可存取擴充方法 'PetSkinColorCostSettings' (是否遺漏 using 指示詞或組件參考?) [C:\Users\n2029\Desktop\GameSpace\GameSpace\GameSpace\GameSpace.csproj]
C:\Users\n2029\Desktop\GameSpace\GameSpace\GameSpace\Areas\MiniGame\Services\PetCostSettingServices.cs(94,26): error CS1061: 'GameSpacedatabaseContext' 未包含 'PetSkinColorCostSettings' 的定義，也找不到可接受類型 'GameSpacedatabaseContext' 第一個引數的可存取擴充方法 'PetSkinColorCostSettings' (是否遺漏 using 指示詞或組件參考?) [C:\Users\n2029\Desktop\GameSpace\GameSpace\GameSpace\GameSpace.csproj]
C:\Users\n2029\Desktop\GameSpace\GameSpace\GameSpace\Areas\MiniGame\Services\PetColorChangeSettingsService.cs(25,35): error CS1061: 'GameSpacedatabaseContext' 未包含 'PetColorChangeSettings' 的定義，也找不到可接受類型 'GameSpacedatabaseContext' 第一個引數的可存取擴充方法 'PetColorChangeSettings' (是否遺漏 using 指示詞或組件參考?) [C:\Users\n2029\Desktop\GameSpace\GameSpace\GameSpace\GameSpace.csproj]
C:\Users\n2029\Desktop\GameSpace\GameSpace\GameSpace\Areas\MiniGame\Services\PetColorChangeSettingsService.cs(37,35): error CS1061: 'GameSpacedatabaseContext' 未包含 'PetColorChangeSettings' 的定義，也找不到可接受類型 'GameSpacedatabaseContext' 第一個引數的可存取擴充方法 'PetColorChangeSettings' (是否遺漏 using 指示詞或組件參考?) [C:\Users\n2029\Desktop\GameSpace\GameSpace\GameSpace\GameSpace.csproj]
C:\Users\n2029\Desktop\GameSpace\GameSpace\GameSpace\Areas\MiniGame\Services\PetColorChangeSettingsService.cs(49,22): error CS1061: 'GameSpacedatabaseContext' 未包含 'PetColorChangeSettings' 的定義，也找不到可接受類型 'GameSpacedatabaseContext' 第一個引數的可存取擴充方法 'PetColorChangeSettings' (是否遺漏 using 指示詞或組件參考?) [C:\Users\n2029\Desktop\GameSpace\GameSpace\GameSpace\GameSpace.csproj]
C:\Users\n2029\Desktop\GameSpace\GameSpace\GameSpace\Areas\MiniGame\Services\PetColorChangeSettingsService.cs(62,22): error CS1061: 'GameSpacedatabaseContext' 未包含 'PetColorChangeSettings' 的定義，也找不到可接受類型 'GameSpacedatabaseContext' 第一個引數的可存取擴充方法 'PetColorChangeSettings' (是否遺漏 using 指示詞或組件參考?) [C:\Users\n2029\Desktop\GameSpace\GameSpace\GameSpace\GameSpace.csproj]
C:\Users\n2029\Desktop\GameSpace\GameSpace\GameSpace\Areas\MiniGame\Services\PetColorChangeSettingsService.cs(74,42): error CS1061: 'GameSpacedatabaseContext' 未包含 'PetColorChangeSettings' 的定義，也找不到可接受類型 'GameSpacedatabaseContext' 第一個引數的可存取擴充方法 'PetColorChangeSettings' (是否遺漏 using 指示詞或組件參考?) [C:\Users\n2029\Desktop\GameSpace\GameSpace\GameSpace\GameSpace.csproj]
C:\Users\n2029\Desktop\GameSpace\GameSpace\GameSpace\Areas\MiniGame\Services\PetColorChangeSettingsService.cs(80,22): error CS1061: 'GameSpacedatabaseContext' 未包含 'PetColorChangeSettings' 的定義，也找不到可接受類型 'GameSpacedatabaseContext' 第一個引數的可存取擴充方法 'PetColorChangeSettings' (是否遺漏 using 指示詞或組件參考?) [C:\Users\n2029\Desktop\GameSpace\GameSpace\GameSpace\GameSpace.csproj]
C:\Users\n2029\Desktop\GameSpace\GameSpace\GameSpace\Areas\MiniGame\Services\PetColorChangeSettingsService.cs(91,35): error CS1061: 'GameSpacedatabaseContext' 未包含 'PetColorChangeSettings' 的定義，也找不到可接受類型 'GameSpacedatabaseContext' 第一個引數的可存取擴充方法 'PetColorChangeSettings' (是否遺漏 using 指示詞或組件參考?) [C:\Users\n2029\Desktop\GameSpace\GameSpace\GameSpace\GameSpace.csproj]
C:\Users\n2029\Desktop\GameSpace\GameSpace\GameSpace\Areas\MiniGame\Views\AdminCoupon\Index.cshtml(193,47): warning CS8602: 可能 null 參考的取值 (dereference)。 [C:\Users\n2029\Desktop\GameSpace\GameSpace\GameSpace\GameSpace.csproj]
C:\Users\n2029\Desktop\GameSpace\GameSpace\GameSpace\Areas\MiniGame\Views\AdminCoupon\Index.cshtml(195,53): warning CS8602: 可能 null 參考的取值 (dereference)。 [C:\Users\n2029\Desktop\GameSpace\GameSpace\GameSpace\GameSpace.csproj]
C:\Users\n2029\Desktop\GameSpace\GameSpace\GameSpace\Areas\MiniGame\Views\AdminCoupon\Index.cshtml(245,35): warning CS8602: 可能 null 參考的取值 (dereference)。 [C:\Users\n2029\Desktop\GameSpace\GameSpace\GameSpace\GameSpace.csproj]
C:\Users\n2029\Desktop\GameSpace\GameSpace\GameSpace\Areas\MiniGame\Views\AdminCoupon\Index.cshtml(249,30): warning CS8602: 可能 null 參考的取值 (dereference)。 [C:\Users\n2029\Desktop\GameSpace\GameSpace\GameSpace\GameSpace.csproj]
C:\Users\n2029\Desktop\GameSpace\GameSpace\GameSpace\Areas\MiniGame\Services\PetBackgroundChangeSettingsService.cs(30,21): error CS0117: 'PetSettings' 未包含 'ColorChangePointCost' 的定義 [C:\Users\n2029\Desktop\GameSpace\GameSpace\GameSpace\GameSpace.csproj]
C:\Users\n2029\Desktop\GameSpace\GameSpace\GameSpace\Areas\MiniGame\Services\PetBackgroundChangeSettingsService.cs(31,21): error CS0117: 'PetSettings' 未包含 'BackgroundChangePointCost' 的定義 [C:\Users\n2029\Desktop\GameSpace\GameSpace\GameSpace\GameSpace.csproj]
C:\Users\n2029\Desktop\GameSpace\GameSpace\GameSpace\Areas\MiniGame\Services\PetBackgroundChangeSettingsService.cs(32,21): error CS0117: 'PetSettings' 未包含 'MaxLevel' 的定義 [C:\Users\n2029\Desktop\GameSpace\GameSpace\GameSpace\GameSpace.csproj]
C:\Users\n2029\Desktop\GameSpace\GameSpace\GameSpace\Areas\MiniGame\Services\PetBackgroundChangeSettingsService.cs(33,21): error CS0117: 'PetSettings' 未包含 'ExpMultiplier' 的定義 [C:\Users\n2029\Desktop\GameSpace\GameSpace\GameSpace\GameSpace.csproj]
C:\Users\n2029\Desktop\GameSpace\GameSpace\GameSpace\Areas\MiniGame\Services\PetBackgroundChangeSettingsService.cs(23,41): warning CS1998: 這個非同步方法缺少 'await' 運算子，因此將以同步方式執行。請考慮使用 'await' 運算子等候未封鎖的應用程式開發介面呼叫，或使用 'await Task.Run(...)' 在背景執行緒上執行 CPU-bound 工作。 [C:\Users\n2029\Desktop\GameSpace\GameSpace\GameSpace\GameSpace.csproj]
C:\Users\n2029\Desktop\GameSpace\GameSpace\GameSpace\Areas\MiniGame\Services\PetBackgroundChangeSettingsService.cs(63,33): error CS1061: 'PetSettings' 未包含 'BackgroundChangePointCost' 的定義，也找不到可接受類型 'PetSettings' 第一個引數的可存取擴充方法 'BackgroundChangePointCost' (是否遺漏 using 指示詞或組件參考?) [C:\Users\n2029\Desktop\GameSpace\GameSpace\GameSpace\GameSpace.csproj]
C:\Users\n2029\Desktop\GameSpace\GameSpace\GameSpace\Areas\MemberManagement\Views\UserIntroduces\Index.cshtml(9,34): warning CS8600: 正在將 Null 常值或可能的 Null 值轉換為不可為 Null 的型別。 [C:\Users\n2029\Desktop\GameSpace\GameSpace\GameSpace\GameSpace.csproj]
C:\Users\n2029\Desktop\GameSpace\GameSpace\GameSpace\Areas\MemberManagement\Views\UserIntroduces\Index.cshtml(55,15): warning CS8604: 'bool Enumerable.Any<UserIntroduceVM>(IEnumerable<UserIntroduceVM> source)' 中的參數 'source' 可能有 Null 參考引數。 [C:\Users\n2029\Desktop\GameSpace\GameSpace\GameSpace\GameSpace.csproj]
C:\Users\n2029\Desktop\GameSpace\GameSpace\GameSpace\Areas\MiniGame\Services\PetBackgroundChangeSettingsService.cs(80,31): error CS1061: 'UserWallet' 未包含 'Points' 的定義，也找不到可接受類型 'UserWallet' 第一個引數的可存取擴充方法 'Points' (是否遺漏 using 指示詞或組件參考?) [C:\Users\n2029\Desktop\GameSpace\GameSpace\GameSpace\GameSpace.csproj]
C:\Users\n2029\Desktop\GameSpace\GameSpace\GameSpace\Areas\MiniGame\Services\MiniGameService.cs(28,21): error CS0117: 'MiniGame' 未包含 'GameID' 的定義 [C:\Users\n2029\Desktop\GameSpace\GameSpace\GameSpace\GameSpace.csproj]
C:\Users\n2029\Desktop\GameSpace\GameSpace\GameSpace\Areas\MiniGame\Services\MiniGameService.cs(28,46): error CS1503: 引數 1: 無法從 'string' 轉換成 'int' [C:\Users\n2029\Desktop\GameSpace\GameSpace\GameSpace\GameSpace.csproj]
C:\Users\n2029\Desktop\GameSpace\GameSpace\GameSpace\Areas\MiniGame\Services\MiniGameService.cs(29,21): error CS0117: 'MiniGame' 未包含 'UserID' 的定義 [C:\Users\n2029\Desktop\GameSpace\GameSpace\GameSpace\GameSpace.csproj]
C:\Users\n2029\Desktop\GameSpace\GameSpace\GameSpace\Areas\MiniGame\Services\MiniGameService.cs(29,46): error CS1503: 引數 1: 無法從 'string' 轉換成 'int' [C:\Users\n2029\Desktop\GameSpace\GameSpace\GameSpace\GameSpace.csproj]
C:\Users\n2029\Desktop\GameSpace\GameSpace\GameSpace\Areas\MiniGame\Services\MiniGameService.cs(30,21): error CS0117: 'MiniGame' 未包含 'PetID' 的定義 [C:\Users\n2029\Desktop\GameSpace\GameSpace\GameSpace\GameSpace.csproj]
C:\Users\n2029\Desktop\GameSpace\GameSpace\GameSpace\Areas\MiniGame\Services\MiniGameService.cs(30,45): error CS1503: 引數 1: 無法從 'string' 轉換成 'int' [C:\Users\n2029\Desktop\GameSpace\GameSpace\GameSpace\GameSpace.csproj]
C:\Users\n2029\Desktop\GameSpace\GameSpace\GameSpace\Areas\MiniGame\Services\MiniGameService.cs(31,21): error CS0117: 'MiniGame' 未包含 'GameType' 的定義 [C:\Users\n2029\Desktop\GameSpace\GameSpace\GameSpace\GameSpace.csproj]
C:\Users\n2029\Desktop\GameSpace\GameSpace\GameSpace\Areas\MiniGame\Services\MiniGameService.cs(31,49): error CS1503: 引數 1: 無法從 'string' 轉換成 'int' [C:\Users\n2029\Desktop\GameSpace\GameSpace\GameSpace\GameSpace.csproj]
C:\Users\n2029\Desktop\GameSpace\GameSpace\GameSpace\Areas\MiniGame\Services\MiniGameService.cs(32,52): error CS1503: 引數 1: 無法從 'string' 轉換成 'int' [C:\Users\n2029\Desktop\GameSpace\GameSpace\GameSpace\GameSpace.csproj]
C:\Users\n2029\Desktop\GameSpace\GameSpace\GameSpace\Areas\MiniGame\Services\MiniGameService.cs(33,47): error CS1503: 引數 1: 無法從 'string' 轉換成 'int' [C:\Users\n2029\Desktop\GameSpace\GameSpace\GameSpace\GameSpace.csproj]
C:\Users\n2029\Desktop\GameSpace\GameSpace\GameSpace\Areas\MiniGame\Services\MiniGameService.cs(33,86): error CS1503: 引數 1: 無法從 'string' 轉換成 'int' [C:\Users\n2029\Desktop\GameSpace\GameSpace\GameSpace\GameSpace.csproj]
C:\Users\n2029\Desktop\GameSpace\GameSpace\GameSpace\Areas\MiniGame\Services\MiniGameService.cs(34,21): error CS0117: 'MiniGame' 未包含 'GameResult' 的定義 [C:\Users\n2029\Desktop\GameSpace\GameSpace\GameSpace\GameSpace.csproj]
C:\Users\n2029\Desktop\GameSpace\GameSpace\GameSpace\Areas\MiniGame\Services\MiniGameService.cs(34,50): error CS1503: 引數 1: 無法從 'string' 轉換成 'int' [C:\Users\n2029\Desktop\GameSpace\GameSpace\GameSpace\GameSpace.csproj]
C:\Users\n2029\Desktop\GameSpace\GameSpace\GameSpace\Areas\MiniGame\Services\MiniGameService.cs(34,90): error CS1503: 引數 1: 無法從 'string' 轉換成 'int' [C:\Users\n2029\Desktop\GameSpace\GameSpace\GameSpace\GameSpace.csproj]
C:\Users\n2029\Desktop\GameSpace\GameSpace\GameSpace\Areas\MiniGame\Services\MiniGameService.cs(35,21): error CS0117: 'MiniGame' 未包含 'PointsEarned' 的定義 [C:\Users\n2029\Desktop\GameSpace\GameSpace\GameSpace\GameSpace.csproj]
C:\Users\n2029\Desktop\GameSpace\GameSpace\GameSpace\Areas\MiniGame\Services\MiniGameService.cs(35,52): error CS1503: 引數 1: 無法從 'string' 轉換成 'int' [C:\Users\n2029\Desktop\GameSpace\GameSpace\GameSpace\GameSpace.csproj]
C:\Users\n2029\Desktop\GameSpace\GameSpace\GameSpace\Areas\MiniGame\Services\MiniGameService.cs(36,21): error CS0117: 'MiniGame' 未包含 'PetExpEarned' 的定義 [C:\Users\n2029\Desktop\GameSpace\GameSpace\GameSpace\GameSpace.csproj]
C:\Users\n2029\Desktop\GameSpace\GameSpace\GameSpace\Areas\MiniGame\Services\MiniGameService.cs(36,52): error CS1503: 引數 1: 無法從 'string' 轉換成 'int' [C:\Users\n2029\Desktop\GameSpace\GameSpace\GameSpace\GameSpace.csproj]
C:\Users\n2029\Desktop\GameSpace\GameSpace\GameSpace\Areas\MiniGame\Services\MiniGameService.cs(37,21): error CS0117: 'MiniGame' 未包含 'CouponEarned' 的定義 [C:\Users\n2029\Desktop\GameSpace\GameSpace\GameSpace\GameSpace.csproj]
C:\Users\n2029\Desktop\GameSpace\GameSpace\GameSpace\Areas\MiniGame\Services\MiniGameService.cs(37,52): error CS1503: 引數 1: 無法從 'string' 轉換成 'int' [C:\Users\n2029\Desktop\GameSpace\GameSpace\GameSpace\GameSpace.csproj]
C:\Users\n2029\Desktop\GameSpace\GameSpace\GameSpace\Areas\MiniGame\Services\MiniGameService.cs(37,93): error CS1503: 引數 1: 無法從 'string' 轉換成 'int' [C:\Users\n2029\Desktop\GameSpace\GameSpace\GameSpace\GameSpace.csproj]
C:\Users\n2029\Desktop\GameSpace\GameSpace\GameSpace\Areas\MiniGame\Services\MiniGameService.cs(38,21): error CS0117: 'MiniGame' 未包含 'SessionID' 的定義 [C:\Users\n2029\Desktop\GameSpace\GameSpace\GameSpace\GameSpace.csproj]
C:\Users\n2029\Desktop\GameSpace\GameSpace\GameSpace\Areas\MiniGame\Services\MiniGameService.cs(38,50): error CS1503: 引數 1: 無法從 'string' 轉換成 'int' [C:\Users\n2029\Desktop\GameSpace\GameSpace\GameSpace\GameSpace.csproj]
C:\Users\n2029\Desktop\GameSpace\GameSpace\GameSpace\Areas\MemberManagement\Views\ManagerWithRoles\Details.cshtml(39,32): warning CS8602: 可能 null 參考的取值 (dereference)。 [C:\Users\n2029\Desktop\GameSpace\GameSpace\GameSpace\GameSpace.csproj]
C:\Users\n2029\Desktop\GameSpace\GameSpace\GameSpace\Areas\MiniGame\Services\MiniGameService.cs(58,21): error CS0117: 'MiniGame' 未包含 'GameID' 的定義 [C:\Users\n2029\Desktop\GameSpace\GameSpace\GameSpace\GameSpace.csproj]
C:\Users\n2029\Desktop\GameSpace\GameSpace\GameSpace\Areas\MiniGame\Services\MiniGameService.cs(58,46): error CS1503: 引數 1: 無法從 'string' 轉換成 'int' [C:\Users\n2029\Desktop\GameSpace\GameSpace\GameSpace\GameSpace.csproj]
C:\Users\n2029\Desktop\GameSpace\GameSpace\GameSpace\Areas\MiniGame\Services\MiniGameService.cs(59,21): error CS0117: 'MiniGame' 未包含 'UserID' 的定義 [C:\Users\n2029\Desktop\GameSpace\GameSpace\GameSpace\GameSpace.csproj]
C:\Users\n2029\Desktop\GameSpace\GameSpace\GameSpace\Areas\MiniGame\Services\MiniGameService.cs(59,46): error CS1503: 引數 1: 無法從 'string' 轉換成 'int' [C:\Users\n2029\Desktop\GameSpace\GameSpace\GameSpace\GameSpace.csproj]
C:\Users\n2029\Desktop\GameSpace\GameSpace\GameSpace\Areas\MiniGame\Services\MiniGameService.cs(60,21): error CS0117: 'MiniGame' 未包含 'PetID' 的定義 [C:\Users\n2029\Desktop\GameSpace\GameSpace\GameSpace\GameSpace.csproj]
C:\Users\n2029\Desktop\GameSpace\GameSpace\GameSpace\Areas\MiniGame\Services\MiniGameService.cs(60,45): error CS1503: 引數 1: 無法從 'string' 轉換成 'int' [C:\Users\n2029\Desktop\GameSpace\GameSpace\GameSpace\GameSpace.csproj]
C:\Users\n2029\Desktop\GameSpace\GameSpace\GameSpace\Areas\MiniGame\Services\MiniGameService.cs(61,21): error CS0117: 'MiniGame' 未包含 'GameType' 的定義 [C:\Users\n2029\Desktop\GameSpace\GameSpace\GameSpace\GameSpace.csproj]
C:\Users\n2029\Desktop\GameSpace\GameSpace\GameSpace\Areas\MiniGame\Services\MiniGameService.cs(61,49): error CS1503: 引數 1: 無法從 'string' 轉換成 'int' [C:\Users\n2029\Desktop\GameSpace\GameSpace\GameSpace\GameSpace.csproj]
C:\Users\n2029\Desktop\GameSpace\GameSpace\GameSpace\Areas\MiniGame\Services\MiniGameService.cs(62,52): error CS1503: 引數 1: 無法從 'string' 轉換成 'int' [C:\Users\n2029\Desktop\GameSpace\GameSpace\GameSpace\GameSpace.csproj]
C:\Users\n2029\Desktop\GameSpace\GameSpace\GameSpace\Areas\MiniGame\Services\MiniGameService.cs(63,47): error CS1503: 引數 1: 無法從 'string' 轉換成 'int' [C:\Users\n2029\Desktop\GameSpace\GameSpace\GameSpace\GameSpace.csproj]
C:\Users\n2029\Desktop\GameSpace\GameSpace\GameSpace\Areas\MiniGame\Services\MiniGameService.cs(63,86): error CS1503: 引數 1: 無法從 'string' 轉換成 'int' [C:\Users\n2029\Desktop\GameSpace\GameSpace\GameSpace\GameSpace.csproj]
C:\Users\n2029\Desktop\GameSpace\GameSpace\GameSpace\Areas\MiniGame\Services\MiniGameService.cs(64,21): error CS0117: 'MiniGame' 未包含 'GameResult' 的定義 [C:\Users\n2029\Desktop\GameSpace\GameSpace\GameSpace\GameSpace.csproj]
C:\Users\n2029\Desktop\GameSpace\GameSpace\GameSpace\Areas\MiniGame\Services\MiniGameService.cs(64,50): error CS1503: 引數 1: 無法從 'string' 轉換成 'int' [C:\Users\n2029\Desktop\GameSpace\GameSpace\GameSpace\GameSpace.csproj]
C:\Users\n2029\Desktop\GameSpace\GameSpace\GameSpace\Areas\MiniGame\Services\MiniGameService.cs(64,90): error CS1503: 引數 1: 無法從 'string' 轉換成 'int' [C:\Users\n2029\Desktop\GameSpace\GameSpace\GameSpace\GameSpace.csproj]
C:\Users\n2029\Desktop\GameSpace\GameSpace\GameSpace\Areas\MiniGame\Services\MiniGameService.cs(65,21): error CS0117: 'MiniGame' 未包含 'PointsEarned' 的定義 [C:\Users\n2029\Desktop\GameSpace\GameSpace\GameSpace\GameSpace.csproj]
C:\Users\n2029\Desktop\GameSpace\GameSpace\GameSpace\Areas\MiniGame\Services\MiniGameService.cs(65,52): error CS1503: 引數 1: 無法從 'string' 轉換成 'int' [C:\Users\n2029\Desktop\GameSpace\GameSpace\GameSpace\GameSpace.csproj]
C:\Users\n2029\Desktop\GameSpace\GameSpace\GameSpace\Areas\MiniGame\Services\MiniGameService.cs(66,21): error CS0117: 'MiniGame' 未包含 'PetExpEarned' 的定義 [C:\Users\n2029\Desktop\GameSpace\GameSpace\GameSpace\GameSpace.csproj]
C:\Users\n2029\Desktop\GameSpace\GameSpace\GameSpace\Areas\MiniGame\Services\MiniGameService.cs(66,52): error CS1503: 引數 1: 無法從 'string' 轉換成 'int' [C:\Users\n2029\Desktop\GameSpace\GameSpace\GameSpace\GameSpace.csproj]
C:\Users\n2029\Desktop\GameSpace\GameSpace\GameSpace\Areas\MiniGame\Services\MiniGameService.cs(67,21): error CS0117: 'MiniGame' 未包含 'CouponEarned' 的定義 [C:\Users\n2029\Desktop\GameSpace\GameSpace\GameSpace\GameSpace.csproj]
C:\Users\n2029\Desktop\GameSpace\GameSpace\GameSpace\Areas\MiniGame\Services\MiniGameService.cs(67,52): error CS1503: 引數 1: 無法從 'string' 轉換成 'int' [C:\Users\n2029\Desktop\GameSpace\GameSpace\GameSpace\GameSpace.csproj]
C:\Users\n2029\Desktop\GameSpace\GameSpace\GameSpace\Areas\MiniGame\Services\MiniGameService.cs(67,93): error CS1503: 引數 1: 無法從 'string' 轉換成 'int' [C:\Users\n2029\Desktop\GameSpace\GameSpace\GameSpace\GameSpace.csproj]
C:\Users\n2029\Desktop\GameSpace\GameSpace\GameSpace\Areas\MiniGame\Services\MiniGameService.cs(68,21): error CS0117: 'MiniGame' 未包含 'SessionID' 的定義 [C:\Users\n2029\Desktop\GameSpace\GameSpace\GameSpace\GameSpace.csproj]
C:\Users\n2029\Desktop\GameSpace\GameSpace\GameSpace\Areas\MiniGame\Services\MiniGameService.cs(68,50): error CS1503: 引數 1: 無法從 'string' 轉換成 'int' [C:\Users\n2029\Desktop\GameSpace\GameSpace\GameSpace\GameSpace.csproj]
C:\Users\n2029\Desktop\GameSpace\GameSpace\GameSpace\Areas\MemberManagement\Views\ManagerWithRoles\Index.cshtml(10,26): warning CS8600: 正在將 Null 常值或可能的 Null 值轉換為不可為 Null 的型別。 [C:\Users\n2029\Desktop\GameSpace\GameSpace\GameSpace\GameSpace.csproj]
C:\Users\n2029\Desktop\GameSpace\GameSpace\GameSpace\Areas\MemberManagement\Views\ManagerWithRoles\Index.cshtml(11,26): warning CS8600: 正在將 Null 常值或可能的 Null 值轉換為不可為 Null 的型別。 [C:\Users\n2029\Desktop\GameSpace\GameSpace\GameSpace\GameSpace.csproj]
C:\Users\n2029\Desktop\GameSpace\GameSpace\GameSpace\Areas\MiniGame\Services\MiniGameService.cs(88,21): error CS0117: 'MiniGame' 未包含 'GameID' 的定義 [C:\Users\n2029\Desktop\GameSpace\GameSpace\GameSpace\GameSpace.csproj]
C:\Users\n2029\Desktop\GameSpace\GameSpace\GameSpace\Areas\MiniGame\Services\MiniGameService.cs(88,46): error CS1503: 引數 1: 無法從 'string' 轉換成 'int' [C:\Users\n2029\Desktop\GameSpace\GameSpace\GameSpace\GameSpace.csproj]
C:\Users\n2029\Desktop\GameSpace\GameSpace\GameSpace\Areas\MiniGame\Services\MiniGameService.cs(89,21): error CS0117: 'MiniGame' 未包含 'UserID' 的定義 [C:\Users\n2029\Desktop\GameSpace\GameSpace\GameSpace\GameSpace.csproj]
C:\Users\n2029\Desktop\GameSpace\GameSpace\GameSpace\Areas\MiniGame\Services\MiniGameService.cs(89,46): error CS1503: 引數 1: 無法從 'string' 轉換成 'int' [C:\Users\n2029\Desktop\GameSpace\GameSpace\GameSpace\GameSpace.csproj]
C:\Users\n2029\Desktop\GameSpace\GameSpace\GameSpace\Areas\MiniGame\Services\MiniGameService.cs(90,21): error CS0117: 'MiniGame' 未包含 'PetID' 的定義 [C:\Users\n2029\Desktop\GameSpace\GameSpace\GameSpace\GameSpace.csproj]
C:\Users\n2029\Desktop\GameSpace\GameSpace\GameSpace\Areas\MiniGame\Services\MiniGameService.cs(90,45): error CS1503: 引數 1: 無法從 'string' 轉換成 'int' [C:\Users\n2029\Desktop\GameSpace\GameSpace\GameSpace\GameSpace.csproj]
C:\Users\n2029\Desktop\GameSpace\GameSpace\GameSpace\Areas\MiniGame\Services\MiniGameService.cs(91,21): error CS0117: 'MiniGame' 未包含 'GameType' 的定義 [C:\Users\n2029\Desktop\GameSpace\GameSpace\GameSpace\GameSpace.csproj]
C:\Users\n2029\Desktop\GameSpace\GameSpace\GameSpace\Areas\MiniGame\Services\MiniGameService.cs(91,49): error CS1503: 引數 1: 無法從 'string' 轉換成 'int' [C:\Users\n2029\Desktop\GameSpace\GameSpace\GameSpace\GameSpace.csproj]
C:\Users\n2029\Desktop\GameSpace\GameSpace\GameSpace\Areas\MiniGame\Services\MiniGameService.cs(92,52): error CS1503: 引數 1: 無法從 'string' 轉換成 'int' [C:\Users\n2029\Desktop\GameSpace\GameSpace\GameSpace\GameSpace.csproj]
C:\Users\n2029\Desktop\GameSpace\GameSpace\GameSpace\Areas\MiniGame\Services\MiniGameService.cs(93,47): error CS1503: 引數 1: 無法從 'string' 轉換成 'int' [C:\Users\n2029\Desktop\GameSpace\GameSpace\GameSpace\GameSpace.csproj]
C:\Users\n2029\Desktop\GameSpace\GameSpace\GameSpace\Areas\MiniGame\Services\MiniGameService.cs(93,86): error CS1503: 引數 1: 無法從 'string' 轉換成 'int' [C:\Users\n2029\Desktop\GameSpace\GameSpace\GameSpace\GameSpace.csproj]
C:\Users\n2029\Desktop\GameSpace\GameSpace\GameSpace\Areas\MiniGame\Services\MiniGameService.cs(94,21): error CS0117: 'MiniGame' 未包含 'GameResult' 的定義 [C:\Users\n2029\Desktop\GameSpace\GameSpace\GameSpace\GameSpace.csproj]
C:\Users\n2029\Desktop\GameSpace\GameSpace\GameSpace\Areas\MiniGame\Services\MiniGameService.cs(94,50): error CS1503: 引數 1: 無法從 'string' 轉換成 'int' [C:\Users\n2029\Desktop\GameSpace\GameSpace\GameSpace\GameSpace.csproj]
C:\Users\n2029\Desktop\GameSpace\GameSpace\GameSpace\Areas\MiniGame\Services\MiniGameService.cs(94,90): error CS1503: 引數 1: 無法從 'string' 轉換成 'int' [C:\Users\n2029\Desktop\GameSpace\GameSpace\GameSpace\GameSpace.csproj]
C:\Users\n2029\Desktop\GameSpace\GameSpace\GameSpace\Areas\MiniGame\Services\MiniGameService.cs(95,21): error CS0117: 'MiniGame' 未包含 'PointsEarned' 的定義 [C:\Users\n2029\Desktop\GameSpace\GameSpace\GameSpace\GameSpace.csproj]
C:\Users\n2029\Desktop\GameSpace\GameSpace\GameSpace\Areas\MiniGame\Services\MiniGameService.cs(95,52): error CS1503: 引數 1: 無法從 'string' 轉換成 'int' [C:\Users\n2029\Desktop\GameSpace\GameSpace\GameSpace\GameSpace.csproj]
C:\Users\n2029\Desktop\GameSpace\GameSpace\GameSpace\Areas\MiniGame\Services\MiniGameService.cs(96,21): error CS0117: 'MiniGame' 未包含 'PetExpEarned' 的定義 [C:\Users\n2029\Desktop\GameSpace\GameSpace\GameSpace\GameSpace.csproj]
C:\Users\n2029\Desktop\GameSpace\GameSpace\GameSpace\Areas\MiniGame\Services\MiniGameService.cs(96,52): error CS1503: 引數 1: 無法從 'string' 轉換成 'int' [C:\Users\n2029\Desktop\GameSpace\GameSpace\GameSpace\GameSpace.csproj]
C:\Users\n2029\Desktop\GameSpace\GameSpace\GameSpace\Areas\MiniGame\Services\MiniGameService.cs(97,21): error CS0117: 'MiniGame' 未包含 'CouponEarned' 的定義 [C:\Users\n2029\Desktop\GameSpace\GameSpace\GameSpace\GameSpace.csproj]
C:\Users\n2029\Desktop\GameSpace\GameSpace\GameSpace\Areas\MiniGame\Services\MiniGameService.cs(97,52): error CS1503: 引數 1: 無法從 'string' 轉換成 'int' [C:\Users\n2029\Desktop\GameSpace\GameSpace\GameSpace\GameSpace.csproj]
C:\Users\n2029\Desktop\GameSpace\GameSpace\GameSpace\Areas\MiniGame\Services\MiniGameService.cs(97,93): error CS1503: 引數 1: 無法從 'string' 轉換成 'int' [C:\Users\n2029\Desktop\GameSpace\GameSpace\GameSpace\GameSpace.csproj]
C:\Users\n2029\Desktop\GameSpace\GameSpace\GameSpace\Areas\MiniGame\Services\MiniGameService.cs(98,21): error CS0117: 'MiniGame' 未包含 'SessionID' 的定義 [C:\Users\n2029\Desktop\GameSpace\GameSpace\GameSpace\GameSpace.csproj]
C:\Users\n2029\Desktop\GameSpace\GameSpace\GameSpace\Areas\MiniGame\Services\MiniGameService.cs(98,50): error CS1503: 引數 1: 無法從 'string' 轉換成 'int' [C:\Users\n2029\Desktop\GameSpace\GameSpace\GameSpace\GameSpace.csproj]
C:\Users\n2029\Desktop\GameSpace\GameSpace\GameSpace\Areas\MiniGame\Services\MiniGameService.cs(117,21): error CS0117: 'MiniGame' 未包含 'GameID' 的定義 [C:\Users\n2029\Desktop\GameSpace\GameSpace\GameSpace\GameSpace.csproj]
C:\Users\n2029\Desktop\GameSpace\GameSpace\GameSpace\Areas\MiniGame\Services\MiniGameService.cs(117,46): error CS1503: 引數 1: 無法從 'string' 轉換成 'int' [C:\Users\n2029\Desktop\GameSpace\GameSpace\GameSpace\GameSpace.csproj]
C:\Users\n2029\Desktop\GameSpace\GameSpace\GameSpace\Areas\MiniGame\Services\MiniGameService.cs(118,21): error CS0117: 'MiniGame' 未包含 'UserID' 的定義 [C:\Users\n2029\Desktop\GameSpace\GameSpace\GameSpace\GameSpace.csproj]
C:\Users\n2029\Desktop\GameSpace\GameSpace\GameSpace\Areas\MiniGame\Services\MiniGameService.cs(118,46): error CS1503: 引數 1: 無法從 'string' 轉換成 'int' [C:\Users\n2029\Desktop\GameSpace\GameSpace\GameSpace\GameSpace.csproj]
C:\Users\n2029\Desktop\GameSpace\GameSpace\GameSpace\Areas\MiniGame\Services\MiniGameService.cs(119,21): error CS0117: 'MiniGame' 未包含 'PetID' 的定義 [C:\Users\n2029\Desktop\GameSpace\GameSpace\GameSpace\GameSpace.csproj]
C:\Users\n2029\Desktop\GameSpace\GameSpace\GameSpace\Areas\MiniGame\Services\MiniGameService.cs(119,45): error CS1503: 引數 1: 無法從 'string' 轉換成 'int' [C:\Users\n2029\Desktop\GameSpace\GameSpace\GameSpace\GameSpace.csproj]
C:\Users\n2029\Desktop\GameSpace\GameSpace\GameSpace\Areas\MiniGame\Services\MiniGameService.cs(120,21): error CS0117: 'MiniGame' 未包含 'GameType' 的定義 [C:\Users\n2029\Desktop\GameSpace\GameSpace\GameSpace\GameSpace.csproj]
C:\Users\n2029\Desktop\GameSpace\GameSpace\GameSpace\Areas\MiniGame\Services\MiniGameService.cs(120,49): error CS1503: 引數 1: 無法從 'string' 轉換成 'int' [C:\Users\n2029\Desktop\GameSpace\GameSpace\GameSpace\GameSpace.csproj]
C:\Users\n2029\Desktop\GameSpace\GameSpace\GameSpace\Areas\MiniGame\Services\MiniGameService.cs(121,52): error CS1503: 引數 1: 無法從 'string' 轉換成 'int' [C:\Users\n2029\Desktop\GameSpace\GameSpace\GameSpace\GameSpace.csproj]
C:\Users\n2029\Desktop\GameSpace\GameSpace\GameSpace\Areas\MiniGame\Services\MiniGameService.cs(122,47): error CS1503: 引數 1: 無法從 'string' 轉換成 'int' [C:\Users\n2029\Desktop\GameSpace\GameSpace\GameSpace\GameSpace.csproj]
C:\Users\n2029\Desktop\GameSpace\GameSpace\GameSpace\Areas\MiniGame\Services\MiniGameService.cs(122,86): error CS1503: 引數 1: 無法從 'string' 轉換成 'int' [C:\Users\n2029\Desktop\GameSpace\GameSpace\GameSpace\GameSpace.csproj]
C:\Users\n2029\Desktop\GameSpace\GameSpace\GameSpace\Areas\MiniGame\Services\MiniGameService.cs(123,21): error CS0117: 'MiniGame' 未包含 'GameResult' 的定義 [C:\Users\n2029\Desktop\GameSpace\GameSpace\GameSpace\GameSpace.csproj]
C:\Users\n2029\Desktop\GameSpace\GameSpace\GameSpace\Areas\MiniGame\Services\MiniGameService.cs(123,50): error CS1503: 引數 1: 無法從 'string' 轉換成 'int' [C:\Users\n2029\Desktop\GameSpace\GameSpace\GameSpace\GameSpace.csproj]
C:\Users\n2029\Desktop\GameSpace\GameSpace\GameSpace\Areas\MiniGame\Services\MiniGameService.cs(123,90): error CS1503: 引數 1: 無法從 'string' 轉換成 'int' [C:\Users\n2029\Desktop\GameSpace\GameSpace\GameSpace\GameSpace.csproj]
C:\Users\n2029\Desktop\GameSpace\GameSpace\GameSpace\Areas\MiniGame\Services\MiniGameService.cs(124,21): error CS0117: 'MiniGame' 未包含 'PointsEarned' 的定義 [C:\Users\n2029\Desktop\GameSpace\GameSpace\GameSpace\GameSpace.csproj]
C:\Users\n2029\Desktop\GameSpace\GameSpace\GameSpace\Areas\MiniGame\Services\MiniGameService.cs(124,52): error CS1503: 引數 1: 無法從 'string' 轉換成 'int' [C:\Users\n2029\Desktop\GameSpace\GameSpace\GameSpace\GameSpace.csproj]
C:\Users\n2029\Desktop\GameSpace\GameSpace\GameSpace\Areas\MiniGame\Services\MiniGameService.cs(125,21): error CS0117: 'MiniGame' 未包含 'PetExpEarned' 的定義 [C:\Users\n2029\Desktop\GameSpace\GameSpace\GameSpace\GameSpace.csproj]
C:\Users\n2029\Desktop\GameSpace\GameSpace\GameSpace\Areas\MiniGame\Services\MiniGameService.cs(125,52): error CS1503: 引數 1: 無法從 'string' 轉換成 'int' [C:\Users\n2029\Desktop\GameSpace\GameSpace\GameSpace\GameSpace.csproj]
C:\Users\n2029\Desktop\GameSpace\GameSpace\GameSpace\Areas\MiniGame\Services\MiniGameService.cs(126,21): error CS0117: 'MiniGame' 未包含 'CouponEarned' 的定義 [C:\Users\n2029\Desktop\GameSpace\GameSpace\GameSpace\GameSpace.csproj]
C:\Users\n2029\Desktop\GameSpace\GameSpace\GameSpace\Areas\MiniGame\Services\MiniGameService.cs(126,52): error CS1503: 引數 1: 無法從 'string' 轉換成 'int' [C:\Users\n2029\Desktop\GameSpace\GameSpace\GameSpace\GameSpace.csproj]
C:\Users\n2029\Desktop\GameSpace\GameSpace\GameSpace\Areas\MiniGame\Services\MiniGameService.cs(126,93): error CS1503: 引數 1: 無法從 'string' 轉換成 'int' [C:\Users\n2029\Desktop\GameSpace\GameSpace\GameSpace\GameSpace.csproj]
C:\Users\n2029\Desktop\GameSpace\GameSpace\GameSpace\Areas\MiniGame\Services\MiniGameService.cs(127,21): error CS0117: 'MiniGame' 未包含 'SessionID' 的定義 [C:\Users\n2029\Desktop\GameSpace\GameSpace\GameSpace\GameSpace.csproj]
C:\Users\n2029\Desktop\GameSpace\GameSpace\GameSpace\Areas\MiniGame\Services\MiniGameService.cs(127,50): error CS1503: 引數 1: 無法從 'string' 轉換成 'int' [C:\Users\n2029\Desktop\GameSpace\GameSpace\GameSpace\GameSpace.csproj]
C:\Users\n2029\Desktop\GameSpace\GameSpace\GameSpace\Areas\MiniGame\Services\MiniGameService.cs(142,65): error CS1061: 'MiniGame' 未包含 'UserID' 的定義，也找不到可接受類型 'MiniGame' 第一個引數的可存取擴充方法 'UserID' (是否遺漏 using 指示詞或組件參考?) [C:\Users\n2029\Desktop\GameSpace\GameSpace\GameSpace\GameSpace.csproj]
C:\Users\n2029\Desktop\GameSpace\GameSpace\GameSpace\Areas\MiniGame\Services\MiniGameService.cs(143,64): error CS1061: 'MiniGame' 未包含 'PetID' 的定義，也找不到可接受類型 'MiniGame' 第一個引數的可存取擴充方法 'PetID' (是否遺漏 using 指示詞或組件參考?) [C:\Users\n2029\Desktop\GameSpace\GameSpace\GameSpace\GameSpace.csproj]
C:\Users\n2029\Desktop\GameSpace\GameSpace\GameSpace\Areas\MiniGame\Services\MiniGameService.cs(144,67): error CS1061: 'MiniGame' 未包含 'GameType' 的定義，也找不到可接受類型 'MiniGame' 第一個引數的可存取擴充方法 'GameType' (是否遺漏 using 指示詞或組件參考?) [C:\Users\n2029\Desktop\GameSpace\GameSpace\GameSpace\GameSpace.csproj]
C:\Users\n2029\Desktop\GameSpace\GameSpace\GameSpace\Areas\MiniGame\Services\MiniGameService.cs(147,78): error CS1061: 'MiniGame' 未包含 'GameResult' 的定義，也找不到可接受類型 'MiniGame' 第一個引數的可存取擴充方法 'GameResult' (是否遺漏 using 指示詞或組件參考?) [C:\Users\n2029\Desktop\GameSpace\GameSpace\GameSpace\GameSpace.csproj]
C:\Users\n2029\Desktop\GameSpace\GameSpace\GameSpace\Areas\MiniGame\Services\MiniGameService.cs(148,71): error CS1061: 'MiniGame' 未包含 'PointsEarned' 的定義，也找不到可接受類型 'MiniGame' 第一個引數的可存取擴充方法 'PointsEarned' (是否遺漏 using 指示詞或組件參考?) [C:\Users\n2029\Desktop\GameSpace\GameSpace\GameSpace\GameSpace.csproj]
C:\Users\n2029\Desktop\GameSpace\GameSpace\GameSpace\Areas\MiniGame\Services\MiniGameService.cs(149,71): error CS1061: 'MiniGame' 未包含 'PetExpEarned' 的定義，也找不到可接受類型 'MiniGame' 第一個引數的可存取擴充方法 'PetExpEarned' (是否遺漏 using 指示詞或組件參考?) [C:\Users\n2029\Desktop\GameSpace\GameSpace\GameSpace\GameSpace.csproj]
C:\Users\n2029\Desktop\GameSpace\GameSpace\GameSpace\Areas\MiniGame\Services\MiniGameService.cs(150,80): error CS1061: 'MiniGame' 未包含 'CouponEarned' 的定義，也找不到可接受類型 'MiniGame' 第一個引數的可存取擴充方法 'CouponEarned' (是否遺漏 using 指示詞或組件參考?) [C:\Users\n2029\Desktop\GameSpace\GameSpace\GameSpace\GameSpace.csproj]
C:\Users\n2029\Desktop\GameSpace\GameSpace\GameSpace\Areas\MiniGame\Services\MiniGameService.cs(151,68): error CS1061: 'MiniGame' 未包含 'SessionID' 的定義，也找不到可接受類型 'MiniGame' 第一個引數的可存取擴充方法 'SessionID' (是否遺漏 using 指示詞或組件參考?) [C:\Users\n2029\Desktop\GameSpace\GameSpace\GameSpace\GameSpace.csproj]
C:\Users\n2029\Desktop\GameSpace\GameSpace\GameSpace\Areas\MiniGame\Services\MiniGameService.cs(176,65): error CS1061: 'MiniGame' 未包含 'GameID' 的定義，也找不到可接受類型 'MiniGame' 第一個引數的可存取擴充方法 'GameID' (是否遺漏 using 指示詞或組件參考?) [C:\Users\n2029\Desktop\GameSpace\GameSpace\GameSpace\GameSpace.csproj]
C:\Users\n2029\Desktop\GameSpace\GameSpace\GameSpace\Areas\MiniGame\Services\MiniGameService.cs(177,65): error CS1061: 'MiniGame' 未包含 'UserID' 的定義，也找不到可接受類型 'MiniGame' 第一個引數的可存取擴充方法 'UserID' (是否遺漏 using 指示詞或組件參考?) [C:\Users\n2029\Desktop\GameSpace\GameSpace\GameSpace\GameSpace.csproj]
C:\Users\n2029\Desktop\GameSpace\GameSpace\GameSpace\Areas\MiniGame\Services\MiniGameService.cs(178,64): error CS1061: 'MiniGame' 未包含 'PetID' 的定義，也找不到可接受類型 'MiniGame' 第一個引數的可存取擴充方法 'PetID' (是否遺漏 using 指示詞或組件參考?) [C:\Users\n2029\Desktop\GameSpace\GameSpace\GameSpace\GameSpace.csproj]
C:\Users\n2029\Desktop\GameSpace\GameSpace\GameSpace\Areas\MiniGame\Services\MiniGameService.cs(179,67): error CS1061: 'MiniGame' 未包含 'GameType' 的定義，也找不到可接受類型 'MiniGame' 第一個引數的可存取擴充方法 'GameType' (是否遺漏 using 指示詞或組件參考?) [C:\Users\n2029\Desktop\GameSpace\GameSpace\GameSpace\GameSpace.csproj]
C:\Users\n2029\Desktop\GameSpace\GameSpace\GameSpace\Areas\MiniGame\Services\MiniGameService.cs(182,78): error CS1061: 'MiniGame' 未包含 'GameResult' 的定義，也找不到可接受類型 'MiniGame' 第一個引數的可存取擴充方法 'GameResult' (是否遺漏 using 指示詞或組件參考?) [C:\Users\n2029\Desktop\GameSpace\GameSpace\GameSpace\GameSpace.csproj]
C:\Users\n2029\Desktop\GameSpace\GameSpace\GameSpace\Areas\MiniGame\Services\MiniGameService.cs(183,71): error CS1061: 'MiniGame' 未包含 'PointsEarned' 的定義，也找不到可接受類型 'MiniGame' 第一個引數的可存取擴充方法 'PointsEarned' (是否遺漏 using 指示詞或組件參考?) [C:\Users\n2029\Desktop\GameSpace\GameSpace\GameSpace\GameSpace.csproj]
C:\Users\n2029\Desktop\GameSpace\GameSpace\GameSpace\Areas\MiniGame\Services\MiniGameService.cs(184,71): error CS1061: 'MiniGame' 未包含 'PetExpEarned' 的定義，也找不到可接受類型 'MiniGame' 第一個引數的可存取擴充方法 'PetExpEarned' (是否遺漏 using 指示詞或組件參考?) [C:\Users\n2029\Desktop\GameSpace\GameSpace\GameSpace\GameSpace.csproj]
C:\Users\n2029\Desktop\GameSpace\GameSpace\GameSpace\Areas\MiniGame\Services\MiniGameService.cs(185,80): error CS1061: 'MiniGame' 未包含 'CouponEarned' 的定義，也找不到可接受類型 'MiniGame' 第一個引數的可存取擴充方法 'CouponEarned' (是否遺漏 using 指示詞或組件參考?) [C:\Users\n2029\Desktop\GameSpace\GameSpace\GameSpace\GameSpace.csproj]
C:\Users\n2029\Desktop\GameSpace\GameSpace\GameSpace\Areas\MiniGame\Services\MiniGameService.cs(186,68): error CS1061: 'MiniGame' 未包含 'SessionID' 的定義，也找不到可接受類型 'MiniGame' 第一個引數的可存取擴充方法 'SessionID' (是否遺漏 using 指示詞或組件參考?) [C:\Users\n2029\Desktop\GameSpace\GameSpace\GameSpace\GameSpace.csproj]
C:\Users\n2029\Desktop\GameSpace\GameSpace\GameSpace\Areas\MiniGame\Services\MiniGameService.cs(209,17): error CS0117: 'MiniGame' 未包含 'UserID' 的定義 [C:\Users\n2029\Desktop\GameSpace\GameSpace\GameSpace\GameSpace.csproj]
C:\Users\n2029\Desktop\GameSpace\GameSpace\GameSpace\Areas\MiniGame\Services\MiniGameService.cs(210,17): error CS0117: 'MiniGame' 未包含 'PetID' 的定義 [C:\Users\n2029\Desktop\GameSpace\GameSpace\GameSpace\GameSpace.csproj]
C:\Users\n2029\Desktop\GameSpace\GameSpace\GameSpace\Areas\MiniGame\Services\MiniGameService.cs(211,17): error CS0117: 'MiniGame' 未包含 'GameType' 的定義 [C:\Users\n2029\Desktop\GameSpace\GameSpace\GameSpace\GameSpace.csproj]
C:\Users\n2029\Desktop\GameSpace\GameSpace\GameSpace\Areas\MiniGame\Services\MiniGameService.cs(213,17): error CS0117: 'MiniGame' 未包含 'SessionID' 的定義 [C:\Users\n2029\Desktop\GameSpace\GameSpace\GameSpace\GameSpace.csproj]
C:\Users\n2029\Desktop\GameSpace\GameSpace\GameSpace\Areas\MiniGame\Views\AdminEVoucher\Create.cshtml(73,53): error CS1061: 'AdminEVoucherCreateViewModel' 未包含 'AcquiredTime' 的定義，也找不到可接受類型 'AdminEVoucherCreateViewModel' 第一個引數的可存取擴充方法 'AcquiredTime' (是否遺漏 using 指示詞或組件參考?) [C:\Users\n2029\Desktop\GameSpace\GameSpace\GameSpace\GameSpace.csproj]
C:\Users\n2029\Desktop\GameSpace\GameSpace\GameSpace\Areas\MiniGame\Views\AdminEVoucher\Create.cshtml(74,53): error CS1061: 'AdminEVoucherCreateViewModel' 未包含 'AcquiredTime' 的定義，也找不到可接受類型 'AdminEVoucherCreateViewModel' 第一個引數的可存取擴充方法 'AcquiredTime' (是否遺漏 using 指示詞或組件參考?) [C:\Users\n2029\Desktop\GameSpace\GameSpace\GameSpace\GameSpace.csproj]
C:\Users\n2029\Desktop\GameSpace\GameSpace\GameSpace\Areas\MiniGame\Views\AdminEVoucher\Create.cshtml(75,63): error CS1061: 'AdminEVoucherCreateViewModel' 未包含 'AcquiredTime' 的定義，也找不到可接受類型 'AdminEVoucherCreateViewModel' 第一個引數的可存取擴充方法 'AcquiredTime' (是否遺漏 using 指示詞或組件參考?) [C:\Users\n2029\Desktop\GameSpace\GameSpace\GameSpace\GameSpace.csproj]
C:\Users\n2029\Desktop\GameSpace\GameSpace\GameSpace\Areas\MiniGame\Views\AdminEVoucher\Create.cshtml(81,53): error CS1061: 'AdminEVoucherCreateViewModel' 未包含 'UsedTime' 的定義，也找不到可接受類型 'AdminEVoucherCreateViewModel' 第一個引數的可存取擴充方法 'UsedTime' (是否遺漏 using 指示詞或組件參考?) [C:\Users\n2029\Desktop\GameSpace\GameSpace\GameSpace\GameSpace.csproj]
C:\Users\n2029\Desktop\GameSpace\GameSpace\GameSpace\Areas\MiniGame\Views\AdminEVoucher\Create.cshtml(82,53): error CS1061: 'AdminEVoucherCreateViewModel' 未包含 'UsedTime' 的定義，也找不到可接受類型 'AdminEVoucherCreateViewModel' 第一個引數的可存取擴充方法 'UsedTime' (是否遺漏 using 指示詞或組件參考?) [C:\Users\n2029\Desktop\GameSpace\GameSpace\GameSpace\GameSpace.csproj]
C:\Users\n2029\Desktop\GameSpace\GameSpace\GameSpace\Areas\MiniGame\Views\AdminEVoucher\Create.cshtml(83,63): error CS1061: 'AdminEVoucherCreateViewModel' 未包含 'UsedTime' 的定義，也找不到可接受類型 'AdminEVoucherCreateViewModel' 第一個引數的可存取擴充方法 'UsedTime' (是否遺漏 using 指示詞或組件參考?) [C:\Users\n2029\Desktop\GameSpace\GameSpace\GameSpace\GameSpace.csproj]
C:\Users\n2029\Desktop\GameSpace\GameSpace\GameSpace\Areas\MiniGame\Views\AdminEVoucher\Create.cshtml(91,49): error CS1061: 'AdminEVoucherCreateViewModel' 未包含 'IsUsed' 的定義，也找不到可接受類型 'AdminEVoucherCreateViewModel' 第一個引數的可存取擴充方法 'IsUsed' (是否遺漏 using 指示詞或組件參考?) [C:\Users\n2029\Desktop\GameSpace\GameSpace\GameSpace\GameSpace.csproj]
C:\Users\n2029\Desktop\GameSpace\GameSpace\GameSpace\Areas\MiniGame\Views\AdminEVoucher\Create.cshtml(170,66): error CS0246: 找不到類型或命名空間名稱 'EVoucherType' (是否遺漏了 using 指示詞或組件參考?) [C:\Users\n2029\Desktop\GameSpace\GameSpace\GameSpace\GameSpace.csproj]
C:\Users\n2029\Desktop\GameSpace\GameSpace\GameSpace\Areas\MemberManagement\Views\ManagerData\Index.cshtml(14,26): warning CS8600: 正在將 Null 常值或可能的 Null 值轉換為不可為 Null 的型別。 [C:\Users\n2029\Desktop\GameSpace\GameSpace\GameSpace\GameSpace.csproj]
C:\Users\n2029\Desktop\GameSpace\GameSpace\GameSpace\Areas\MemberManagement\Views\ManagerData\Index.cshtml(72,15): warning CS8604: 'bool Enumerable.Any<ManagerDatumVM>(IEnumerable<ManagerDatumVM> source)' 中的參數 'source' 可能有 Null 參考引數。 [C:\Users\n2029\Desktop\GameSpace\GameSpace\GameSpace\GameSpace.csproj]
C:\Users\n2029\Desktop\GameSpace\GameSpace\GameSpace\Areas\MiniGame\Views\AdminCoupon\Create.cshtml(29,45): error CS1061: 'AdminCouponCreateViewModel' 未包含 'CouponName' 的定義，也找不到可接受類型 'AdminCouponCreateViewModel' 第一個引數的可存取擴充方法 'CouponName' (是否遺漏 using 指示詞或組件參考?) [C:\Users\n2029\Desktop\GameSpace\GameSpace\GameSpace\GameSpace.csproj]
C:\Users\n2029\Desktop\GameSpace\GameSpace\GameSpace\Areas\MiniGame\Views\AdminCoupon\Create.cshtml(30,45): error CS1061: 'AdminCouponCreateViewModel' 未包含 'CouponName' 的定義，也找不到可接受類型 'AdminCouponCreateViewModel' 第一個引數的可存取擴充方法 'CouponName' (是否遺漏 using 指示詞或組件參考?) [C:\Users\n2029\Desktop\GameSpace\GameSpace\GameSpace\GameSpace.csproj]
C:\Users\n2029\Desktop\GameSpace\GameSpace\GameSpace\Areas\MiniGame\Views\AdminCoupon\Create.cshtml(31,55): error CS1061: 'AdminCouponCreateViewModel' 未包含 'CouponName' 的定義，也找不到可接受類型 'AdminCouponCreateViewModel' 第一個引數的可存取擴充方法 'CouponName' (是否遺漏 using 指示詞或組件參考?) [C:\Users\n2029\Desktop\GameSpace\GameSpace\GameSpace\GameSpace.csproj]
C:\Users\n2029\Desktop\GameSpace\GameSpace\GameSpace\Areas\MiniGame\Views\AdminCoupon\Create.cshtml(44,53): error CS1061: 'AdminCouponCreateViewModel' 未包含 'DiscountType' 的定義，也找不到可接受類型 'AdminCouponCreateViewModel' 第一個引數的可存取擴充方法 'DiscountType' (是否遺漏 using 指示詞或組件參考?) [C:\Users\n2029\Desktop\GameSpace\GameSpace\GameSpace\GameSpace.csproj]
C:\Users\n2029\Desktop\GameSpace\GameSpace\GameSpace\Areas\MiniGame\Views\AdminCoupon\Create.cshtml(45,54): error CS1061: 'AdminCouponCreateViewModel' 未包含 'DiscountType' 的定義，也找不到可接受類型 'AdminCouponCreateViewModel' 第一個引數的可存取擴充方法 'DiscountType' (是否遺漏 using 指示詞或組件參考?) [C:\Users\n2029\Desktop\GameSpace\GameSpace\GameSpace\GameSpace.csproj]
C:\Users\n2029\Desktop\GameSpace\GameSpace\GameSpace\Areas\MiniGame\Views\AdminCoupon\Create.cshtml(50,63): error CS1061: 'AdminCouponCreateViewModel' 未包含 'DiscountType' 的定義，也找不到可接受類型 'AdminCouponCreateViewModel' 第一個引數的可存取擴充方法 'DiscountType' (是否遺漏 using 指示詞或組件參考?) [C:\Users\n2029\Desktop\GameSpace\GameSpace\GameSpace\GameSpace.csproj]
C:\Users\n2029\Desktop\GameSpace\GameSpace\GameSpace\Areas\MiniGame\Views\AdminCoupon\Create.cshtml(55,53): error CS1061: 'AdminCouponCreateViewModel' 未包含 'DiscountValue' 的定義，也找不到可接受類型 'AdminCouponCreateViewModel' 第一個引數的可存取擴充方法 'DiscountValue' (是否遺漏 using 指示詞或組件參考?) [C:\Users\n2029\Desktop\GameSpace\GameSpace\GameSpace\GameSpace.csproj]
C:\Users\n2029\Desktop\GameSpace\GameSpace\GameSpace\Areas\MiniGame\Views\AdminCoupon\Create.cshtml(56,53): error CS1061: 'AdminCouponCreateViewModel' 未包含 'DiscountValue' 的定義，也找不到可接受類型 'AdminCouponCreateViewModel' 第一個引數的可存取擴充方法 'DiscountValue' (是否遺漏 using 指示詞或組件參考?) [C:\Users\n2029\Desktop\GameSpace\GameSpace\GameSpace\GameSpace.csproj]
C:\Users\n2029\Desktop\GameSpace\GameSpace\GameSpace\Areas\MiniGame\Views\AdminCoupon\Create.cshtml(57,63): error CS1061: 'AdminCouponCreateViewModel' 未包含 'DiscountValue' 的定義，也找不到可接受類型 'AdminCouponCreateViewModel' 第一個引數的可存取擴充方法 'DiscountValue' (是否遺漏 using 指示詞或組件參考?) [C:\Users\n2029\Desktop\GameSpace\GameSpace\GameSpace\GameSpace.csproj]
C:\Users\n2029\Desktop\GameSpace\GameSpace\GameSpace\Areas\MiniGame\Views\AdminCoupon\Create.cshtml(66,53): error CS1061: 'AdminCouponCreateViewModel' 未包含 'MinOrderAmount' 的定義，也找不到可接受類型 'AdminCouponCreateViewModel' 第一個引數的可存取擴充方法 'MinOrderAmount' (是否遺漏 using 指示詞或組件參考?) [C:\Users\n2029\Desktop\GameSpace\GameSpace\GameSpace\GameSpace.csproj]
C:\Users\n2029\Desktop\GameSpace\GameSpace\GameSpace\Areas\MiniGame\Views\AdminCoupon\Create.cshtml(67,53): error CS1061: 'AdminCouponCreateViewModel' 未包含 'MinOrderAmount' 的定義，也找不到可接受類型 'AdminCouponCreateViewModel' 第一個引數的可存取擴充方法 'MinOrderAmount' (是否遺漏 using 指示詞或組件參考?) [C:\Users\n2029\Desktop\GameSpace\GameSpace\GameSpace\GameSpace.csproj]
C:\Users\n2029\Desktop\GameSpace\GameSpace\GameSpace\Areas\MiniGame\Views\AdminCoupon\Create.cshtml(68,63): error CS1061: 'AdminCouponCreateViewModel' 未包含 'MinOrderAmount' 的定義，也找不到可接受類型 'AdminCouponCreateViewModel' 第一個引數的可存取擴充方法 'MinOrderAmount' (是否遺漏 using 指示詞或組件參考?) [C:\Users\n2029\Desktop\GameSpace\GameSpace\GameSpace\GameSpace.csproj]
C:\Users\n2029\Desktop\GameSpace\GameSpace\GameSpace\Areas\MiniGame\Views\AdminCoupon\Create.cshtml(73,53): error CS1061: 'AdminCouponCreateViewModel' 未包含 'MaxDiscountAmount' 的定義，也找不到可接受類型 'AdminCouponCreateViewModel' 第一個引數的可存取擴充方法 'MaxDiscountAmount' (是否遺漏 using 指示詞或組件參考?) [C:\Users\n2029\Desktop\GameSpace\GameSpace\GameSpace\GameSpace.csproj]
C:\Users\n2029\Desktop\GameSpace\GameSpace\GameSpace\Areas\MiniGame\Views\AdminCoupon\Create.cshtml(74,53): error CS1061: 'AdminCouponCreateViewModel' 未包含 'MaxDiscountAmount' 的定義，也找不到可接受類型 'AdminCouponCreateViewModel' 第一個引數的可存取擴充方法 'MaxDiscountAmount' (是否遺漏 using 指示詞或組件參考?) [C:\Users\n2029\Desktop\GameSpace\GameSpace\GameSpace\GameSpace.csproj]
C:\Users\n2029\Desktop\GameSpace\GameSpace\GameSpace\Areas\MiniGame\Views\AdminCoupon\Create.cshtml(75,63): error CS1061: 'AdminCouponCreateViewModel' 未包含 'MaxDiscountAmount' 的定義，也找不到可接受類型 'AdminCouponCreateViewModel' 第一個引數的可存取擴充方法 'MaxDiscountAmount' (是否遺漏 using 指示詞或組件參考?) [C:\Users\n2029\Desktop\GameSpace\GameSpace\GameSpace\GameSpace.csproj]
C:\Users\n2029\Desktop\GameSpace\GameSpace\GameSpace\Areas\MiniGame\Views\AdminCoupon\Create.cshtml(83,53): error CS1061: 'AdminCouponCreateViewModel' 未包含 'StartDate' 的定義，也找不到可接受類型 'AdminCouponCreateViewModel' 第一個引數的可存取擴充方法 'StartDate' (是否遺漏 using 指示詞或組件參考?) [C:\Users\n2029\Desktop\GameSpace\GameSpace\GameSpace\GameSpace.csproj]
C:\Users\n2029\Desktop\GameSpace\GameSpace\GameSpace\Areas\MiniGame\Views\AdminCoupon\Create.cshtml(84,53): error CS1061: 'AdminCouponCreateViewModel' 未包含 'StartDate' 的定義，也找不到可接受類型 'AdminCouponCreateViewModel' 第一個引數的可存取擴充方法 'StartDate' (是否遺漏 using 指示詞或組件參考?) [C:\Users\n2029\Desktop\GameSpace\GameSpace\GameSpace\GameSpace.csproj]
C:\Users\n2029\Desktop\GameSpace\GameSpace\GameSpace\Areas\MiniGame\Views\AdminCoupon\Create.cshtml(85,63): error CS1061: 'AdminCouponCreateViewModel' 未包含 'StartDate' 的定義，也找不到可接受類型 'AdminCouponCreateViewModel' 第一個引數的可存取擴充方法 'StartDate' (是否遺漏 using 指示詞或組件參考?) [C:\Users\n2029\Desktop\GameSpace\GameSpace\GameSpace\GameSpace.csproj]
C:\Users\n2029\Desktop\GameSpace\GameSpace\GameSpace\Areas\MiniGame\Views\AdminCoupon\Create.cshtml(90,53): error CS1061: 'AdminCouponCreateViewModel' 未包含 'EndDate' 的定義，也找不到可接受類型 'AdminCouponCreateViewModel' 第一個引數的可存取擴充方法 'EndDate' (是否遺漏 using 指示詞或組件參考?) [C:\Users\n2029\Desktop\GameSpace\GameSpace\GameSpace\GameSpace.csproj]
C:\Users\n2029\Desktop\GameSpace\GameSpace\GameSpace\Areas\MiniGame\Views\AdminCoupon\Create.cshtml(91,53): error CS1061: 'AdminCouponCreateViewModel' 未包含 'EndDate' 的定義，也找不到可接受類型 'AdminCouponCreateViewModel' 第一個引數的可存取擴充方法 'EndDate' (是否遺漏 using 指示詞或組件參考?) [C:\Users\n2029\Desktop\GameSpace\GameSpace\GameSpace\GameSpace.csproj]
C:\Users\n2029\Desktop\GameSpace\GameSpace\GameSpace\Areas\MiniGame\Views\AdminCoupon\Create.cshtml(92,63): error CS1061: 'AdminCouponCreateViewModel' 未包含 'EndDate' 的定義，也找不到可接受類型 'AdminCouponCreateViewModel' 第一個引數的可存取擴充方法 'EndDate' (是否遺漏 using 指示詞或組件參考?) [C:\Users\n2029\Desktop\GameSpace\GameSpace\GameSpace\GameSpace.csproj]
C:\Users\n2029\Desktop\GameSpace\GameSpace\GameSpace\Areas\MiniGame\Views\AdminCoupon\Create.cshtml(100,53): error CS1061: 'AdminCouponCreateViewModel' 未包含 'UsageLimit' 的定義，也找不到可接受類型 'AdminCouponCreateViewModel' 第一個引數的可存取擴充方法 'UsageLimit' (是否遺漏 using 指示詞或組件參考?) [C:\Users\n2029\Desktop\GameSpace\GameSpace\GameSpace\GameSpace.csproj]
C:\Users\n2029\Desktop\GameSpace\GameSpace\GameSpace\Areas\MiniGame\Views\AdminCoupon\Create.cshtml(101,53): error CS1061: 'AdminCouponCreateViewModel' 未包含 'UsageLimit' 的定義，也找不到可接受類型 'AdminCouponCreateViewModel' 第一個引數的可存取擴充方法 'UsageLimit' (是否遺漏 using 指示詞或組件參考?) [C:\Users\n2029\Desktop\GameSpace\GameSpace\GameSpace\GameSpace.csproj]
C:\Users\n2029\Desktop\GameSpace\GameSpace\GameSpace\Areas\MiniGame\Views\AdminCoupon\Create.cshtml(102,63): error CS1061: 'AdminCouponCreateViewModel' 未包含 'UsageLimit' 的定義，也找不到可接受類型 'AdminCouponCreateViewModel' 第一個引數的可存取擴充方法 'UsageLimit' (是否遺漏 using 指示詞或組件參考?) [C:\Users\n2029\Desktop\GameSpace\GameSpace\GameSpace\GameSpace.csproj]
C:\Users\n2029\Desktop\GameSpace\GameSpace\GameSpace\Areas\MiniGame\Views\AdminCoupon\Create.cshtml(107,53): error CS1061: 'AdminCouponCreateViewModel' 未包含 'IsActive' 的定義，也找不到可接受類型 'AdminCouponCreateViewModel' 第一個引數的可存取擴充方法 'IsActive' (是否遺漏 using 指示詞或組件參考?) [C:\Users\n2029\Desktop\GameSpace\GameSpace\GameSpace\GameSpace.csproj]
C:\Users\n2029\Desktop\GameSpace\GameSpace\GameSpace\Areas\MiniGame\Views\AdminCoupon\Create.cshtml(109,57): error CS1061: 'AdminCouponCreateViewModel' 未包含 'IsActive' 的定義，也找不到可接受類型 'AdminCouponCreateViewModel' 第一個引數的可存取擴充方法 'IsActive' (是否遺漏 using 指示詞或組件參考?) [C:\Users\n2029\Desktop\GameSpace\GameSpace\GameSpace\GameSpace.csproj]
C:\Users\n2029\Desktop\GameSpace\GameSpace\GameSpace\Areas\MiniGame\Views\AdminCoupon\Create.cshtml(119,45): error CS1061: 'AdminCouponCreateViewModel' 未包含 'Description' 的定義，也找不到可接受類型 'AdminCouponCreateViewModel' 第一個引數的可存取擴充方法 'Description' (是否遺漏 using 指示詞或組件參考?) [C:\Users\n2029\Desktop\GameSpace\GameSpace\GameSpace\GameSpace.csproj]
C:\Users\n2029\Desktop\GameSpace\GameSpace\GameSpace\Areas\MiniGame\Views\AdminCoupon\Create.cshtml(120,48): error CS1061: 'AdminCouponCreateViewModel' 未包含 'Description' 的定義，也找不到可接受類型 'AdminCouponCreateViewModel' 第一個引數的可存取擴充方法 'Description' (是否遺漏 using 指示詞或組件參考?) [C:\Users\n2029\Desktop\GameSpace\GameSpace\GameSpace\GameSpace.csproj]
C:\Users\n2029\Desktop\GameSpace\GameSpace\GameSpace\Areas\MiniGame\Views\AdminCoupon\Create.cshtml(121,55): error CS1061: 'AdminCouponCreateViewModel' 未包含 'Description' 的定義，也找不到可接受類型 'AdminCouponCreateViewModel' 第一個引數的可存取擴充方法 'Description' (是否遺漏 using 指示詞或組件參考?) [C:\Users\n2029\Desktop\GameSpace\GameSpace\GameSpace\GameSpace.csproj]
C:\Users\n2029\Desktop\GameSpace\GameSpace\GameSpace\Areas\MiniGame\Services\MiniGameService.cs(278,21): error CS0117: 'MiniGame' 未包含 'GameID' 的定義 [C:\Users\n2029\Desktop\GameSpace\GameSpace\GameSpace\GameSpace.csproj]
C:\Users\n2029\Desktop\GameSpace\GameSpace\GameSpace\Areas\MiniGame\Services\MiniGameService.cs(278,46): error CS1503: 引數 1: 無法從 'string' 轉換成 'int' [C:\Users\n2029\Desktop\GameSpace\GameSpace\GameSpace\GameSpace.csproj]
C:\Users\n2029\Desktop\GameSpace\GameSpace\GameSpace\Areas\MiniGame\Services\MiniGameService.cs(279,21): error CS0117: 'MiniGame' 未包含 'UserID' 的定義 [C:\Users\n2029\Desktop\GameSpace\GameSpace\GameSpace\GameSpace.csproj]
C:\Users\n2029\Desktop\GameSpace\GameSpace\GameSpace\Areas\MiniGame\Services\MiniGameService.cs(279,46): error CS1503: 引數 1: 無法從 'string' 轉換成 'int' [C:\Users\n2029\Desktop\GameSpace\GameSpace\GameSpace\GameSpace.csproj]
C:\Users\n2029\Desktop\GameSpace\GameSpace\GameSpace\Areas\MiniGame\Services\MiniGameService.cs(280,21): error CS0117: 'MiniGame' 未包含 'PetID' 的定義 [C:\Users\n2029\Desktop\GameSpace\GameSpace\GameSpace\GameSpace.csproj]
C:\Users\n2029\Desktop\GameSpace\GameSpace\GameSpace\Areas\MiniGame\Services\MiniGameService.cs(280,45): error CS1503: 引數 1: 無法從 'string' 轉換成 'int' [C:\Users\n2029\Desktop\GameSpace\GameSpace\GameSpace\GameSpace.csproj]
C:\Users\n2029\Desktop\GameSpace\GameSpace\GameSpace\Areas\MiniGame\Services\MiniGameService.cs(281,21): error CS0117: 'MiniGame' 未包含 'GameType' 的定義 [C:\Users\n2029\Desktop\GameSpace\GameSpace\GameSpace\GameSpace.csproj]
C:\Users\n2029\Desktop\GameSpace\GameSpace\GameSpace\Areas\MiniGame\Services\MiniGameService.cs(281,49): error CS1503: 引數 1: 無法從 'string' 轉換成 'int' [C:\Users\n2029\Desktop\GameSpace\GameSpace\GameSpace\GameSpace.csproj]
C:\Users\n2029\Desktop\GameSpace\GameSpace\GameSpace\Areas\MiniGame\Services\MiniGameService.cs(282,52): error CS1503: 引數 1: 無法從 'string' 轉換成 'int' [C:\Users\n2029\Desktop\GameSpace\GameSpace\GameSpace\GameSpace.csproj]
C:\Users\n2029\Desktop\GameSpace\GameSpace\GameSpace\Areas\MiniGame\Services\MiniGameService.cs(283,47): error CS1503: 引數 1: 無法從 'string' 轉換成 'int' [C:\Users\n2029\Desktop\GameSpace\GameSpace\GameSpace\GameSpace.csproj]
C:\Users\n2029\Desktop\GameSpace\GameSpace\GameSpace\Areas\MiniGame\Services\MiniGameService.cs(283,86): error CS1503: 引數 1: 無法從 'string' 轉換成 'int' [C:\Users\n2029\Desktop\GameSpace\GameSpace\GameSpace\GameSpace.csproj]
C:\Users\n2029\Desktop\GameSpace\GameSpace\GameSpace\Areas\MiniGame\Services\MiniGameService.cs(284,21): error CS0117: 'MiniGame' 未包含 'GameResult' 的定義 [C:\Users\n2029\Desktop\GameSpace\GameSpace\GameSpace\GameSpace.csproj]
C:\Users\n2029\Desktop\GameSpace\GameSpace\GameSpace\Areas\MiniGame\Services\MiniGameService.cs(284,50): error CS1503: 引數 1: 無法從 'string' 轉換成 'int' [C:\Users\n2029\Desktop\GameSpace\GameSpace\GameSpace\GameSpace.csproj]
C:\Users\n2029\Desktop\GameSpace\GameSpace\GameSpace\Areas\MiniGame\Services\MiniGameService.cs(284,90): error CS1503: 引數 1: 無法從 'string' 轉換成 'int' [C:\Users\n2029\Desktop\GameSpace\GameSpace\GameSpace\GameSpace.csproj]
C:\Users\n2029\Desktop\GameSpace\GameSpace\GameSpace\Areas\MiniGame\Services\MiniGameService.cs(285,21): error CS0117: 'MiniGame' 未包含 'PointsEarned' 的定義 [C:\Users\n2029\Desktop\GameSpace\GameSpace\GameSpace\GameSpace.csproj]
C:\Users\n2029\Desktop\GameSpace\GameSpace\GameSpace\Areas\MiniGame\Services\MiniGameService.cs(285,52): error CS1503: 引數 1: 無法從 'string' 轉換成 'int' [C:\Users\n2029\Desktop\GameSpace\GameSpace\GameSpace\GameSpace.csproj]
C:\Users\n2029\Desktop\GameSpace\GameSpace\GameSpace\Areas\MiniGame\Services\MiniGameService.cs(286,21): error CS0117: 'MiniGame' 未包含 'PetExpEarned' 的定義 [C:\Users\n2029\Desktop\GameSpace\GameSpace\GameSpace\GameSpace.csproj]
C:\Users\n2029\Desktop\GameSpace\GameSpace\GameSpace\Areas\MiniGame\Services\MiniGameService.cs(286,52): error CS1503: 引數 1: 無法從 'string' 轉換成 'int' [C:\Users\n2029\Desktop\GameSpace\GameSpace\GameSpace\GameSpace.csproj]
C:\Users\n2029\Desktop\GameSpace\GameSpace\GameSpace\Areas\MiniGame\Services\MiniGameService.cs(287,21): error CS0117: 'MiniGame' 未包含 'CouponEarned' 的定義 [C:\Users\n2029\Desktop\GameSpace\GameSpace\GameSpace\GameSpace.csproj]
C:\Users\n2029\Desktop\GameSpace\GameSpace\GameSpace\Areas\MiniGame\Services\MiniGameService.cs(287,52): error CS1503: 引數 1: 無法從 'string' 轉換成 'int' [C:\Users\n2029\Desktop\GameSpace\GameSpace\GameSpace\GameSpace.csproj]
C:\Users\n2029\Desktop\GameSpace\GameSpace\GameSpace\Areas\MiniGame\Services\MiniGameService.cs(287,93): error CS1503: 引數 1: 無法從 'string' 轉換成 'int' [C:\Users\n2029\Desktop\GameSpace\GameSpace\GameSpace\GameSpace.csproj]
C:\Users\n2029\Desktop\GameSpace\GameSpace\GameSpace\Areas\MiniGame\Services\MiniGameService.cs(288,21): error CS0117: 'MiniGame' 未包含 'SessionID' 的定義 [C:\Users\n2029\Desktop\GameSpace\GameSpace\GameSpace\GameSpace.csproj]
C:\Users\n2029\Desktop\GameSpace\GameSpace\GameSpace\Areas\MiniGame\Services\MiniGameService.cs(288,50): error CS1503: 引數 1: 無法從 'string' 轉換成 'int' [C:\Users\n2029\Desktop\GameSpace\GameSpace\GameSpace\GameSpace.csproj]
C:\Users\n2029\Desktop\GameSpace\GameSpace\GameSpace\Areas\MiniGame\Views\AdminPet\Create.cshtml(35,45): error CS1061: 'AdminPetCreateViewModel' 未包含 'PetDescription' 的定義，也找不到可接受類型 'AdminPetCreateViewModel' 第一個引數的可存取擴充方法 'PetDescription' (是否遺漏 using 指示詞或組件參考?) [C:\Users\n2029\Desktop\GameSpace\GameSpace\GameSpace\GameSpace.csproj]
C:\Users\n2029\Desktop\GameSpace\GameSpace\GameSpace\Areas\MiniGame\Views\AdminPet\Create.cshtml(36,48): error CS1061: 'AdminPetCreateViewModel' 未包含 'PetDescription' 的定義，也找不到可接受類型 'AdminPetCreateViewModel' 第一個引數的可存取擴充方法 'PetDescription' (是否遺漏 using 指示詞或組件參考?) [C:\Users\n2029\Desktop\GameSpace\GameSpace\GameSpace\GameSpace.csproj]
C:\Users\n2029\Desktop\GameSpace\GameSpace\GameSpace\Areas\MiniGame\Views\AdminPet\Create.cshtml(37,55): error CS1061: 'AdminPetCreateViewModel' 未包含 'PetDescription' 的定義，也找不到可接受類型 'AdminPetCreateViewModel' 第一個引數的可存取擴充方法 'PetDescription' (是否遺漏 using 指示詞或組件參考?) [C:\Users\n2029\Desktop\GameSpace\GameSpace\GameSpace\GameSpace.csproj]
C:\Users\n2029\Desktop\GameSpace\GameSpace\GameSpace\Areas\MiniGame\Views\AdminPet\Create.cshtml(43,53): error CS1061: 'AdminPetCreateViewModel' 未包含 'PetType' 的定義，也找不到可接受類型 'AdminPetCreateViewModel' 第一個引數的可存取擴充方法 'PetType' (是否遺漏 using 指示詞或組件參考?) [C:\Users\n2029\Desktop\GameSpace\GameSpace\GameSpace\GameSpace.csproj]
C:\Users\n2029\Desktop\GameSpace\GameSpace\GameSpace\Areas\MiniGame\Views\AdminPet\Create.cshtml(44,54): error CS1061: 'AdminPetCreateViewModel' 未包含 'PetType' 的定義，也找不到可接受類型 'AdminPetCreateViewModel' 第一個引數的可存取擴充方法 'PetType' (是否遺漏 using 指示詞或組件參考?) [C:\Users\n2029\Desktop\GameSpace\GameSpace\GameSpace\GameSpace.csproj]
C:\Users\n2029\Desktop\GameSpace\GameSpace\GameSpace\Areas\MiniGame\Views\AdminPet\Create.cshtml(55,63): error CS1061: 'AdminPetCreateViewModel' 未包含 'PetType' 的定義，也找不到可接受類型 'AdminPetCreateViewModel' 第一個引數的可存取擴充方法 'PetType' (是否遺漏 using 指示詞或組件參考?) [C:\Users\n2029\Desktop\GameSpace\GameSpace\GameSpace\GameSpace.csproj]
C:\Users\n2029\Desktop\GameSpace\GameSpace\GameSpace\Areas\MiniGame\Views\AdminPet\Create.cshtml(60,53): error CS1061: 'AdminPetCreateViewModel' 未包含 'Rarity' 的定義，也找不到可接受類型 'AdminPetCreateViewModel' 第一個引數的可存取擴充方法 'Rarity' (是否遺漏 using 指示詞或組件參考?) [C:\Users\n2029\Desktop\GameSpace\GameSpace\GameSpace\GameSpace.csproj]
C:\Users\n2029\Desktop\GameSpace\GameSpace\GameSpace\Areas\MiniGame\Views\AdminPet\Create.cshtml(61,54): error CS1061: 'AdminPetCreateViewModel' 未包含 'Rarity' 的定義，也找不到可接受類型 'AdminPetCreateViewModel' 第一個引數的可存取擴充方法 'Rarity' (是否遺漏 using 指示詞或組件參考?) [C:\Users\n2029\Desktop\GameSpace\GameSpace\GameSpace\GameSpace.csproj]
C:\Users\n2029\Desktop\GameSpace\GameSpace\GameSpace\Areas\MiniGame\Views\AdminPet\Create.cshtml(68,63): error CS1061: 'AdminPetCreateViewModel' 未包含 'Rarity' 的定義，也找不到可接受類型 'AdminPetCreateViewModel' 第一個引數的可存取擴充方法 'Rarity' (是否遺漏 using 指示詞或組件參考?) [C:\Users\n2029\Desktop\GameSpace\GameSpace\GameSpace\GameSpace.csproj]
C:\Users\n2029\Desktop\GameSpace\GameSpace\GameSpace\Areas\MiniGame\Views\AdminPet\Create.cshtml(76,53): error CS1061: 'AdminPetCreateViewModel' 未包含 'DropRate' 的定義，也找不到可接受類型 'AdminPetCreateViewModel' 第一個引數的可存取擴充方法 'DropRate' (是否遺漏 using 指示詞或組件參考?) [C:\Users\n2029\Desktop\GameSpace\GameSpace\GameSpace\GameSpace.csproj]
C:\Users\n2029\Desktop\GameSpace\GameSpace\GameSpace\Areas\MiniGame\Views\AdminPet\Create.cshtml(77,53): error CS1061: 'AdminPetCreateViewModel' 未包含 'DropRate' 的定義，也找不到可接受類型 'AdminPetCreateViewModel' 第一個引數的可存取擴充方法 'DropRate' (是否遺漏 using 指示詞或組件參考?) [C:\Users\n2029\Desktop\GameSpace\GameSpace\GameSpace\GameSpace.csproj]
C:\Users\n2029\Desktop\GameSpace\GameSpace\GameSpace\Areas\MiniGame\Views\AdminPet\Create.cshtml(78,63): error CS1061: 'AdminPetCreateViewModel' 未包含 'DropRate' 的定義，也找不到可接受類型 'AdminPetCreateViewModel' 第一個引數的可存取擴充方法 'DropRate' (是否遺漏 using 指示詞或組件參考?) [C:\Users\n2029\Desktop\GameSpace\GameSpace\GameSpace\GameSpace.csproj]
C:\Users\n2029\Desktop\GameSpace\GameSpace\GameSpace\Areas\MiniGame\Views\AdminPet\Create.cshtml(84,53): error CS1061: 'AdminPetCreateViewModel' 未包含 'IsActive' 的定義，也找不到可接受類型 'AdminPetCreateViewModel' 第一個引數的可存取擴充方法 'IsActive' (是否遺漏 using 指示詞或組件參考?) [C:\Users\n2029\Desktop\GameSpace\GameSpace\GameSpace\GameSpace.csproj]
C:\Users\n2029\Desktop\GameSpace\GameSpace\GameSpace\Areas\MiniGame\Views\AdminPet\Create.cshtml(86,57): error CS1061: 'AdminPetCreateViewModel' 未包含 'IsActive' 的定義，也找不到可接受類型 'AdminPetCreateViewModel' 第一個引數的可存取擴充方法 'IsActive' (是否遺漏 using 指示詞或組件參考?) [C:\Users\n2029\Desktop\GameSpace\GameSpace\GameSpace\GameSpace.csproj]
C:\Users\n2029\Desktop\GameSpace\GameSpace\GameSpace\Areas\MiniGame\Views\AdminPet\Create.cshtml(96,45): error CS1061: 'AdminPetCreateViewModel' 未包含 'PetImageUrl' 的定義，也找不到可接受類型 'AdminPetCreateViewModel' 第一個引數的可存取擴充方法 'PetImageUrl' (是否遺漏 using 指示詞或組件參考?) [C:\Users\n2029\Desktop\GameSpace\GameSpace\GameSpace\GameSpace.csproj]
C:\Users\n2029\Desktop\GameSpace\GameSpace\GameSpace\Areas\MiniGame\Views\AdminPet\Create.cshtml(97,45): error CS1061: 'AdminPetCreateViewModel' 未包含 'PetImageUrl' 的定義，也找不到可接受類型 'AdminPetCreateViewModel' 第一個引數的可存取擴充方法 'PetImageUrl' (是否遺漏 using 指示詞或組件參考?) [C:\Users\n2029\Desktop\GameSpace\GameSpace\GameSpace\GameSpace.csproj]
C:\Users\n2029\Desktop\GameSpace\GameSpace\GameSpace\Areas\MiniGame\Views\AdminPet\Create.cshtml(98,55): error CS1061: 'AdminPetCreateViewModel' 未包含 'PetImageUrl' 的定義，也找不到可接受類型 'AdminPetCreateViewModel' 第一個引數的可存取擴充方法 'PetImageUrl' (是否遺漏 using 指示詞或組件參考?) [C:\Users\n2029\Desktop\GameSpace\GameSpace\GameSpace\GameSpace.csproj]
C:\Users\n2029\Desktop\GameSpace\GameSpace\GameSpace\Areas\MiniGame\Services\MiniGameService.cs(313,60): error CS1503: 引數 1: 無法從 'string' 轉換成 'int' [C:\Users\n2029\Desktop\GameSpace\GameSpace\GameSpace\GameSpace.csproj]
C:\Users\n2029\Desktop\GameSpace\GameSpace\GameSpace\Areas\MiniGame\Services\MiniGameService.cs(314,58): error CS1503: 引數 1: 無法從 'string' 轉換成 'int' [C:\Users\n2029\Desktop\GameSpace\GameSpace\GameSpace\GameSpace.csproj]
C:\Users\n2029\Desktop\GameSpace\GameSpace\GameSpace\Areas\MiniGame\Services\MiniGameService.cs(315,59): error CS1503: 引數 1: 無法從 'string' 轉換成 'int' [C:\Users\n2029\Desktop\GameSpace\GameSpace\GameSpace\GameSpace.csproj]
C:\Users\n2029\Desktop\GameSpace\GameSpace\GameSpace\Areas\MiniGame\Services\MiniGameService.cs(316,60): error CS1503: 引數 1: 無法從 'string' 轉換成 'int' [C:\Users\n2029\Desktop\GameSpace\GameSpace\GameSpace\GameSpace.csproj]
C:\Users\n2029\Desktop\GameSpace\GameSpace\GameSpace\Areas\MiniGame\Services\MiniGameService.cs(317,67): error CS1503: 引數 1: 無法從 'string' 轉換成 'int' [C:\Users\n2029\Desktop\GameSpace\GameSpace\GameSpace\GameSpace.csproj]
C:\Users\n2029\Desktop\GameSpace\GameSpace\GameSpace\Areas\MiniGame\Services\MiniGameService.cs(318,64): error CS1503: 引數 1: 無法從 'string' 轉換成 'int' [C:\Users\n2029\Desktop\GameSpace\GameSpace\GameSpace\GameSpace.csproj]
C:\Users\n2029\Desktop\GameSpace\GameSpace\GameSpace\Areas\MiniGame\Services\MiniGamePermissionService.cs(30,46): error CS1061: 'GameSpacedatabaseContext' 未包含 'Managers' 的定義，也找不到可接受類型 'GameSpacedatabaseContext' 第一個引數的可存取擴充方法 'Managers' (是否遺漏 using 指示詞或組件參考?) [C:\Users\n2029\Desktop\GameSpace\GameSpace\GameSpace\GameSpace.csproj]
C:\Users\n2029\Desktop\GameSpace\GameSpace\GameSpace\Areas\MiniGame\Services\MiniGamePermissionService.cs(69,46): error CS1061: 'GameSpacedatabaseContext' 未包含 'Managers' 的定義，也找不到可接受類型 'GameSpacedatabaseContext' 第一個引數的可存取擴充方法 'Managers' (是否遺漏 using 指示詞或組件參考?) [C:\Users\n2029\Desktop\GameSpace\GameSpace\GameSpace\GameSpace.csproj]
C:\Users\n2029\Desktop\GameSpace\GameSpace\GameSpace\Areas\MiniGame\Services\MiniGamePermissionService.cs(101,46): error CS1061: 'GameSpacedatabaseContext' 未包含 'Managers' 的定義，也找不到可接受類型 'GameSpacedatabaseContext' 第一個引數的可存取擴充方法 'Managers' (是否遺漏 using 指示詞或組件參考?) [C:\Users\n2029\Desktop\GameSpace\GameSpace\GameSpace\GameSpace.csproj]
C:\Users\n2029\Desktop\GameSpace\GameSpace\GameSpace\Areas\MiniGame\Services\MiniGamePermissionService.cs(174,43): error CS1061: 'ICollection<ManagerRolePermission>' 未包含 'ManagerRolePermission' 的定義，也找不到可接受類型 'ICollection<ManagerRolePermission>' 第一個引數的可存取擴充方法 'ManagerRolePermission' (是否遺漏 using 指示詞或組件參考?) [C:\Users\n2029\Desktop\GameSpace\GameSpace\GameSpace\GameSpace.csproj]
C:\Users\n2029\Desktop\GameSpace\GameSpace\GameSpace\Areas\MiniGame\Services\MiniGamePermissionService.cs(175,49): error CS1061: 'ManagerDatum' 未包含 'Manager_Id' 的定義，也找不到可接受類型 'ManagerDatum' 第一個引數的可存取擴充方法 'Manager_Id' (是否遺漏 using 指示詞或組件參考?) [C:\Users\n2029\Desktop\GameSpace\GameSpace\GameSpace\GameSpace.csproj]
C:\Users\n2029\Desktop\GameSpace\GameSpace\GameSpace\Areas\MiniGame\Views\AdminMiniGame\Create.cshtml(29,45): error CS1061: 'AdminMiniGameCreateViewModel' 未包含 'GameName' 的定義，也找不到可接受類型 'AdminMiniGameCreateViewModel' 第一個引數的可存取擴充方法 'GameName' (是否遺漏 using 指示詞或組件參考?) [C:\Users\n2029\Desktop\GameSpace\GameSpace\GameSpace\GameSpace.csproj]
C:\Users\n2029\Desktop\GameSpace\GameSpace\GameSpace\Areas\MiniGame\Views\AdminMiniGame\Create.cshtml(30,45): error CS1061: 'AdminMiniGameCreateViewModel' 未包含 'GameName' 的定義，也找不到可接受類型 'AdminMiniGameCreateViewModel' 第一個引數的可存取擴充方法 'GameName' (是否遺漏 using 指示詞或組件參考?) [C:\Users\n2029\Desktop\GameSpace\GameSpace\GameSpace\GameSpace.csproj]
C:\Users\n2029\Desktop\GameSpace\GameSpace\GameSpace\Areas\MiniGame\Views\AdminMiniGame\Create.cshtml(31,55): error CS1061: 'AdminMiniGameCreateViewModel' 未包含 'GameName' 的定義，也找不到可接受類型 'AdminMiniGameCreateViewModel' 第一個引數的可存取擴充方法 'GameName' (是否遺漏 using 指示詞或組件參考?) [C:\Users\n2029\Desktop\GameSpace\GameSpace\GameSpace\GameSpace.csproj]
C:\Users\n2029\Desktop\GameSpace\GameSpace\GameSpace\Areas\MiniGame\Views\AdminMiniGame\Create.cshtml(35,45): error CS1061: 'AdminMiniGameCreateViewModel' 未包含 'GameDescription' 的定義，也找不到可接受類型 'AdminMiniGameCreateViewModel' 第一個引數的可存取擴充方法 'GameDescription' (是否遺漏 using 指示詞或組件參考?) [C:\Users\n2029\Desktop\GameSpace\GameSpace\GameSpace\GameSpace.csproj]
C:\Users\n2029\Desktop\GameSpace\GameSpace\GameSpace\Areas\MiniGame\Views\AdminMiniGame\Create.cshtml(36,48): error CS1061: 'AdminMiniGameCreateViewModel' 未包含 'GameDescription' 的定義，也找不到可接受類型 'AdminMiniGameCreateViewModel' 第一個引數的可存取擴充方法 'GameDescription' (是否遺漏 using 指示詞或組件參考?) [C:\Users\n2029\Desktop\GameSpace\GameSpace\GameSpace\GameSpace.csproj]
C:\Users\n2029\Desktop\GameSpace\GameSpace\GameSpace\Areas\MiniGame\Views\AdminMiniGame\Create.cshtml(37,55): error CS1061: 'AdminMiniGameCreateViewModel' 未包含 'GameDescription' 的定義，也找不到可接受類型 'AdminMiniGameCreateViewModel' 第一個引數的可存取擴充方法 'GameDescription' (是否遺漏 using 指示詞或組件參考?) [C:\Users\n2029\Desktop\GameSpace\GameSpace\GameSpace\GameSpace.csproj]
C:\Users\n2029\Desktop\GameSpace\GameSpace\GameSpace\Areas\MiniGame\Views\AdminMiniGame\Create.cshtml(60,53): error CS1061: 'AdminMiniGameCreateViewModel' 未包含 'IsActive' 的定義，也找不到可接受類型 'AdminMiniGameCreateViewModel' 第一個引數的可存取擴充方法 'IsActive' (是否遺漏 using 指示詞或組件參考?) [C:\Users\n2029\Desktop\GameSpace\GameSpace\GameSpace\GameSpace.csproj]
C:\Users\n2029\Desktop\GameSpace\GameSpace\GameSpace\Areas\MiniGame\Views\AdminMiniGame\Create.cshtml(62,57): error CS1061: 'AdminMiniGameCreateViewModel' 未包含 'IsActive' 的定義，也找不到可接受類型 'AdminMiniGameCreateViewModel' 第一個引數的可存取擴充方法 'IsActive' (是否遺漏 using 指示詞或組件參考?) [C:\Users\n2029\Desktop\GameSpace\GameSpace\GameSpace\GameSpace.csproj]
C:\Users\n2029\Desktop\GameSpace\GameSpace\GameSpace\Areas\MiniGame\Views\AdminMiniGame\Create.cshtml(74,53): error CS1061: 'AdminMiniGameCreateViewModel' 未包含 'CostPoints' 的定義，也找不到可接受類型 'AdminMiniGameCreateViewModel' 第一個引數的可存取擴充方法 'CostPoints' (是否遺漏 using 指示詞或組件參考?) [C:\Users\n2029\Desktop\GameSpace\GameSpace\GameSpace\GameSpace.csproj]
C:\Users\n2029\Desktop\GameSpace\GameSpace\GameSpace\Areas\MiniGame\Views\AdminMiniGame\Create.cshtml(75,53): error CS1061: 'AdminMiniGameCreateViewModel' 未包含 'CostPoints' 的定義，也找不到可接受類型 'AdminMiniGameCreateViewModel' 第一個引數的可存取擴充方法 'CostPoints' (是否遺漏 using 指示詞或組件參考?) [C:\Users\n2029\Desktop\GameSpace\GameSpace\GameSpace\GameSpace.csproj]
C:\Users\n2029\Desktop\GameSpace\GameSpace\GameSpace\Areas\MiniGame\Views\AdminMiniGame\Create.cshtml(76,63): error CS1061: 'AdminMiniGameCreateViewModel' 未包含 'CostPoints' 的定義，也找不到可接受類型 'AdminMiniGameCreateViewModel' 第一個引數的可存取擴充方法 'CostPoints' (是否遺漏 using 指示詞或組件參考?) [C:\Users\n2029\Desktop\GameSpace\GameSpace\GameSpace\GameSpace.csproj]
C:\Users\n2029\Desktop\GameSpace\GameSpace\GameSpace\Areas\MiniGame\Views\AdminMiniGame\Create.cshtml(81,53): error CS1061: 'AdminMiniGameCreateViewModel' 未包含 'RewardPoints' 的定義，也找不到可接受類型 'AdminMiniGameCreateViewModel' 第一個引數的可存取擴充方法 'RewardPoints' (是否遺漏 using 指示詞或組件參考?) [C:\Users\n2029\Desktop\GameSpace\GameSpace\GameSpace\GameSpace.csproj]
C:\Users\n2029\Desktop\GameSpace\GameSpace\GameSpace\Areas\MiniGame\Views\AdminMiniGame\Create.cshtml(82,53): error CS1061: 'AdminMiniGameCreateViewModel' 未包含 'RewardPoints' 的定義，也找不到可接受類型 'AdminMiniGameCreateViewModel' 第一個引數的可存取擴充方法 'RewardPoints' (是否遺漏 using 指示詞或組件參考?) [C:\Users\n2029\Desktop\GameSpace\GameSpace\GameSpace\GameSpace.csproj]
C:\Users\n2029\Desktop\GameSpace\GameSpace\GameSpace\Areas\MiniGame\Views\AdminMiniGame\Create.cshtml(83,63): error CS1061: 'AdminMiniGameCreateViewModel' 未包含 'RewardPoints' 的定義，也找不到可接受類型 'AdminMiniGameCreateViewModel' 第一個引數的可存取擴充方法 'RewardPoints' (是否遺漏 using 指示詞或組件參考?) [C:\Users\n2029\Desktop\GameSpace\GameSpace\GameSpace\GameSpace.csproj]
C:\Users\n2029\Desktop\GameSpace\GameSpace\GameSpace\Areas\MiniGame\Views\AdminMiniGame\Create.cshtml(88,53): error CS1061: 'AdminMiniGameCreateViewModel' 未包含 'MaxPlayCount' 的定義，也找不到可接受類型 'AdminMiniGameCreateViewModel' 第一個引數的可存取擴充方法 'MaxPlayCount' (是否遺漏 using 指示詞或組件參考?) [C:\Users\n2029\Desktop\GameSpace\GameSpace\GameSpace\GameSpace.csproj]
C:\Users\n2029\Desktop\GameSpace\GameSpace\GameSpace\Areas\MiniGame\Views\AdminMiniGame\Create.cshtml(89,53): error CS1061: 'AdminMiniGameCreateViewModel' 未包含 'MaxPlayCount' 的定義，也找不到可接受類型 'AdminMiniGameCreateViewModel' 第一個引數的可存取擴充方法 'MaxPlayCount' (是否遺漏 using 指示詞或組件參考?) [C:\Users\n2029\Desktop\GameSpace\GameSpace\GameSpace\GameSpace.csproj]
C:\Users\n2029\Desktop\GameSpace\GameSpace\GameSpace\Areas\MiniGame\Views\AdminMiniGame\Create.cshtml(90,63): error CS1061: 'AdminMiniGameCreateViewModel' 未包含 'MaxPlayCount' 的定義，也找不到可接受類型 'AdminMiniGameCreateViewModel' 第一個引數的可存取擴充方法 'MaxPlayCount' (是否遺漏 using 指示詞或組件參考?) [C:\Users\n2029\Desktop\GameSpace\GameSpace\GameSpace\GameSpace.csproj]
C:\Users\n2029\Desktop\GameSpace\GameSpace\GameSpace\Areas\MiniGame\Views\AdminMiniGame\Create.cshtml(96,45): error CS1061: 'AdminMiniGameCreateViewModel' 未包含 'GameImageUrl' 的定義，也找不到可接受類型 'AdminMiniGameCreateViewModel' 第一個引數的可存取擴充方法 'GameImageUrl' (是否遺漏 using 指示詞或組件參考?) [C:\Users\n2029\Desktop\GameSpace\GameSpace\GameSpace\GameSpace.csproj]
C:\Users\n2029\Desktop\GameSpace\GameSpace\GameSpace\Areas\MiniGame\Views\AdminMiniGame\Create.cshtml(97,45): error CS1061: 'AdminMiniGameCreateViewModel' 未包含 'GameImageUrl' 的定義，也找不到可接受類型 'AdminMiniGameCreateViewModel' 第一個引數的可存取擴充方法 'GameImageUrl' (是否遺漏 using 指示詞或組件參考?) [C:\Users\n2029\Desktop\GameSpace\GameSpace\GameSpace\GameSpace.csproj]
C:\Users\n2029\Desktop\GameSpace\GameSpace\GameSpace\Areas\MiniGame\Views\AdminMiniGame\Create.cshtml(98,55): error CS1061: 'AdminMiniGameCreateViewModel' 未包含 'GameImageUrl' 的定義，也找不到可接受類型 'AdminMiniGameCreateViewModel' 第一個引數的可存取擴充方法 'GameImageUrl' (是否遺漏 using 指示詞或組件參考?) [C:\Users\n2029\Desktop\GameSpace\GameSpace\GameSpace\GameSpace.csproj]
C:\Users\n2029\Desktop\GameSpace\GameSpace\GameSpace\Areas\MiniGame\Services\MiniGamePermissionService.cs(197,43): error CS1061: 'ICollection<ManagerRolePermission>' 未包含 'ManagerRolePermission' 的定義，也找不到可接受類型 'ICollection<ManagerRolePermission>' 第一個引數的可存取擴充方法 'ManagerRolePermission' (是否遺漏 using 指示詞或組件參考?) [C:\Users\n2029\Desktop\GameSpace\GameSpace\GameSpace\GameSpace.csproj]
C:\Users\n2029\Desktop\GameSpace\GameSpace\GameSpace\Areas\MiniGame\Services\MiniGamePermissionService.cs(198,49): error CS1061: 'ManagerDatum' 未包含 'Manager_Id' 的定義，也找不到可接受類型 'ManagerDatum' 第一個引數的可存取擴充方法 'Manager_Id' (是否遺漏 using 指示詞或組件參考?) [C:\Users\n2029\Desktop\GameSpace\GameSpace\GameSpace\GameSpace.csproj]
C:\Users\n2029\Desktop\GameSpace\GameSpace\GameSpace\Areas\MiniGame\Services\MiniGamePermissionService.cs(220,43): error CS1061: 'ICollection<ManagerRolePermission>' 未包含 'ManagerRolePermission' 的定義，也找不到可接受類型 'ICollection<ManagerRolePermission>' 第一個引數的可存取擴充方法 'ManagerRolePermission' (是否遺漏 using 指示詞或組件參考?) [C:\Users\n2029\Desktop\GameSpace\GameSpace\GameSpace\GameSpace.csproj]
C:\Users\n2029\Desktop\GameSpace\GameSpace\GameSpace\Areas\MiniGame\Services\MiniGamePermissionService.cs(221,49): error CS1061: 'ManagerDatum' 未包含 'Manager_Id' 的定義，也找不到可接受類型 'ManagerDatum' 第一個引數的可存取擴充方法 'Manager_Id' (是否遺漏 using 指示詞或組件參考?) [C:\Users\n2029\Desktop\GameSpace\GameSpace\GameSpace\GameSpace.csproj]
C:\Users\n2029\Desktop\GameSpace\GameSpace\GameSpace\Areas\MiniGame\Services\MiniGamePermissionService.cs(243,43): error CS1061: 'ICollection<ManagerRolePermission>' 未包含 'ManagerRolePermission' 的定義，也找不到可接受類型 'ICollection<ManagerRolePermission>' 第一個引數的可存取擴充方法 'ManagerRolePermission' (是否遺漏 using 指示詞或組件參考?) [C:\Users\n2029\Desktop\GameSpace\GameSpace\GameSpace\GameSpace.csproj]
C:\Users\n2029\Desktop\GameSpace\GameSpace\GameSpace\Areas\MiniGame\Services\MiniGamePermissionService.cs(244,49): error CS1061: 'ManagerDatum' 未包含 'Manager_Id' 的定義，也找不到可接受類型 'ManagerDatum' 第一個引數的可存取擴充方法 'Manager_Id' (是否遺漏 using 指示詞或組件參考?) [C:\Users\n2029\Desktop\GameSpace\GameSpace\GameSpace\GameSpace.csproj]
C:\Users\n2029\Desktop\GameSpace\GameSpace\GameSpace\Areas\MiniGame\Services\MiniGamePermissionService.cs(266,43): error CS1061: 'ICollection<ManagerRolePermission>' 未包含 'ManagerRolePermission' 的定義，也找不到可接受類型 'ICollection<ManagerRolePermission>' 第一個引數的可存取擴充方法 'ManagerRolePermission' (是否遺漏 using 指示詞或組件參考?) [C:\Users\n2029\Desktop\GameSpace\GameSpace\GameSpace\GameSpace.csproj]
C:\Users\n2029\Desktop\GameSpace\GameSpace\GameSpace\Areas\MiniGame\Services\MiniGamePermissionService.cs(267,49): error CS1061: 'ManagerDatum' 未包含 'Manager_Id' 的定義，也找不到可接受類型 'ManagerDatum' 第一個引數的可存取擴充方法 'Manager_Id' (是否遺漏 using 指示詞或組件參考?) [C:\Users\n2029\Desktop\GameSpace\GameSpace\GameSpace\GameSpace.csproj]
C:\Users\n2029\Desktop\GameSpace\GameSpace\GameSpace\Areas\MiniGame\Services\MiniGameAdminAuthService.cs(17,42): error CS1061: 'GameSpacedatabaseContext' 未包含 'ManagerDatum' 的定義，也找不到可接受類型 'GameSpacedatabaseContext' 第一個引數的可存取擴充方法 'ManagerDatum' (是否遺漏 using 指示詞或組件參考?) [C:\Users\n2029\Desktop\GameSpace\GameSpace\GameSpace\GameSpace.csproj]
C:\Users\n2029\Desktop\GameSpace\GameSpace\GameSpace\Areas\MiniGame\Services\MiniGameAdminAuthService.cs(31,42): error CS1061: 'GameSpacedatabaseContext' 未包含 'ManagerDatum' 的定義，也找不到可接受類型 'GameSpacedatabaseContext' 第一個引數的可存取擴充方法 'ManagerDatum' (是否遺漏 using 指示詞或組件參考?) [C:\Users\n2029\Desktop\GameSpace\GameSpace\GameSpace\GameSpace.csproj]
C:\Users\n2029\Desktop\GameSpace\GameSpace\GameSpace\Areas\MiniGame\Services\MiniGamePermissionService.cs(289,43): error CS1061: 'ICollection<ManagerRolePermission>' 未包含 'ManagerRolePermission' 的定義，也找不到可接受類型 'ICollection<ManagerRolePermission>' 第一個引數的可存取擴充方法 'ManagerRolePermission' (是否遺漏 using 指示詞或組件參考?) [C:\Users\n2029\Desktop\GameSpace\GameSpace\GameSpace\GameSpace.csproj]
C:\Users\n2029\Desktop\GameSpace\GameSpace\GameSpace\Areas\MiniGame\Services\MiniGamePermissionService.cs(290,49): error CS1061: 'ManagerDatum' 未包含 'Manager_Id' 的定義，也找不到可接受類型 'ManagerDatum' 第一個引數的可存取擴充方法 'Manager_Id' (是否遺漏 using 指示詞或組件參考?) [C:\Users\n2029\Desktop\GameSpace\GameSpace\GameSpace\GameSpace.csproj]
C:\Users\n2029\Desktop\GameSpace\GameSpace\GameSpace\Areas\MiniGame\Services\MiniGameAdminAuthService.cs(41,35): error CS1061: 'GameSpacedatabaseContext' 未包含 'ManagerDatum' 的定義，也找不到可接受類型 'GameSpacedatabaseContext' 第一個引數的可存取擴充方法 'ManagerDatum' (是否遺漏 using 指示詞或組件參考?) [C:\Users\n2029\Desktop\GameSpace\GameSpace\GameSpace\GameSpace.csproj]
C:\Users\n2029\Desktop\GameSpace\GameSpace\GameSpace\Areas\MiniGame\Services\MiniGamePermissionService.cs(367,39): error CS1061: 'UserRight' 未包含 'RightName' 的定義，也找不到可接受類型 'UserRight' 第一個引數的可存取擴充方法 'RightName' (是否遺漏 using 指示詞或組件參考?) [C:\Users\n2029\Desktop\GameSpace\GameSpace\GameSpace\GameSpace.csproj]
C:\Users\n2029\Desktop\GameSpace\GameSpace\GameSpace\Areas\MiniGame\Services\MiniGamePermissionService.cs(382,49): error CS1061: 'UserRight' 未包含 'RightName' 的定義，也找不到可接受類型 'UserRight' 第一個引數的可存取擴充方法 'RightName' (是否遺漏 using 指示詞或組件參考?) [C:\Users\n2029\Desktop\GameSpace\GameSpace\GameSpace\GameSpace.csproj]
C:\Users\n2029\Desktop\GameSpace\GameSpace\GameSpace\Areas\MiniGame\Services\MiniGamePermissionService.cs(383,49): error CS1061: 'UserRight' 未包含 'IsActive' 的定義，也找不到可接受類型 'UserRight' 第一個引數的可存取擴充方法 'IsActive' (是否遺漏 using 指示詞或組件參考?) [C:\Users\n2029\Desktop\GameSpace\GameSpace\GameSpace\GameSpace.csproj]
C:\Users\n2029\Desktop\GameSpace\GameSpace\GameSpace\Areas\MiniGame\Services\MiniGamePermissionService.cs(384,50): error CS1061: 'UserRight' 未包含 'ExpiresAt' 的定義，也找不到可接受類型 'UserRight' 第一個引數的可存取擴充方法 'ExpiresAt' (是否遺漏 using 指示詞或組件參考?) [C:\Users\n2029\Desktop\GameSpace\GameSpace\GameSpace\GameSpace.csproj]
C:\Users\n2029\Desktop\GameSpace\GameSpace\GameSpace\Areas\MiniGame\Services\MiniGamePermissionService.cs(384,74): error CS1061: 'UserRight' 未包含 'ExpiresAt' 的定義，也找不到可接受類型 'UserRight' 第一個引數的可存取擴充方法 'ExpiresAt' (是否遺漏 using 指示詞或組件參考?) [C:\Users\n2029\Desktop\GameSpace\GameSpace\GameSpace\GameSpace.csproj]
C:\Users\n2029\Desktop\GameSpace\GameSpace\GameSpace\Areas\MiniGame\Services\MiniGameAdminService.cs(64,17): error CS0117: 'PagedResult<UserWallet>' 未包含 'Page' 的定義 [C:\Users\n2029\Desktop\GameSpace\GameSpace\GameSpace\GameSpace.csproj]
C:\Users\n2029\Desktop\GameSpace\GameSpace\GameSpace\Areas\MiniGame\Services\MiniGamePermissionService.cs(401,74): error CS1061: 'UserRight' 未包含 'RightName' 的定義，也找不到可接受類型 'UserRight' 第一個引數的可存取擴充方法 'RightName' (是否遺漏 using 指示詞或組件參考?) [C:\Users\n2029\Desktop\GameSpace\GameSpace\GameSpace\GameSpace.csproj]
C:\Users\n2029\Desktop\GameSpace\GameSpace\GameSpace\Areas\MiniGame\Services\MiniGamePermissionService.cs(418,25): error CS0117: 'UserRight' 未包含 'RightName' 的定義 [C:\Users\n2029\Desktop\GameSpace\GameSpace\GameSpace\GameSpace.csproj]
C:\Users\n2029\Desktop\GameSpace\GameSpace\GameSpace\Areas\MiniGame\Services\MiniGamePermissionService.cs(419,25): error CS0117: 'UserRight' 未包含 'Description' 的定義 [C:\Users\n2029\Desktop\GameSpace\GameSpace\GameSpace\GameSpace.csproj]
C:\Users\n2029\Desktop\GameSpace\GameSpace\GameSpace\Areas\MiniGame\Services\MiniGamePermissionService.cs(420,25): error CS0117: 'UserRight' 未包含 'RightType' 的定義 [C:\Users\n2029\Desktop\GameSpace\GameSpace\GameSpace\GameSpace.csproj]
C:\Users\n2029\Desktop\GameSpace\GameSpace\GameSpace\Areas\MiniGame\Services\MiniGamePermissionService.cs(421,25): error CS0117: 'UserRight' 未包含 'RightLevel' 的定義 [C:\Users\n2029\Desktop\GameSpace\GameSpace\GameSpace\GameSpace.csproj]
C:\Users\n2029\Desktop\GameSpace\GameSpace\GameSpace\Areas\MiniGame\Services\MiniGamePermissionService.cs(422,25): error CS0117: 'UserRight' 未包含 'ExpiresAt' 的定義 [C:\Users\n2029\Desktop\GameSpace\GameSpace\GameSpace\GameSpace.csproj]
C:\Users\n2029\Desktop\GameSpace\GameSpace\GameSpace\Areas\MiniGame\Services\MiniGamePermissionService.cs(423,25): error CS0117: 'UserRight' 未包含 'IsActive' 的定義 [C:\Users\n2029\Desktop\GameSpace\GameSpace\GameSpace\GameSpace.csproj]
C:\Users\n2029\Desktop\GameSpace\GameSpace\GameSpace\Areas\MiniGame\Services\MiniGamePermissionService.cs(424,25): error CS0117: 'UserRight' 未包含 'CreatedAt' 的定義 [C:\Users\n2029\Desktop\GameSpace\GameSpace\GameSpace\GameSpace.csproj]
C:\Users\n2029\Desktop\GameSpace\GameSpace\GameSpace\Areas\MiniGame\Services\MiniGamePermissionService.cs(444,74): error CS1061: 'UserRight' 未包含 'RightName' 的定義，也找不到可接受類型 'UserRight' 第一個引數的可存取擴充方法 'RightName' (是否遺漏 using 指示詞或組件參考?) [C:\Users\n2029\Desktop\GameSpace\GameSpace\GameSpace\GameSpace.csproj]
C:\Users\n2029\Desktop\GameSpace\GameSpace\GameSpace\Areas\MiniGame\Services\MiniGameAdminService.cs(92,33): error CS1061: 'Coupon' 未包含 'CouponType' 的定義，也找不到可接受類型 'Coupon' 第一個引數的可存取擴充方法 'CouponType' (是否遺漏 using 指示詞或組件參考?) [C:\Users\n2029\Desktop\GameSpace\GameSpace\GameSpace\GameSpace.csproj]
C:\Users\n2029\Desktop\GameSpace\GameSpace\GameSpace\Areas\MiniGame\Services\MiniGameAdminService.cs(100,21): error CS0117: 'UserCouponReadModel' 未包含 'Quantity' 的定義 [C:\Users\n2029\Desktop\GameSpace\GameSpace\GameSpace\GameSpace.csproj]
C:\Users\n2029\Desktop\GameSpace\GameSpace\GameSpace\Areas\MiniGame\Services\MiniGameAdminService.cs(101,21): error CS0117: 'UserCouponReadModel' 未包含 'LastUpdated' 的定義 [C:\Users\n2029\Desktop\GameSpace\GameSpace\GameSpace\GameSpace.csproj]
C:\Users\n2029\Desktop\GameSpace\GameSpace\GameSpace\Areas\MiniGame\Services\MiniGamePermissionService.cs(467,54): error CS1061: 'UserRight' 未包含 'Description' 的定義，也找不到可接受類型 'UserRight' 第一個引數的可存取擴充方法 'Description' (是否遺漏 using 指示詞或組件參考?) [C:\Users\n2029\Desktop\GameSpace\GameSpace\GameSpace\GameSpace.csproj]
C:\Users\n2029\Desktop\GameSpace\GameSpace\GameSpace\Areas\MiniGame\Services\MiniGamePermissionService.cs(468,53): error CS1061: 'UserRight' 未包含 'ExpiresAt' 的定義，也找不到可接受類型 'UserRight' 第一個引數的可存取擴充方法 'ExpiresAt' (是否遺漏 using 指示詞或組件參考?) [C:\Users\n2029\Desktop\GameSpace\GameSpace\GameSpace\GameSpace.csproj]
C:\Users\n2029\Desktop\GameSpace\GameSpace\GameSpace\Areas\MiniGame\Services\MiniGamePermissionService.cs(469,36): error CS1061: 'bool' 未包含 'HasValue' 的定義，也找不到可接受類型 'bool' 第一個引數的可存取擴充方法 'HasValue' (是否遺漏 using 指示詞或組件參考?) [C:\Users\n2029\Desktop\GameSpace\GameSpace\GameSpace\GameSpace.csproj]
C:\Users\n2029\Desktop\GameSpace\GameSpace\GameSpace\Areas\MiniGame\Services\MiniGamePermissionService.cs(469,52): error CS1061: 'UserRight' 未包含 'IsActive' 的定義，也找不到可接受類型 'UserRight' 第一個引數的可存取擴充方法 'IsActive' (是否遺漏 using 指示詞或組件參考?) [C:\Users\n2029\Desktop\GameSpace\GameSpace\GameSpace\GameSpace.csproj]
C:\Users\n2029\Desktop\GameSpace\GameSpace\GameSpace\Areas\MiniGame\Services\MiniGamePermissionService.cs(469,78): error CS1061: 'bool' 未包含 'Value' 的定義，也找不到可接受類型 'bool' 第一個引數的可存取擴充方法 'Value' (是否遺漏 using 指示詞或組件參考?) [C:\Users\n2029\Desktop\GameSpace\GameSpace\GameSpace\GameSpace.csproj]
C:\Users\n2029\Desktop\GameSpace\GameSpace\GameSpace\Areas\MiniGame\Services\MiniGamePermissionService.cs(470,38): error CS1061: 'int' 未包含 'HasValue' 的定義，也找不到可接受類型 'int' 第一個引數的可存取擴充方法 'HasValue' (是否遺漏 using 指示詞或組件參考?) [C:\Users\n2029\Desktop\GameSpace\GameSpace\GameSpace\GameSpace.csproj]
C:\Users\n2029\Desktop\GameSpace\GameSpace\GameSpace\Areas\MiniGame\Services\MiniGamePermissionService.cs(470,54): error CS1061: 'UserRight' 未包含 'RightLevel' 的定義，也找不到可接受類型 'UserRight' 第一個引數的可存取擴充方法 'RightLevel' (是否遺漏 using 指示詞或組件參考?) [C:\Users\n2029\Desktop\GameSpace\GameSpace\GameSpace\GameSpace.csproj]
C:\Users\n2029\Desktop\GameSpace\GameSpace\GameSpace\Areas\MiniGame\Services\MiniGamePermissionService.cs(470,84): error CS1061: 'int' 未包含 'Value' 的定義，也找不到可接受類型 'int' 第一個引數的可存取擴充方法 'Value' (是否遺漏 using 指示詞或組件參考?) [C:\Users\n2029\Desktop\GameSpace\GameSpace\GameSpace\GameSpace.csproj]
C:\Users\n2029\Desktop\GameSpace\GameSpace\GameSpace\Areas\MiniGame\Services\MiniGamePermissionService.cs(471,27): error CS1061: 'UserRightUpdateModel' 未包含 'RightScope' 的定義，也找不到可接受類型 'UserRightUpdateModel' 第一個引數的可存取擴充方法 'RightScope' (是否遺漏 using 指示詞或組件參考?) [C:\Users\n2029\Desktop\GameSpace\GameSpace\GameSpace\GameSpace.csproj]
C:\Users\n2029\Desktop\GameSpace\GameSpace\GameSpace\Areas\MiniGame\Services\MiniGamePermissionService.cs(471,53): error CS1061: 'UserRight' 未包含 'RightScope' 的定義，也找不到可接受類型 'UserRight' 第一個引數的可存取擴充方法 'RightScope' (是否遺漏 using 指示詞或組件參考?) [C:\Users\n2029\Desktop\GameSpace\GameSpace\GameSpace\GameSpace.csproj]
C:\Users\n2029\Desktop\GameSpace\GameSpace\GameSpace\Areas\MiniGame\Services\MiniGamePermissionService.cs(471,72): error CS1061: 'UserRightUpdateModel' 未包含 'RightScope' 的定義，也找不到可接受類型 'UserRightUpdateModel' 第一個引數的可存取擴充方法 'RightScope' (是否遺漏 using 指示詞或組件參考?) [C:\Users\n2029\Desktop\GameSpace\GameSpace\GameSpace\GameSpace.csproj]
C:\Users\n2029\Desktop\GameSpace\GameSpace\GameSpace\Areas\MiniGame\Services\MiniGamePermissionService.cs(501,25): error CS0117: 'UserRight' 未包含 'RightName' 的定義 [C:\Users\n2029\Desktop\GameSpace\GameSpace\GameSpace\GameSpace.csproj]
C:\Users\n2029\Desktop\GameSpace\GameSpace\GameSpace\Areas\MiniGame\Services\MiniGamePermissionService.cs(502,25): error CS0117: 'UserRight' 未包含 'Description' 的定義 [C:\Users\n2029\Desktop\GameSpace\GameSpace\GameSpace\GameSpace.csproj]
C:\Users\n2029\Desktop\GameSpace\GameSpace\GameSpace\Areas\MiniGame\Services\MiniGamePermissionService.cs(503,25): error CS0117: 'UserRight' 未包含 'RightType' 的定義 [C:\Users\n2029\Desktop\GameSpace\GameSpace\GameSpace\GameSpace.csproj]
C:\Users\n2029\Desktop\GameSpace\GameSpace\GameSpace\Areas\MiniGame\Services\MiniGamePermissionService.cs(504,25): error CS0117: 'UserRight' 未包含 'RightLevel' 的定義 [C:\Users\n2029\Desktop\GameSpace\GameSpace\GameSpace\GameSpace.csproj]
C:\Users\n2029\Desktop\GameSpace\GameSpace\GameSpace\Areas\MiniGame\Services\MiniGamePermissionService.cs(505,25): error CS0117: 'UserRight' 未包含 'ExpiresAt' 的定義 [C:\Users\n2029\Desktop\GameSpace\GameSpace\GameSpace\GameSpace.csproj]
C:\Users\n2029\Desktop\GameSpace\GameSpace\GameSpace\Areas\MiniGame\Services\MiniGamePermissionService.cs(506,25): error CS0117: 'UserRight' 未包含 'RightScope' 的定義 [C:\Users\n2029\Desktop\GameSpace\GameSpace\GameSpace\GameSpace.csproj]
C:\Users\n2029\Desktop\GameSpace\GameSpace\GameSpace\Areas\MiniGame\Services\MiniGamePermissionService.cs(506,49): error CS1061: 'UserRightModel' 未包含 'RightScope' 的定義，也找不到可接受類型 'UserRightModel' 第一個引數的可存取擴充方法 'RightScope' (是否遺漏 using 指示詞或組件參考?) [C:\Users\n2029\Desktop\GameSpace\GameSpace\GameSpace\GameSpace.csproj]
C:\Users\n2029\Desktop\GameSpace\GameSpace\GameSpace\Areas\MiniGame\Services\MiniGamePermissionService.cs(507,25): error CS0117: 'UserRight' 未包含 'IsActive' 的定義 [C:\Users\n2029\Desktop\GameSpace\GameSpace\GameSpace\GameSpace.csproj]
C:\Users\n2029\Desktop\GameSpace\GameSpace\GameSpace\Areas\MiniGame\Services\MiniGamePermissionService.cs(508,25): error CS0117: 'UserRight' 未包含 'CreatedAt' 的定義 [C:\Users\n2029\Desktop\GameSpace\GameSpace\GameSpace\GameSpace.csproj]
C:\Users\n2029\Desktop\GameSpace\GameSpace\GameSpace\Areas\MiniGame\Services\MiniGameAdminService.cs(162,33): error CS1061: 'Coupon' 未包含 'CouponType' 的定義，也找不到可接受類型 'Coupon' 第一個引數的可存取擴充方法 'CouponType' (是否遺漏 using 指示詞或組件參考?) [C:\Users\n2029\Desktop\GameSpace\GameSpace\GameSpace\GameSpace.csproj]
C:\Users\n2029\Desktop\GameSpace\GameSpace\GameSpace\Areas\MiniGame\Services\MiniGameAdminService.cs(180,21): error CS0117: 'UserCouponReadModel' 未包含 'Quantity' 的定義 [C:\Users\n2029\Desktop\GameSpace\GameSpace\GameSpace\GameSpace.csproj]
C:\Users\n2029\Desktop\GameSpace\GameSpace\GameSpace\Areas\MiniGame\Services\MiniGameAdminService.cs(181,21): error CS0117: 'UserCouponReadModel' 未包含 'LastUpdated' 的定義 [C:\Users\n2029\Desktop\GameSpace\GameSpace\GameSpace\GameSpace.csproj]
C:\Users\n2029\Desktop\GameSpace\GameSpace\GameSpace\Areas\MiniGame\Services\MiniGameAdminService.cs(188,17): error CS0117: 'PagedResult<UserCouponReadModel>' 未包含 'Page' 的定義 [C:\Users\n2029\Desktop\GameSpace\GameSpace\GameSpace\GameSpace.csproj]
C:\Users\n2029\Desktop\GameSpace\GameSpace\GameSpace\Areas\MiniGame\Services\MiniGamePermissionService.cs(534,56): error CS1061: 'UserRight' 未包含 'IsActive' 的定義，也找不到可接受類型 'UserRight' 第一個引數的可存取擴充方法 'IsActive' (是否遺漏 using 指示詞或組件參考?) [C:\Users\n2029\Desktop\GameSpace\GameSpace\GameSpace\GameSpace.csproj]
C:\Users\n2029\Desktop\GameSpace\GameSpace\GameSpace\Areas\MiniGame\Services\MiniGamePermissionService.cs(534,71): error CS1061: 'UserRight' 未包含 'ExpiresAt' 的定義，也找不到可接受類型 'UserRight' 第一個引數的可存取擴充方法 'ExpiresAt' (是否遺漏 using 指示詞或組件參考?) [C:\Users\n2029\Desktop\GameSpace\GameSpace\GameSpace\GameSpace.csproj]
C:\Users\n2029\Desktop\GameSpace\GameSpace\GameSpace\Areas\MiniGame\Services\MiniGamePermissionService.cs(534,94): error CS1061: 'UserRight' 未包含 'ExpiresAt' 的定義，也找不到可接受類型 'UserRight' 第一個引數的可存取擴充方法 'ExpiresAt' (是否遺漏 using 指示詞或組件參考?) [C:\Users\n2029\Desktop\GameSpace\GameSpace\GameSpace\GameSpace.csproj]
C:\Users\n2029\Desktop\GameSpace\GameSpace\GameSpace\Areas\MiniGame\Services\MiniGamePermissionService.cs(535,57): error CS1061: 'UserRight' 未包含 'ExpiresAt' 的定義，也找不到可接受類型 'UserRight' 第一個引數的可存取擴充方法 'ExpiresAt' (是否遺漏 using 指示詞或組件參考?) [C:\Users\n2029\Desktop\GameSpace\GameSpace\GameSpace\GameSpace.csproj]
C:\Users\n2029\Desktop\GameSpace\GameSpace\GameSpace\Areas\MiniGame\Services\MiniGamePermissionService.cs(535,80): error CS1061: 'UserRight' 未包含 'ExpiresAt' 的定義，也找不到可接受類型 'UserRight' 第一個引數的可存取擴充方法 'ExpiresAt' (是否遺漏 using 指示詞或組件參考?) [C:\Users\n2029\Desktop\GameSpace\GameSpace\GameSpace\GameSpace.csproj]
C:\Users\n2029\Desktop\GameSpace\GameSpace\GameSpace\Areas\MiniGame\Services\MiniGamePermissionService.cs(544,55): error CS1061: 'UserRight' 未包含 'RightType' 的定義，也找不到可接受類型 'UserRight' 第一個引數的可存取擴充方法 'RightType' (是否遺漏 using 指示詞或組件參考?) [C:\Users\n2029\Desktop\GameSpace\GameSpace\GameSpace\GameSpace.csproj]
C:\Users\n2029\Desktop\GameSpace\GameSpace\GameSpace\Areas\MiniGame\Services\MiniGamePermissionService.cs(545,21): error CS0117: 'UserRightSummary' 未包含 'LastRightUpdate' 的定義 [C:\Users\n2029\Desktop\GameSpace\GameSpace\GameSpace\GameSpace.csproj]
C:\Users\n2029\Desktop\GameSpace\GameSpace\GameSpace\Areas\MiniGame\Services\MiniGamePermissionService.cs(545,57): error CS1061: 'UserRight' 未包含 'CreatedAt' 的定義，也找不到可接受類型 'UserRight' 第一個引數的可存取擴充方法 'CreatedAt' (是否遺漏 using 指示詞或組件參考?) [C:\Users\n2029\Desktop\GameSpace\GameSpace\GameSpace\GameSpace.csproj]
C:\Users\n2029\Desktop\GameSpace\GameSpace\GameSpace\Areas\MiniGame\Services\MiniGameAdminService.cs(260,45): error CS1061: 'EVoucherQueryModel' 未包含 'SearchTerm' 的定義，也找不到可接受類型 'EVoucherQueryModel' 第一個引數的可存取擴充方法 'SearchTerm' (是否遺漏 using 指示詞或組件參考?) [C:\Users\n2029\Desktop\GameSpace\GameSpace\GameSpace\GameSpace.csproj]
C:\Users\n2029\Desktop\GameSpace\GameSpace\GameSpace\Areas\MiniGame\Services\MiniGameAdminService.cs(262,81): error CS1061: 'EVoucherQueryModel' 未包含 'SearchTerm' 的定義，也找不到可接受類型 'EVoucherQueryModel' 第一個引數的可存取擴充方法 'SearchTerm' (是否遺漏 using 指示詞或組件參考?) [C:\Users\n2029\Desktop\GameSpace\GameSpace\GameSpace\GameSpace.csproj]
C:\Users\n2029\Desktop\GameSpace\GameSpace\GameSpace\Areas\MiniGame\Services\MiniGameAdminService.cs(274,17): error CS0117: 'PagedResult<Evoucher>' 未包含 'Page' 的定義 [C:\Users\n2029\Desktop\GameSpace\GameSpace\GameSpace\GameSpace.csproj]
C:\Users\n2029\Desktop\GameSpace\GameSpace\GameSpace\Areas\MiniGame\Services\MiniGameAdminService.cs(303,84): error CS1061: 'UserSignInStat' 未包含 'SignInId' 的定義，也找不到可接受類型 'UserSignInStat' 第一個引數的可存取擴充方法 'SignInId' (是否遺漏 using 指示詞或組件參考?) [C:\Users\n2029\Desktop\GameSpace\GameSpace\GameSpace\GameSpace.csproj]
C:\Users\n2029\Desktop\GameSpace\GameSpace\GameSpace\Areas\MiniGame\Services\MiniGameAdminService.cs(324,17): error CS0117: 'PagedResult<UserSignInStat>' 未包含 'Page' 的定義 [C:\Users\n2029\Desktop\GameSpace\GameSpace\GameSpace\GameSpace.csproj]
C:\Users\n2029\Desktop\GameSpace\GameSpace\GameSpace\Areas\MiniGame\Services\MiniGameAdminService.cs(330,48): warning CS1998: 這個非同步方法缺少 'await' 運算子，因此將以同步方式執行。請考慮使用 'await' 運算子等候未封鎖的應用程式開發介面呼叫，或使用 'await Task.Run(...)' 在背景執行緒上執行 CPU-bound 工作。 [C:\Users\n2029\Desktop\GameSpace\GameSpace\GameSpace\GameSpace.csproj]
C:\Users\n2029\Desktop\GameSpace\GameSpace\GameSpace\Areas\MiniGame\Services\MiniGameAdminService.cs(342,26): error CS1501: 方法 'RemoveSignInRecordAsync' 沒有任何多載使用 2 個引數 [C:\Users\n2029\Desktop\GameSpace\GameSpace\GameSpace\GameSpace.csproj]
C:\Users\n2029\Desktop\GameSpace\GameSpace\GameSpace\Areas\MiniGame\Services\MiniGameAdminService.cs(352,20): error CS0029: 無法將類型 'System.Collections.Generic.List<GameSpace.Models.UserSignInStat>' 隱含轉換成 'System.Collections.Generic.List<GameSpace.Areas.MiniGame.Models.ViewModels.SignInRecordReadModel>' [C:\Users\n2029\Desktop\GameSpace\GameSpace\GameSpace\GameSpace.csproj]
C:\Users\n2029\Desktop\GameSpace\GameSpace\GameSpace\Areas\MiniGame\Services\MiniGameAdminService.cs(399,17): error CS0117: 'PetSummary' 未包含 'TotalPets' 的定義 [C:\Users\n2029\Desktop\GameSpace\GameSpace\GameSpace\GameSpace.csproj]
C:\Users\n2029\Desktop\GameSpace\GameSpace\GameSpace\Areas\MiniGame\Services\MiniGameAdminService.cs(400,17): error CS0117: 'PetSummary' 未包含 'AverageLevel' 的定義 [C:\Users\n2029\Desktop\GameSpace\GameSpace\GameSpace\GameSpace.csproj]
C:\Users\n2029\Desktop\GameSpace\GameSpace\GameSpace\Areas\MiniGame\Services\MiniGameAdminService.cs(404,45): warning CS1998: 這個非同步方法缺少 'await' 運算子，因此將以同步方式執行。請考慮使用 'await' 運算子等候未封鎖的應用程式開發介面呼叫，或使用 'await Task.Run(...)' 在背景執行緒上執行 CPU-bound 工作。 [C:\Users\n2029\Desktop\GameSpace\GameSpace\GameSpace\GameSpace.csproj]
C:\Users\n2029\Desktop\GameSpace\GameSpace\GameSpace\Areas\MiniGame\Services\MiniGameAdminService.cs(430,27): error CS1061: 'PetUpdateModel' 未包含 'Happiness' 的定義，也找不到可接受類型 'PetUpdateModel' 第一個引數的可存取擴充方法 'Happiness' (是否遺漏 using 指示詞或組件參考?) [C:\Users\n2029\Desktop\GameSpace\GameSpace\GameSpace\GameSpace.csproj]
C:\Users\n2029\Desktop\GameSpace\GameSpace\GameSpace\Areas\MiniGame\Services\MiniGameAdminService.cs(431,25): error CS1061: 'Pet' 未包含 'Happiness' 的定義，也找不到可接受類型 'Pet' 第一個引數的可存取擴充方法 'Happiness' (是否遺漏 using 指示詞或組件參考?) [C:\Users\n2029\Desktop\GameSpace\GameSpace\GameSpace\GameSpace.csproj]
C:\Users\n2029\Desktop\GameSpace\GameSpace\GameSpace\Areas\MiniGame\Services\MiniGameAdminService.cs(431,43): error CS1061: 'PetUpdateModel' 未包含 'Happiness' 的定義，也找不到可接受類型 'PetUpdateModel' 第一個引數的可存取擴充方法 'Happiness' (是否遺漏 using 指示詞或組件參考?) [C:\Users\n2029\Desktop\GameSpace\GameSpace\GameSpace\GameSpace.csproj]
C:\Users\n2029\Desktop\GameSpace\GameSpace\GameSpace\Areas\MiniGame\Services\MiniGameAdminService.cs(434,27): error CS1061: 'PetUpdateModel' 未包含 'Energy' 的定義，也找不到可接受類型 'PetUpdateModel' 第一個引數的可存取擴充方法 'Energy' (是否遺漏 using 指示詞或組件參考?) [C:\Users\n2029\Desktop\GameSpace\GameSpace\GameSpace\GameSpace.csproj]
C:\Users\n2029\Desktop\GameSpace\GameSpace\GameSpace\Areas\MiniGame\Services\MiniGameAdminService.cs(435,25): error CS1061: 'Pet' 未包含 'Energy' 的定義，也找不到可接受類型 'Pet' 第一個引數的可存取擴充方法 'Energy' (是否遺漏 using 指示詞或組件參考?) [C:\Users\n2029\Desktop\GameSpace\GameSpace\GameSpace\GameSpace.csproj]
C:\Users\n2029\Desktop\GameSpace\GameSpace\GameSpace\Areas\MiniGame\Services\MiniGameAdminService.cs(435,40): error CS1061: 'PetUpdateModel' 未包含 'Energy' 的定義，也找不到可接受類型 'PetUpdateModel' 第一個引數的可存取擴充方法 'Energy' (是否遺漏 using 指示詞或組件參考?) [C:\Users\n2029\Desktop\GameSpace\GameSpace\GameSpace\GameSpace.csproj]
C:\Users\n2029\Desktop\GameSpace\GameSpace\GameSpace\Areas\MiniGame\Services\MiniGameAdminService.cs(445,56): warning CS1998: 這個非同步方法缺少 'await' 運算子，因此將以同步方式執行。請考慮使用 'await' 運算子等候未封鎖的應用程式開發介面呼叫，或使用 'await Task.Run(...)' 在背景執行緒上執行 CPU-bound 工作。 [C:\Users\n2029\Desktop\GameSpace\GameSpace\GameSpace\GameSpace.csproj]
C:\Users\n2029\Desktop\GameSpace\GameSpace\GameSpace\Areas\MiniGame\Services\MiniGameAdminService.cs(450,62): warning CS1998: 這個非同步方法缺少 'await' 運算子，因此將以同步方式執行。請考慮使用 'await' 運算子等候未封鎖的應用程式開發介面呼叫，或使用 'await Task.Run(...)' 在背景執行緒上執行 CPU-bound 工作。 [C:\Users\n2029\Desktop\GameSpace\GameSpace\GameSpace\GameSpace.csproj]
C:\Users\n2029\Desktop\GameSpace\GameSpace\GameSpace\Areas\MiniGame\Services\MiniGameAdminService.cs(491,17): error CS0117: 'GameSummary' 未包含 'TotalGames' 的定義 [C:\Users\n2029\Desktop\GameSpace\GameSpace\GameSpace\GameSpace.csproj]
C:\Users\n2029\Desktop\GameSpace\GameSpace\GameSpace\Areas\MiniGame\Services\MiniGameAdminService.cs(495,46): warning CS1998: 這個非同步方法缺少 'await' 運算子，因此將以同步方式執行。請考慮使用 'await' 運算子等候未封鎖的應用程式開發介面呼叫，或使用 'await Task.Run(...)' 在背景執行緒上執行 CPU-bound 工作。 [C:\Users\n2029\Desktop\GameSpace\GameSpace\GameSpace\GameSpace.csproj]
C:\Users\n2029\Desktop\GameSpace\GameSpace\GameSpace\Areas\MiniGame\Services\MiniGamePermissionService.cs(584,58): error CS1061: 'UserRight' 未包含 'RightName' 的定義，也找不到可接受類型 'UserRight' 第一個引數的可存取擴充方法 'RightName' (是否遺漏 using 指示詞或組件參考?) [C:\Users\n2029\Desktop\GameSpace\GameSpace\GameSpace\GameSpace.csproj]
C:\Users\n2029\Desktop\GameSpace\GameSpace\GameSpace\Areas\MiniGame\Services\MiniGamePermissionService.cs(587,58): error CS1061: 'UserRight' 未包含 'RightType' 的定義，也找不到可接受類型 'UserRight' 第一個引數的可存取擴充方法 'RightType' (是否遺漏 using 指示詞或組件參考?) [C:\Users\n2029\Desktop\GameSpace\GameSpace\GameSpace\GameSpace.csproj]
C:\Users\n2029\Desktop\GameSpace\GameSpace\GameSpace\Areas\MiniGame\Services\MiniGamePermissionService.cs(590,58): error CS1061: 'UserRight' 未包含 'IsActive' 的定義，也找不到可接受類型 'UserRight' 第一個引數的可存取擴充方法 'IsActive' (是否遺漏 using 指示詞或組件參考?) [C:\Users\n2029\Desktop\GameSpace\GameSpace\GameSpace\GameSpace.csproj]
C:\Users\n2029\Desktop\GameSpace\GameSpace\GameSpace\Areas\MiniGame\Services\MiniGamePermissionService.cs(593,58): error CS1061: 'UserRight' 未包含 'CreatedAt' 的定義，也找不到可接受類型 'UserRight' 第一個引數的可存取擴充方法 'CreatedAt' (是否遺漏 using 指示詞或組件參考?) [C:\Users\n2029\Desktop\GameSpace\GameSpace\GameSpace\GameSpace.csproj]
C:\Users\n2029\Desktop\GameSpace\GameSpace\GameSpace\Areas\MiniGame\Services\MiniGamePermissionService.cs(596,58): error CS1061: 'UserRight' 未包含 'CreatedAt' 的定義，也找不到可接受類型 'UserRight' 第一個引數的可存取擴充方法 'CreatedAt' (是否遺漏 using 指示詞或組件參考?) [C:\Users\n2029\Desktop\GameSpace\GameSpace\GameSpace\GameSpace.csproj]
C:\Users\n2029\Desktop\GameSpace\GameSpace\GameSpace\Areas\MiniGame\Services\MiniGamePermissionService.cs(599,58): error CS1061: 'UserRight' 未包含 'ExpiresAt' 的定義，也找不到可接受類型 'UserRight' 第一個引數的可存取擴充方法 'ExpiresAt' (是否遺漏 using 指示詞或組件參考?) [C:\Users\n2029\Desktop\GameSpace\GameSpace\GameSpace\GameSpace.csproj]
C:\Users\n2029\Desktop\GameSpace\GameSpace\GameSpace\Areas\MiniGame\Services\MiniGamePermissionService.cs(602,58): error CS1061: 'UserRight' 未包含 'ExpiresAt' 的定義，也找不到可接受類型 'UserRight' 第一個引數的可存取擴充方法 'ExpiresAt' (是否遺漏 using 指示詞或組件參考?) [C:\Users\n2029\Desktop\GameSpace\GameSpace\GameSpace\GameSpace.csproj]
C:\Users\n2029\Desktop\GameSpace\GameSpace\GameSpace\Areas\MiniGame\Services\MiniGamePermissionService.cs(611,100): error CS1061: 'UserRight' 未包含 'RightName' 的定義，也找不到可接受類型 'UserRight' 第一個引數的可存取擴充方法 'RightName' (是否遺漏 using 指示詞或組件參考?) [C:\Users\n2029\Desktop\GameSpace\GameSpace\GameSpace\GameSpace.csproj]
C:\Users\n2029\Desktop\GameSpace\GameSpace\GameSpace\Areas\MiniGame\Services\MiniGamePermissionService.cs(611,140): error CS1061: 'UserRight' 未包含 'RightName' 的定義，也找不到可接受類型 'UserRight' 第一個引數的可存取擴充方法 'RightName' (是否遺漏 using 指示詞或組件參考?) [C:\Users\n2029\Desktop\GameSpace\GameSpace\GameSpace\GameSpace.csproj]
C:\Users\n2029\Desktop\GameSpace\GameSpace\GameSpace\Areas\MiniGame\Services\MiniGamePermissionService.cs(612,100): error CS1061: 'UserRight' 未包含 'RightType' 的定義，也找不到可接受類型 'UserRight' 第一個引數的可存取擴充方法 'RightType' (是否遺漏 using 指示詞或組件參考?) [C:\Users\n2029\Desktop\GameSpace\GameSpace\GameSpace\GameSpace.csproj]
C:\Users\n2029\Desktop\GameSpace\GameSpace\GameSpace\Areas\MiniGame\Services\MiniGamePermissionService.cs(612,140): error CS1061: 'UserRight' 未包含 'RightType' 的定義，也找不到可接受類型 'UserRight' 第一個引數的可存取擴充方法 'RightType' (是否遺漏 using 指示詞或組件參考?) [C:\Users\n2029\Desktop\GameSpace\GameSpace\GameSpace\GameSpace.csproj]
C:\Users\n2029\Desktop\GameSpace\GameSpace\GameSpace\Areas\MiniGame\Services\MiniGamePermissionService.cs(613,100): error CS1061: 'UserRight' 未包含 'CreatedAt' 的定義，也找不到可接受類型 'UserRight' 第一個引數的可存取擴充方法 'CreatedAt' (是否遺漏 using 指示詞或組件參考?) [C:\Users\n2029\Desktop\GameSpace\GameSpace\GameSpace\GameSpace.csproj]
C:\Users\n2029\Desktop\GameSpace\GameSpace\GameSpace\Areas\MiniGame\Services\MiniGamePermissionService.cs(613,140): error CS1061: 'UserRight' 未包含 'CreatedAt' 的定義，也找不到可接受類型 'UserRight' 第一個引數的可存取擴充方法 'CreatedAt' (是否遺漏 using 指示詞或組件參考?) [C:\Users\n2029\Desktop\GameSpace\GameSpace\GameSpace\GameSpace.csproj]
C:\Users\n2029\Desktop\GameSpace\GameSpace\GameSpace\Areas\MiniGame\Services\MiniGamePermissionService.cs(614,100): error CS1061: 'UserRight' 未包含 'ExpiresAt' 的定義，也找不到可接受類型 'UserRight' 第一個引數的可存取擴充方法 'ExpiresAt' (是否遺漏 using 指示詞或組件參考?) [C:\Users\n2029\Desktop\GameSpace\GameSpace\GameSpace\GameSpace.csproj]
C:\Users\n2029\Desktop\GameSpace\GameSpace\GameSpace\Areas\MiniGame\Services\MiniGamePermissionService.cs(614,140): error CS1061: 'UserRight' 未包含 'ExpiresAt' 的定義，也找不到可接受類型 'UserRight' 第一個引數的可存取擴充方法 'ExpiresAt' (是否遺漏 using 指示詞或組件參考?) [C:\Users\n2029\Desktop\GameSpace\GameSpace\GameSpace\GameSpace.csproj]
C:\Users\n2029\Desktop\GameSpace\GameSpace\GameSpace\Areas\MiniGame\Services\MiniGamePermissionService.cs(615,57): error CS1061: 'UserRight' 未包含 'RightName' 的定義，也找不到可接受類型 'UserRight' 第一個引數的可存取擴充方法 'RightName' (是否遺漏 using 指示詞或組件參考?) [C:\Users\n2029\Desktop\GameSpace\GameSpace\GameSpace\GameSpace.csproj]
C:\Users\n2029\Desktop\GameSpace\GameSpace\GameSpace\Areas\MiniGame\Services\MiniGamePermissionService.cs(620,60): error CS1061: 'UserRight' 未包含 'RightName' 的定義，也找不到可接受類型 'UserRight' 第一個引數的可存取擴充方法 'RightName' (是否遺漏 using 指示詞或組件參考?) [C:\Users\n2029\Desktop\GameSpace\GameSpace\GameSpace\GameSpace.csproj]
C:\Users\n2029\Desktop\GameSpace\GameSpace\GameSpace\Areas\MiniGame\Services\MiniGameAdminService.cs(515,17): error CS0117: 'WalletSummary' 未包含 'TotalUsers' 的定義 [C:\Users\n2029\Desktop\GameSpace\GameSpace\GameSpace\GameSpace.csproj]
C:\Users\n2029\Desktop\GameSpace\GameSpace\GameSpace\Areas\MiniGame\Services\MiniGameAdminService.cs(526,17): error CS0117: 'PagedResult<WalletTransaction>' 未包含 'Page' 的定義 [C:\Users\n2029\Desktop\GameSpace\GameSpace\GameSpace\GameSpace.csproj]
C:\Users\n2029\Desktop\GameSpace\GameSpace\GameSpace\Areas\MiniGame\Services\MiniGameAdminService.cs(521,59): warning CS1998: 這個非同步方法缺少 'await' 運算子，因此將以同步方式執行。請考慮使用 'await' 運算子等候未封鎖的應用程式開發介面呼叫，或使用 'await Task.Run(...)' 在背景執行緒上執行 CPU-bound 工作。 [C:\Users\n2029\Desktop\GameSpace\GameSpace\GameSpace\GameSpace.csproj]
C:\Users\n2029\Desktop\GameSpace\GameSpace\GameSpace\Areas\MiniGame\Services\MiniGameAdminService.cs(538,33): warning CS1998: 這個非同步方法缺少 'await' 運算子，因此將以同步方式執行。請考慮使用 'await' 運算子等候未封鎖的應用程式開發介面呼叫，或使用 'await Task.Run(...)' 在背景執行緒上執行 CPU-bound 工作。 [C:\Users\n2029\Desktop\GameSpace\GameSpace\GameSpace\GameSpace.csproj]
C:\Users\n2029\Desktop\GameSpace\GameSpace\GameSpace\Areas\MiniGame\Services\MiniGameAdminService.cs(548,33): warning CS1998: 這個非同步方法缺少 'await' 運算子，因此將以同步方式執行。請考慮使用 'await' 運算子等候未封鎖的應用程式開發介面呼叫，或使用 'await Task.Run(...)' 在背景執行緒上執行 CPU-bound 工作。 [C:\Users\n2029\Desktop\GameSpace\GameSpace\GameSpace\GameSpace.csproj]
C:\Users\n2029\Desktop\GameSpace\GameSpace\GameSpace\Areas\MiniGame\Services\MiniGameAdminService.cs(558,33): warning CS1998: 這個非同步方法缺少 'await' 運算子，因此將以同步方式執行。請考慮使用 'await' 運算子等候未封鎖的應用程式開發介面呼叫，或使用 'await Task.Run(...)' 在背景執行緒上執行 CPU-bound 工作。 [C:\Users\n2029\Desktop\GameSpace\GameSpace\GameSpace\GameSpace.csproj]
C:\Users\n2029\Desktop\GameSpace\GameSpace\GameSpace\Areas\MiniGame\Services\MiniGamePermissionService.cs(652,21): error CS0117: 'RightTypeInfo' 未包含 'CanExpire' 的定義 [C:\Users\n2029\Desktop\GameSpace\GameSpace\GameSpace\GameSpace.csproj]
C:\Users\n2029\Desktop\GameSpace\GameSpace\GameSpace\Areas\MiniGame\Services\MiniGamePermissionService.cs(653,21): error CS0117: 'RightTypeInfo' 未包含 'CanScope' 的定義 [C:\Users\n2029\Desktop\GameSpace\GameSpace\GameSpace\GameSpace.csproj]
C:\Users\n2029\Desktop\GameSpace\GameSpace\GameSpace\Areas\MiniGame\Services\MiniGamePermissionService.cs(661,21): error CS0117: 'RightTypeInfo' 未包含 'CanExpire' 的定義 [C:\Users\n2029\Desktop\GameSpace\GameSpace\GameSpace\GameSpace.csproj]
C:\Users\n2029\Desktop\GameSpace\GameSpace\GameSpace\Areas\MiniGame\Services\MiniGamePermissionService.cs(662,21): error CS0117: 'RightTypeInfo' 未包含 'CanScope' 的定義 [C:\Users\n2029\Desktop\GameSpace\GameSpace\GameSpace\GameSpace.csproj]
C:\Users\n2029\Desktop\GameSpace\GameSpace\GameSpace\Areas\MiniGame\Services\MiniGamePermissionService.cs(670,21): error CS0117: 'RightTypeInfo' 未包含 'CanExpire' 的定義 [C:\Users\n2029\Desktop\GameSpace\GameSpace\GameSpace\GameSpace.csproj]
C:\Users\n2029\Desktop\GameSpace\GameSpace\GameSpace\Areas\MiniGame\Services\MiniGamePermissionService.cs(671,21): error CS0117: 'RightTypeInfo' 未包含 'CanScope' 的定義 [C:\Users\n2029\Desktop\GameSpace\GameSpace\GameSpace\GameSpace.csproj]
C:\Users\n2029\Desktop\GameSpace\GameSpace\GameSpace\Areas\MiniGame\Services\MiniGamePermissionService.cs(679,21): error CS0117: 'RightTypeInfo' 未包含 'CanExpire' 的定義 [C:\Users\n2029\Desktop\GameSpace\GameSpace\GameSpace\GameSpace.csproj]
C:\Users\n2029\Desktop\GameSpace\GameSpace\GameSpace\Areas\MiniGame\Services\MiniGamePermissionService.cs(680,21): error CS0117: 'RightTypeInfo' 未包含 'CanScope' 的定義 [C:\Users\n2029\Desktop\GameSpace\GameSpace\GameSpace\GameSpace.csproj]
C:\Users\n2029\Desktop\GameSpace\GameSpace\GameSpace\Areas\MiniGame\Services\MiniGamePermissionService.cs(688,21): error CS0117: 'RightTypeInfo' 未包含 'CanExpire' 的定義 [C:\Users\n2029\Desktop\GameSpace\GameSpace\GameSpace\GameSpace.csproj]
C:\Users\n2029\Desktop\GameSpace\GameSpace\GameSpace\Areas\MiniGame\Services\MiniGamePermissionService.cs(689,21): error CS0117: 'RightTypeInfo' 未包含 'CanScope' 的定義 [C:\Users\n2029\Desktop\GameSpace\GameSpace\GameSpace\GameSpace.csproj]
C:\Users\n2029\Desktop\GameSpace\GameSpace\GameSpace\Areas\MiniGame\Services\MiniGamePermissionService.cs(642,48): warning CS1998: 這個非同步方法缺少 'await' 運算子，因此將以同步方式執行。請考慮使用 'await' 運算子等候未封鎖的應用程式開發介面呼叫，或使用 'await Task.Run(...)' 在背景執行緒上執行 CPU-bound 工作。 [C:\Users\n2029\Desktop\GameSpace\GameSpace\GameSpace\GameSpace.csproj]
C:\Users\n2029\Desktop\GameSpace\GameSpace\GameSpace\Areas\MiniGame\Services\MiniGamePermissionService.cs(707,59): error CS1061: 'UserRight' 未包含 'IsActive' 的定義，也找不到可接受類型 'UserRight' 第一個引數的可存取擴充方法 'IsActive' (是否遺漏 using 指示詞或組件參考?) [C:\Users\n2029\Desktop\GameSpace\GameSpace\GameSpace\GameSpace.csproj]
C:\Users\n2029\Desktop\GameSpace\GameSpace\GameSpace\Areas\MiniGame\Services\MiniGamePermissionService.cs(707,74): error CS1061: 'UserRight' 未包含 'ExpiresAt' 的定義，也找不到可接受類型 'UserRight' 第一個引數的可存取擴充方法 'ExpiresAt' (是否遺漏 using 指示詞或組件參考?) [C:\Users\n2029\Desktop\GameSpace\GameSpace\GameSpace\GameSpace.csproj]
C:\Users\n2029\Desktop\GameSpace\GameSpace\GameSpace\Areas\MiniGame\Services\MiniGamePermissionService.cs(707,97): error CS1061: 'UserRight' 未包含 'ExpiresAt' 的定義，也找不到可接受類型 'UserRight' 第一個引數的可存取擴充方法 'ExpiresAt' (是否遺漏 using 指示詞或組件參考?) [C:\Users\n2029\Desktop\GameSpace\GameSpace\GameSpace\GameSpace.csproj]
C:\Users\n2029\Desktop\GameSpace\GameSpace\GameSpace\Areas\MiniGame\Services\MiniGamePermissionService.cs(708,60): error CS1061: 'UserRight' 未包含 'ExpiresAt' 的定義，也找不到可接受類型 'UserRight' 第一個引數的可存取擴充方法 'ExpiresAt' (是否遺漏 using 指示詞或組件參考?) [C:\Users\n2029\Desktop\GameSpace\GameSpace\GameSpace\GameSpace.csproj]
C:\Users\n2029\Desktop\GameSpace\GameSpace\GameSpace\Areas\MiniGame\Services\MiniGamePermissionService.cs(708,83): error CS1061: 'UserRight' 未包含 'ExpiresAt' 的定義，也找不到可接受類型 'UserRight' 第一個引數的可存取擴充方法 'ExpiresAt' (是否遺漏 using 指示詞或組件參考?) [C:\Users\n2029\Desktop\GameSpace\GameSpace\GameSpace\GameSpace.csproj]
C:\Users\n2029\Desktop\GameSpace\GameSpace\GameSpace\Areas\MiniGame\Services\MiniGamePermissionService.cs(711,37): error CS1061: 'UserRight' 未包含 'RightType' 的定義，也找不到可接受類型 'UserRight' 第一個引數的可存取擴充方法 'RightType' (是否遺漏 using 指示詞或組件參考?) [C:\Users\n2029\Desktop\GameSpace\GameSpace\GameSpace\GameSpace.csproj]
C:\Users\n2029\Desktop\GameSpace\GameSpace\GameSpace\Areas\MiniGame\Services\MiniGamePermissionService.cs(715,37): error CS1061: 'UserRight' 未包含 'RightLevel' 的定義，也找不到可接受類型 'UserRight' 第一個引數的可存取擴充方法 'RightLevel' (是否遺漏 using 指示詞或組件參考?) [C:\Users\n2029\Desktop\GameSpace\GameSpace\GameSpace\GameSpace.csproj]
C:\Users\n2029\Desktop\GameSpace\GameSpace\GameSpace\Areas\MiniGame\Services\MiniGamePermissionService.cs(720,21): error CS0117: 'PermissionStatistics' 未包含 'TotalUsers' 的定義 [C:\Users\n2029\Desktop\GameSpace\GameSpace\GameSpace\GameSpace.csproj]
C:\Users\n2029\Desktop\GameSpace\GameSpace\GameSpace\Areas\MiniGame\Services\MiniGamePermissionService.cs(721,21): error CS0117: 'PermissionStatistics' 未包含 'UsersWithRights' 的定義 [C:\Users\n2029\Desktop\GameSpace\GameSpace\GameSpace\GameSpace.csproj]
C:\Users\n2029\Desktop\GameSpace\GameSpace\GameSpace\Areas\MiniGame\Services\MiniGamePermissionService.cs(722,21): error CS0117: 'PermissionStatistics' 未包含 'TotalRights' 的定義 [C:\Users\n2029\Desktop\GameSpace\GameSpace\GameSpace\GameSpace.csproj]
C:\Users\n2029\Desktop\GameSpace\GameSpace\GameSpace\Areas\MiniGame\Services\MiniGamePermissionService.cs(723,21): error CS0117: 'PermissionStatistics' 未包含 'ActiveRights' 的定義 [C:\Users\n2029\Desktop\GameSpace\GameSpace\GameSpace\GameSpace.csproj]
C:\Users\n2029\Desktop\GameSpace\GameSpace\GameSpace\Areas\MiniGame\Services\MiniGamePermissionService.cs(724,21): error CS0117: 'PermissionStatistics' 未包含 'ExpiredRights' 的定義 [C:\Users\n2029\Desktop\GameSpace\GameSpace\GameSpace\GameSpace.csproj]
C:\Users\n2029\Desktop\GameSpace\GameSpace\GameSpace\Areas\MiniGame\Services\MiniGamePermissionService.cs(725,21): error CS0117: 'PermissionStatistics' 未包含 'RightsByType' 的定義 [C:\Users\n2029\Desktop\GameSpace\GameSpace\GameSpace\GameSpace.csproj]
C:\Users\n2029\Desktop\GameSpace\GameSpace\GameSpace\Areas\MiniGame\Services\MiniGamePermissionService.cs(726,21): error CS0117: 'PermissionStatistics' 未包含 'RightsByLevel' 的定義 [C:\Users\n2029\Desktop\GameSpace\GameSpace\GameSpace\GameSpace.csproj]
C:\Users\n2029\Desktop\GameSpace\GameSpace\GameSpace\Areas\MiniGame\Services\MiniGamePermissionService.cs(744,21): error CS0117: 'AdminOperationLog' 未包含 'Operation' 的定義 [C:\Users\n2029\Desktop\GameSpace\GameSpace\GameSpace\GameSpace.csproj]
C:\Users\n2029\Desktop\GameSpace\GameSpace\GameSpace\Areas\MiniGame\Services\MiniGamePermissionService.cs(745,21): error CS0117: 'AdminOperationLog' 未包含 'Details' 的定義 [C:\Users\n2029\Desktop\GameSpace\GameSpace\GameSpace\GameSpace.csproj]
C:\Users\n2029\Desktop\GameSpace\GameSpace\GameSpace\Areas\MiniGame\Services\MiniGamePermissionService.cs(746,21): error CS0117: 'AdminOperationLog' 未包含 'TargetUserId' 的定義 [C:\Users\n2029\Desktop\GameSpace\GameSpace\GameSpace\GameSpace.csproj]
C:\Users\n2029\Desktop\GameSpace\GameSpace\GameSpace\Areas\MiniGame\Services\MiniGamePermissionService.cs(766,27): error CS1061: 'PermissionLogQueryModel' 未包含 'ManagerId' 的定義，也找不到可接受類型 'PermissionLogQueryModel' 第一個引數的可存取擴充方法 'ManagerId' (是否遺漏 using 指示詞或組件參考?) [C:\Users\n2029\Desktop\GameSpace\GameSpace\GameSpace\GameSpace.csproj]
C:\Users\n2029\Desktop\GameSpace\GameSpace\GameSpace\Areas\MiniGame\Services\MiniGamePermissionService.cs(767,79): error CS1061: 'PermissionLogQueryModel' 未包含 'ManagerId' 的定義，也找不到可接受類型 'PermissionLogQueryModel' 第一個引數的可存取擴充方法 'ManagerId' (是否遺漏 using 指示詞或組件參考?) [C:\Users\n2029\Desktop\GameSpace\GameSpace\GameSpace\GameSpace.csproj]
C:\Users\n2029\Desktop\GameSpace\GameSpace\GameSpace\Areas\MiniGame\Services\MiniGamePermissionService.cs(770,60): error CS1061: 'AdminOperationLog' 未包含 'TargetUserId' 的定義，也找不到可接受類型 'AdminOperationLog' 第一個引數的可存取擴充方法 'TargetUserId' (是否遺漏 using 指示詞或組件參考?) [C:\Users\n2029\Desktop\GameSpace\GameSpace\GameSpace\GameSpace.csproj]
C:\Users\n2029\Desktop\GameSpace\GameSpace\GameSpace\Areas\MiniGame\Services\MiniGamePermissionService.cs(772,49): error CS1061: 'PermissionLogQueryModel' 未包含 'Operation' 的定義，也找不到可接受類型 'PermissionLogQueryModel' 第一個引數的可存取擴充方法 'Operation' (是否遺漏 using 指示詞或組件參考?) [C:\Users\n2029\Desktop\GameSpace\GameSpace\GameSpace\GameSpace.csproj]
C:\Users\n2029\Desktop\GameSpace\GameSpace\GameSpace\Areas\MiniGame\Services\MiniGamePermissionService.cs(773,60): error CS1061: 'AdminOperationLog' 未包含 'Operation' 的定義，也找不到可接受類型 'AdminOperationLog' 第一個引數的可存取擴充方法 'Operation' (是否遺漏 using 指示詞或組件參考?) [C:\Users\n2029\Desktop\GameSpace\GameSpace\GameSpace\GameSpace.csproj]
C:\Users\n2029\Desktop\GameSpace\GameSpace\GameSpace\Areas\MiniGame\Services\MiniGamePermissionService.cs(773,85): error CS1061: 'PermissionLogQueryModel' 未包含 'Operation' 的定義，也找不到可接受類型 'PermissionLogQueryModel' 第一個引數的可存取擴充方法 'Operation' (是否遺漏 using 指示詞或組件參考?) [C:\Users\n2029\Desktop\GameSpace\GameSpace\GameSpace\GameSpace.csproj]
C:\Users\n2029\Desktop\GameSpace\GameSpace\GameSpace\Areas\MiniGame\Services\MiniGamePermissionService.cs(775,27): error CS1061: 'PermissionLogQueryModel' 未包含 'FromDate' 的定義，也找不到可接受類型 'PermissionLogQueryModel' 第一個引數的可存取擴充方法 'FromDate' (是否遺漏 using 指示詞或組件參考?) [C:\Users\n2029\Desktop\GameSpace\GameSpace\GameSpace\GameSpace.csproj]
C:\Users\n2029\Desktop\GameSpace\GameSpace\GameSpace\Areas\MiniGame\Services\MiniGamePermissionService.cs(776,83): error CS1061: 'PermissionLogQueryModel' 未包含 'FromDate' 的定義，也找不到可接受類型 'PermissionLogQueryModel' 第一個引數的可存取擴充方法 'FromDate' (是否遺漏 using 指示詞或組件參考?) [C:\Users\n2029\Desktop\GameSpace\GameSpace\GameSpace\GameSpace.csproj]
C:\Users\n2029\Desktop\GameSpace\GameSpace\GameSpace\Areas\MiniGame\Services\MiniGamePermissionService.cs(778,27): error CS1061: 'PermissionLogQueryModel' 未包含 'ToDate' 的定義，也找不到可接受類型 'PermissionLogQueryModel' 第一個引數的可存取擴充方法 'ToDate' (是否遺漏 using 指示詞或組件參考?) [C:\Users\n2029\Desktop\GameSpace\GameSpace\GameSpace\GameSpace.csproj]
C:\Users\n2029\Desktop\GameSpace\GameSpace\GameSpace\Areas\MiniGame\Services\MiniGamePermissionService.cs(779,83): error CS1061: 'PermissionLogQueryModel' 未包含 'ToDate' 的定義，也找不到可接受類型 'PermissionLogQueryModel' 第一個引數的可存取擴充方法 'ToDate' (是否遺漏 using 指示詞或組件參考?) [C:\Users\n2029\Desktop\GameSpace\GameSpace\GameSpace\GameSpace.csproj]
C:\Users\n2029\Desktop\GameSpace\GameSpace\GameSpace\Areas\MiniGame\Services\MiniGamePermissionService.cs(789,37): error CS1061: 'AdminOperationLog' 未包含 'OperationLogId' 的定義，也找不到可接受類型 'AdminOperationLog' 第一個引數的可存取擴充方法 'OperationLogId' (是否遺漏 using 指示詞或組件參考?) [C:\Users\n2029\Desktop\GameSpace\GameSpace\GameSpace\GameSpace.csproj]
C:\Users\n2029\Desktop\GameSpace\GameSpace\GameSpace\Areas\MiniGame\Services\MiniGamePermissionService.cs(790,25): error CS0117: 'PermissionOperationLog' 未包含 'ManagerId' 的定義 [C:\Users\n2029\Desktop\GameSpace\GameSpace\GameSpace\GameSpace.csproj]
C:\Users\n2029\Desktop\GameSpace\GameSpace\GameSpace\Areas\MiniGame\Services\MiniGamePermissionService.cs(791,25): error CS0117: 'PermissionOperationLog' 未包含 'ManagerName' 的定義 [C:\Users\n2029\Desktop\GameSpace\GameSpace\GameSpace\GameSpace.csproj]
C:\Users\n2029\Desktop\GameSpace\GameSpace\GameSpace\Areas\MiniGame\Services\MiniGamePermissionService.cs(792,44): error CS1061: 'AdminOperationLog' 未包含 'TargetUserId' 的定義，也找不到可接受類型 'AdminOperationLog' 第一個引數的可存取擴充方法 'TargetUserId' (是否遺漏 using 指示詞或組件參考?) [C:\Users\n2029\Desktop\GameSpace\GameSpace\GameSpace\GameSpace.csproj]
C:\Users\n2029\Desktop\GameSpace\GameSpace\GameSpace\Areas\MiniGame\Services\MiniGamePermissionService.cs(794,25): error CS0117: 'PermissionOperationLog' 未包含 'Operation' 的定義 [C:\Users\n2029\Desktop\GameSpace\GameSpace\GameSpace\GameSpace.csproj]
C:\Users\n2029\Desktop\GameSpace\GameSpace\GameSpace\Areas\MiniGame\Services\MiniGamePermissionService.cs(794,41): error CS1061: 'AdminOperationLog' 未包含 'Operation' 的定義，也找不到可接受類型 'AdminOperationLog' 第一個引數的可存取擴充方法 'Operation' (是否遺漏 using 指示詞或組件參考?) [C:\Users\n2029\Desktop\GameSpace\GameSpace\GameSpace\GameSpace.csproj]
C:\Users\n2029\Desktop\GameSpace\GameSpace\GameSpace\Areas\MiniGame\Services\MiniGamePermissionService.cs(795,25): error CS0117: 'PermissionOperationLog' 未包含 'Details' 的定義 [C:\Users\n2029\Desktop\GameSpace\GameSpace\GameSpace\GameSpace.csproj]
C:\Users\n2029\Desktop\GameSpace\GameSpace\GameSpace\Areas\MiniGame\Services\MiniGamePermissionService.cs(795,39): error CS1061: 'AdminOperationLog' 未包含 'Details' 的定義，也找不到可接受類型 'AdminOperationLog' 第一個引數的可存取擴充方法 'Details' (是否遺漏 using 指示詞或組件參考?) [C:\Users\n2029\Desktop\GameSpace\GameSpace\GameSpace\GameSpace.csproj]
C:\Users\n2029\Desktop\GameSpace\GameSpace\GameSpace\Areas\MiniGame\Services\MiniGamePermissionService.cs(797,37): warning CS8601: 可能有 Null 參考指派。 [C:\Users\n2029\Desktop\GameSpace\GameSpace\GameSpace\GameSpace.csproj]
C:\Users\n2029\Desktop\GameSpace\GameSpace\GameSpace\Views\Shared\_Layout.cshtml(22,6): warning MVC1000: Use of IHtmlHelper.Partial may result in application deadlocks. Consider using <partial> Tag Helper or IHtmlHelper.PartialAsync. [C:\Users\n2029\Desktop\GameSpace\GameSpace\GameSpace\GameSpace.csproj]
C:\Users\n2029\Desktop\GameSpace\GameSpace\GameSpace\Views\Shared\_Layout.cshtml(29,18): warning MVC1000: Use of IHtmlHelper.Partial may result in application deadlocks. Consider using <partial> Tag Helper or IHtmlHelper.PartialAsync. [C:\Users\n2029\Desktop\GameSpace\GameSpace\GameSpace\GameSpace.csproj]
C:\Users\n2029\Desktop\GameSpace\GameSpace\GameSpace\Views\Shared\_Layout.cshtml(44,14): warning MVC1000: Use of IHtmlHelper.Partial may result in application deadlocks. Consider using <partial> Tag Helper or IHtmlHelper.PartialAsync. [C:\Users\n2029\Desktop\GameSpace\GameSpace\GameSpace\GameSpace.csproj]
C:\Users\n2029\Desktop\GameSpace\GameSpace\GameSpace\Areas\social_hub\Views\Shared\_Layout.cshtml(36,6): warning MVC1000: Use of IHtmlHelper.Partial may result in application deadlocks. Consider using <partial> Tag Helper or IHtmlHelper.PartialAsync. [C:\Users\n2029\Desktop\GameSpace\GameSpace\GameSpace\GameSpace.csproj]
C:\Users\n2029\Desktop\GameSpace\GameSpace\GameSpace\Areas\social_hub\Views\Shared\_Layout.cshtml(42,18): warning MVC1000: Use of IHtmlHelper.Partial may result in application deadlocks. Consider using <partial> Tag Helper or IHtmlHelper.PartialAsync. [C:\Users\n2029\Desktop\GameSpace\GameSpace\GameSpace\GameSpace.csproj]
C:\Users\n2029\Desktop\GameSpace\GameSpace\GameSpace\Areas\social_hub\Views\Shared\_Layout.cshtml(56,14): warning MVC1000: Use of IHtmlHelper.Partial may result in application deadlocks. Consider using <partial> Tag Helper or IHtmlHelper.PartialAsync. [C:\Users\n2029\Desktop\GameSpace\GameSpace\GameSpace\GameSpace.csproj]
C:\Users\n2029\Desktop\GameSpace\GameSpace\GameSpace\Areas\OnlineStore\Views\Shared\_Layout.cshtml(18,6): warning MVC1000: Use of IHtmlHelper.Partial may result in application deadlocks. Consider using <partial> Tag Helper or IHtmlHelper.PartialAsync. [C:\Users\n2029\Desktop\GameSpace\GameSpace\GameSpace\GameSpace.csproj]
C:\Users\n2029\Desktop\GameSpace\GameSpace\GameSpace\Areas\OnlineStore\Views\Shared\_Layout.cshtml(25,18): warning MVC1000: Use of IHtmlHelper.Partial may result in application deadlocks. Consider using <partial> Tag Helper or IHtmlHelper.PartialAsync. [C:\Users\n2029\Desktop\GameSpace\GameSpace\GameSpace\GameSpace.csproj]
C:\Users\n2029\Desktop\GameSpace\GameSpace\GameSpace\Areas\OnlineStore\Views\Shared\_Layout.cshtml(32,14): warning MVC1000: Use of IHtmlHelper.Partial may result in application deadlocks. Consider using <partial> Tag Helper or IHtmlHelper.PartialAsync. [C:\Users\n2029\Desktop\GameSpace\GameSpace\GameSpace\GameSpace.csproj]
C:\Users\n2029\Desktop\GameSpace\GameSpace\GameSpace\Areas\OnlineStore\Views\Shared\_Layout.cshtml(40,14): warning MVC1000: Use of IHtmlHelper.Partial may result in application deadlocks. Consider using <partial> Tag Helper or IHtmlHelper.PartialAsync. [C:\Users\n2029\Desktop\GameSpace\GameSpace\GameSpace\GameSpace.csproj]
C:\Users\n2029\Desktop\GameSpace\GameSpace\GameSpace\Areas\MemberManagement\Views\Shared\_Layout.cshtml(19,6): warning MVC1000: Use of IHtmlHelper.Partial may result in application deadlocks. Consider using <partial> Tag Helper or IHtmlHelper.PartialAsync. [C:\Users\n2029\Desktop\GameSpace\GameSpace\GameSpace\GameSpace.csproj]
C:\Users\n2029\Desktop\GameSpace\GameSpace\GameSpace\Areas\MemberManagement\Views\Shared\_Layout.cshtml(49,14): warning MVC1000: Use of IHtmlHelper.Partial may result in application deadlocks. Consider using <partial> Tag Helper or IHtmlHelper.PartialAsync. [C:\Users\n2029\Desktop\GameSpace\GameSpace\GameSpace\GameSpace.csproj]
C:\Users\n2029\Desktop\GameSpace\GameSpace\GameSpace\Areas\MemberManagement\Views\Shared\_Layout.cshtml(57,14): warning MVC1000: Use of IHtmlHelper.Partial may result in application deadlocks. Consider using <partial> Tag Helper or IHtmlHelper.PartialAsync. [C:\Users\n2029\Desktop\GameSpace\GameSpace\GameSpace\GameSpace.csproj]
C:\Users\n2029\Desktop\GameSpace\GameSpace\GameSpace\Areas\MemberManagement\Controllers\UserController.cs(57,236): warning MVC1004: Property on type 'UserController' has the same name as parameter 'user'. This may result in incorrect model binding. Consider renaming the parameter or the property to avoid conflicts. If the type 'UserController' has a custom type converter or custom model binder, you can suppress this message. (https://aka.ms/AA20pbc) [C:\Users\n2029\Desktop\GameSpace\GameSpace\GameSpace\GameSpace.csproj]

建置失敗。

C:\Users\n2029\Desktop\GameSpace\GameSpace\GameSpace\Areas\Forum\Controllers\AdminPostsController.cs(28,29): warning CS8601: 可能有 Null 參考指派。 [C:\Users\n2029\Desktop\GameSpace\GameSpace\GameSpace\GameSpace.csproj]
C:\Users\n2029\Desktop\GameSpace\GameSpace\GameSpace\Areas\Forum\Controllers\AdminPostsController.cs(78,25): warning CS8601: 可能有 Null 參考指派。 [C:\Users\n2029\Desktop\GameSpace\GameSpace\GameSpace\GameSpace.csproj]
C:\Users\n2029\Desktop\GameSpace\GameSpace\GameSpace\Areas\MemberManagement\Models\ManagerRoleEntry.cs(19,23): warning CS8618: 退出建構函式時，不可為 Null 的 屬性 'ManagerDatum' 必須包含非 Null 值。請考慮新增 'required' 修飾元，或將 屬性 宣告為可以為 Null。 [C:\Users\n2029\Desktop\GameSpace\GameSpace\GameSpace\GameSpace.csproj]
C:\Users\n2029\Desktop\GameSpace\GameSpace\GameSpace\Areas\MemberManagement\Models\ManagerRoleEntry.cs(22,32): warning CS8618: 退出建構函式時，不可為 Null 的 屬性 'ManagerRolePermission' 必須包含非 Null 值。請考慮新增 'required' 修飾元，或將 屬性 宣告為可以為 Null。 [C:\Users\n2029\Desktop\GameSpace\GameSpace\GameSpace\GameSpace.csproj]
C:\Users\n2029\Desktop\GameSpace\GameSpace\GameSpace\Areas\Forum\Controllers\AdminPostsController.cs(186,29): warning CS8601: 可能有 Null 參考指派。 [C:\Users\n2029\Desktop\GameSpace\GameSpace\GameSpace\GameSpace.csproj]
C:\Users\n2029\Desktop\GameSpace\GameSpace\GameSpace\Areas\Forum\Controllers\ImportsController.cs(56,60): warning CS8602: 可能 null 參考的取值 (dereference)。 [C:\Users\n2029\Desktop\GameSpace\GameSpace\GameSpace\GameSpace.csproj]
C:\Users\n2029\Desktop\GameSpace\GameSpace\GameSpace\Areas\Forum\Controllers\ImportsController.cs(58,60): warning CS8602: 可能 null 參考的取值 (dereference)。 [C:\Users\n2029\Desktop\GameSpace\GameSpace\GameSpace\GameSpace.csproj]
C:\Users\n2029\Desktop\GameSpace\GameSpace\GameSpace\Areas\Forum\Controllers\ThreadsController.cs(31,42): warning CS8602: 可能 null 參考的取值 (dereference)。 [C:\Users\n2029\Desktop\GameSpace\GameSpace\GameSpace\GameSpace.csproj]
C:\Users\n2029\Desktop\GameSpace\GameSpace\GameSpace\Areas\Forum\Controllers\ThreadsController.cs(69,42): warning CS8602: 可能 null 參考的取值 (dereference)。 [C:\Users\n2029\Desktop\GameSpace\GameSpace\GameSpace\GameSpace.csproj]
C:\Users\n2029\Desktop\GameSpace\GameSpace\GameSpace\Areas\Forum\Controllers\ThreadsController.cs(85,29): warning CS8601: 可能有 Null 參考指派。 [C:\Users\n2029\Desktop\GameSpace\GameSpace\GameSpace\GameSpace.csproj]
C:\Users\n2029\Desktop\GameSpace\GameSpace\GameSpace\Areas\Forum\Controllers\ThreadsController.cs(86,30): warning CS8601: 可能有 Null 參考指派。 [C:\Users\n2029\Desktop\GameSpace\GameSpace\GameSpace\GameSpace.csproj]
C:\Users\n2029\Desktop\GameSpace\GameSpace\GameSpace\Areas\Forum\Controllers\ThreadsController.cs(119,26): warning CS8600: 正在將 Null 常值或可能的 Null 值轉換為不可為 Null 的型別。 [C:\Users\n2029\Desktop\GameSpace\GameSpace\GameSpace\GameSpace.csproj]
C:\Users\n2029\Desktop\GameSpace\GameSpace\GameSpace\Areas\Forum\Views\Reports\History.cshtml(140,63): warning CS8604: 'IEnumerable<string> Enumerable.Select<DailyIndexVm, string>(IEnumerable<DailyIndexVm> source, Func<DailyIndexVm, string> selector)' 中的參數 'source' 可能有 Null 參考引數。 [C:\Users\n2029\Desktop\GameSpace\GameSpace\GameSpace\GameSpace.csproj]
C:\Users\n2029\Desktop\GameSpace\GameSpace\GameSpace\Areas\Forum\Controllers\GamesController.cs(25,42): warning CS8602: 可能 null 參考的取值 (dereference)。 [C:\Users\n2029\Desktop\GameSpace\GameSpace\GameSpace\GameSpace.csproj]
C:\Users\n2029\Desktop\GameSpace\GameSpace\GameSpace\Areas\Forum\Controllers\GamesController.cs(47,24): warning CS8601: 可能有 Null 參考指派。 [C:\Users\n2029\Desktop\GameSpace\GameSpace\GameSpace\GameSpace.csproj]
C:\Users\n2029\Desktop\GameSpace\GameSpace\GameSpace\Views\Shared\_AdminLoginPartial.cshtml(7,28): warning CS8604: 'Task<AuthenticateResult> AuthenticationHttpContextExtensions.AuthenticateAsync(HttpContext context, string? scheme)' 中的參數 'context' 可能有 Null 參考引數。 [C:\Users\n2029\Desktop\GameSpace\GameSpace\GameSpace\GameSpace.csproj]
C:\Users\n2029\Desktop\GameSpace\GameSpace\GameSpace\Areas\Forum\Controllers\GamesController.cs(107,24): warning CS8601: 可能有 Null 參考指派。 [C:\Users\n2029\Desktop\GameSpace\GameSpace\GameSpace\GameSpace.csproj]
C:\Users\n2029\Desktop\GameSpace\GameSpace\GameSpace\Areas\Forum\Controllers\ThreadsController.cs(154,33): warning CS8601: 可能有 Null 參考指派。 [C:\Users\n2029\Desktop\GameSpace\GameSpace\GameSpace\GameSpace.csproj]
C:\Users\n2029\Desktop\GameSpace\GameSpace\GameSpace\Areas\Forum\Controllers\ThreadsController.cs(156,30): warning CS8601: 可能有 Null 參考指派。 [C:\Users\n2029\Desktop\GameSpace\GameSpace\GameSpace\GameSpace.csproj]
C:\Users\n2029\Desktop\GameSpace\GameSpace\GameSpace\Areas\Forum\Controllers\ImportsController.cs(245,89): warning CS8602: 可能 null 參考的取值 (dereference)。 [C:\Users\n2029\Desktop\GameSpace\GameSpace\GameSpace\GameSpace.csproj]
C:\Users\n2029\Desktop\GameSpace\GameSpace\GameSpace\Areas\Forum\Controllers\ImportsController.cs(246,82): warning CS8602: 可能 null 參考的取值 (dereference)。 [C:\Users\n2029\Desktop\GameSpace\GameSpace\GameSpace\GameSpace.csproj]
C:\Users\n2029\Desktop\GameSpace\GameSpace\GameSpace\Areas\Forum\Controllers\ThreadsController.cs(180,26): warning CS8600: 正在將 Null 常值或可能的 Null 值轉換為不可為 Null 的型別。 [C:\Users\n2029\Desktop\GameSpace\GameSpace\GameSpace\GameSpace.csproj]
C:\Users\n2029\Desktop\GameSpace\GameSpace\GameSpace\Areas\MemberManagement\Controllers\ManagerDataController.cs(156,39): warning CS0162: 偵測到執行不到的程式碼 [C:\Users\n2029\Desktop\GameSpace\GameSpace\GameSpace\GameSpace.csproj]
C:\Users\n2029\Desktop\GameSpace\GameSpace\GameSpace\Areas\Forum\Controllers\ImportsController.cs(329,93): warning CS8602: 可能 null 參考的取值 (dereference)。 [C:\Users\n2029\Desktop\GameSpace\GameSpace\GameSpace\GameSpace.csproj]
C:\Users\n2029\Desktop\GameSpace\GameSpace\GameSpace\Areas\Forum\Controllers\ImportsController.cs(330,86): warning CS8602: 可能 null 參考的取值 (dereference)。 [C:\Users\n2029\Desktop\GameSpace\GameSpace\GameSpace\GameSpace.csproj]
C:\Users\n2029\Desktop\GameSpace\GameSpace\GameSpace\Areas\Forum\Controllers\ImportsController.cs(428,59): warning CS8602: 可能 null 參考的取值 (dereference)。 [C:\Users\n2029\Desktop\GameSpace\GameSpace\GameSpace\GameSpace.csproj]
C:\Users\n2029\Desktop\GameSpace\GameSpace\GameSpace\Areas\Forum\Controllers\ImportsController.cs(430,59): warning CS8602: 可能 null 參考的取值 (dereference)。 [C:\Users\n2029\Desktop\GameSpace\GameSpace\GameSpace\GameSpace.csproj]
C:\Users\n2029\Desktop\GameSpace\GameSpace\GameSpace\Areas\MiniGame\Services\UserWalletService.cs(58,20): warning CS8603: 可能有 Null 參考傳回。 [C:\Users\n2029\Desktop\GameSpace\GameSpace\GameSpace\GameSpace.csproj]
C:\Users\n2029\Desktop\GameSpace\GameSpace\GameSpace\Areas\Forum\Controllers\ImportsController.cs(529,41): warning CS8602: 可能 null 參考的取值 (dereference)。 [C:\Users\n2029\Desktop\GameSpace\GameSpace\GameSpace\GameSpace.csproj]
C:\Users\n2029\Desktop\GameSpace\GameSpace\GameSpace\Areas\Forum\Controllers\ImportsController.cs(531,41): warning CS8602: 可能 null 參考的取值 (dereference)。 [C:\Users\n2029\Desktop\GameSpace\GameSpace\GameSpace\GameSpace.csproj]
C:\Users\n2029\Desktop\GameSpace\GameSpace\GameSpace\Areas\OnlineStore\Controllers\ProductInfoesController.cs(565,18): warning CS8602: 可能 null 參考的取值 (dereference)。 [C:\Users\n2029\Desktop\GameSpace\GameSpace\GameSpace\GameSpace.csproj]
C:\Users\n2029\Desktop\GameSpace\GameSpace\GameSpace\Areas\OnlineStore\Controllers\ProductInfoesController.cs(569,15): warning CS8602: 可能 null 參考的取值 (dereference)。 [C:\Users\n2029\Desktop\GameSpace\GameSpace\GameSpace\GameSpace.csproj]
C:\Users\n2029\Desktop\GameSpace\GameSpace\GameSpace\Controllers\LoginController.cs(285,20): warning CS8604: 'bool Enumerable.Any<ManagerRolePermission>(IEnumerable<ManagerRolePermission> source, Func<ManagerRolePermission, bool> predicate)' 中的參數 'source' 可能有 Null 參考引數。 [C:\Users\n2029\Desktop\GameSpace\GameSpace\GameSpace\GameSpace.csproj]
C:\Users\n2029\Desktop\GameSpace\GameSpace\GameSpace\Areas\Forum\Controllers\MetricController.cs(32,50): warning CS8602: 可能 null 參考的取值 (dereference)。 [C:\Users\n2029\Desktop\GameSpace\GameSpace\GameSpace\GameSpace.csproj]
C:\Users\n2029\Desktop\GameSpace\GameSpace\GameSpace\Areas\Forum\Controllers\MetricController.cs(40,34): warning CS8601: 可能有 Null 參考指派。 [C:\Users\n2029\Desktop\GameSpace\GameSpace\GameSpace\GameSpace.csproj]
C:\Users\n2029\Desktop\GameSpace\GameSpace\GameSpace\Areas\Forum\Controllers\MetricController.cs(41,28): warning CS8601: 可能有 Null 參考指派。 [C:\Users\n2029\Desktop\GameSpace\GameSpace\GameSpace\GameSpace.csproj]
C:\Users\n2029\Desktop\GameSpace\GameSpace\GameSpace\Areas\Forum\Controllers\MappingsController.cs(29,81): warning CS8602: 可能 null 參考的取值 (dereference)。 [C:\Users\n2029\Desktop\GameSpace\GameSpace\GameSpace\GameSpace.csproj]
C:\Users\n2029\Desktop\GameSpace\GameSpace\GameSpace\Areas\Forum\Controllers\MappingsController.cs(38,32): warning CS8601: 可能有 Null 參考指派。 [C:\Users\n2029\Desktop\GameSpace\GameSpace\GameSpace\GameSpace.csproj]
C:\Users\n2029\Desktop\GameSpace\GameSpace\GameSpace\Areas\Forum\Controllers\MappingsController.cs(40,34): warning CS8601: 可能有 Null 參考指派。 [C:\Users\n2029\Desktop\GameSpace\GameSpace\GameSpace\GameSpace.csproj]
C:\Users\n2029\Desktop\GameSpace\GameSpace\GameSpace\Areas\Forum\Controllers\MappingsController.cs(41,35): warning CS8601: 可能有 Null 參考指派。 [C:\Users\n2029\Desktop\GameSpace\GameSpace\GameSpace\GameSpace.csproj]
C:\Users\n2029\Desktop\GameSpace\GameSpace\GameSpace\Areas\Forum\Controllers\MetricController.cs(140,24): warning CS8601: 可能有 Null 參考指派。 [C:\Users\n2029\Desktop\GameSpace\GameSpace\GameSpace\GameSpace.csproj]
C:\Users\n2029\Desktop\GameSpace\GameSpace\GameSpace\Areas\Forum\Controllers\MappingsController.cs(91,31): warning CS8601: 可能有 Null 參考指派。 [C:\Users\n2029\Desktop\GameSpace\GameSpace\GameSpace\GameSpace.csproj]
C:\Users\n2029\Desktop\GameSpace\GameSpace\GameSpace\Areas\MiniGame\Controllers\AdminController.cs(108,35): warning CS8601: 可能有 Null 參考指派。 [C:\Users\n2029\Desktop\GameSpace\GameSpace\GameSpace\GameSpace.csproj]
C:\Users\n2029\Desktop\GameSpace\GameSpace\GameSpace\Areas\OnlineStore\Controllers\OrderDetailController.cs(309,18): warning CS8601: 可能有 Null 參考指派。 [C:\Users\n2029\Desktop\GameSpace\GameSpace\GameSpace\GameSpace.csproj]
C:\Users\n2029\Desktop\GameSpace\GameSpace\GameSpace\Areas\OnlineStore\Controllers\OrderDetailController.cs(310,14): warning CS8601: 可能有 Null 參考指派。 [C:\Users\n2029\Desktop\GameSpace\GameSpace\GameSpace\GameSpace.csproj]
C:\Users\n2029\Desktop\GameSpace\GameSpace\GameSpace\Areas\OnlineStore\Controllers\OrderDetailController.cs(311,16): warning CS8601: 可能有 Null 參考指派。 [C:\Users\n2029\Desktop\GameSpace\GameSpace\GameSpace\GameSpace.csproj]
C:\Users\n2029\Desktop\GameSpace\GameSpace\GameSpace\Areas\OnlineStore\Controllers\OrderDetailController.cs(312,17): warning CS8601: 可能有 Null 參考指派。 [C:\Users\n2029\Desktop\GameSpace\GameSpace\GameSpace\GameSpace.csproj]
C:\Users\n2029\Desktop\GameSpace\GameSpace\GameSpace\Areas\OnlineStore\Controllers\OrderDetailController.cs(314,13): warning CS8601: 可能有 Null 參考指派。 [C:\Users\n2029\Desktop\GameSpace\GameSpace\GameSpace\GameSpace.csproj]
C:\Users\n2029\Desktop\GameSpace\GameSpace\GameSpace\Areas\OnlineStore\Controllers\OrderDetailController.cs(315,16): warning CS8601: 可能有 Null 參考指派。 [C:\Users\n2029\Desktop\GameSpace\GameSpace\GameSpace\GameSpace.csproj]
C:\Users\n2029\Desktop\GameSpace\GameSpace\GameSpace\Areas\OnlineStore\Controllers\OrderDetailController.cs(322,22): warning CS8601: 可能有 Null 參考指派。 [C:\Users\n2029\Desktop\GameSpace\GameSpace\GameSpace\GameSpace.csproj]
C:\Users\n2029\Desktop\GameSpace\GameSpace\GameSpace\Areas\OnlineStore\Controllers\OrderDetailController.cs(323,18): warning CS8601: 可能有 Null 參考指派。 [C:\Users\n2029\Desktop\GameSpace\GameSpace\GameSpace\GameSpace.csproj]
C:\Users\n2029\Desktop\GameSpace\GameSpace\GameSpace\Areas\OnlineStore\Controllers\OrderDetailController.cs(324,20): warning CS8601: 可能有 Null 參考指派。 [C:\Users\n2029\Desktop\GameSpace\GameSpace\GameSpace\GameSpace.csproj]
C:\Users\n2029\Desktop\GameSpace\GameSpace\GameSpace\Areas\OnlineStore\Controllers\OrderDetailController.cs(325,21): warning CS8601: 可能有 Null 參考指派。 [C:\Users\n2029\Desktop\GameSpace\GameSpace\GameSpace\GameSpace.csproj]
C:\Users\n2029\Desktop\GameSpace\GameSpace\GameSpace\Areas\OnlineStore\Controllers\OrderDetailController.cs(327,17): warning CS8601: 可能有 Null 參考指派。 [C:\Users\n2029\Desktop\GameSpace\GameSpace\GameSpace\GameSpace.csproj]
C:\Users\n2029\Desktop\GameSpace\GameSpace\GameSpace\Areas\OnlineStore\Controllers\OrderDetailController.cs(328,20): warning CS8601: 可能有 Null 參考指派。 [C:\Users\n2029\Desktop\GameSpace\GameSpace\GameSpace\GameSpace.csproj]
C:\Users\n2029\Desktop\GameSpace\GameSpace\GameSpace\Areas\Forum\Controllers\ReportsController.cs(213,72): warning CS8601: 可能有 Null 參考指派。 [C:\Users\n2029\Desktop\GameSpace\GameSpace\GameSpace\GameSpace.csproj]
C:\Users\n2029\Desktop\GameSpace\GameSpace\GameSpace\Areas\Forum\Controllers\ReportsController.cs(226,72): warning CS8601: 可能有 Null 參考指派。 [C:\Users\n2029\Desktop\GameSpace\GameSpace\GameSpace\GameSpace.csproj]
C:\Users\n2029\Desktop\GameSpace\GameSpace\GameSpace\Areas\Forum\Controllers\ReportsController.cs(234,47): warning CS8629: 可為 Null 的實值型別可為 Null。 [C:\Users\n2029\Desktop\GameSpace\GameSpace\GameSpace\GameSpace.csproj]
C:\Users\n2029\Desktop\GameSpace\GameSpace\GameSpace\Areas\Forum\Controllers\ReportsController.cs(242,32): warning CS8601: 可能有 Null 參考指派。 [C:\Users\n2029\Desktop\GameSpace\GameSpace\GameSpace\GameSpace.csproj]
C:\Users\n2029\Desktop\GameSpace\GameSpace\GameSpace\Areas\OnlineStore\Controllers\ProductInfoesController.cs(1064,20): warning CS8601: 可能有 Null 參考指派。 [C:\Users\n2029\Desktop\GameSpace\GameSpace\GameSpace\GameSpace.csproj]
C:\Users\n2029\Desktop\GameSpace\GameSpace\GameSpace\Areas\OnlineStore\Controllers\ProductInfoesController.cs(1066,21): warning CS8601: 可能有 Null 參考指派。 [C:\Users\n2029\Desktop\GameSpace\GameSpace\GameSpace\GameSpace.csproj]
C:\Users\n2029\Desktop\GameSpace\GameSpace\GameSpace\Areas\social_hub\Controllers\MessageCenterController.cs(57,21): warning CS8604: 'Task<AuthenticateResult> AuthenticationHttpContextExtensions.AuthenticateAsync(HttpContext context, string? scheme)' 中的參數 'context' 可能有 Null 參考引數。 [C:\Users\n2029\Desktop\GameSpace\GameSpace\GameSpace\GameSpace.csproj]
C:\Users\n2029\Desktop\GameSpace\GameSpace\GameSpace\Areas\MiniGame\Controllers\AdminManagerController.cs(169,42): warning CS1998: 這個非同步方法缺少 'await' 運算子，因此將以同步方式執行。請考慮使用 'await' 運算子等候未封鎖的應用程式開發介面呼叫，或使用 'await Task.Run(...)' 在背景執行緒上執行 CPU-bound 工作。 [C:\Users\n2029\Desktop\GameSpace\GameSpace\GameSpace\GameSpace.csproj]
C:\Users\n2029\Desktop\GameSpace\GameSpace\GameSpace\Areas\MiniGame\Controllers\AdminCouponController.cs(244,75): warning CS8602: 可能 null 參考的取值 (dereference)。 [C:\Users\n2029\Desktop\GameSpace\GameSpace\GameSpace\GameSpace.csproj]
C:\Users\n2029\Desktop\GameSpace\GameSpace\GameSpace\Areas\MiniGame\Controllers\AdminEVoucherController.cs(389,31): warning CS8629: 可為 Null 的實值型別可為 Null。 [C:\Users\n2029\Desktop\GameSpace\GameSpace\GameSpace\GameSpace.csproj]
C:\Users\n2029\Desktop\GameSpace\GameSpace\GameSpace\Areas\MiniGame\Controllers\AdminEVoucherController.cs(416,75): warning CS8602: 可能 null 參考的取值 (dereference)。 [C:\Users\n2029\Desktop\GameSpace\GameSpace\GameSpace\GameSpace.csproj]
C:\Users\n2029\Desktop\GameSpace\GameSpace\GameSpace\Areas\Forum\Controllers\MetricController.cs(227,64): warning CS8602: 可能 null 參考的取值 (dereference)。 [C:\Users\n2029\Desktop\GameSpace\GameSpace\GameSpace\GameSpace.csproj]
C:\Users\n2029\Desktop\GameSpace\GameSpace\GameSpace\Areas\Forum\Controllers\MetricController.cs(243,30): warning CS8629: 可為 Null 的實值型別可為 Null。 [C:\Users\n2029\Desktop\GameSpace\GameSpace\GameSpace\GameSpace.csproj]
C:\Users\n2029\Desktop\GameSpace\GameSpace\GameSpace\Areas\Forum\Controllers\MetricController.cs(244,32): warning CS8629: 可為 Null 的實值型別可為 Null。 [C:\Users\n2029\Desktop\GameSpace\GameSpace\GameSpace\GameSpace.csproj]
C:\Users\n2029\Desktop\GameSpace\GameSpace\GameSpace\Areas\Forum\Controllers\MetricController.cs(268,47): warning CS8629: 可為 Null 的實值型別可為 Null。 [C:\Users\n2029\Desktop\GameSpace\GameSpace\GameSpace\GameSpace.csproj]
C:\Users\n2029\Desktop\GameSpace\GameSpace\GameSpace\Areas\MiniGame\Controllers\AdminDiagnosticsController.cs(302,49): warning CS1998: 這個非同步方法缺少 'await' 運算子，因此將以同步方式執行。請考慮使用 'await' 運算子等候未封鎖的應用程式開發介面呼叫，或使用 'await Task.Run(...)' 在背景執行緒上執行 CPU-bound 工作。 [C:\Users\n2029\Desktop\GameSpace\GameSpace\GameSpace\GameSpace.csproj]
C:\Users\n2029\Desktop\GameSpace\GameSpace\GameSpace\Areas\MiniGame\Controllers\AdminDiagnosticsController.cs(349,39): warning CS1998: 這個非同步方法缺少 'await' 運算子，因此將以同步方式執行。請考慮使用 'await' 運算子等候未封鎖的應用程式開發介面呼叫，或使用 'await Task.Run(...)' 在背景執行緒上執行 CPU-bound 工作。 [C:\Users\n2029\Desktop\GameSpace\GameSpace\GameSpace\GameSpace.csproj]
C:\Users\n2029\Desktop\GameSpace\GameSpace\GameSpace\Areas\MiniGame\Controllers\AdminDiagnosticsController.cs(378,36): warning CS1998: 這個非同步方法缺少 'await' 運算子，因此將以同步方式執行。請考慮使用 'await' 運算子等候未封鎖的應用程式開發介面呼叫，或使用 'await Task.Run(...)' 在背景執行緒上執行 CPU-bound 工作。 [C:\Users\n2029\Desktop\GameSpace\GameSpace\GameSpace\GameSpace.csproj]
C:\Users\n2029\Desktop\GameSpace\GameSpace\GameSpace\Areas\MiniGame\Controllers\AdminDiagnosticsController.cs(384,33): warning CS1998: 這個非同步方法缺少 'await' 運算子，因此將以同步方式執行。請考慮使用 'await' 運算子等候未封鎖的應用程式開發介面呼叫，或使用 'await Task.Run(...)' 在背景執行緒上執行 CPU-bound 工作。 [C:\Users\n2029\Desktop\GameSpace\GameSpace\GameSpace\GameSpace.csproj]
C:\Users\n2029\Desktop\GameSpace\GameSpace\GameSpace\Areas\MiniGame\Controllers\AdminDiagnosticsController.cs(390,38): warning CS1998: 這個非同步方法缺少 'await' 運算子，因此將以同步方式執行。請考慮使用 'await' 運算子等候未封鎖的應用程式開發介面呼叫，或使用 'await Task.Run(...)' 在背景執行緒上執行 CPU-bound 工作。 [C:\Users\n2029\Desktop\GameSpace\GameSpace\GameSpace\GameSpace.csproj]
C:\Users\n2029\Desktop\GameSpace\GameSpace\GameSpace\Areas\MiniGame\Controllers\PermissionController.cs(19,29): warning CS8625: 無法將 null 常值轉換成不可為 Null 的參考型別。 [C:\Users\n2029\Desktop\GameSpace\GameSpace\GameSpace\GameSpace.csproj]
C:\Users\n2029\Desktop\GameSpace\GameSpace\GameSpace\Areas\MiniGame\Controllers\MiniGameBaseController.cs(20,19): warning CS8618: 退出建構函式時，不可為 Null 的 欄位 '_adminService' 必須包含非 Null 值。請考慮新增 'required' 修飾元，或將 欄位 宣告為可以為 Null。 [C:\Users\n2029\Desktop\GameSpace\GameSpace\GameSpace\GameSpace.csproj]
C:\Users\n2029\Desktop\GameSpace\GameSpace\GameSpace\Areas\MiniGame\Controllers\MiniGameBaseController.cs(20,19): warning CS8618: 退出建構函式時，不可為 Null 的 欄位 '_permissionService' 必須包含非 Null 值。請考慮新增 'required' 修飾元，或將 欄位 宣告為可以為 Null。 [C:\Users\n2029\Desktop\GameSpace\GameSpace\GameSpace\GameSpace.csproj]
C:\Users\n2029\Desktop\GameSpace\GameSpace\GameSpace\Areas\MiniGame\Controllers\MiniGameBaseController.cs(52,24): warning CS8603: 可能有 Null 參考傳回。 [C:\Users\n2029\Desktop\GameSpace\GameSpace\GameSpace\GameSpace.csproj]
C:\Users\n2029\Desktop\GameSpace\GameSpace\GameSpace\Areas\MiniGame\Controllers\MiniGameBaseController.cs(54,20): warning CS8603: 可能有 Null 參考傳回。 [C:\Users\n2029\Desktop\GameSpace\GameSpace\GameSpace\GameSpace.csproj]
C:\Users\n2029\Desktop\GameSpace\GameSpace\GameSpace\Areas\MiniGame\Controllers\AdminWalletTypesController.cs(39,42): warning CS1998: 這個非同步方法缺少 'await' 運算子，因此將以同步方式執行。請考慮使用 'await' 運算子等候未封鎖的應用程式開發介面呼叫，或使用 'await Task.Run(...)' 在背景執行緒上執行 CPU-bound 工作。 [C:\Users\n2029\Desktop\GameSpace\GameSpace\GameSpace\GameSpace.csproj]
C:\Users\n2029\Desktop\GameSpace\GameSpace\GameSpace\Areas\MiniGame\Controllers\AdminWalletTypesController.cs(199,24): warning CS8603: 可能有 Null 參考傳回。 [C:\Users\n2029\Desktop\GameSpace\GameSpace\GameSpace\GameSpace.csproj]
C:\Users\n2029\Desktop\GameSpace\GameSpace\GameSpace\Areas\MiniGame\Controllers\AdminHomeController.cs(376,39): warning CS1998: 這個非同步方法缺少 'await' 運算子，因此將以同步方式執行。請考慮使用 'await' 運算子等候未封鎖的應用程式開發介面呼叫，或使用 'await Task.Run(...)' 在背景執行緒上執行 CPU-bound 工作。 [C:\Users\n2029\Desktop\GameSpace\GameSpace\GameSpace\GameSpace.csproj]
C:\Users\n2029\Desktop\GameSpace\GameSpace\GameSpace\Areas\MiniGame\Controllers\AdminWalletController.cs(35,52): warning CS8602: 可能 null 參考的取值 (dereference)。 [C:\Users\n2029\Desktop\GameSpace\GameSpace\GameSpace\GameSpace.csproj]
C:\Users\n2029\Desktop\GameSpace\GameSpace\GameSpace\Areas\MiniGame\Controllers\MiniGameBaseController.cs(312,47): warning CS8619: 型別 '(bool, string?, string?, DateTime?)' 的值中參考型別可 Null 性與目標型別 '(bool isValid, string type, string code, DateTime? timestamp)' 不符合。 [C:\Users\n2029\Desktop\GameSpace\GameSpace\GameSpace\GameSpace.csproj]
C:\Users\n2029\Desktop\GameSpace\GameSpace\GameSpace\Areas\MiniGame\Controllers\MiniGameBaseController.cs(323,24): warning CS8619: 型別 '(bool, string?, string?, DateTime?)' 的值中參考型別可 Null 性與目標型別 '(bool isValid, string type, string code, DateTime? timestamp)' 不符合。 [C:\Users\n2029\Desktop\GameSpace\GameSpace\GameSpace\GameSpace.csproj]
C:\Users\n2029\Desktop\GameSpace\GameSpace\GameSpace\Areas\MiniGame\Controllers\MiniGameBaseController.cs(327,24): warning CS8619: 型別 '(bool, string?, string?, DateTime?)' 的值中參考型別可 Null 性與目標型別 '(bool isValid, string type, string code, DateTime? timestamp)' 不符合。 [C:\Users\n2029\Desktop\GameSpace\GameSpace\GameSpace\GameSpace.csproj]
C:\Users\n2029\Desktop\GameSpace\GameSpace\GameSpace\Areas\social_hub\Views\Support\_TicketList.cshtml(59,40): warning CS8602: 可能 null 參考的取值 (dereference)。 [C:\Users\n2029\Desktop\GameSpace\GameSpace\GameSpace\GameSpace.csproj]
C:\Users\n2029\Desktop\GameSpace\GameSpace\GameSpace\Areas\MiniGame\Controllers\AdminUserController.cs(333,66): warning CS8602: 可能 null 參考的取值 (dereference)。 [C:\Users\n2029\Desktop\GameSpace\GameSpace\GameSpace\GameSpace.csproj]
C:\Users\n2029\Desktop\GameSpace\GameSpace\GameSpace\Areas\social_hub\Views\Mutes\Delete.cshtml(25,36): warning CS8602: 可能 null 參考的取值 (dereference)。 [C:\Users\n2029\Desktop\GameSpace\GameSpace\GameSpace\GameSpace.csproj]
C:\Users\n2029\Desktop\GameSpace\GameSpace\GameSpace\Areas\social_hub\Views\Mutes\Details.cshtml(48,36): warning CS8602: 可能 null 參考的取值 (dereference)。 [C:\Users\n2029\Desktop\GameSpace\GameSpace\GameSpace\GameSpace.csproj]
C:\Users\n2029\Desktop\GameSpace\GameSpace\GameSpace\Areas\social_hub\Views\Home\WhoAmI.cshtml(85,40): warning CS8602: 可能 null 參考的取值 (dereference)。 [C:\Users\n2029\Desktop\GameSpace\GameSpace\GameSpace\GameSpace.csproj]
C:\Users\n2029\Desktop\GameSpace\GameSpace\GameSpace\Areas\MiniGame\Services\SignInService.cs(231,58): warning CS1998: 這個非同步方法缺少 'await' 運算子，因此將以同步方式執行。請考慮使用 'await' 運算子等候未封鎖的應用程式開發介面呼叫，或使用 'await Task.Run(...)' 在背景執行緒上執行 CPU-bound 工作。 [C:\Users\n2029\Desktop\GameSpace\GameSpace\GameSpace\GameSpace.csproj]
C:\Users\n2029\Desktop\GameSpace\GameSpace\GameSpace\Areas\MiniGame\Controllers\AdminSignInController.cs(380,34): warning CS8619: 型別 '?' 的值中參考型別可 Null 性與目標型別 'dynamic' 不符合。 [C:\Users\n2029\Desktop\GameSpace\GameSpace\GameSpace\GameSpace.csproj]
C:\Users\n2029\Desktop\GameSpace\GameSpace\GameSpace\Areas\MiniGame\Controllers\AdminSignInController.cs(381,43): warning CS8619: 型別 '?' 的值中參考型別可 Null 性與目標型別 'dynamic' 不符合。 [C:\Users\n2029\Desktop\GameSpace\GameSpace\GameSpace\GameSpace.csproj]
C:\Users\n2029\Desktop\GameSpace\GameSpace\GameSpace\Areas\MiniGame\Controllers\AdminSignInController.cs(382,42): warning CS8619: 型別 '?' 的值中參考型別可 Null 性與目標型別 'dynamic' 不符合。 [C:\Users\n2029\Desktop\GameSpace\GameSpace\GameSpace\GameSpace.csproj]
C:\Users\n2029\Desktop\GameSpace\GameSpace\GameSpace\Areas\MiniGame\Controllers\AdminSignInController.cs(383,51): warning CS8619: 型別 '?' 的值中參考型別可 Null 性與目標型別 'dynamic' 不符合。 [C:\Users\n2029\Desktop\GameSpace\GameSpace\GameSpace\GameSpace.csproj]
C:\Users\n2029\Desktop\GameSpace\GameSpace\GameSpace\Areas\MiniGame\Controllers\AdminSignInController.cs(384,42): warning CS8619: 型別 '?' 的值中參考型別可 Null 性與目標型別 'dynamic' 不符合。 [C:\Users\n2029\Desktop\GameSpace\GameSpace\GameSpace\GameSpace.csproj]
C:\Users\n2029\Desktop\GameSpace\GameSpace\GameSpace\Areas\MiniGame\Controllers\AdminSignInController.cs(436,37): warning CS8619: 型別 '?' 的值中參考型別可 Null 性與目標型別 'dynamic' 不符合。 [C:\Users\n2029\Desktop\GameSpace\GameSpace\GameSpace\GameSpace.csproj]
C:\Users\n2029\Desktop\GameSpace\GameSpace\GameSpace\Areas\MiniGame\Controllers\AdminSignInController.cs(437,38): warning CS8619: 型別 '?' 的值中參考型別可 Null 性與目標型別 'dynamic' 不符合。 [C:\Users\n2029\Desktop\GameSpace\GameSpace\GameSpace\GameSpace.csproj]
C:\Users\n2029\Desktop\GameSpace\GameSpace\GameSpace\Areas\MiniGame\Services\PointsSettingsStatisticsService.cs(65,52): warning CS1998: 這個非同步方法缺少 'await' 運算子，因此將以同步方式執行。請考慮使用 'await' 運算子等候未封鎖的應用程式開發介面呼叫，或使用 'await Task.Run(...)' 在背景執行緒上執行 CPU-bound 工作。 [C:\Users\n2029\Desktop\GameSpace\GameSpace\GameSpace\GameSpace.csproj]
C:\Users\n2029\Desktop\GameSpace\GameSpace\GameSpace\Areas\MiniGame\Services\PetService.cs(240,32): warning CS1998: 這個非同步方法缺少 'await' 運算子，因此將以同步方式執行。請考慮使用 'await' 運算子等候未封鎖的應用程式開發介面呼叫，或使用 'await Task.Run(...)' 在背景執行緒上執行 CPU-bound 工作。 [C:\Users\n2029\Desktop\GameSpace\GameSpace\GameSpace\GameSpace.csproj]
C:\Users\n2029\Desktop\GameSpace\GameSpace\GameSpace\Areas\MiniGame\Services\PetService.cs(348,28): warning CS8625: 無法將 null 常值轉換成不可為 Null 的參考型別。 [C:\Users\n2029\Desktop\GameSpace\GameSpace\GameSpace\GameSpace.csproj]
C:\Users\n2029\Desktop\GameSpace\GameSpace\GameSpace\Areas\social_hub\Views\CsPermissions\Add.cshtml(39,60): warning CS8602: 可能 null 參考的取值 (dereference)。 [C:\Users\n2029\Desktop\GameSpace\GameSpace\GameSpace\GameSpace.csproj]
C:\Users\n2029\Desktop\GameSpace\GameSpace\GameSpace\Areas\MiniGame\Services\PetLevelUpRuleService.cs(21,51): warning CS1998: 這個非同步方法缺少 'await' 運算子，因此將以同步方式執行。請考慮使用 'await' 運算子等候未封鎖的應用程式開發介面呼叫，或使用 'await Task.Run(...)' 在背景執行緒上執行 CPU-bound 工作。 [C:\Users\n2029\Desktop\GameSpace\GameSpace\GameSpace\GameSpace.csproj]
C:\Users\n2029\Desktop\GameSpace\GameSpace\GameSpace\Areas\MiniGame\Services\PetLevelUpRuleService.cs(36,46): warning CS1998: 這個非同步方法缺少 'await' 運算子，因此將以同步方式執行。請考慮使用 'await' 運算子等候未封鎖的應用程式開發介面呼叫，或使用 'await Task.Run(...)' 在背景執行緒上執行 CPU-bound 工作。 [C:\Users\n2029\Desktop\GameSpace\GameSpace\GameSpace\GameSpace.csproj]
C:\Users\n2029\Desktop\GameSpace\GameSpace\GameSpace\Areas\MiniGame\Views\AdminSignInStats\SignInRules.cshtml(48,52): warning CS8602: 可能 null 參考的取值 (dereference)。 [C:\Users\n2029\Desktop\GameSpace\GameSpace\GameSpace\GameSpace.csproj]
C:\Users\n2029\Desktop\GameSpace\GameSpace\GameSpace\Areas\MiniGame\Views\AdminSignInStats\SignInRules.cshtml(126,80): warning CS8602: 可能 null 參考的取值 (dereference)。 [C:\Users\n2029\Desktop\GameSpace\GameSpace\GameSpace\GameSpace.csproj]
C:\Users\n2029\Desktop\GameSpace\GameSpace\GameSpace\Areas\MiniGame\Views\AdminPet\PetRules.cshtml(73,74): warning CS8602: 可能 null 參考的取值 (dereference)。 [C:\Users\n2029\Desktop\GameSpace\GameSpace\GameSpace\GameSpace.csproj]
C:\Users\n2029\Desktop\GameSpace\GameSpace\GameSpace\Areas\MiniGame\Views\AdminPet\PetRules.cshtml(146,46): warning CS8602: 可能 null 參考的取值 (dereference)。 [C:\Users\n2029\Desktop\GameSpace\GameSpace\GameSpace\GameSpace.csproj]
C:\Users\n2029\Desktop\GameSpace\GameSpace\GameSpace\Areas\MiniGame\Views\AdminManager\Index.cshtml(192,47): warning CS8602: 可能 null 參考的取值 (dereference)。 [C:\Users\n2029\Desktop\GameSpace\GameSpace\GameSpace\GameSpace.csproj]
C:\Users\n2029\Desktop\GameSpace\GameSpace\GameSpace\Areas\MiniGame\Views\AdminManager\Index.cshtml(194,54): warning CS8602: 可能 null 參考的取值 (dereference)。 [C:\Users\n2029\Desktop\GameSpace\GameSpace\GameSpace\GameSpace.csproj]
C:\Users\n2029\Desktop\GameSpace\GameSpace\GameSpace\Areas\MiniGame\Views\AdminManager\Index.cshtml(252,35): warning CS8602: 可能 null 參考的取值 (dereference)。 [C:\Users\n2029\Desktop\GameSpace\GameSpace\GameSpace\GameSpace.csproj]
C:\Users\n2029\Desktop\GameSpace\GameSpace\GameSpace\Areas\MiniGame\Views\AdminManager\Index.cshtml(256,30): warning CS8602: 可能 null 參考的取值 (dereference)。 [C:\Users\n2029\Desktop\GameSpace\GameSpace\GameSpace\GameSpace.csproj]
C:\Users\n2029\Desktop\GameSpace\GameSpace\GameSpace\Areas\MiniGame\Views\AdminEVoucher\Index.cshtml(194,47): warning CS8602: 可能 null 參考的取值 (dereference)。 [C:\Users\n2029\Desktop\GameSpace\GameSpace\GameSpace\GameSpace.csproj]
C:\Users\n2029\Desktop\GameSpace\GameSpace\GameSpace\Areas\MiniGame\Views\AdminEVoucher\Index.cshtml(196,55): warning CS8602: 可能 null 參考的取值 (dereference)。 [C:\Users\n2029\Desktop\GameSpace\GameSpace\GameSpace\GameSpace.csproj]
C:\Users\n2029\Desktop\GameSpace\GameSpace\GameSpace\Areas\MiniGame\Views\AdminEVoucher\Index.cshtml(247,35): warning CS8602: 可能 null 參考的取值 (dereference)。 [C:\Users\n2029\Desktop\GameSpace\GameSpace\GameSpace\GameSpace.csproj]
C:\Users\n2029\Desktop\GameSpace\GameSpace\GameSpace\Areas\MiniGame\Views\AdminEVoucher\Index.cshtml(251,30): warning CS8602: 可能 null 參考的取值 (dereference)。 [C:\Users\n2029\Desktop\GameSpace\GameSpace\GameSpace\GameSpace.csproj]
C:\Users\n2029\Desktop\GameSpace\GameSpace\GameSpace\Areas\MiniGame\Views\AdminCoupon\Index_temp.cshtml(193,47): warning CS8602: 可能 null 參考的取值 (dereference)。 [C:\Users\n2029\Desktop\GameSpace\GameSpace\GameSpace\GameSpace.csproj]
C:\Users\n2029\Desktop\GameSpace\GameSpace\GameSpace\Areas\MiniGame\Views\AdminCoupon\Index_temp.cshtml(195,53): warning CS8602: 可能 null 參考的取值 (dereference)。 [C:\Users\n2029\Desktop\GameSpace\GameSpace\GameSpace\GameSpace.csproj]
C:\Users\n2029\Desktop\GameSpace\GameSpace\GameSpace\Areas\MiniGame\Views\AdminCoupon\Index_temp.cshtml(245,35): warning CS8602: 可能 null 參考的取值 (dereference)。 [C:\Users\n2029\Desktop\GameSpace\GameSpace\GameSpace\GameSpace.csproj]
C:\Users\n2029\Desktop\GameSpace\GameSpace\GameSpace\Areas\MiniGame\Views\AdminCoupon\Index_temp.cshtml(249,30): warning CS8602: 可能 null 參考的取值 (dereference)。 [C:\Users\n2029\Desktop\GameSpace\GameSpace\GameSpace\GameSpace.csproj]
C:\Users\n2029\Desktop\GameSpace\GameSpace\GameSpace\Areas\MiniGame\Views\AdminCoupon\Index.cshtml(193,47): warning CS8602: 可能 null 參考的取值 (dereference)。 [C:\Users\n2029\Desktop\GameSpace\GameSpace\GameSpace\GameSpace.csproj]
C:\Users\n2029\Desktop\GameSpace\GameSpace\GameSpace\Areas\MiniGame\Views\AdminCoupon\Index.cshtml(195,53): warning CS8602: 可能 null 參考的取值 (dereference)。 [C:\Users\n2029\Desktop\GameSpace\GameSpace\GameSpace\GameSpace.csproj]
C:\Users\n2029\Desktop\GameSpace\GameSpace\GameSpace\Areas\MiniGame\Views\AdminCoupon\Index.cshtml(245,35): warning CS8602: 可能 null 參考的取值 (dereference)。 [C:\Users\n2029\Desktop\GameSpace\GameSpace\GameSpace\GameSpace.csproj]
C:\Users\n2029\Desktop\GameSpace\GameSpace\GameSpace\Areas\MiniGame\Views\AdminCoupon\Index.cshtml(249,30): warning CS8602: 可能 null 參考的取值 (dereference)。 [C:\Users\n2029\Desktop\GameSpace\GameSpace\GameSpace\GameSpace.csproj]
C:\Users\n2029\Desktop\GameSpace\GameSpace\GameSpace\Areas\MiniGame\Services\PetBackgroundChangeSettingsService.cs(23,41): warning CS1998: 這個非同步方法缺少 'await' 運算子，因此將以同步方式執行。請考慮使用 'await' 運算子等候未封鎖的應用程式開發介面呼叫，或使用 'await Task.Run(...)' 在背景執行緒上執行 CPU-bound 工作。 [C:\Users\n2029\Desktop\GameSpace\GameSpace\GameSpace\GameSpace.csproj]
C:\Users\n2029\Desktop\GameSpace\GameSpace\GameSpace\Areas\MemberManagement\Views\UserIntroduces\Index.cshtml(9,34): warning CS8600: 正在將 Null 常值或可能的 Null 值轉換為不可為 Null 的型別。 [C:\Users\n2029\Desktop\GameSpace\GameSpace\GameSpace\GameSpace.csproj]
C:\Users\n2029\Desktop\GameSpace\GameSpace\GameSpace\Areas\MemberManagement\Views\UserIntroduces\Index.cshtml(55,15): warning CS8604: 'bool Enumerable.Any<UserIntroduceVM>(IEnumerable<UserIntroduceVM> source)' 中的參數 'source' 可能有 Null 參考引數。 [C:\Users\n2029\Desktop\GameSpace\GameSpace\GameSpace\GameSpace.csproj]
C:\Users\n2029\Desktop\GameSpace\GameSpace\GameSpace\Areas\MemberManagement\Views\ManagerWithRoles\Details.cshtml(39,32): warning CS8602: 可能 null 參考的取值 (dereference)。 [C:\Users\n2029\Desktop\GameSpace\GameSpace\GameSpace\GameSpace.csproj]
C:\Users\n2029\Desktop\GameSpace\GameSpace\GameSpace\Areas\MemberManagement\Views\ManagerWithRoles\Index.cshtml(10,26): warning CS8600: 正在將 Null 常值或可能的 Null 值轉換為不可為 Null 的型別。 [C:\Users\n2029\Desktop\GameSpace\GameSpace\GameSpace\GameSpace.csproj]
C:\Users\n2029\Desktop\GameSpace\GameSpace\GameSpace\Areas\MemberManagement\Views\ManagerWithRoles\Index.cshtml(11,26): warning CS8600: 正在將 Null 常值或可能的 Null 值轉換為不可為 Null 的型別。 [C:\Users\n2029\Desktop\GameSpace\GameSpace\GameSpace\GameSpace.csproj]
C:\Users\n2029\Desktop\GameSpace\GameSpace\GameSpace\Areas\MemberManagement\Views\ManagerData\Index.cshtml(14,26): warning CS8600: 正在將 Null 常值或可能的 Null 值轉換為不可為 Null 的型別。 [C:\Users\n2029\Desktop\GameSpace\GameSpace\GameSpace\GameSpace.csproj]
C:\Users\n2029\Desktop\GameSpace\GameSpace\GameSpace\Areas\MemberManagement\Views\ManagerData\Index.cshtml(72,15): warning CS8604: 'bool Enumerable.Any<ManagerDatumVM>(IEnumerable<ManagerDatumVM> source)' 中的參數 'source' 可能有 Null 參考引數。 [C:\Users\n2029\Desktop\GameSpace\GameSpace\GameSpace\GameSpace.csproj]
C:\Users\n2029\Desktop\GameSpace\GameSpace\GameSpace\Areas\MiniGame\Services\MiniGameAdminService.cs(330,48): warning CS1998: 這個非同步方法缺少 'await' 運算子，因此將以同步方式執行。請考慮使用 'await' 運算子等候未封鎖的應用程式開發介面呼叫，或使用 'await Task.Run(...)' 在背景執行緒上執行 CPU-bound 工作。 [C:\Users\n2029\Desktop\GameSpace\GameSpace\GameSpace\GameSpace.csproj]
C:\Users\n2029\Desktop\GameSpace\GameSpace\GameSpace\Areas\MiniGame\Services\MiniGameAdminService.cs(404,45): warning CS1998: 這個非同步方法缺少 'await' 運算子，因此將以同步方式執行。請考慮使用 'await' 運算子等候未封鎖的應用程式開發介面呼叫，或使用 'await Task.Run(...)' 在背景執行緒上執行 CPU-bound 工作。 [C:\Users\n2029\Desktop\GameSpace\GameSpace\GameSpace\GameSpace.csproj]
C:\Users\n2029\Desktop\GameSpace\GameSpace\GameSpace\Areas\MiniGame\Services\MiniGameAdminService.cs(445,56): warning CS1998: 這個非同步方法缺少 'await' 運算子，因此將以同步方式執行。請考慮使用 'await' 運算子等候未封鎖的應用程式開發介面呼叫，或使用 'await Task.Run(...)' 在背景執行緒上執行 CPU-bound 工作。 [C:\Users\n2029\Desktop\GameSpace\GameSpace\GameSpace\GameSpace.csproj]
C:\Users\n2029\Desktop\GameSpace\GameSpace\GameSpace\Areas\MiniGame\Services\MiniGameAdminService.cs(450,62): warning CS1998: 這個非同步方法缺少 'await' 運算子，因此將以同步方式執行。請考慮使用 'await' 運算子等候未封鎖的應用程式開發介面呼叫，或使用 'await Task.Run(...)' 在背景執行緒上執行 CPU-bound 工作。 [C:\Users\n2029\Desktop\GameSpace\GameSpace\GameSpace\GameSpace.csproj]
C:\Users\n2029\Desktop\GameSpace\GameSpace\GameSpace\Areas\MiniGame\Services\MiniGameAdminService.cs(495,46): warning CS1998: 這個非同步方法缺少 'await' 運算子，因此將以同步方式執行。請考慮使用 'await' 運算子等候未封鎖的應用程式開發介面呼叫，或使用 'await Task.Run(...)' 在背景執行緒上執行 CPU-bound 工作。 [C:\Users\n2029\Desktop\GameSpace\GameSpace\GameSpace\GameSpace.csproj]
C:\Users\n2029\Desktop\GameSpace\GameSpace\GameSpace\Areas\MiniGame\Services\MiniGameAdminService.cs(521,59): warning CS1998: 這個非同步方法缺少 'await' 運算子，因此將以同步方式執行。請考慮使用 'await' 運算子等候未封鎖的應用程式開發介面呼叫，或使用 'await Task.Run(...)' 在背景執行緒上執行 CPU-bound 工作。 [C:\Users\n2029\Desktop\GameSpace\GameSpace\GameSpace\GameSpace.csproj]
C:\Users\n2029\Desktop\GameSpace\GameSpace\GameSpace\Areas\MiniGame\Services\MiniGameAdminService.cs(538,33): warning CS1998: 這個非同步方法缺少 'await' 運算子，因此將以同步方式執行。請考慮使用 'await' 運算子等候未封鎖的應用程式開發介面呼叫，或使用 'await Task.Run(...)' 在背景執行緒上執行 CPU-bound 工作。 [C:\Users\n2029\Desktop\GameSpace\GameSpace\GameSpace\GameSpace.csproj]
C:\Users\n2029\Desktop\GameSpace\GameSpace\GameSpace\Areas\MiniGame\Services\MiniGameAdminService.cs(548,33): warning CS1998: 這個非同步方法缺少 'await' 運算子，因此將以同步方式執行。請考慮使用 'await' 運算子等候未封鎖的應用程式開發介面呼叫，或使用 'await Task.Run(...)' 在背景執行緒上執行 CPU-bound 工作。 [C:\Users\n2029\Desktop\GameSpace\GameSpace\GameSpace\GameSpace.csproj]
C:\Users\n2029\Desktop\GameSpace\GameSpace\GameSpace\Areas\MiniGame\Services\MiniGameAdminService.cs(558,33): warning CS1998: 這個非同步方法缺少 'await' 運算子，因此將以同步方式執行。請考慮使用 'await' 運算子等候未封鎖的應用程式開發介面呼叫，或使用 'await Task.Run(...)' 在背景執行緒上執行 CPU-bound 工作。 [C:\Users\n2029\Desktop\GameSpace\GameSpace\GameSpace\GameSpace.csproj]
C:\Users\n2029\Desktop\GameSpace\GameSpace\GameSpace\Areas\MiniGame\Services\MiniGamePermissionService.cs(642,48): warning CS1998: 這個非同步方法缺少 'await' 運算子，因此將以同步方式執行。請考慮使用 'await' 運算子等候未封鎖的應用程式開發介面呼叫，或使用 'await Task.Run(...)' 在背景執行緒上執行 CPU-bound 工作。 [C:\Users\n2029\Desktop\GameSpace\GameSpace\GameSpace\GameSpace.csproj]
C:\Users\n2029\Desktop\GameSpace\GameSpace\GameSpace\Areas\MiniGame\Services\MiniGamePermissionService.cs(797,37): warning CS8601: 可能有 Null 參考指派。 [C:\Users\n2029\Desktop\GameSpace\GameSpace\GameSpace\GameSpace.csproj]
C:\Users\n2029\Desktop\GameSpace\GameSpace\GameSpace\Views\Shared\_Layout.cshtml(22,6): warning MVC1000: Use of IHtmlHelper.Partial may result in application deadlocks. Consider using <partial> Tag Helper or IHtmlHelper.PartialAsync. [C:\Users\n2029\Desktop\GameSpace\GameSpace\GameSpace\GameSpace.csproj]
C:\Users\n2029\Desktop\GameSpace\GameSpace\GameSpace\Views\Shared\_Layout.cshtml(29,18): warning MVC1000: Use of IHtmlHelper.Partial may result in application deadlocks. Consider using <partial> Tag Helper or IHtmlHelper.PartialAsync. [C:\Users\n2029\Desktop\GameSpace\GameSpace\GameSpace\GameSpace.csproj]
C:\Users\n2029\Desktop\GameSpace\GameSpace\GameSpace\Views\Shared\_Layout.cshtml(44,14): warning MVC1000: Use of IHtmlHelper.Partial may result in application deadlocks. Consider using <partial> Tag Helper or IHtmlHelper.PartialAsync. [C:\Users\n2029\Desktop\GameSpace\GameSpace\GameSpace\GameSpace.csproj]
C:\Users\n2029\Desktop\GameSpace\GameSpace\GameSpace\Areas\social_hub\Views\Shared\_Layout.cshtml(36,6): warning MVC1000: Use of IHtmlHelper.Partial may result in application deadlocks. Consider using <partial> Tag Helper or IHtmlHelper.PartialAsync. [C:\Users\n2029\Desktop\GameSpace\GameSpace\GameSpace\GameSpace.csproj]
C:\Users\n2029\Desktop\GameSpace\GameSpace\GameSpace\Areas\social_hub\Views\Shared\_Layout.cshtml(42,18): warning MVC1000: Use of IHtmlHelper.Partial may result in application deadlocks. Consider using <partial> Tag Helper or IHtmlHelper.PartialAsync. [C:\Users\n2029\Desktop\GameSpace\GameSpace\GameSpace\GameSpace.csproj]
C:\Users\n2029\Desktop\GameSpace\GameSpace\GameSpace\Areas\social_hub\Views\Shared\_Layout.cshtml(56,14): warning MVC1000: Use of IHtmlHelper.Partial may result in application deadlocks. Consider using <partial> Tag Helper or IHtmlHelper.PartialAsync. [C:\Users\n2029\Desktop\GameSpace\GameSpace\GameSpace\GameSpace.csproj]
C:\Users\n2029\Desktop\GameSpace\GameSpace\GameSpace\Areas\OnlineStore\Views\Shared\_Layout.cshtml(18,6): warning MVC1000: Use of IHtmlHelper.Partial may result in application deadlocks. Consider using <partial> Tag Helper or IHtmlHelper.PartialAsync. [C:\Users\n2029\Desktop\GameSpace\GameSpace\GameSpace\GameSpace.csproj]
C:\Users\n2029\Desktop\GameSpace\GameSpace\GameSpace\Areas\OnlineStore\Views\Shared\_Layout.cshtml(25,18): warning MVC1000: Use of IHtmlHelper.Partial may result in application deadlocks. Consider using <partial> Tag Helper or IHtmlHelper.PartialAsync. [C:\Users\n2029\Desktop\GameSpace\GameSpace\GameSpace\GameSpace.csproj]
C:\Users\n2029\Desktop\GameSpace\GameSpace\GameSpace\Areas\OnlineStore\Views\Shared\_Layout.cshtml(32,14): warning MVC1000: Use of IHtmlHelper.Partial may result in application deadlocks. Consider using <partial> Tag Helper or IHtmlHelper.PartialAsync. [C:\Users\n2029\Desktop\GameSpace\GameSpace\GameSpace\GameSpace.csproj]
C:\Users\n2029\Desktop\GameSpace\GameSpace\GameSpace\Areas\OnlineStore\Views\Shared\_Layout.cshtml(40,14): warning MVC1000: Use of IHtmlHelper.Partial may result in application deadlocks. Consider using <partial> Tag Helper or IHtmlHelper.PartialAsync. [C:\Users\n2029\Desktop\GameSpace\GameSpace\GameSpace\GameSpace.csproj]
C:\Users\n2029\Desktop\GameSpace\GameSpace\GameSpace\Areas\MemberManagement\Views\Shared\_Layout.cshtml(19,6): warning MVC1000: Use of IHtmlHelper.Partial may result in application deadlocks. Consider using <partial> Tag Helper or IHtmlHelper.PartialAsync. [C:\Users\n2029\Desktop\GameSpace\GameSpace\GameSpace\GameSpace.csproj]
C:\Users\n2029\Desktop\GameSpace\GameSpace\GameSpace\Areas\MemberManagement\Views\Shared\_Layout.cshtml(49,14): warning MVC1000: Use of IHtmlHelper.Partial may result in application deadlocks. Consider using <partial> Tag Helper or IHtmlHelper.PartialAsync. [C:\Users\n2029\Desktop\GameSpace\GameSpace\GameSpace\GameSpace.csproj]
C:\Users\n2029\Desktop\GameSpace\GameSpace\GameSpace\Areas\MemberManagement\Views\Shared\_Layout.cshtml(57,14): warning MVC1000: Use of IHtmlHelper.Partial may result in application deadlocks. Consider using <partial> Tag Helper or IHtmlHelper.PartialAsync. [C:\Users\n2029\Desktop\GameSpace\GameSpace\GameSpace\GameSpace.csproj]
C:\Users\n2029\Desktop\GameSpace\GameSpace\GameSpace\Areas\MemberManagement\Controllers\UserController.cs(57,236): warning MVC1004: Property on type 'UserController' has the same name as parameter 'user'. This may result in incorrect model binding. Consider renaming the parameter or the property to avoid conflicts. If the type 'UserController' has a custom type converter or custom model binder, you can suppress this message. (https://aka.ms/AA20pbc) [C:\Users\n2029\Desktop\GameSpace\GameSpace\GameSpace\GameSpace.csproj]
C:\Users\n2029\Desktop\GameSpace\GameSpace\GameSpace\Areas\MiniGame\Views\EVouchers\Edit.cshtml(100,13): error RZ1005: "�" is not valid at the start of a code block.  Only identifiers, keywords, comments, "(" and "{" are valid. [C:\Users\n2029\Desktop\GameSpace\GameSpace\GameSpace\GameSpace.csproj]
C:\Users\n2029\Desktop\GameSpace\GameSpace\GameSpace\Areas\MiniGame\Views\EVouchers\Edit.cshtml(103,62): error RZ1005: "�" is not valid at the start of a code block.  Only identifiers, keywords, comments, "(" and "{" are valid. [C:\Users\n2029\Desktop\GameSpace\GameSpace\GameSpace\GameSpace.csproj]
C:\Users\n2029\Desktop\GameSpace\GameSpace\GameSpace\Areas\MiniGame\Views\EVouchers\Edit.cshtml(110,36): error RZ1005: "�" is not valid at the start of a code block.  Only identifiers, keywords, comments, "(" and "{" are valid. [C:\Users\n2029\Desktop\GameSpace\GameSpace\GameSpace\GameSpace.csproj]
C:\Users\n2029\Desktop\GameSpace\GameSpace\GameSpace\Areas\MiniGame\Views\EVouchers\Edit.cshtml(111,36): error RZ1005: "�" is not valid at the start of a code block.  Only identifiers, keywords, comments, "(" and "{" are valid. [C:\Users\n2029\Desktop\GameSpace\GameSpace\GameSpace\GameSpace.csproj]
C:\Users\n2029\Desktop\GameSpace\GameSpace\GameSpace\Areas\MiniGame\Views\EVouchers\Edit.cshtml(112,36): error RZ1005: "�" is not valid at the start of a code block.  Only identifiers, keywords, comments, "(" and "{" are valid. [C:\Users\n2029\Desktop\GameSpace\GameSpace\GameSpace\GameSpace.csproj]
C:\Users\n2029\Desktop\GameSpace\GameSpace\GameSpace\Areas\MiniGame\Views\EVouchers\Edit.cshtml(147,44): error RZ1005: "�" is not valid at the start of a code block.  Only identifiers, keywords, comments, "(" and "{" are valid. [C:\Users\n2029\Desktop\GameSpace\GameSpace\GameSpace\GameSpace.csproj]
C:\Users\n2029\Desktop\GameSpace\GameSpace\GameSpace\Areas\MiniGame\Views\Shared\_AdminLayout.cshtml(419,33): error CS1003: 語法錯誤，必須是 ',' [C:\Users\n2029\Desktop\GameSpace\GameSpace\GameSpace\GameSpace.csproj]
C:\Users\n2029\Desktop\GameSpace\GameSpace\GameSpace\Areas\MiniGame\Views\Shared\_AdminLayout.cshtml(419,40): error CS1003: 語法錯誤，必須是 ',' [C:\Users\n2029\Desktop\GameSpace\GameSpace\GameSpace\GameSpace.csproj]
C:\Users\n2029\Desktop\GameSpace\GameSpace\GameSpace\Areas\MiniGame\Services\WalletService.cs(230,24): error CS1061: 'UserWallet' 未包含 'User_Point' 的定義，也找不到可接受類型 'UserWallet' 第一個引數的可存取擴充方法 'User_Point' (是否遺漏 using 指示詞或組件參考?) [C:\Users\n2029\Desktop\GameSpace\GameSpace\GameSpace\GameSpace.csproj]
C:\Users\n2029\Desktop\GameSpace\GameSpace\GameSpace\Areas\MiniGame\Services\WalletService.cs(234,21): error CS0117: 'WalletHistory' 未包含 'UserID' 的定義 [C:\Users\n2029\Desktop\GameSpace\GameSpace\GameSpace\GameSpace.csproj]
C:\Users\n2029\Desktop\GameSpace\GameSpace\GameSpace\Areas\MiniGame\Services\WalletService.cs(241,26): error CS1061: 'GameSpacedatabaseContext' 未包含 'WalletHistory' 的定義，也找不到可接受類型 'GameSpacedatabaseContext' 第一個引數的可存取擴充方法 'WalletHistory' (是否遺漏 using 指示詞或組件參考?) [C:\Users\n2029\Desktop\GameSpace\GameSpace\GameSpace\GameSpace.csproj]
C:\Users\n2029\Desktop\GameSpace\GameSpace\GameSpace\Areas\MiniGame\Services\WalletService.cs(259,44): error CS1061: 'UserWallet' 未包含 'User_Point' 的定義，也找不到可接受類型 'UserWallet' 第一個引數的可存取擴充方法 'User_Point' (是否遺漏 using 指示詞或組件參考?) [C:\Users\n2029\Desktop\GameSpace\GameSpace\GameSpace\GameSpace.csproj]
C:\Users\n2029\Desktop\GameSpace\GameSpace\GameSpace\Areas\MiniGame\Services\WalletService.cs(260,24): error CS1061: 'UserWallet' 未包含 'User_Point' 的定義，也找不到可接受類型 'UserWallet' 第一個引數的可存取擴充方法 'User_Point' (是否遺漏 using 指示詞或組件參考?) [C:\Users\n2029\Desktop\GameSpace\GameSpace\GameSpace\GameSpace.csproj]
C:\Users\n2029\Desktop\GameSpace\GameSpace\GameSpace\Areas\MiniGame\Services\WalletService.cs(264,21): error CS0117: 'WalletHistory' 未包含 'UserID' 的定義 [C:\Users\n2029\Desktop\GameSpace\GameSpace\GameSpace\GameSpace.csproj]
C:\Users\n2029\Desktop\GameSpace\GameSpace\GameSpace\Areas\MiniGame\Services\WalletService.cs(271,26): error CS1061: 'GameSpacedatabaseContext' 未包含 'WalletHistory' 的定義，也找不到可接受類型 'GameSpacedatabaseContext' 第一個引數的可存取擴充方法 'WalletHistory' (是否遺漏 using 指示詞或組件參考?) [C:\Users\n2029\Desktop\GameSpace\GameSpace\GameSpace\GameSpace.csproj]
C:\Users\n2029\Desktop\GameSpace\GameSpace\GameSpace\Areas\MiniGame\Services\WalletService.cs(284,35): error CS1061: 'GameSpacedatabaseContext' 未包含 'WalletHistory' 的定義，也找不到可接受類型 'GameSpacedatabaseContext' 第一個引數的可存取擴充方法 'WalletHistory' (是否遺漏 using 指示詞或組件參考?) [C:\Users\n2029\Desktop\GameSpace\GameSpace\GameSpace\GameSpace.csproj]
C:\Users\n2029\Desktop\GameSpace\GameSpace\GameSpace\Areas\MiniGame\Services\WalletService.cs(303,32): error CS1061: 'UserWallet' 未包含 'User_Point' 的定義，也找不到可接受類型 'UserWallet' 第一個引數的可存取擴充方法 'User_Point' (是否遺漏 using 指示詞或組件參考?) [C:\Users\n2029\Desktop\GameSpace\GameSpace\GameSpace\GameSpace.csproj]
C:\Users\n2029\Desktop\GameSpace\GameSpace\GameSpace\Areas\MiniGame\Services\WalletService.cs(307,29): error CS0117: 'WalletHistory' 未包含 'UserID' 的定義 [C:\Users\n2029\Desktop\GameSpace\GameSpace\GameSpace\GameSpace.csproj]
C:\Users\n2029\Desktop\GameSpace\GameSpace\GameSpace\Areas\MiniGame\Services\WalletService.cs(314,34): error CS1061: 'GameSpacedatabaseContext' 未包含 'WalletHistory' 的定義，也找不到可接受類型 'GameSpacedatabaseContext' 第一個引數的可存取擴充方法 'WalletHistory' (是否遺漏 using 指示詞或組件參考?) [C:\Users\n2029\Desktop\GameSpace\GameSpace\GameSpace\GameSpace.csproj]
C:\Users\n2029\Desktop\GameSpace\GameSpace\GameSpace\Areas\MiniGame\Services\WalletService.cs(331,43): error CS1061: 'UserWallet' 未包含 'User_Point' 的定義，也找不到可接受類型 'UserWallet' 第一個引數的可存取擴充方法 'User_Point' (是否遺漏 using 指示詞或組件參考?) [C:\Users\n2029\Desktop\GameSpace\GameSpace\GameSpace\GameSpace.csproj]
C:\Users\n2029\Desktop\GameSpace\GameSpace\GameSpace\Areas\MiniGame\Services\UserWalletService.cs(109,21): error CS0117: 'Coupon' 未包含 'CouponTypeID' 的定義 [C:\Users\n2029\Desktop\GameSpace\GameSpace\GameSpace\GameSpace.csproj]
C:\Users\n2029\Desktop\GameSpace\GameSpace\GameSpace\Areas\MiniGame\Services\UserWalletService.cs(110,21): error CS0117: 'Coupon' 未包含 'UserID' 的定義 [C:\Users\n2029\Desktop\GameSpace\GameSpace\GameSpace\GameSpace.csproj]
C:\Users\n2029\Desktop\GameSpace\GameSpace\GameSpace\Areas\MiniGame\Services\UserWalletService.cs(114,21): error CS0117: 'Coupon' 未包含 'UsedInOrderID' 的定義 [C:\Users\n2029\Desktop\GameSpace\GameSpace\GameSpace\GameSpace.csproj]
C:\Users\n2029\Desktop\GameSpace\GameSpace\GameSpace\Areas\MiniGame\Services\UserWalletService.cs(122,21): error CS0117: 'WalletHistory' 未包含 'UserID' 的定義 [C:\Users\n2029\Desktop\GameSpace\GameSpace\GameSpace\GameSpace.csproj]
C:\Users\n2029\Desktop\GameSpace\GameSpace\GameSpace\Areas\MiniGame\Services\UserWalletService.cs(123,21): error CS0117: 'WalletHistory' 未包含 'ChangeAmount' 的定義 [C:\Users\n2029\Desktop\GameSpace\GameSpace\GameSpace\GameSpace.csproj]
C:\Users\n2029\Desktop\GameSpace\GameSpace\GameSpace\Areas\MiniGame\Services\UserWalletService.cs(127,21): error CS0117: 'WalletHistory' 未包含 'RelatedID' 的定義 [C:\Users\n2029\Desktop\GameSpace\GameSpace\GameSpace\GameSpace.csproj]
C:\Users\n2029\Desktop\GameSpace\GameSpace\GameSpace\Areas\MiniGame\Services\UserWalletService.cs(127,40): error CS1061: 'Coupon' 未包含 'CouponID' 的定義，也找不到可接受類型 'Coupon' 第一個引數的可存取擴充方法 'CouponID' (是否遺漏 using 指示詞或組件參考?) [C:\Users\n2029\Desktop\GameSpace\GameSpace\GameSpace\GameSpace.csproj]
C:\Users\n2029\Desktop\GameSpace\GameSpace\GameSpace\Areas\MiniGame\Services\UserWalletService.cs(148,51): error CS1061: 'GameSpacedatabaseContext' 未包含 'EVoucherTypes' 的定義，也找不到可接受類型 'GameSpacedatabaseContext' 第一個引數的可存取擴充方法 'EVoucherTypes' (是否遺漏 using 指示詞或組件參考?) [C:\Users\n2029\Desktop\GameSpace\GameSpace\GameSpace\GameSpace.csproj]
C:\Users\n2029\Desktop\GameSpace\GameSpace\GameSpace\Areas\MiniGame\Services\UserWalletService.cs(151,36): error CS0246: 找不到類型或命名空間名稱 'EVoucher' (是否遺漏了 using 指示詞或組件參考?) [C:\Users\n2029\Desktop\GameSpace\GameSpace\GameSpace\GameSpace.csproj]
C:\Users\n2029\Desktop\GameSpace\GameSpace\GameSpace\Areas\MiniGame\Services\UserWalletService.cs(161,26): error CS1061: 'GameSpacedatabaseContext' 未包含 'EVouchers' 的定義，也找不到可接受類型 'GameSpacedatabaseContext' 第一個引數的可存取擴充方法 'EVouchers' (是否遺漏 using 指示詞或組件參考?) [C:\Users\n2029\Desktop\GameSpace\GameSpace\GameSpace\GameSpace.csproj]
C:\Users\n2029\Desktop\GameSpace\GameSpace\GameSpace\Areas\MiniGame\Services\UserWalletService.cs(166,21): error CS0117: 'WalletHistory' 未包含 'UserID' 的定義 [C:\Users\n2029\Desktop\GameSpace\GameSpace\GameSpace\GameSpace.csproj]
C:\Users\n2029\Desktop\GameSpace\GameSpace\GameSpace\Areas\MiniGame\Services\UserWalletService.cs(167,21): error CS0117: 'WalletHistory' 未包含 'ChangeAmount' 的定義 [C:\Users\n2029\Desktop\GameSpace\GameSpace\GameSpace\GameSpace.csproj]
C:\Users\n2029\Desktop\GameSpace\GameSpace\GameSpace\Areas\MiniGame\Services\UserWalletService.cs(171,21): error CS0117: 'WalletHistory' 未包含 'RelatedID' 的定義 [C:\Users\n2029\Desktop\GameSpace\GameSpace\GameSpace\GameSpace.csproj]
C:\Users\n2029\Desktop\GameSpace\GameSpace\GameSpace\Areas\MiniGame\Services\UserWalletService.cs(195,56): error CS1061: 'WalletHistory' 未包含 'UserID' 的定義，也找不到可接受類型 'WalletHistory' 第一個引數的可存取擴充方法 'UserID' (是否遺漏 using 指示詞或組件參考?) [C:\Users\n2029\Desktop\GameSpace\GameSpace\GameSpace\GameSpace.csproj]
C:\Users\n2029\Desktop\GameSpace\GameSpace\GameSpace\Areas\MiniGame\config\ServiceExtensions.cs(38,56): error CS0246: 找不到類型或命名空間名稱 'PetColorOptionService' (是否遺漏了 using 指示詞或組件參考?) [C:\Users\n2029\Desktop\GameSpace\GameSpace\GameSpace\GameSpace.csproj]
C:\Users\n2029\Desktop\GameSpace\GameSpace\GameSpace\Areas\MiniGame\config\ServiceExtensions.cs(39,61): error CS0246: 找不到類型或命名空間名稱 'PetBackgroundOptionService' (是否遺漏了 using 指示詞或組件參考?) [C:\Users\n2029\Desktop\GameSpace\GameSpace\GameSpace\GameSpace.csproj]
C:\Users\n2029\Desktop\GameSpace\GameSpace\GameSpace\Areas\MiniGame\Filters\MiniGameAdminAuthorizeAttribute.cs(35,41): error CS1061: 'GameSpacedatabaseContext' 未包含 'Managers' 的定義，也找不到可接受類型 'GameSpacedatabaseContext' 第一個引數的可存取擴充方法 'Managers' (是否遺漏 using 指示詞或組件參考?) [C:\Users\n2029\Desktop\GameSpace\GameSpace\GameSpace\GameSpace.csproj]
C:\Users\n2029\Desktop\GameSpace\GameSpace\GameSpace\Areas\MiniGame\Services\CouponService.cs(34,21): error CS0117: 'Coupon' 未包含 'CouponID' 的定義 [C:\Users\n2029\Desktop\GameSpace\GameSpace\GameSpace\GameSpace.csproj]
C:\Users\n2029\Desktop\GameSpace\GameSpace\GameSpace\Areas\MiniGame\Services\CouponService.cs(36,21): error CS0117: 'Coupon' 未包含 'CouponTypeID' 的定義 [C:\Users\n2029\Desktop\GameSpace\GameSpace\GameSpace\GameSpace.csproj]
C:\Users\n2029\Desktop\GameSpace\GameSpace\GameSpace\Areas\MiniGame\Services\CouponService.cs(37,21): error CS0117: 'Coupon' 未包含 'UserID' 的定義 [C:\Users\n2029\Desktop\GameSpace\GameSpace\GameSpace\GameSpace.csproj]
C:\Users\n2029\Desktop\GameSpace\GameSpace\GameSpace\Areas\MiniGame\Services\CouponService.cs(41,21): error CS0117: 'Coupon' 未包含 'UsedInOrderID' 的定義 [C:\Users\n2029\Desktop\GameSpace\GameSpace\GameSpace\GameSpace.csproj]
C:\Users\n2029\Desktop\GameSpace\GameSpace\GameSpace\Areas\MiniGame\Services\CouponTypeService.cs(19,35): error CS1061: 'GameSpacedatabaseContext' 未包含 'CouponType' 的定義，也找不到可接受類型 'GameSpacedatabaseContext' 第一個引數的可存取擴充方法 'CouponType' (是否遺漏 using 指示詞或組件參考?) [C:\Users\n2029\Desktop\GameSpace\GameSpace\GameSpace\GameSpace.csproj]
C:\Users\n2029\Desktop\GameSpace\GameSpace\GameSpace\Areas\MiniGame\Services\CouponService.cs(66,21): error CS0117: 'Coupon' 未包含 'CouponID' 的定義 [C:\Users\n2029\Desktop\GameSpace\GameSpace\GameSpace\GameSpace.csproj]
C:\Users\n2029\Desktop\GameSpace\GameSpace\GameSpace\Areas\MiniGame\Services\CouponService.cs(68,21): error CS0117: 'Coupon' 未包含 'CouponTypeID' 的定義 [C:\Users\n2029\Desktop\GameSpace\GameSpace\GameSpace\GameSpace.csproj]
C:\Users\n2029\Desktop\GameSpace\GameSpace\GameSpace\Areas\MiniGame\Services\CouponService.cs(69,21): error CS0117: 'Coupon' 未包含 'UserID' 的定義 [C:\Users\n2029\Desktop\GameSpace\GameSpace\GameSpace\GameSpace.csproj]
C:\Users\n2029\Desktop\GameSpace\GameSpace\GameSpace\Areas\MiniGame\Services\CouponService.cs(73,21): error CS0117: 'Coupon' 未包含 'UsedInOrderID' 的定義 [C:\Users\n2029\Desktop\GameSpace\GameSpace\GameSpace\GameSpace.csproj]
C:\Users\n2029\Desktop\GameSpace\GameSpace\GameSpace\Areas\MiniGame\Services\CouponTypeService.cs(26,35): error CS1061: 'GameSpacedatabaseContext' 未包含 'CouponType' 的定義，也找不到可接受類型 'GameSpacedatabaseContext' 第一個引數的可存取擴充方法 'CouponType' (是否遺漏 using 指示詞或組件參考?) [C:\Users\n2029\Desktop\GameSpace\GameSpace\GameSpace\GameSpace.csproj]
C:\Users\n2029\Desktop\GameSpace\GameSpace\GameSpace\Areas\MiniGame\Services\CouponTypeService.cs(34,28): error CS1061: 'CouponType' 未包含 'CreatedAt' 的定義，也找不到可接受類型 'CouponType' 第一個引數的可存取擴充方法 'CreatedAt' (是否遺漏 using 指示詞或組件參考?) [C:\Users\n2029\Desktop\GameSpace\GameSpace\GameSpace\GameSpace.csproj]
C:\Users\n2029\Desktop\GameSpace\GameSpace\GameSpace\Areas\MiniGame\Services\CouponTypeService.cs(35,28): error CS1061: 'CouponType' 未包含 'IsActive' 的定義，也找不到可接受類型 'CouponType' 第一個引數的可存取擴充方法 'IsActive' (是否遺漏 using 指示詞或組件參考?) [C:\Users\n2029\Desktop\GameSpace\GameSpace\GameSpace\GameSpace.csproj]
C:\Users\n2029\Desktop\GameSpace\GameSpace\GameSpace\Areas\MiniGame\Services\CouponTypeService.cs(36,26): error CS1061: 'GameSpacedatabaseContext' 未包含 'CouponType' 的定義，也找不到可接受類型 'GameSpacedatabaseContext' 第一個引數的可存取擴充方法 'CouponType' (是否遺漏 using 指示詞或組件參考?) [C:\Users\n2029\Desktop\GameSpace\GameSpace\GameSpace\GameSpace.csproj]
C:\Users\n2029\Desktop\GameSpace\GameSpace\GameSpace\Areas\MiniGame\Services\CouponTypeService.cs(50,28): error CS1061: 'CouponType' 未包含 'UpdatedAt' 的定義，也找不到可接受類型 'CouponType' 第一個引數的可存取擴充方法 'UpdatedAt' (是否遺漏 using 指示詞或組件參考?) [C:\Users\n2029\Desktop\GameSpace\GameSpace\GameSpace\GameSpace.csproj]
C:\Users\n2029\Desktop\GameSpace\GameSpace\GameSpace\Areas\MiniGame\Services\CouponTypeService.cs(51,26): error CS1061: 'GameSpacedatabaseContext' 未包含 'CouponType' 的定義，也找不到可接受類型 'GameSpacedatabaseContext' 第一個引數的可存取擴充方法 'CouponType' (是否遺漏 using 指示詞或組件參考?) [C:\Users\n2029\Desktop\GameSpace\GameSpace\GameSpace\GameSpace.csproj]
C:\Users\n2029\Desktop\GameSpace\GameSpace\GameSpace\Areas\MiniGame\Services\CouponTypeService.cs(68,26): error CS1061: 'GameSpacedatabaseContext' 未包含 'CouponType' 的定義，也找不到可接受類型 'GameSpacedatabaseContext' 第一個引數的可存取擴充方法 'CouponType' (是否遺漏 using 指示詞或組件參考?) [C:\Users\n2029\Desktop\GameSpace\GameSpace\GameSpace\GameSpace.csproj]
C:\Users\n2029\Desktop\GameSpace\GameSpace\GameSpace\Areas\MiniGame\Services\CouponService.cs(92,21): error CS0117: 'Coupon' 未包含 'CouponID' 的定義 [C:\Users\n2029\Desktop\GameSpace\GameSpace\GameSpace\GameSpace.csproj]
C:\Users\n2029\Desktop\GameSpace\GameSpace\GameSpace\Areas\MiniGame\Services\CouponService.cs(94,21): error CS0117: 'Coupon' 未包含 'CouponTypeID' 的定義 [C:\Users\n2029\Desktop\GameSpace\GameSpace\GameSpace\GameSpace.csproj]
C:\Users\n2029\Desktop\GameSpace\GameSpace\GameSpace\Areas\MiniGame\Services\CouponService.cs(95,21): error CS0117: 'Coupon' 未包含 'UserID' 的定義 [C:\Users\n2029\Desktop\GameSpace\GameSpace\GameSpace\GameSpace.csproj]
C:\Users\n2029\Desktop\GameSpace\GameSpace\GameSpace\Areas\MiniGame\Services\CouponService.cs(99,21): error CS0117: 'Coupon' 未包含 'UsedInOrderID' 的定義 [C:\Users\n2029\Desktop\GameSpace\GameSpace\GameSpace\GameSpace.csproj]
C:\Users\n2029\Desktop\GameSpace\GameSpace\GameSpace\Areas\MiniGame\Services\CouponTypeService.cs(86,28): error CS1061: 'CouponType' 未包含 'IsActive' 的定義，也找不到可接受類型 'CouponType' 第一個引數的可存取擴充方法 'IsActive' (是否遺漏 using 指示詞或組件參考?) [C:\Users\n2029\Desktop\GameSpace\GameSpace\GameSpace\GameSpace.csproj]
C:\Users\n2029\Desktop\GameSpace\GameSpace\GameSpace\Areas\MiniGame\Services\CouponTypeService.cs(87,28): error CS1061: 'CouponType' 未包含 'UpdatedAt' 的定義，也找不到可接受類型 'CouponType' 第一個引數的可存取擴充方法 'UpdatedAt' (是否遺漏 using 指示詞或組件參考?) [C:\Users\n2029\Desktop\GameSpace\GameSpace\GameSpace\GameSpace.csproj]
C:\Users\n2029\Desktop\GameSpace\GameSpace\GameSpace\Areas\MiniGame\Services\CouponTypeService.cs(104,28): error CS1061: 'CouponType' 未包含 'IsActive' 的定義，也找不到可接受類型 'CouponType' 第一個引數的可存取擴充方法 'IsActive' (是否遺漏 using 指示詞或組件參考?) [C:\Users\n2029\Desktop\GameSpace\GameSpace\GameSpace\GameSpace.csproj]
C:\Users\n2029\Desktop\GameSpace\GameSpace\GameSpace\Areas\MiniGame\Services\CouponTypeService.cs(105,28): error CS1061: 'CouponType' 未包含 'UpdatedAt' 的定義，也找不到可接受類型 'CouponType' 第一個引數的可存取擴充方法 'UpdatedAt' (是否遺漏 using 指示詞或組件參考?) [C:\Users\n2029\Desktop\GameSpace\GameSpace\GameSpace\GameSpace.csproj]
C:\Users\n2029\Desktop\GameSpace\GameSpace\GameSpace\Areas\MiniGame\Services\CouponTypeService.cs(118,35): error CS1061: 'GameSpacedatabaseContext' 未包含 'CouponType' 的定義，也找不到可接受類型 'GameSpacedatabaseContext' 第一個引數的可存取擴充方法 'CouponType' (是否遺漏 using 指示詞或組件參考?) [C:\Users\n2029\Desktop\GameSpace\GameSpace\GameSpace\GameSpace.csproj]
C:\Users\n2029\Desktop\GameSpace\GameSpace\GameSpace\Areas\MiniGame\Services\CouponService.cs(118,21): error CS0117: 'Coupon' 未包含 'CouponID' 的定義 [C:\Users\n2029\Desktop\GameSpace\GameSpace\GameSpace\GameSpace.csproj]
C:\Users\n2029\Desktop\GameSpace\GameSpace\GameSpace\Areas\MiniGame\Services\CouponService.cs(120,21): error CS0117: 'Coupon' 未包含 'CouponTypeID' 的定義 [C:\Users\n2029\Desktop\GameSpace\GameSpace\GameSpace\GameSpace.csproj]
C:\Users\n2029\Desktop\GameSpace\GameSpace\GameSpace\Areas\MiniGame\Services\CouponService.cs(121,21): error CS0117: 'Coupon' 未包含 'UserID' 的定義 [C:\Users\n2029\Desktop\GameSpace\GameSpace\GameSpace\GameSpace.csproj]
C:\Users\n2029\Desktop\GameSpace\GameSpace\GameSpace\Areas\MiniGame\Services\CouponService.cs(125,21): error CS0117: 'Coupon' 未包含 'UsedInOrderID' 的定義 [C:\Users\n2029\Desktop\GameSpace\GameSpace\GameSpace\GameSpace.csproj]
C:\Users\n2029\Desktop\GameSpace\GameSpace\GameSpace\Areas\MiniGame\Services\CouponTypeService.cs(126,35): error CS1061: 'GameSpacedatabaseContext' 未包含 'CouponType' 的定義，也找不到可接受類型 'GameSpacedatabaseContext' 第一個引數的可存取擴充方法 'CouponType' (是否遺漏 using 指示詞或組件參考?) [C:\Users\n2029\Desktop\GameSpace\GameSpace\GameSpace\GameSpace.csproj]
C:\Users\n2029\Desktop\GameSpace\GameSpace\GameSpace\Areas\MiniGame\Services\CouponTypeService.cs(134,35): error CS1061: 'GameSpacedatabaseContext' 未包含 'CouponType' 的定義，也找不到可接受類型 'GameSpacedatabaseContext' 第一個引數的可存取擴充方法 'CouponType' (是否遺漏 using 指示詞或組件參考?) [C:\Users\n2029\Desktop\GameSpace\GameSpace\GameSpace\GameSpace.csproj]
C:\Users\n2029\Desktop\GameSpace\GameSpace\GameSpace\Areas\MiniGame\Services\CouponTypeService.cs(143,35): error CS1061: 'GameSpacedatabaseContext' 未包含 'CouponType' 的定義，也找不到可接受類型 'GameSpacedatabaseContext' 第一個引數的可存取擴充方法 'CouponType' (是否遺漏 using 指示詞或組件參考?) [C:\Users\n2029\Desktop\GameSpace\GameSpace\GameSpace\GameSpace.csproj]
C:\Users\n2029\Desktop\GameSpace\GameSpace\GameSpace\Areas\MiniGame\Services\CouponTypeService.cs(148,35): error CS1061: 'GameSpacedatabaseContext' 未包含 'CouponType' 的定義，也找不到可接受類型 'GameSpacedatabaseContext' 第一個引數的可存取擴充方法 'CouponType' (是否遺漏 using 指示詞或組件參考?) [C:\Users\n2029\Desktop\GameSpace\GameSpace\GameSpace\GameSpace.csproj]
C:\Users\n2029\Desktop\GameSpace\GameSpace\GameSpace\Areas\MiniGame\Services\CouponService.cs(141,69): error CS1061: 'Coupon' 未包含 'CouponTypeID' 的定義，也找不到可接受類型 'Coupon' 第一個引數的可存取擴充方法 'CouponTypeID' (是否遺漏 using 指示詞或組件參考?) [C:\Users\n2029\Desktop\GameSpace\GameSpace\GameSpace\GameSpace.csproj]
C:\Users\n2029\Desktop\GameSpace\GameSpace\GameSpace\Areas\MiniGame\Services\CouponService.cs(142,63): error CS1061: 'Coupon' 未包含 'UserID' 的定義，也找不到可接受類型 'Coupon' 第一個引數的可存取擴充方法 'UserID' (是否遺漏 using 指示詞或組件參考?) [C:\Users\n2029\Desktop\GameSpace\GameSpace\GameSpace\GameSpace.csproj]
C:\Users\n2029\Desktop\GameSpace\GameSpace\GameSpace\Areas\MiniGame\Services\CouponService.cs(146,79): error CS1061: 'Coupon' 未包含 'UsedInOrderID' 的定義，也找不到可接受類型 'Coupon' 第一個引數的可存取擴充方法 'UsedInOrderID' (是否遺漏 using 指示詞或組件參考?) [C:\Users\n2029\Desktop\GameSpace\GameSpace\GameSpace\GameSpace.csproj]
C:\Users\n2029\Desktop\GameSpace\GameSpace\GameSpace\Areas\MiniGame\Services\DailyGameLimitService.cs(29,38): error CS1061: 'GameSpacedatabaseContext' 未包含 'DailyGameLimits' 的定義，也找不到可接受類型 'GameSpacedatabaseContext' 第一個引數的可存取擴充方法 'DailyGameLimits' (是否遺漏 using 指示詞或組件參考?) [C:\Users\n2029\Desktop\GameSpace\GameSpace\GameSpace\GameSpace.csproj]
C:\Users\n2029\Desktop\GameSpace\GameSpace\GameSpace\Areas\MiniGame\Services\DailyGameLimitService.cs(81,46): error CS1061: 'GameSpacedatabaseContext' 未包含 'DailyGameLimits' 的定義，也找不到可接受類型 'GameSpacedatabaseContext' 第一個引數的可存取擴充方法 'DailyGameLimits' (是否遺漏 using 指示詞或組件參考?) [C:\Users\n2029\Desktop\GameSpace\GameSpace\GameSpace\GameSpace.csproj]
C:\Users\n2029\Desktop\GameSpace\GameSpace\GameSpace\Areas\MiniGame\Services\CouponService.cs(168,65): error CS1061: 'Coupon' 未包含 'CouponID' 的定義，也找不到可接受類型 'Coupon' 第一個引數的可存取擴充方法 'CouponID' (是否遺漏 using 指示詞或組件參考?) [C:\Users\n2029\Desktop\GameSpace\GameSpace\GameSpace\GameSpace.csproj]
C:\Users\n2029\Desktop\GameSpace\GameSpace\GameSpace\Areas\MiniGame\Services\CouponService.cs(170,69): error CS1061: 'Coupon' 未包含 'CouponTypeID' 的定義，也找不到可接受類型 'Coupon' 第一個引數的可存取擴充方法 'CouponTypeID' (是否遺漏 using 指示詞或組件參考?) [C:\Users\n2029\Desktop\GameSpace\GameSpace\GameSpace\GameSpace.csproj]
C:\Users\n2029\Desktop\GameSpace\GameSpace\GameSpace\Areas\MiniGame\Services\CouponService.cs(171,63): error CS1061: 'Coupon' 未包含 'UserID' 的定義，也找不到可接受類型 'Coupon' 第一個引數的可存取擴充方法 'UserID' (是否遺漏 using 指示詞或組件參考?) [C:\Users\n2029\Desktop\GameSpace\GameSpace\GameSpace\GameSpace.csproj]
C:\Users\n2029\Desktop\GameSpace\GameSpace\GameSpace\Areas\MiniGame\Services\CouponService.cs(175,79): error CS1061: 'Coupon' 未包含 'UsedInOrderID' 的定義，也找不到可接受類型 'Coupon' 第一個引數的可存取擴充方法 'UsedInOrderID' (是否遺漏 using 指示詞或組件參考?) [C:\Users\n2029\Desktop\GameSpace\GameSpace\GameSpace\GameSpace.csproj]
C:\Users\n2029\Desktop\GameSpace\GameSpace\GameSpace\Areas\MiniGame\Services\CouponTypeService.cs(153,47): error CS1061: 'GameSpacedatabaseContext' 未包含 'CouponType' 的定義，也找不到可接受類型 'GameSpacedatabaseContext' 第一個引數的可存取擴充方法 'CouponType' (是否遺漏 using 指示詞或組件參考?) [C:\Users\n2029\Desktop\GameSpace\GameSpace\GameSpace\GameSpace.csproj]
C:\Users\n2029\Desktop\GameSpace\GameSpace\GameSpace\Areas\MiniGame\Services\DailyGameLimitService.cs(106,46): error CS1061: 'GameSpacedatabaseContext' 未包含 'DailyGameLimits' 的定義，也找不到可接受類型 'GameSpacedatabaseContext' 第一個引數的可存取擴充方法 'DailyGameLimits' (是否遺漏 using 指示詞或組件參考?) [C:\Users\n2029\Desktop\GameSpace\GameSpace\GameSpace\GameSpace.csproj]
C:\Users\n2029\Desktop\GameSpace\GameSpace\GameSpace\Areas\MiniGame\Services\DailyGameLimitService.cs(146,26): error CS1061: 'GameSpacedatabaseContext' 未包含 'DailyGameLimits' 的定義，也找不到可接受類型 'GameSpacedatabaseContext' 第一個引數的可存取擴充方法 'DailyGameLimits' (是否遺漏 using 指示詞或組件參考?) [C:\Users\n2029\Desktop\GameSpace\GameSpace\GameSpace\GameSpace.csproj]
C:\Users\n2029\Desktop\GameSpace\GameSpace\GameSpace\Areas\MiniGame\Controllers\AdminController.cs(69,34): error CS0246: 找不到類型或命名空間名稱 'RecentSignInModel' (是否遺漏了 using 指示詞或組件參考?) [C:\Users\n2029\Desktop\GameSpace\GameSpace\GameSpace\GameSpace.csproj]
C:\Users\n2029\Desktop\GameSpace\GameSpace\GameSpace\Areas\MiniGame\Controllers\AdminController.cs(84,34): error CS0246: 找不到類型或命名空間名稱 'RecentGameRecordModel' (是否遺漏了 using 指示詞或組件參考?) [C:\Users\n2029\Desktop\GameSpace\GameSpace\GameSpace\GameSpace.csproj]
C:\Users\n2029\Desktop\GameSpace\GameSpace\GameSpace\Areas\MiniGame\Controllers\AdminController.cs(133,17): error CS0117: 'AdminDashboardViewModel' 未包含 'RecentSignIns' 的定義 [C:\Users\n2029\Desktop\GameSpace\GameSpace\GameSpace\GameSpace.csproj]
C:\Users\n2029\Desktop\GameSpace\GameSpace\GameSpace\Areas\MiniGame\Controllers\AdminController.cs(134,17): error CS0117: 'AdminDashboardViewModel' 未包含 'RecentGameRecords' 的定義 [C:\Users\n2029\Desktop\GameSpace\GameSpace\GameSpace\GameSpace.csproj]
C:\Users\n2029\Desktop\GameSpace\GameSpace\GameSpace\Areas\MiniGame\Controllers\AdminController.cs(135,17): error CS0117: 'AdminDashboardViewModel' 未包含 'RecentWalletTransactions' 的定義 [C:\Users\n2029\Desktop\GameSpace\GameSpace\GameSpace\GameSpace.csproj]
C:\Users\n2029\Desktop\GameSpace\GameSpace\GameSpace\Areas\MiniGame\Controllers\AdminController.cs(136,17): error CS0117: 'AdminDashboardViewModel' 未包含 'SystemStats' 的定義 [C:\Users\n2029\Desktop\GameSpace\GameSpace\GameSpace\GameSpace.csproj]
C:\Users\n2029\Desktop\GameSpace\GameSpace\GameSpace\Areas\MiniGame\Services\CouponTypeService.cs(163,46): error CS1061: 'GameSpacedatabaseContext' 未包含 'CouponType' 的定義，也找不到可接受類型 'GameSpacedatabaseContext' 第一個引數的可存取擴充方法 'CouponType' (是否遺漏 using 指示詞或組件參考?) [C:\Users\n2029\Desktop\GameSpace\GameSpace\GameSpace\GameSpace.csproj]
C:\Users\n2029\Desktop\GameSpace\GameSpace\GameSpace\Areas\MiniGame\Services\CouponTypeService.cs(168,46): error CS1061: 'GameSpacedatabaseContext' 未包含 'Coupon' 的定義，也找不到可接受類型 'GameSpacedatabaseContext' 第一個引數的可存取擴充方法 'Coupon' (是否遺漏 using 指示詞或組件參考?) [C:\Users\n2029\Desktop\GameSpace\GameSpace\GameSpace\GameSpace.csproj]
C:\Users\n2029\Desktop\GameSpace\GameSpace\GameSpace\Areas\MiniGame\Services\CouponService.cs(225,21): error CS0117: 'CouponType' 未包含 'CouponTypeID' 的定義 [C:\Users\n2029\Desktop\GameSpace\GameSpace\GameSpace\GameSpace.csproj]
C:\Users\n2029\Desktop\GameSpace\GameSpace\GameSpace\Areas\MiniGame\Services\DailyGameLimitService.cs(166,46): error CS1061: 'GameSpacedatabaseContext' 未包含 'DailyGameLimits' 的定義，也找不到可接受類型 'GameSpacedatabaseContext' 第一個引數的可存取擴充方法 'DailyGameLimits' (是否遺漏 using 指示詞或組件參考?) [C:\Users\n2029\Desktop\GameSpace\GameSpace\GameSpace\GameSpace.csproj]
C:\Users\n2029\Desktop\GameSpace\GameSpace\GameSpace\Areas\MiniGame\Services\DailyGameLimitService.cs(180,26): error CS1061: 'GameSpacedatabaseContext' 未包含 'DailyGameLimits' 的定義，也找不到可接受類型 'GameSpacedatabaseContext' 第一個引數的可存取擴充方法 'DailyGameLimits' (是否遺漏 using 指示詞或組件參考?) [C:\Users\n2029\Desktop\GameSpace\GameSpace\GameSpace\GameSpace.csproj]
C:\Users\n2029\Desktop\GameSpace\GameSpace\GameSpace\Areas\MiniGame\Services\DailyGameLimitValidationService.cs(34,28): error CS1061: 'ValidationResult' 未包含 'AddError' 的定義，也找不到可接受類型 'ValidationResult' 第一個引數的可存取擴充方法 'AddError' (是否遺漏 using 指示詞或組件參考?) [C:\Users\n2029\Desktop\GameSpace\GameSpace\GameSpace\GameSpace.csproj]
C:\Users\n2029\Desktop\GameSpace\GameSpace\GameSpace\Areas\MiniGame\Services\DailyGameLimitValidationService.cs(38,54): error CS1061: 'GameSpacedatabaseContext' 未包含 'DailyGameLimits' 的定義，也找不到可接受類型 'GameSpacedatabaseContext' 第一個引數的可存取擴充方法 'DailyGameLimits' (是否遺漏 using 指示詞或組件參考?) [C:\Users\n2029\Desktop\GameSpace\GameSpace\GameSpace\GameSpace.csproj]
C:\Users\n2029\Desktop\GameSpace\GameSpace\GameSpace\Areas\MiniGame\Services\DailyGameLimitValidationService.cs(43,28): error CS1061: 'ValidationResult' 未包含 'AddError' 的定義，也找不到可接受類型 'ValidationResult' 第一個引數的可存取擴充方法 'AddError' (是否遺漏 using 指示詞或組件參考?) [C:\Users\n2029\Desktop\GameSpace\GameSpace\GameSpace\GameSpace.csproj]
C:\Users\n2029\Desktop\GameSpace\GameSpace\GameSpace\Areas\MiniGame\Services\DailyGameLimitValidationService.cs(49,28): error CS1061: 'ValidationResult' 未包含 'AddError' 的定義，也找不到可接受類型 'ValidationResult' 第一個引數的可存取擴充方法 'AddError' (是否遺漏 using 指示詞或組件參考?) [C:\Users\n2029\Desktop\GameSpace\GameSpace\GameSpace\GameSpace.csproj]
C:\Users\n2029\Desktop\GameSpace\GameSpace\GameSpace\Areas\MiniGame\Services\DailyGameLimitValidationService.cs(66,24): error CS1061: 'ValidationResult' 未包含 'AddError' 的定義，也找不到可接受類型 'ValidationResult' 第一個引數的可存取擴充方法 'AddError' (是否遺漏 using 指示詞或組件參考?) [C:\Users\n2029\Desktop\GameSpace\GameSpace\GameSpace\GameSpace.csproj]
C:\Users\n2029\Desktop\GameSpace\GameSpace\GameSpace\Areas\MiniGame\Services\CouponService.cs(252,21): error CS0117: 'CouponType' 未包含 'CouponTypeID' 的定義 [C:\Users\n2029\Desktop\GameSpace\GameSpace\GameSpace\GameSpace.csproj]
C:\Users\n2029\Desktop\GameSpace\GameSpace\GameSpace\Areas\MiniGame\Services\DailyGameLimitService.cs(200,46): error CS1061: 'GameSpacedatabaseContext' 未包含 'DailyGameLimits' 的定義，也找不到可接受類型 'GameSpacedatabaseContext' 第一個引數的可存取擴充方法 'DailyGameLimits' (是否遺漏 using 指示詞或組件參考?) [C:\Users\n2029\Desktop\GameSpace\GameSpace\GameSpace\GameSpace.csproj]
C:\Users\n2029\Desktop\GameSpace\GameSpace\GameSpace\Areas\MiniGame\Services\DailyGameLimitService.cs(207,26): error CS1061: 'GameSpacedatabaseContext' 未包含 'DailyGameLimits' 的定義，也找不到可接受類型 'GameSpacedatabaseContext' 第一個引數的可存取擴充方法 'DailyGameLimits' (是否遺漏 using 指示詞或組件參考?) [C:\Users\n2029\Desktop\GameSpace\GameSpace\GameSpace\GameSpace.csproj]
C:\Users\n2029\Desktop\GameSpace\GameSpace\GameSpace\Areas\MiniGame\Services\DailyGameLimitValidationService.cs(83,28): error CS1061: 'ValidationResult' 未包含 'AddError' 的定義，也找不到可接受類型 'ValidationResult' 第一個引數的可存取擴充方法 'AddError' (是否遺漏 using 指示詞或組件參考?) [C:\Users\n2029\Desktop\GameSpace\GameSpace\GameSpace\GameSpace.csproj]
C:\Users\n2029\Desktop\GameSpace\GameSpace\GameSpace\Areas\MiniGame\Services\DailyGameLimitValidationService.cs(87,54): error CS1061: 'GameSpacedatabaseContext' 未包含 'DailyGameLimits' 的定義，也找不到可接受類型 'GameSpacedatabaseContext' 第一個引數的可存取擴充方法 'DailyGameLimits' (是否遺漏 using 指示詞或組件參考?) [C:\Users\n2029\Desktop\GameSpace\GameSpace\GameSpace\GameSpace.csproj]
C:\Users\n2029\Desktop\GameSpace\GameSpace\GameSpace\Areas\MiniGame\Services\DailyGameLimitValidationService.cs(92,28): error CS1061: 'ValidationResult' 未包含 'AddError' 的定義，也找不到可接受類型 'ValidationResult' 第一個引數的可存取擴充方法 'AddError' (是否遺漏 using 指示詞或組件參考?) [C:\Users\n2029\Desktop\GameSpace\GameSpace\GameSpace\GameSpace.csproj]
C:\Users\n2029\Desktop\GameSpace\GameSpace\GameSpace\Areas\MiniGame\Services\DailyGameLimitValidationService.cs(98,28): error CS1061: 'ValidationResult' 未包含 'AddError' 的定義，也找不到可接受類型 'ValidationResult' 第一個引數的可存取擴充方法 'AddError' (是否遺漏 using 指示詞或組件參考?) [C:\Users\n2029\Desktop\GameSpace\GameSpace\GameSpace\GameSpace.csproj]
C:\Users\n2029\Desktop\GameSpace\GameSpace\GameSpace\Areas\MiniGame\Services\DailyGameLimitValidationService.cs(102,46): error CS1061: 'GameSpacedatabaseContext' 未包含 'DailyGameLimits' 的定義，也找不到可接受類型 'GameSpacedatabaseContext' 第一個引數的可存取擴充方法 'DailyGameLimits' (是否遺漏 using 指示詞或組件參考?) [C:\Users\n2029\Desktop\GameSpace\GameSpace\GameSpace\GameSpace.csproj]
C:\Users\n2029\Desktop\GameSpace\GameSpace\GameSpace\Areas\MiniGame\Services\DailyGameLimitValidationService.cs(105,28): error CS1061: 'ValidationResult' 未包含 'AddError' 的定義，也找不到可接受類型 'ValidationResult' 第一個引數的可存取擴充方法 'AddError' (是否遺漏 using 指示詞或組件參考?) [C:\Users\n2029\Desktop\GameSpace\GameSpace\GameSpace\GameSpace.csproj]
C:\Users\n2029\Desktop\GameSpace\GameSpace\GameSpace\Areas\MiniGame\Services\DailyGameLimitValidationService.cs(123,24): error CS1061: 'ValidationResult' 未包含 'AddError' 的定義，也找不到可接受類型 'ValidationResult' 第一個引數的可存取擴充方法 'AddError' (是否遺漏 using 指示詞或組件參考?) [C:\Users\n2029\Desktop\GameSpace\GameSpace\GameSpace\GameSpace.csproj]
C:\Users\n2029\Desktop\GameSpace\GameSpace\GameSpace\Areas\MiniGame\Services\DailyGameLimitService.cs(227,46): error CS1061: 'GameSpacedatabaseContext' 未包含 'DailyGameLimits' 的定義，也找不到可接受類型 'GameSpacedatabaseContext' 第一個引數的可存取擴充方法 'DailyGameLimits' (是否遺漏 using 指示詞或組件參考?) [C:\Users\n2029\Desktop\GameSpace\GameSpace\GameSpace\GameSpace.csproj]
C:\Users\n2029\Desktop\GameSpace\GameSpace\GameSpace\Areas\MiniGame\Services\DailyGameLimitService.cs(238,26): error CS1061: 'GameSpacedatabaseContext' 未包含 'DailyGameLimits' 的定義，也找不到可接受類型 'GameSpacedatabaseContext' 第一個引數的可存取擴充方法 'DailyGameLimits' (是否遺漏 using 指示詞或組件參考?) [C:\Users\n2029\Desktop\GameSpace\GameSpace\GameSpace\GameSpace.csproj]
C:\Users\n2029\Desktop\GameSpace\GameSpace\GameSpace\Areas\MiniGame\Services\CouponService.cs(305,73): error CS1061: 'CouponType' 未包含 'CouponTypeID' 的定義，也找不到可接受類型 'CouponType' 第一個引數的可存取擴充方法 'CouponTypeID' (是否遺漏 using 指示詞或組件參考?) [C:\Users\n2029\Desktop\GameSpace\GameSpace\GameSpace\GameSpace.csproj]
C:\Users\n2029\Desktop\GameSpace\GameSpace\GameSpace\Areas\MiniGame\Services\DailyGameLimitService.cs(258,52): error CS1061: 'GameSpacedatabaseContext' 未包含 'DailyGameLimits' 的定義，也找不到可接受類型 'GameSpacedatabaseContext' 第一個引數的可存取擴充方法 'DailyGameLimits' (是否遺漏 using 指示詞或組件參考?) [C:\Users\n2029\Desktop\GameSpace\GameSpace\GameSpace\GameSpace.csproj]
C:\Users\n2029\Desktop\GameSpace\GameSpace\GameSpace\Areas\MiniGame\Services\DailyGameLimitService.cs(259,54): error CS1061: 'GameSpacedatabaseContext' 未包含 'DailyGameLimits' 的定義，也找不到可接受類型 'GameSpacedatabaseContext' 第一個引數的可存取擴充方法 'DailyGameLimits' (是否遺漏 using 指示詞或組件參考?) [C:\Users\n2029\Desktop\GameSpace\GameSpace\GameSpace\GameSpace.csproj]
C:\Users\n2029\Desktop\GameSpace\GameSpace\GameSpace\Areas\MiniGame\Services\DailyGameLimitService.cs(265,50): error CS1061: 'GameSpacedatabaseContext' 未包含 'DailyGameLimits' 的定義，也找不到可接受類型 'GameSpacedatabaseContext' 第一個引數的可存取擴充方法 'DailyGameLimits' (是否遺漏 using 指示詞或組件參考?) [C:\Users\n2029\Desktop\GameSpace\GameSpace\GameSpace\GameSpace.csproj]
C:\Users\n2029\Desktop\GameSpace\GameSpace\GameSpace\Areas\MiniGame\Services\DailyGameLimitValidationService.cs(138,53): error CS1061: 'GameSpacedatabaseContext' 未包含 'DailyGameLimits' 的定義，也找不到可接受類型 'GameSpacedatabaseContext' 第一個引數的可存取擴充方法 'DailyGameLimits' (是否遺漏 using 指示詞或組件參考?) [C:\Users\n2029\Desktop\GameSpace\GameSpace\GameSpace\GameSpace.csproj]
C:\Users\n2029\Desktop\GameSpace\GameSpace\GameSpace\Areas\MiniGame\Services\DailyGameLimitValidationService.cs(164,28): error CS1061: 'GameValidationResult' 未包含 'AddError' 的定義，也找不到可接受類型 'GameValidationResult' 第一個引數的可存取擴充方法 'AddError' (是否遺漏 using 指示詞或組件參考?) [C:\Users\n2029\Desktop\GameSpace\GameSpace\GameSpace\GameSpace.csproj]
C:\Users\n2029\Desktop\GameSpace\GameSpace\GameSpace\Areas\MiniGame\Services\DailyGameLimitValidationService.cs(179,24): error CS1061: 'GameValidationResult' 未包含 'AddError' 的定義，也找不到可接受類型 'GameValidationResult' 第一個引數的可存取擴充方法 'AddError' (是否遺漏 using 指示詞或組件參考?) [C:\Users\n2029\Desktop\GameSpace\GameSpace\GameSpace\GameSpace.csproj]
C:\Users\n2029\Desktop\GameSpace\GameSpace\GameSpace\Areas\MiniGame\Services\CouponService.cs(339,17): error CS0117: 'Coupon' 未包含 'CouponTypeID' 的定義 [C:\Users\n2029\Desktop\GameSpace\GameSpace\GameSpace\GameSpace.csproj]
C:\Users\n2029\Desktop\GameSpace\GameSpace\GameSpace\Areas\MiniGame\Services\CouponService.cs(340,17): error CS0117: 'Coupon' 未包含 'UserID' 的定義 [C:\Users\n2029\Desktop\GameSpace\GameSpace\GameSpace\GameSpace.csproj]
C:\Users\n2029\Desktop\GameSpace\GameSpace\GameSpace\Areas\MiniGame\Services\DailyGameLimitValidationService.cs(194,53): error CS1061: 'GameSpacedatabaseContext' 未包含 'MiniGame' 的定義，也找不到可接受類型 'GameSpacedatabaseContext' 第一個引數的可存取擴充方法 'MiniGame' (是否遺漏 using 指示詞或組件參考?) [C:\Users\n2029\Desktop\GameSpace\GameSpace\GameSpace\GameSpace.csproj]
C:\Users\n2029\Desktop\GameSpace\GameSpace\GameSpace\Areas\MiniGame\Controllers\AdminController.cs(218,37): error CS1061: 'User' 未包含 'UserWallet' 的定義，也找不到可接受類型 'User' 第一個引數的可存取擴充方法 'UserWallet' (是否遺漏 using 指示詞或組件參考?) [C:\Users\n2029\Desktop\GameSpace\GameSpace\GameSpace\GameSpace.csproj]
C:\Users\n2029\Desktop\GameSpace\GameSpace\GameSpace\Areas\MiniGame\Controllers\Settings\PointsSettingsController.cs(43,65): error CS1061: 'IPetColorChangeSettingsService' 未包含 'GetAllAsync' 的定義，也找不到可接受類型 'IPetColorChangeSettingsService' 第一個引數的可存取擴充方法 'GetAllAsync' (是否遺漏 using 指示詞或組件參考?) [C:\Users\n2029\Desktop\GameSpace\GameSpace\GameSpace\GameSpace.csproj]
C:\Users\n2029\Desktop\GameSpace\GameSpace\GameSpace\Areas\MiniGame\Controllers\Settings\PointsSettingsController.cs(44,75): error CS1061: 'IPetBackgroundChangeSettingsService' 未包含 'GetAllAsync' 的定義，也找不到可接受類型 'IPetBackgroundChangeSettingsService' 第一個引數的可存取擴充方法 'GetAllAsync' (是否遺漏 using 指示詞或組件參考?) [C:\Users\n2029\Desktop\GameSpace\GameSpace\GameSpace\GameSpace.csproj]
C:\Users\n2029\Desktop\GameSpace\GameSpace\GameSpace\Areas\MiniGame\Controllers\Settings\PointsSettingsController.cs(50,25): error CS0117: 'PetColorChangeSettingsViewModel' 未包含 'Id' 的定義 [C:\Users\n2029\Desktop\GameSpace\GameSpace\GameSpace\GameSpace.csproj]
C:\Users\n2029\Desktop\GameSpace\GameSpace\GameSpace\Areas\MiniGame\Controllers\Settings\PointsSettingsController.cs(51,25): error CS0117: 'PetColorChangeSettingsViewModel' 未包含 'ColorName' 的定義 [C:\Users\n2029\Desktop\GameSpace\GameSpace\GameSpace\GameSpace.csproj]
C:\Users\n2029\Desktop\GameSpace\GameSpace\GameSpace\Areas\MiniGame\Controllers\Settings\PointsSettingsController.cs(52,25): error CS0117: 'PetColorChangeSettingsViewModel' 未包含 'RequiredPoints' 的定義 [C:\Users\n2029\Desktop\GameSpace\GameSpace\GameSpace\GameSpace.csproj]
C:\Users\n2029\Desktop\GameSpace\GameSpace\GameSpace\Areas\MiniGame\Controllers\Settings\PointsSettingsController.cs(53,25): error CS0117: 'PetColorChangeSettingsViewModel' 未包含 'ColorCode' 的定義 [C:\Users\n2029\Desktop\GameSpace\GameSpace\GameSpace\GameSpace.csproj]
C:\Users\n2029\Desktop\GameSpace\GameSpace\GameSpace\Areas\MiniGame\Controllers\Settings\PointsSettingsController.cs(88,67): error CS1061: 'IPointsSettingsStatisticsService' 未包含 'GetTotalColorSettingsAsync' 的定義，也找不到可接受類型 'IPointsSettingsStatisticsService' 第一個引數的可存取擴充方法 'GetTotalColorSettingsAsync' (是否遺漏 using 指示詞或組件參考?) [C:\Users\n2029\Desktop\GameSpace\GameSpace\GameSpace\GameSpace.csproj]
C:\Users\n2029\Desktop\GameSpace\GameSpace\GameSpace\Areas\MiniGame\Controllers\Settings\PointsSettingsController.cs(89,72): error CS1061: 'IPointsSettingsStatisticsService' 未包含 'GetTotalBackgroundSettingsAsync' 的定義，也找不到可接受類型 'IPointsSettingsStatisticsService' 第一個引數的可存取擴充方法 'GetTotalBackgroundSettingsAsync' (是否遺漏 using 指示詞或組件參考?) [C:\Users\n2029\Desktop\GameSpace\GameSpace\GameSpace\GameSpace.csproj]
C:\Users\n2029\Desktop\GameSpace\GameSpace\GameSpace\Areas\MiniGame\Controllers\Settings\PointsSettingsController.cs(90,68): error CS1061: 'IPointsSettingsStatisticsService' 未包含 'GetActiveColorSettingsAsync' 的定義，也找不到可接受類型 'IPointsSettingsStatisticsService' 第一個引數的可存取擴充方法 'GetActiveColorSettingsAsync' (是否遺漏 using 指示詞或組件參考?) [C:\Users\n2029\Desktop\GameSpace\GameSpace\GameSpace\GameSpace.csproj]
C:\Users\n2029\Desktop\GameSpace\GameSpace\GameSpace\Areas\MiniGame\Controllers\Settings\PointsSettingsController.cs(91,73): error CS1061: 'IPointsSettingsStatisticsService' 未包含 'GetActiveBackgroundSettingsAsync' 的定義，也找不到可接受類型 'IPointsSettingsStatisticsService' 第一個引數的可存取擴充方法 'GetActiveBackgroundSettingsAsync' (是否遺漏 using 指示詞或組件參考?) [C:\Users\n2029\Desktop\GameSpace\GameSpace\GameSpace\GameSpace.csproj]
C:\Users\n2029\Desktop\GameSpace\GameSpace\GameSpace\Areas\MiniGame\Controllers\Settings\PointsSettingsController.cs(92,65): error CS1061: 'IPointsSettingsStatisticsService' 未包含 'GetTotalColorPointsAsync' 的定義，也找不到可接受類型 'IPointsSettingsStatisticsService' 第一個引數的可存取擴充方法 'GetTotalColorPointsAsync' (是否遺漏 using 指示詞或組件參考?) [C:\Users\n2029\Desktop\GameSpace\GameSpace\GameSpace\GameSpace.csproj]
C:\Users\n2029\Desktop\GameSpace\GameSpace\GameSpace\Areas\MiniGame\Controllers\Settings\PointsSettingsController.cs(93,70): error CS1061: 'IPointsSettingsStatisticsService' 未包含 'GetTotalBackgroundPointsAsync' 的定義，也找不到可接受類型 'IPointsSettingsStatisticsService' 第一個引數的可存取擴充方法 'GetTotalBackgroundPointsAsync' (是否遺漏 using 指示詞或組件參考?) [C:\Users\n2029\Desktop\GameSpace\GameSpace\GameSpace\GameSpace.csproj]
C:\Users\n2029\Desktop\GameSpace\GameSpace\GameSpace\Areas\MiniGame\Controllers\Settings\PointsSettingsController.cs(94,60): error CS1061: 'IPointsSettingsStatisticsService' 未包含 'GetTotalPointsAsync' 的定義，也找不到可接受類型 'IPointsSettingsStatisticsService' 第一個引數的可存取擴充方法 'GetTotalPointsAsync' (是否遺漏 using 指示詞或組件參考?) [C:\Users\n2029\Desktop\GameSpace\GameSpace\GameSpace\GameSpace.csproj]
C:\Users\n2029\Desktop\GameSpace\GameSpace\GameSpace\Areas\MiniGame\Controllers\Settings\PointsSettingsController.cs(104,21): error CS0200: 無法指派為屬性或索引子 'PointsSettingsStatisticsViewModel.TotalPoints' -- 其為唯讀 [C:\Users\n2029\Desktop\GameSpace\GameSpace\GameSpace\GameSpace.csproj]
C:\Users\n2029\Desktop\GameSpace\GameSpace\GameSpace\Areas\MiniGame\Controllers\AdminDashboardController.cs(51,27): error CS1061: 'AdminDashboardViewModel' 未包含 'ActiveUsersLast7Days' 的定義，也找不到可接受類型 'AdminDashboardViewModel' 第一個引數的可存取擴充方法 'ActiveUsersLast7Days' (是否遺漏 using 指示詞或組件參考?) [C:\Users\n2029\Desktop\GameSpace\GameSpace\GameSpace\GameSpace.csproj]
C:\Users\n2029\Desktop\GameSpace\GameSpace\GameSpace\Areas\MiniGame\Controllers\AdminDashboardController.cs(54,27): error CS1061: 'AdminDashboardViewModel' 未包含 'PetsWithMaxLevel' 的定義，也找不到可接受類型 'AdminDashboardViewModel' 第一個引數的可存取擴充方法 'PetsWithMaxLevel' (是否遺漏 using 指示詞或組件參考?) [C:\Users\n2029\Desktop\GameSpace\GameSpace\GameSpace\GameSpace.csproj]
C:\Users\n2029\Desktop\GameSpace\GameSpace\GameSpace\Areas\MiniGame\Controllers\AdminDashboardController.cs(55,27): error CS1061: 'AdminDashboardViewModel' 未包含 'PetsWithMaxHappiness' 的定義，也找不到可接受類型 'AdminDashboardViewModel' 第一個引數的可存取擴充方法 'PetsWithMaxHappiness' (是否遺漏 using 指示詞或組件參考?) [C:\Users\n2029\Desktop\GameSpace\GameSpace\GameSpace\GameSpace.csproj]
C:\Users\n2029\Desktop\GameSpace\GameSpace\GameSpace\Areas\MiniGame\Controllers\AdminDashboardController.cs(59,27): error CS1061: 'AdminDashboardViewModel' 未包含 'TotalPointsInCirculation' 的定義，也找不到可接受類型 'AdminDashboardViewModel' 第一個引數的可存取擴充方法 'TotalPointsInCirculation' (是否遺漏 using 指示詞或組件參考?) [C:\Users\n2029\Desktop\GameSpace\GameSpace\GameSpace\GameSpace.csproj]
C:\Users\n2029\Desktop\GameSpace\GameSpace\GameSpace\Areas\MiniGame\Controllers\AdminDashboardController.cs(60,27): error CS1061: 'AdminDashboardViewModel' 未包含 'AveragePointsPerUser' 的定義，也找不到可接受類型 'AdminDashboardViewModel' 第一個引數的可存取擴充方法 'AveragePointsPerUser' (是否遺漏 using 指示詞或組件參考?) [C:\Users\n2029\Desktop\GameSpace\GameSpace\GameSpace\GameSpace.csproj]
C:\Users\n2029\Desktop\GameSpace\GameSpace\GameSpace\Areas\MiniGame\Controllers\AdminDashboardController.cs(65,27): error CS1061: 'AdminDashboardViewModel' 未包含 'UsedCoupons' 的定義，也找不到可接受類型 'AdminDashboardViewModel' 第一個引數的可存取擴充方法 'UsedCoupons' (是否遺漏 using 指示詞或組件參考?) [C:\Users\n2029\Desktop\GameSpace\GameSpace\GameSpace\GameSpace.csproj]
C:\Users\n2029\Desktop\GameSpace\GameSpace\GameSpace\Areas\MiniGame\Controllers\AdminDashboardController.cs(66,27): error CS1061: 'AdminDashboardViewModel' 未包含 'AvailableCoupons' 的定義，也找不到可接受類型 'AdminDashboardViewModel' 第一個引數的可存取擴充方法 'AvailableCoupons' (是否遺漏 using 指示詞或組件參考?) [C:\Users\n2029\Desktop\GameSpace\GameSpace\GameSpace\GameSpace.csproj]
C:\Users\n2029\Desktop\GameSpace\GameSpace\GameSpace\Areas\MiniGame\Controllers\AdminDashboardController.cs(69,27): error CS1061: 'AdminDashboardViewModel' 未包含 'UsedEVouchers' 的定義，也找不到可接受類型 'AdminDashboardViewModel' 第一個引數的可存取擴充方法 'UsedEVouchers' (是否遺漏 using 指示詞或組件參考?) [C:\Users\n2029\Desktop\GameSpace\GameSpace\GameSpace\GameSpace.csproj]
C:\Users\n2029\Desktop\GameSpace\GameSpace\GameSpace\Areas\MiniGame\Controllers\AdminDashboardController.cs(70,27): error CS1061: 'AdminDashboardViewModel' 未包含 'AvailableEVouchers' 的定義，也找不到可接受類型 'AdminDashboardViewModel' 第一個引數的可存取擴充方法 'AvailableEVouchers' (是否遺漏 using 指示詞或組件參考?) [C:\Users\n2029\Desktop\GameSpace\GameSpace\GameSpace\GameSpace.csproj]
C:\Users\n2029\Desktop\GameSpace\GameSpace\GameSpace\Areas\MiniGame\Controllers\AdminDashboardController.cs(74,27): error CS1061: 'AdminDashboardViewModel' 未包含 'RecentSignIns' 的定義，也找不到可接受類型 'AdminDashboardViewModel' 第一個引數的可存取擴充方法 'RecentSignIns' (是否遺漏 using 指示詞或組件參考?) [C:\Users\n2029\Desktop\GameSpace\GameSpace\GameSpace\GameSpace.csproj]
C:\Users\n2029\Desktop\GameSpace\GameSpace\GameSpace\Areas\MiniGame\Controllers\AdminDashboardController.cs(80,25): error CS0117: 'RecentActivityViewModel' 未包含 'Activity' 的定義 [C:\Users\n2029\Desktop\GameSpace\GameSpace\GameSpace\GameSpace.csproj]
C:\Users\n2029\Desktop\GameSpace\GameSpace\GameSpace\Areas\MiniGame\Controllers\AdminDashboardController.cs(81,25): error CS0117: 'RecentActivityViewModel' 未包含 'Time' 的定義 [C:\Users\n2029\Desktop\GameSpace\GameSpace\GameSpace\GameSpace.csproj]
C:\Users\n2029\Desktop\GameSpace\GameSpace\GameSpace\Areas\MiniGame\Controllers\AdminDashboardController.cs(82,25): error CS0117: 'RecentActivityViewModel' 未包含 'PointsEarned' 的定義 [C:\Users\n2029\Desktop\GameSpace\GameSpace\GameSpace\GameSpace.csproj]
C:\Users\n2029\Desktop\GameSpace\GameSpace\GameSpace\Areas\MiniGame\Controllers\AdminDashboardController.cs(86,27): error CS1061: 'AdminDashboardViewModel' 未包含 'RecentGames' 的定義，也找不到可接受類型 'AdminDashboardViewModel' 第一個引數的可存取擴充方法 'RecentGames' (是否遺漏 using 指示詞或組件參考?) [C:\Users\n2029\Desktop\GameSpace\GameSpace\GameSpace\GameSpace.csproj]
C:\Users\n2029\Desktop\GameSpace\GameSpace\GameSpace\Areas\MiniGame\Controllers\AdminDashboardController.cs(92,25): error CS0117: 'RecentActivityViewModel' 未包含 'Activity' 的定義 [C:\Users\n2029\Desktop\GameSpace\GameSpace\GameSpace\GameSpace.csproj]
C:\Users\n2029\Desktop\GameSpace\GameSpace\GameSpace\Areas\MiniGame\Controllers\AdminDashboardController.cs(93,25): error CS0117: 'RecentActivityViewModel' 未包含 'Time' 的定義 [C:\Users\n2029\Desktop\GameSpace\GameSpace\GameSpace\GameSpace.csproj]
C:\Users\n2029\Desktop\GameSpace\GameSpace\GameSpace\Areas\MiniGame\Controllers\AdminDashboardController.cs(94,25): error CS0117: 'RecentActivityViewModel' 未包含 'PointsEarned' 的定義 [C:\Users\n2029\Desktop\GameSpace\GameSpace\GameSpace\GameSpace.csproj]
C:\Users\n2029\Desktop\GameSpace\GameSpace\GameSpace\Areas\MiniGame\Controllers\AdminDashboardController.cs(99,27): error CS1061: 'AdminDashboardViewModel' 未包含 'SignInChartData' 的定義，也找不到可接受類型 'AdminDashboardViewModel' 第一個引數的可存取擴充方法 'SignInChartData' (是否遺漏 using 指示詞或組件參考?) [C:\Users\n2029\Desktop\GameSpace\GameSpace\GameSpace\GameSpace.csproj]
C:\Users\n2029\Desktop\GameSpace\GameSpace\GameSpace\Areas\MiniGame\Controllers\AdminDashboardController.cs(100,27): error CS1061: 'AdminDashboardViewModel' 未包含 'GameChartData' 的定義，也找不到可接受類型 'AdminDashboardViewModel' 第一個引數的可存取擴充方法 'GameChartData' (是否遺漏 using 指示詞或組件參考?) [C:\Users\n2029\Desktop\GameSpace\GameSpace\GameSpace\GameSpace.csproj]
C:\Users\n2029\Desktop\GameSpace\GameSpace\GameSpace\Areas\MiniGame\Controllers\AdminDashboardController.cs(101,27): error CS1061: 'AdminDashboardViewModel' 未包含 'PointsChartData' 的定義，也找不到可接受類型 'AdminDashboardViewModel' 第一個引數的可存取擴充方法 'PointsChartData' (是否遺漏 using 指示詞或組件參考?) [C:\Users\n2029\Desktop\GameSpace\GameSpace\GameSpace\GameSpace.csproj]
C:\Users\n2029\Desktop\GameSpace\GameSpace\GameSpace\Areas\MiniGame\Services\DailyGameLimitService.cs(328,53): error CS1061: 'GameSpacedatabaseContext' 未包含 'MiniGame' 的定義，也找不到可接受類型 'GameSpacedatabaseContext' 第一個引數的可存取擴充方法 'MiniGame' (是否遺漏 using 指示詞或組件參考?) [C:\Users\n2029\Desktop\GameSpace\GameSpace\GameSpace\GameSpace.csproj]
C:\Users\n2029\Desktop\GameSpace\GameSpace\GameSpace\Areas\MiniGame\Services\DashboardService.cs(63,51): error CS1061: 'GameSpacedatabaseContext' 未包含 'User_SignInStats' 的定義，也找不到可接受類型 'GameSpacedatabaseContext' 第一個引數的可存取擴充方法 'User_SignInStats' (是否遺漏 using 指示詞或組件參考?) [C:\Users\n2029\Desktop\GameSpace\GameSpace\GameSpace\GameSpace.csproj]
C:\Users\n2029\Desktop\GameSpace\GameSpace\GameSpace\Areas\MiniGame\Services\DashboardService.cs(64,45): error CS1061: 'GameSpacedatabaseContext' 未包含 'User_SignInStats' 的定義，也找不到可接受類型 'GameSpacedatabaseContext' 第一個引數的可存取擴充方法 'User_SignInStats' (是否遺漏 using 指示詞或組件參考?) [C:\Users\n2029\Desktop\GameSpace\GameSpace\GameSpace\GameSpace.csproj]
C:\Users\n2029\Desktop\GameSpace\GameSpace\GameSpace\Areas\MiniGame\Services\DashboardService.cs(65,48): error CS1061: 'GameSpacedatabaseContext' 未包含 'User_SignInStats' 的定義，也找不到可接受類型 'GameSpacedatabaseContext' 第一個引數的可存取擴充方法 'User_SignInStats' (是否遺漏 using 指示詞或組件參考?) [C:\Users\n2029\Desktop\GameSpace\GameSpace\GameSpace\GameSpace.csproj]
C:\Users\n2029\Desktop\GameSpace\GameSpace\GameSpace\Areas\MiniGame\Services\DashboardService.cs(66,49): error CS1061: 'GameSpacedatabaseContext' 未包含 'User_SignInStats' 的定義，也找不到可接受類型 'GameSpacedatabaseContext' 第一個引數的可存取擴充方法 'User_SignInStats' (是否遺漏 using 指示詞或組件參考?) [C:\Users\n2029\Desktop\GameSpace\GameSpace\GameSpace\GameSpace.csproj]
C:\Users\n2029\Desktop\GameSpace\GameSpace\GameSpace\Areas\MiniGame\Controllers\Settings\PetColorChangeSettingsController.cs(38,55): error CS1061: 'IPetColorChangeSettingsService' 未包含 'GetAllAsync' 的定義，也找不到可接受類型 'IPetColorChangeSettingsService' 第一個引數的可存取擴充方法 'GetAllAsync' (是否遺漏 using 指示詞或組件參考?) [C:\Users\n2029\Desktop\GameSpace\GameSpace\GameSpace\GameSpace.csproj]
C:\Users\n2029\Desktop\GameSpace\GameSpace\GameSpace\Areas\MiniGame\Controllers\Settings\PetColorChangeSettingsController.cs(39,37): error CS0246: 找不到類型或命名空間名稱 'PetColorChangeSettingsIndexViewModel' (是否遺漏了 using 指示詞或組件參考?) [C:\Users\n2029\Desktop\GameSpace\GameSpace\GameSpace\GameSpace.csproj]
C:\Users\n2029\Desktop\GameSpace\GameSpace\GameSpace\Areas\MiniGame\Controllers\Settings\PetColorChangeSettingsController.cs(43,25): error CS0117: 'PetColorChangeSettingsViewModel' 未包含 'Id' 的定義 [C:\Users\n2029\Desktop\GameSpace\GameSpace\GameSpace\GameSpace.csproj]
C:\Users\n2029\Desktop\GameSpace\GameSpace\GameSpace\Areas\MiniGame\Controllers\Settings\PetColorChangeSettingsController.cs(44,25): error CS0117: 'PetColorChangeSettingsViewModel' 未包含 'ColorName' 的定義 [C:\Users\n2029\Desktop\GameSpace\GameSpace\GameSpace\GameSpace.csproj]
C:\Users\n2029\Desktop\GameSpace\GameSpace\GameSpace\Areas\MiniGame\Controllers\Settings\PetColorChangeSettingsController.cs(45,25): error CS0117: 'PetColorChangeSettingsViewModel' 未包含 'RequiredPoints' 的定義 [C:\Users\n2029\Desktop\GameSpace\GameSpace\GameSpace\GameSpace.csproj]
C:\Users\n2029\Desktop\GameSpace\GameSpace\GameSpace\Areas\MiniGame\Controllers\Settings\PetColorChangeSettingsController.cs(46,25): error CS0117: 'PetColorChangeSettingsViewModel' 未包含 'ColorCode' 的定義 [C:\Users\n2029\Desktop\GameSpace\GameSpace\GameSpace\GameSpace.csproj]
C:\Users\n2029\Desktop\GameSpace\GameSpace\GameSpace\Areas\MiniGame\Controllers\Settings\PetColorChangeSettingsController.cs(59,33): error CS0246: 找不到類型或命名空間名稱 'PetColorChangeSettingsIndexViewModel' (是否遺漏了 using 指示詞或組件參考?) [C:\Users\n2029\Desktop\GameSpace\GameSpace\GameSpace\GameSpace.csproj]
C:\Users\n2029\Desktop\GameSpace\GameSpace\GameSpace\Areas\MiniGame\Controllers\Settings\PetColorChangeSettingsController.cs(88,21): error CS0117: 'PetColorChangeSettings' 未包含 'ColorName' 的定義 [C:\Users\n2029\Desktop\GameSpace\GameSpace\GameSpace\GameSpace.csproj]
C:\Users\n2029\Desktop\GameSpace\GameSpace\GameSpace\Areas\MiniGame\Controllers\Settings\PetColorChangeSettingsController.cs(88,39): error CS1061: 'PetColorChangeSettingsViewModel' 未包含 'ColorName' 的定義，也找不到可接受類型 'PetColorChangeSettingsViewModel' 第一個引數的可存取擴充方法 'ColorName' (是否遺漏 using 指示詞或組件參考?) [C:\Users\n2029\Desktop\GameSpace\GameSpace\GameSpace\GameSpace.csproj]
C:\Users\n2029\Desktop\GameSpace\GameSpace\GameSpace\Areas\MiniGame\Controllers\Settings\PetColorChangeSettingsController.cs(89,21): error CS0117: 'PetColorChangeSettings' 未包含 'RequiredPoints' 的定義 [C:\Users\n2029\Desktop\GameSpace\GameSpace\GameSpace\GameSpace.csproj]
C:\Users\n2029\Desktop\GameSpace\GameSpace\GameSpace\Areas\MiniGame\Controllers\Settings\PetColorChangeSettingsController.cs(89,44): error CS1061: 'PetColorChangeSettingsViewModel' 未包含 'RequiredPoints' 的定義，也找不到可接受類型 'PetColorChangeSettingsViewModel' 第一個引數的可存取擴充方法 'RequiredPoints' (是否遺漏 using 指示詞或組件參考?) [C:\Users\n2029\Desktop\GameSpace\GameSpace\GameSpace\GameSpace.csproj]
C:\Users\n2029\Desktop\GameSpace\GameSpace\GameSpace\Areas\MiniGame\Controllers\Settings\PetColorChangeSettingsController.cs(90,39): error CS1061: 'PetColorChangeSettingsViewModel' 未包含 'ColorCode' 的定義，也找不到可接受類型 'PetColorChangeSettingsViewModel' 第一個引數的可存取擴充方法 'ColorCode' (是否遺漏 using 指示詞或組件參考?) [C:\Users\n2029\Desktop\GameSpace\GameSpace\GameSpace\GameSpace.csproj]
C:\Users\n2029\Desktop\GameSpace\GameSpace\GameSpace\Areas\MiniGame\Controllers\Settings\PetColorChangeSettingsController.cs(94,40): error CS1061: 'IPetColorChangeSettingsService' 未包含 'CreateAsync' 的定義，也找不到可接受類型 'IPetColorChangeSettingsService' 第一個引數的可存取擴充方法 'CreateAsync' (是否遺漏 using 指示詞或組件參考?) [C:\Users\n2029\Desktop\GameSpace\GameSpace\GameSpace\GameSpace.csproj]
C:\Users\n2029\Desktop\GameSpace\GameSpace\GameSpace\Areas\MiniGame\Services\DiagnosticsService.cs(79,55): error CS1061: 'GameSpacedatabaseContext' 未包含 'Pet' 的定義，也找不到可接受類型 'GameSpacedatabaseContext' 第一個引數的可存取擴充方法 'Pet' (是否遺漏 using 指示詞或組件參考?) [C:\Users\n2029\Desktop\GameSpace\GameSpace\GameSpace\GameSpace.csproj]
C:\Users\n2029\Desktop\GameSpace\GameSpace\GameSpace\Areas\MiniGame\Services\DiagnosticsService.cs(79,89): error CS1061: 'GameSpacedatabaseContext' 未包含 'Pet' 的定義，也找不到可接受類型 'GameSpacedatabaseContext' 第一個引數的可存取擴充方法 'Pet' (是否遺漏 using 指示詞或組件參考?) [C:\Users\n2029\Desktop\GameSpace\GameSpace\GameSpace\GameSpace.csproj]
C:\Users\n2029\Desktop\GameSpace\GameSpace\GameSpace\Areas\MiniGame\Services\DiagnosticsService.cs(80,58): error CS1061: 'GameSpacedatabaseContext' 未包含 'User_Wallet' 的定義，也找不到可接受類型 'GameSpacedatabaseContext' 第一個引數的可存取擴充方法 'User_Wallet' (是否遺漏 using 指示詞或組件參考?) [C:\Users\n2029\Desktop\GameSpace\GameSpace\GameSpace\GameSpace.csproj]
C:\Users\n2029\Desktop\GameSpace\GameSpace\GameSpace\Areas\MiniGame\Services\DiagnosticsService.cs(80,100): error CS1061: 'GameSpacedatabaseContext' 未包含 'User_Wallet' 的定義，也找不到可接受類型 'GameSpacedatabaseContext' 第一個引數的可存取擴充方法 'User_Wallet' (是否遺漏 using 指示詞或組件參考?) [C:\Users\n2029\Desktop\GameSpace\GameSpace\GameSpace\GameSpace.csproj]
C:\Users\n2029\Desktop\GameSpace\GameSpace\GameSpace\Areas\MiniGame\Services\DiagnosticsService.cs(81,58): error CS1061: 'GameSpacedatabaseContext' 未包含 'User_SignInStats' 的定義，也找不到可接受類型 'GameSpacedatabaseContext' 第一個引數的可存取擴充方法 'User_SignInStats' (是否遺漏 using 指示詞或組件參考?) [C:\Users\n2029\Desktop\GameSpace\GameSpace\GameSpace\GameSpace.csproj]
C:\Users\n2029\Desktop\GameSpace\GameSpace\GameSpace\Areas\MiniGame\Services\DiagnosticsService.cs(81,105): error CS1061: 'GameSpacedatabaseContext' 未包含 'User_SignInStats' 的定義，也找不到可接受類型 'GameSpacedatabaseContext' 第一個引數的可存取擴充方法 'User_SignInStats' (是否遺漏 using 指示詞或組件參考?) [C:\Users\n2029\Desktop\GameSpace\GameSpace\GameSpace\GameSpace.csproj]
C:\Users\n2029\Desktop\GameSpace\GameSpace\GameSpace\Areas\MiniGame\Services\DiagnosticsService.cs(82,58): error CS1061: 'GameSpacedatabaseContext' 未包含 'Coupon' 的定義，也找不到可接受類型 'GameSpacedatabaseContext' 第一個引數的可存取擴充方法 'Coupon' (是否遺漏 using 指示詞或組件參考?) [C:\Users\n2029\Desktop\GameSpace\GameSpace\GameSpace\GameSpace.csproj]
C:\Users\n2029\Desktop\GameSpace\GameSpace\GameSpace\Areas\MiniGame\Services\DiagnosticsService.cs(82,95): error CS1061: 'GameSpacedatabaseContext' 未包含 'Coupon' 的定義，也找不到可接受類型 'GameSpacedatabaseContext' 第一個引數的可存取擴充方法 'Coupon' (是否遺漏 using 指示詞或組件參考?) [C:\Users\n2029\Desktop\GameSpace\GameSpace\GameSpace\GameSpace.csproj]
C:\Users\n2029\Desktop\GameSpace\GameSpace\GameSpace\Areas\MiniGame\Controllers\Settings\PetColorChangeSettingsController.cs(114,55): error CS1061: 'IPetColorChangeSettingsService' 未包含 'GetByIdAsync' 的定義，也找不到可接受類型 'IPetColorChangeSettingsService' 第一個引數的可存取擴充方法 'GetByIdAsync' (是否遺漏 using 指示詞或組件參考?) [C:\Users\n2029\Desktop\GameSpace\GameSpace\GameSpace\GameSpace.csproj]
C:\Users\n2029\Desktop\GameSpace\GameSpace\GameSpace\Areas\MiniGame\Controllers\Settings\PetColorChangeSettingsController.cs(123,21): error CS0117: 'PetColorChangeSettingsViewModel' 未包含 'Id' 的定義 [C:\Users\n2029\Desktop\GameSpace\GameSpace\GameSpace\GameSpace.csproj]
C:\Users\n2029\Desktop\GameSpace\GameSpace\GameSpace\Areas\MiniGame\Controllers\Settings\PetColorChangeSettingsController.cs(124,21): error CS0117: 'PetColorChangeSettingsViewModel' 未包含 'ColorName' 的定義 [C:\Users\n2029\Desktop\GameSpace\GameSpace\GameSpace\GameSpace.csproj]
C:\Users\n2029\Desktop\GameSpace\GameSpace\GameSpace\Areas\MiniGame\Controllers\Settings\PetColorChangeSettingsController.cs(125,21): error CS0117: 'PetColorChangeSettingsViewModel' 未包含 'RequiredPoints' 的定義 [C:\Users\n2029\Desktop\GameSpace\GameSpace\GameSpace\GameSpace.csproj]
C:\Users\n2029\Desktop\GameSpace\GameSpace\GameSpace\Areas\MiniGame\Controllers\Settings\PetColorChangeSettingsController.cs(126,21): error CS0117: 'PetColorChangeSettingsViewModel' 未包含 'ColorCode' 的定義 [C:\Users\n2029\Desktop\GameSpace\GameSpace\GameSpace\GameSpace.csproj]
C:\Users\n2029\Desktop\GameSpace\GameSpace\GameSpace\Areas\MiniGame\Services\DashboardService.cs(81,45): error CS1061: 'GameSpacedatabaseContext' 未包含 'WalletHistory' 的定義，也找不到可接受類型 'GameSpacedatabaseContext' 第一個引數的可存取擴充方法 'WalletHistory' (是否遺漏 using 指示詞或組件參考?) [C:\Users\n2029\Desktop\GameSpace\GameSpace\GameSpace\GameSpace.csproj]
C:\Users\n2029\Desktop\GameSpace\GameSpace\GameSpace\Areas\MiniGame\Controllers\Settings\PetColorChangeSettingsController.cs(156,21): error CS0117: 'PetColorChangeSettings' 未包含 'Id' 的定義 [C:\Users\n2029\Desktop\GameSpace\GameSpace\GameSpace\GameSpace.csproj]
C:\Users\n2029\Desktop\GameSpace\GameSpace\GameSpace\Areas\MiniGame\Controllers\Settings\PetColorChangeSettingsController.cs(157,21): error CS0117: 'PetColorChangeSettings' 未包含 'ColorName' 的定義 [C:\Users\n2029\Desktop\GameSpace\GameSpace\GameSpace\GameSpace.csproj]
C:\Users\n2029\Desktop\GameSpace\GameSpace\GameSpace\Areas\MiniGame\Controllers\Settings\PetColorChangeSettingsController.cs(157,39): error CS1061: 'PetColorChangeSettingsViewModel' 未包含 'ColorName' 的定義，也找不到可接受類型 'PetColorChangeSettingsViewModel' 第一個引數的可存取擴充方法 'ColorName' (是否遺漏 using 指示詞或組件參考?) [C:\Users\n2029\Desktop\GameSpace\GameSpace\GameSpace\GameSpace.csproj]
C:\Users\n2029\Desktop\GameSpace\GameSpace\GameSpace\Areas\MiniGame\Controllers\Settings\PetColorChangeSettingsController.cs(158,21): error CS0117: 'PetColorChangeSettings' 未包含 'RequiredPoints' 的定義 [C:\Users\n2029\Desktop\GameSpace\GameSpace\GameSpace\GameSpace.csproj]
C:\Users\n2029\Desktop\GameSpace\GameSpace\GameSpace\Areas\MiniGame\Controllers\Settings\PetColorChangeSettingsController.cs(158,44): error CS1061: 'PetColorChangeSettingsViewModel' 未包含 'RequiredPoints' 的定義，也找不到可接受類型 'PetColorChangeSettingsViewModel' 第一個引數的可存取擴充方法 'RequiredPoints' (是否遺漏 using 指示詞或組件參考?) [C:\Users\n2029\Desktop\GameSpace\GameSpace\GameSpace\GameSpace.csproj]
C:\Users\n2029\Desktop\GameSpace\GameSpace\GameSpace\Areas\MiniGame\Controllers\Settings\PetColorChangeSettingsController.cs(159,39): error CS1061: 'PetColorChangeSettingsViewModel' 未包含 'ColorCode' 的定義，也找不到可接受類型 'PetColorChangeSettingsViewModel' 第一個引數的可存取擴充方法 'ColorCode' (是否遺漏 using 指示詞或組件參考?) [C:\Users\n2029\Desktop\GameSpace\GameSpace\GameSpace\GameSpace.csproj]
C:\Users\n2029\Desktop\GameSpace\GameSpace\GameSpace\Areas\MiniGame\Controllers\Settings\PetColorChangeSettingsController.cs(163,40): error CS1061: 'IPetColorChangeSettingsService' 未包含 'UpdateAsync' 的定義，也找不到可接受類型 'IPetColorChangeSettingsService' 第一個引數的可存取擴充方法 'UpdateAsync' (是否遺漏 using 指示詞或組件參考?) [C:\Users\n2029\Desktop\GameSpace\GameSpace\GameSpace\GameSpace.csproj]
C:\Users\n2029\Desktop\GameSpace\GameSpace\GameSpace\Areas\MiniGame\Services\EVoucherTypeService.cs(19,35): error CS1061: 'GameSpacedatabaseContext' 未包含 'EvoucherType' 的定義，也找不到可接受類型 'GameSpacedatabaseContext' 第一個引數的可存取擴充方法 'EvoucherType' (是否遺漏 using 指示詞或組件參考?) [C:\Users\n2029\Desktop\GameSpace\GameSpace\GameSpace\GameSpace.csproj]
C:\Users\n2029\Desktop\GameSpace\GameSpace\GameSpace\Areas\MiniGame\Controllers\Settings\PetColorChangeSettingsController.cs(190,53): error CS1061: 'IPetColorChangeSettingsService' 未包含 'DeleteAsync' 的定義，也找不到可接受類型 'IPetColorChangeSettingsService' 第一個引數的可存取擴充方法 'DeleteAsync' (是否遺漏 using 指示詞或組件參考?) [C:\Users\n2029\Desktop\GameSpace\GameSpace\GameSpace\GameSpace.csproj]
C:\Users\n2029\Desktop\GameSpace\GameSpace\GameSpace\Areas\MiniGame\Services\EVoucherTypeService.cs(26,35): error CS1061: 'GameSpacedatabaseContext' 未包含 'EvoucherType' 的定義，也找不到可接受類型 'GameSpacedatabaseContext' 第一個引數的可存取擴充方法 'EvoucherType' (是否遺漏 using 指示詞或組件參考?) [C:\Users\n2029\Desktop\GameSpace\GameSpace\GameSpace\GameSpace.csproj]
C:\Users\n2029\Desktop\GameSpace\GameSpace\GameSpace\Areas\MiniGame\Controllers\Settings\PetColorChangeSettingsController.cs(218,53): error CS1061: 'IPetColorChangeSettingsService' 未包含 'ToggleActiveAsync' 的定義，也找不到可接受類型 'IPetColorChangeSettingsService' 第一個引數的可存取擴充方法 'ToggleActiveAsync' (是否遺漏 using 指示詞或組件參考?) [C:\Users\n2029\Desktop\GameSpace\GameSpace\GameSpace\GameSpace.csproj]
C:\Users\n2029\Desktop\GameSpace\GameSpace\GameSpace\Areas\MiniGame\Services\EVoucherTypeService.cs(34,30): error CS1061: 'EvoucherType' 未包含 'CreatedAt' 的定義，也找不到可接受類型 'EvoucherType' 第一個引數的可存取擴充方法 'CreatedAt' (是否遺漏 using 指示詞或組件參考?) [C:\Users\n2029\Desktop\GameSpace\GameSpace\GameSpace\GameSpace.csproj]
C:\Users\n2029\Desktop\GameSpace\GameSpace\GameSpace\Areas\MiniGame\Services\EVoucherTypeService.cs(35,30): error CS1061: 'EvoucherType' 未包含 'IsActive' 的定義，也找不到可接受類型 'EvoucherType' 第一個引數的可存取擴充方法 'IsActive' (是否遺漏 using 指示詞或組件參考?) [C:\Users\n2029\Desktop\GameSpace\GameSpace\GameSpace\GameSpace.csproj]
C:\Users\n2029\Desktop\GameSpace\GameSpace\GameSpace\Areas\MiniGame\Services\EVoucherTypeService.cs(36,26): error CS1061: 'GameSpacedatabaseContext' 未包含 'EvoucherType' 的定義，也找不到可接受類型 'GameSpacedatabaseContext' 第一個引數的可存取擴充方法 'EvoucherType' (是否遺漏 using 指示詞或組件參考?) [C:\Users\n2029\Desktop\GameSpace\GameSpace\GameSpace\GameSpace.csproj]
C:\Users\n2029\Desktop\GameSpace\GameSpace\GameSpace\Areas\MiniGame\Services\EVoucherTypeService.cs(50,30): error CS1061: 'EvoucherType' 未包含 'UpdatedAt' 的定義，也找不到可接受類型 'EvoucherType' 第一個引數的可存取擴充方法 'UpdatedAt' (是否遺漏 using 指示詞或組件參考?) [C:\Users\n2029\Desktop\GameSpace\GameSpace\GameSpace\GameSpace.csproj]
C:\Users\n2029\Desktop\GameSpace\GameSpace\GameSpace\Areas\MiniGame\Services\EVoucherTypeService.cs(51,26): error CS1061: 'GameSpacedatabaseContext' 未包含 'EvoucherType' 的定義，也找不到可接受類型 'GameSpacedatabaseContext' 第一個引數的可存取擴充方法 'EvoucherType' (是否遺漏 using 指示詞或組件參考?) [C:\Users\n2029\Desktop\GameSpace\GameSpace\GameSpace\GameSpace.csproj]
C:\Users\n2029\Desktop\GameSpace\GameSpace\GameSpace\Areas\MiniGame\Services\DashboardService.cs(109,48): error CS1061: 'DateTime?' 未包含 'Date' 的定義，也找不到可接受類型 'DateTime?' 第一個引數的可存取擴充方法 'Date' (是否遺漏 using 指示詞或組件參考?) [C:\Users\n2029\Desktop\GameSpace\GameSpace\GameSpace\GameSpace.csproj]
C:\Users\n2029\Desktop\GameSpace\GameSpace\GameSpace\Areas\MiniGame\Services\EVoucherTypeService.cs(68,26): error CS1061: 'GameSpacedatabaseContext' 未包含 'EvoucherType' 的定義，也找不到可接受類型 'GameSpacedatabaseContext' 第一個引數的可存取擴充方法 'EvoucherType' (是否遺漏 using 指示詞或組件參考?) [C:\Users\n2029\Desktop\GameSpace\GameSpace\GameSpace\GameSpace.csproj]
C:\Users\n2029\Desktop\GameSpace\GameSpace\GameSpace\Areas\MiniGame\Services\EVoucherTypeService.cs(86,30): error CS1061: 'EvoucherType' 未包含 'IsActive' 的定義，也找不到可接受類型 'EvoucherType' 第一個引數的可存取擴充方法 'IsActive' (是否遺漏 using 指示詞或組件參考?) [C:\Users\n2029\Desktop\GameSpace\GameSpace\GameSpace\GameSpace.csproj]
C:\Users\n2029\Desktop\GameSpace\GameSpace\GameSpace\Areas\MiniGame\Services\EVoucherTypeService.cs(87,30): error CS1061: 'EvoucherType' 未包含 'UpdatedAt' 的定義，也找不到可接受類型 'EvoucherType' 第一個引數的可存取擴充方法 'UpdatedAt' (是否遺漏 using 指示詞或組件參考?) [C:\Users\n2029\Desktop\GameSpace\GameSpace\GameSpace\GameSpace.csproj]
C:\Users\n2029\Desktop\GameSpace\GameSpace\GameSpace\Areas\MiniGame\Services\DiagnosticsService.cs(208,50): error CS1061: 'GameSpacedatabaseContext' 未包含 'Pet' 的定義，也找不到可接受類型 'GameSpacedatabaseContext' 第一個引數的可存取擴充方法 'Pet' (是否遺漏 using 指示詞或組件參考?) [C:\Users\n2029\Desktop\GameSpace\GameSpace\GameSpace\GameSpace.csproj]
C:\Users\n2029\Desktop\GameSpace\GameSpace\GameSpace\Areas\MiniGame\Services\DiagnosticsService.cs(209,58): error CS1061: 'GameSpacedatabaseContext' 未包含 'User_Wallet' 的定義，也找不到可接受類型 'GameSpacedatabaseContext' 第一個引數的可存取擴充方法 'User_Wallet' (是否遺漏 using 指示詞或組件參考?) [C:\Users\n2029\Desktop\GameSpace\GameSpace\GameSpace\GameSpace.csproj]
C:\Users\n2029\Desktop\GameSpace\GameSpace\GameSpace\Areas\MiniGame\Services\DiagnosticsService.cs(210,60): error CS1061: 'GameSpacedatabaseContext' 未包含 'WalletHistory' 的定義，也找不到可接受類型 'GameSpacedatabaseContext' 第一個引數的可存取擴充方法 'WalletHistory' (是否遺漏 using 指示詞或組件參考?) [C:\Users\n2029\Desktop\GameSpace\GameSpace\GameSpace\GameSpace.csproj]
C:\Users\n2029\Desktop\GameSpace\GameSpace\GameSpace\Areas\MiniGame\Services\DiagnosticsService.cs(211,63): error CS1061: 'GameSpacedatabaseContext' 未包含 'User_SignInStats' 的定義，也找不到可接受類型 'GameSpacedatabaseContext' 第一個引數的可存取擴充方法 'User_SignInStats' (是否遺漏 using 指示詞或組件參考?) [C:\Users\n2029\Desktop\GameSpace\GameSpace\GameSpace\GameSpace.csproj]
C:\Users\n2029\Desktop\GameSpace\GameSpace\GameSpace\Areas\MiniGame\Services\DiagnosticsService.cs(212,53): error CS1061: 'GameSpacedatabaseContext' 未包含 'Coupon' 的定義，也找不到可接受類型 'GameSpacedatabaseContext' 第一個引數的可存取擴充方法 'Coupon' (是否遺漏 using 指示詞或組件參考?) [C:\Users\n2029\Desktop\GameSpace\GameSpace\GameSpace\GameSpace.csproj]
C:\Users\n2029\Desktop\GameSpace\GameSpace\GameSpace\Areas\MiniGame\Services\DiagnosticsService.cs(213,57): error CS1061: 'GameSpacedatabaseContext' 未包含 'CouponType' 的定義，也找不到可接受類型 'GameSpacedatabaseContext' 第一個引數的可存取擴充方法 'CouponType' (是否遺漏 using 指示詞或組件參考?) [C:\Users\n2029\Desktop\GameSpace\GameSpace\GameSpace\GameSpace.csproj]
C:\Users\n2029\Desktop\GameSpace\GameSpace\GameSpace\Areas\MiniGame\Services\DiagnosticsService.cs(214,55): error CS1061: 'GameSpacedatabaseContext' 未包含 'EVoucher' 的定義，也找不到可接受類型 'GameSpacedatabaseContext' 第一個引數的可存取擴充方法 'EVoucher' (是否遺漏 using 指示詞或組件參考?) [C:\Users\n2029\Desktop\GameSpace\GameSpace\GameSpace\GameSpace.csproj]
C:\Users\n2029\Desktop\GameSpace\GameSpace\GameSpace\Areas\MiniGame\Services\DiagnosticsService.cs(215,59): error CS1061: 'GameSpacedatabaseContext' 未包含 'EVoucherType' 的定義，也找不到可接受類型 'GameSpacedatabaseContext' 第一個引數的可存取擴充方法 'EVoucherType' (是否遺漏 using 指示詞或組件參考?) [C:\Users\n2029\Desktop\GameSpace\GameSpace\GameSpace\GameSpace.csproj]
C:\Users\n2029\Desktop\GameSpace\GameSpace\GameSpace\Areas\MiniGame\Services\DiagnosticsService.cs(217,54): error CS1061: 'GameSpacedatabaseContext' 未包含 'Manager' 的定義，也找不到可接受類型 'GameSpacedatabaseContext' 第一個引數的可存取擴充方法 'Manager' (是否遺漏 using 指示詞或組件參考?) [C:\Users\n2029\Desktop\GameSpace\GameSpace\GameSpace\GameSpace.csproj]
C:\Users\n2029\Desktop\GameSpace\GameSpace\GameSpace\Areas\MiniGame\Services\EVoucherTypeService.cs(104,30): error CS1061: 'EvoucherType' 未包含 'IsActive' 的定義，也找不到可接受類型 'EvoucherType' 第一個引數的可存取擴充方法 'IsActive' (是否遺漏 using 指示詞或組件參考?) [C:\Users\n2029\Desktop\GameSpace\GameSpace\GameSpace\GameSpace.csproj]
C:\Users\n2029\Desktop\GameSpace\GameSpace\GameSpace\Areas\MiniGame\Services\EVoucherTypeService.cs(105,30): error CS1061: 'EvoucherType' 未包含 'UpdatedAt' 的定義，也找不到可接受類型 'EvoucherType' 第一個引數的可存取擴充方法 'UpdatedAt' (是否遺漏 using 指示詞或組件參考?) [C:\Users\n2029\Desktop\GameSpace\GameSpace\GameSpace\GameSpace.csproj]
C:\Users\n2029\Desktop\GameSpace\GameSpace\GameSpace\Areas\MiniGame\Services\EVoucherTypeService.cs(118,35): error CS1061: 'GameSpacedatabaseContext' 未包含 'EvoucherType' 的定義，也找不到可接受類型 'GameSpacedatabaseContext' 第一個引數的可存取擴充方法 'EvoucherType' (是否遺漏 using 指示詞或組件參考?) [C:\Users\n2029\Desktop\GameSpace\GameSpace\GameSpace\GameSpace.csproj]
C:\Users\n2029\Desktop\GameSpace\GameSpace\GameSpace\Areas\MiniGame\Services\DashboardService.cs(122,42): error CS1061: 'GameSpacedatabaseContext' 未包含 'User_SignInStats' 的定義，也找不到可接受類型 'GameSpacedatabaseContext' 第一個引數的可存取擴充方法 'User_SignInStats' (是否遺漏 using 指示詞或組件參考?) [C:\Users\n2029\Desktop\GameSpace\GameSpace\GameSpace\GameSpace.csproj]
C:\Users\n2029\Desktop\GameSpace\GameSpace\GameSpace\Areas\MiniGame\Controllers\Settings\PetBackgroundChangeSettingsController.cs(38,55): error CS1061: 'IPetBackgroundChangeSettingsService' 未包含 'GetAllAsync' 的定義，也找不到可接受類型 'IPetBackgroundChangeSettingsService' 第一個引數的可存取擴充方法 'GetAllAsync' (是否遺漏 using 指示詞或組件參考?) [C:\Users\n2029\Desktop\GameSpace\GameSpace\GameSpace\GameSpace.csproj]
C:\Users\n2029\Desktop\GameSpace\GameSpace\GameSpace\Areas\MiniGame\Controllers\Settings\PetBackgroundChangeSettingsController.cs(39,37): error CS0246: 找不到類型或命名空間名稱 'PetBackgroundChangeSettingsIndexViewModel' (是否遺漏了 using 指示詞或組件參考?) [C:\Users\n2029\Desktop\GameSpace\GameSpace\GameSpace\GameSpace.csproj]
C:\Users\n2029\Desktop\GameSpace\GameSpace\GameSpace\Areas\MiniGame\Controllers\Settings\PetBackgroundChangeSettingsController.cs(59,33): error CS0246: 找不到類型或命名空間名稱 'PetBackgroundChangeSettingsIndexViewModel' (是否遺漏了 using 指示詞或組件參考?) [C:\Users\n2029\Desktop\GameSpace\GameSpace\GameSpace\GameSpace.csproj]
C:\Users\n2029\Desktop\GameSpace\GameSpace\GameSpace\Areas\MiniGame\Services\EVoucherTypeService.cs(126,35): error CS1061: 'GameSpacedatabaseContext' 未包含 'EvoucherType' 的定義，也找不到可接受類型 'GameSpacedatabaseContext' 第一個引數的可存取擴充方法 'EvoucherType' (是否遺漏 using 指示詞或組件參考?) [C:\Users\n2029\Desktop\GameSpace\GameSpace\GameSpace\GameSpace.csproj]
C:\Users\n2029\Desktop\GameSpace\GameSpace\GameSpace\Areas\MiniGame\Controllers\Settings\PetBackgroundChangeSettingsController.cs(94,40): error CS1061: 'IPetBackgroundChangeSettingsService' 未包含 'CreateAsync' 的定義，也找不到可接受類型 'IPetBackgroundChangeSettingsService' 第一個引數的可存取擴充方法 'CreateAsync' (是否遺漏 using 指示詞或組件參考?) [C:\Users\n2029\Desktop\GameSpace\GameSpace\GameSpace\GameSpace.csproj]
C:\Users\n2029\Desktop\GameSpace\GameSpace\GameSpace\Areas\MiniGame\Services\EVoucherTypeService.cs(134,35): error CS1061: 'GameSpacedatabaseContext' 未包含 'EvoucherType' 的定義，也找不到可接受類型 'GameSpacedatabaseContext' 第一個引數的可存取擴充方法 'EvoucherType' (是否遺漏 using 指示詞或組件參考?) [C:\Users\n2029\Desktop\GameSpace\GameSpace\GameSpace\GameSpace.csproj]
C:\Users\n2029\Desktop\GameSpace\GameSpace\GameSpace\Areas\MiniGame\Services\EVoucherTypeService.cs(148,30): error CS1061: 'EvoucherType' 未包含 'Stock' 的定義，也找不到可接受類型 'EvoucherType' 第一個引數的可存取擴充方法 'Stock' (是否遺漏 using 指示詞或組件參考?) [C:\Users\n2029\Desktop\GameSpace\GameSpace\GameSpace\GameSpace.csproj]
C:\Users\n2029\Desktop\GameSpace\GameSpace\GameSpace\Areas\MiniGame\Services\EVoucherTypeService.cs(149,30): error CS1061: 'EvoucherType' 未包含 'UpdatedAt' 的定義，也找不到可接受類型 'EvoucherType' 第一個引數的可存取擴充方法 'UpdatedAt' (是否遺漏 using 指示詞或組件參考?) [C:\Users\n2029\Desktop\GameSpace\GameSpace\GameSpace\GameSpace.csproj]
C:\Users\n2029\Desktop\GameSpace\GameSpace\GameSpace\Areas\MiniGame\Controllers\Settings\PetBackgroundChangeSettingsController.cs(114,55): error CS1061: 'IPetBackgroundChangeSettingsService' 未包含 'GetByIdAsync' 的定義，也找不到可接受類型 'IPetBackgroundChangeSettingsService' 第一個引數的可存取擴充方法 'GetByIdAsync' (是否遺漏 using 指示詞或組件參考?) [C:\Users\n2029\Desktop\GameSpace\GameSpace\GameSpace\GameSpace.csproj]
C:\Users\n2029\Desktop\GameSpace\GameSpace\GameSpace\Areas\MiniGame\Services\EVoucherTypeService.cs(164,58): error CS1061: 'EvoucherType' 未包含 'Stock' 的定義，也找不到可接受類型 'EvoucherType' 第一個引數的可存取擴充方法 'Stock' (是否遺漏 using 指示詞或組件參考?) [C:\Users\n2029\Desktop\GameSpace\GameSpace\GameSpace\GameSpace.csproj]
C:\Users\n2029\Desktop\GameSpace\GameSpace\GameSpace\Areas\MiniGame\Services\EVoucherTypeService.cs(166,30): error CS1061: 'EvoucherType' 未包含 'Stock' 的定義，也找不到可接受類型 'EvoucherType' 第一個引數的可存取擴充方法 'Stock' (是否遺漏 using 指示詞或組件參考?) [C:\Users\n2029\Desktop\GameSpace\GameSpace\GameSpace\GameSpace.csproj]
C:\Users\n2029\Desktop\GameSpace\GameSpace\GameSpace\Areas\MiniGame\Services\EVoucherTypeService.cs(167,30): error CS1061: 'EvoucherType' 未包含 'UpdatedAt' 的定義，也找不到可接受類型 'EvoucherType' 第一個引數的可存取擴充方法 'UpdatedAt' (是否遺漏 using 指示詞或組件參考?) [C:\Users\n2029\Desktop\GameSpace\GameSpace\GameSpace\GameSpace.csproj]
C:\Users\n2029\Desktop\GameSpace\GameSpace\GameSpace\Areas\MiniGame\Services\EVoucherTypeService.cs(180,33): error CS1061: 'EvoucherType' 未包含 'Stock' 的定義，也找不到可接受類型 'EvoucherType' 第一個引數的可存取擴充方法 'Stock' (是否遺漏 using 指示詞或組件參考?) [C:\Users\n2029\Desktop\GameSpace\GameSpace\GameSpace\GameSpace.csproj]
C:\Users\n2029\Desktop\GameSpace\GameSpace\GameSpace\Areas\MiniGame\Services\DashboardService.cs(137,42): error CS1061: 'GameSpacedatabaseContext' 未包含 'WalletHistory' 的定義，也找不到可接受類型 'GameSpacedatabaseContext' 第一個引數的可存取擴充方法 'WalletHistory' (是否遺漏 using 指示詞或組件參考?) [C:\Users\n2029\Desktop\GameSpace\GameSpace\GameSpace\GameSpace.csproj]
C:\Users\n2029\Desktop\GameSpace\GameSpace\GameSpace\Areas\MiniGame\Services\EVoucherTypeService.cs(186,57): error CS1061: 'EvoucherType' 未包含 'IsActive' 的定義，也找不到可接受類型 'EvoucherType' 第一個引數的可存取擴充方法 'IsActive' (是否遺漏 using 指示詞或組件參考?) [C:\Users\n2029\Desktop\GameSpace\GameSpace\GameSpace\GameSpace.csproj]
C:\Users\n2029\Desktop\GameSpace\GameSpace\GameSpace\Areas\MiniGame\Services\EVoucherTypeService.cs(186,82): error CS1061: 'EvoucherType' 未包含 'Stock' 的定義，也找不到可接受類型 'EvoucherType' 第一個引數的可存取擴充方法 'Stock' (是否遺漏 using 指示詞或組件參考?) [C:\Users\n2029\Desktop\GameSpace\GameSpace\GameSpace\GameSpace.csproj]
C:\Users\n2029\Desktop\GameSpace\GameSpace\GameSpace\Areas\MiniGame\Controllers\Settings\PetBackgroundChangeSettingsController.cs(163,40): error CS1061: 'IPetBackgroundChangeSettingsService' 未包含 'UpdateAsync' 的定義，也找不到可接受類型 'IPetBackgroundChangeSettingsService' 第一個引數的可存取擴充方法 'UpdateAsync' (是否遺漏 using 指示詞或組件參考?) [C:\Users\n2029\Desktop\GameSpace\GameSpace\GameSpace\GameSpace.csproj]
C:\Users\n2029\Desktop\GameSpace\GameSpace\GameSpace\Areas\MiniGame\Services\EVoucherTypeService.cs(192,35): error CS1061: 'GameSpacedatabaseContext' 未包含 'EvoucherType' 的定義，也找不到可接受類型 'GameSpacedatabaseContext' 第一個引數的可存取擴充方法 'EvoucherType' (是否遺漏 using 指示詞或組件參考?) [C:\Users\n2029\Desktop\GameSpace\GameSpace\GameSpace\GameSpace.csproj]
C:\Users\n2029\Desktop\GameSpace\GameSpace\GameSpace\Areas\MiniGame\Services\EVoucherTypeService.cs(197,35): error CS1061: 'GameSpacedatabaseContext' 未包含 'EvoucherType' 的定義，也找不到可接受類型 'GameSpacedatabaseContext' 第一個引數的可存取擴充方法 'EvoucherType' (是否遺漏 using 指示詞或組件參考?) [C:\Users\n2029\Desktop\GameSpace\GameSpace\GameSpace\GameSpace.csproj]
C:\Users\n2029\Desktop\GameSpace\GameSpace\GameSpace\Areas\MiniGame\Controllers\Settings\PetBackgroundChangeSettingsController.cs(190,53): error CS1061: 'IPetBackgroundChangeSettingsService' 未包含 'DeleteAsync' 的定義，也找不到可接受類型 'IPetBackgroundChangeSettingsService' 第一個引數的可存取擴充方法 'DeleteAsync' (是否遺漏 using 指示詞或組件參考?) [C:\Users\n2029\Desktop\GameSpace\GameSpace\GameSpace\GameSpace.csproj]
C:\Users\n2029\Desktop\GameSpace\GameSpace\GameSpace\Areas\MiniGame\Services\EVoucherService.cs(180,21): error CS0117: 'Evoucher' 未包含 'EVoucherCode' 的定義 [C:\Users\n2029\Desktop\GameSpace\GameSpace\GameSpace\GameSpace.csproj]
C:\Users\n2029\Desktop\GameSpace\GameSpace\GameSpace\Areas\MiniGame\Services\EVoucherService.cs(181,21): error CS0117: 'Evoucher' 未包含 'EVoucherTypeID' 的定義 [C:\Users\n2029\Desktop\GameSpace\GameSpace\GameSpace\GameSpace.csproj]
C:\Users\n2029\Desktop\GameSpace\GameSpace\GameSpace\Areas\MiniGame\Services\EVoucherService.cs(182,21): error CS0117: 'Evoucher' 未包含 'UserID' 的定義 [C:\Users\n2029\Desktop\GameSpace\GameSpace\GameSpace\GameSpace.csproj]
C:\Users\n2029\Desktop\GameSpace\GameSpace\GameSpace\Areas\MiniGame\Controllers\Settings\PetBackgroundChangeSettingsController.cs(218,53): error CS1061: 'IPetBackgroundChangeSettingsService' 未包含 'ToggleActiveAsync' 的定義，也找不到可接受類型 'IPetBackgroundChangeSettingsService' 第一個引數的可存取擴充方法 'ToggleActiveAsync' (是否遺漏 using 指示詞或組件參考?) [C:\Users\n2029\Desktop\GameSpace\GameSpace\GameSpace\GameSpace.csproj]
C:\Users\n2029\Desktop\GameSpace\GameSpace\GameSpace\Areas\MiniGame\Services\GameRulesService.cs(43,40): error CS1061: 'GameSpacedatabaseContext' 未包含 'User_SignInStats' 的定義，也找不到可接受類型 'GameSpacedatabaseContext' 第一個引數的可存取擴充方法 'User_SignInStats' (是否遺漏 using 指示詞或組件參考?) [C:\Users\n2029\Desktop\GameSpace\GameSpace\GameSpace\GameSpace.csproj]
C:\Users\n2029\Desktop\GameSpace\GameSpace\GameSpace\Areas\MiniGame\Services\EVoucherTypeService.cs(202,40): error CS1061: 'GameSpacedatabaseContext' 未包含 'EvoucherType' 的定義，也找不到可接受類型 'GameSpacedatabaseContext' 第一個引數的可存取擴充方法 'EvoucherType' (是否遺漏 using 指示詞或組件參考?) [C:\Users\n2029\Desktop\GameSpace\GameSpace\GameSpace\GameSpace.csproj]
C:\Users\n2029\Desktop\GameSpace\GameSpace\GameSpace\Areas\MiniGame\Services\EVoucherTypeService.cs(216,48): error CS1061: 'GameSpacedatabaseContext' 未包含 'EvoucherType' 的定義，也找不到可接受類型 'GameSpacedatabaseContext' 第一個引數的可存取擴充方法 'EvoucherType' (是否遺漏 using 指示詞或組件參考?) [C:\Users\n2029\Desktop\GameSpace\GameSpace\GameSpace\GameSpace.csproj]
C:\Users\n2029\Desktop\GameSpace\GameSpace\GameSpace\Areas\MiniGame\Services\EVoucherTypeService.cs(221,48): error CS1061: 'GameSpacedatabaseContext' 未包含 'EVoucher' 的定義，也找不到可接受類型 'GameSpacedatabaseContext' 第一個引數的可存取擴充方法 'EVoucher' (是否遺漏 using 指示詞或組件參考?) [C:\Users\n2029\Desktop\GameSpace\GameSpace\GameSpace\GameSpace.csproj]
C:\Users\n2029\Desktop\GameSpace\GameSpace\GameSpace\Areas\MiniGame\Services\GameRulesService.cs(172,35): error CS1061: 'GameSpacedatabaseContext' 未包含 'GameRules' 的定義，也找不到可接受類型 'GameSpacedatabaseContext' 第一個引數的可存取擴充方法 'GameRules' (是否遺漏 using 指示詞或組件參考?) [C:\Users\n2029\Desktop\GameSpace\GameSpace\GameSpace\GameSpace.csproj]
C:\Users\n2029\Desktop\GameSpace\GameSpace\GameSpace\Areas\MiniGame\Services\GameRulesService.cs(179,35): error CS1061: 'GameSpacedatabaseContext' 未包含 'GameRules' 的定義，也找不到可接受類型 'GameSpacedatabaseContext' 第一個引數的可存取擴充方法 'GameRules' (是否遺漏 using 指示詞或組件參考?) [C:\Users\n2029\Desktop\GameSpace\GameSpace\GameSpace\GameSpace.csproj]
C:\Users\n2029\Desktop\GameSpace\GameSpace\GameSpace\Areas\MiniGame\Controllers\PetLevelUpRuleValidationController.cs(38,33): error CS0246: 找不到類型或命名空間名稱 'ValidationResult' (是否遺漏了 using 指示詞或組件參考?) [C:\Users\n2029\Desktop\GameSpace\GameSpace\GameSpace\GameSpace.csproj]
C:\Users\n2029\Desktop\GameSpace\GameSpace\GameSpace\Areas\MiniGame\Services\GameRulesService.cs(189,26): error CS1061: 'GameSpacedatabaseContext' 未包含 'GameRules' 的定義，也找不到可接受類型 'GameSpacedatabaseContext' 第一個引數的可存取擴充方法 'GameRules' (是否遺漏 using 指示詞或組件參考?) [C:\Users\n2029\Desktop\GameSpace\GameSpace\GameSpace\GameSpace.csproj]
C:\Users\n2029\Desktop\GameSpace\GameSpace\GameSpace\Areas\MiniGame\Services\GameRulesService.cs(204,26): error CS1061: 'GameSpacedatabaseContext' 未包含 'GameRules' 的定義，也找不到可接受類型 'GameSpacedatabaseContext' 第一個引數的可存取擴充方法 'GameRules' (是否遺漏 using 指示詞或組件參考?) [C:\Users\n2029\Desktop\GameSpace\GameSpace\GameSpace\GameSpace.csproj]
C:\Users\n2029\Desktop\GameSpace\GameSpace\GameSpace\Areas\MiniGame\Services\GameRulesService.cs(221,26): error CS1061: 'GameSpacedatabaseContext' 未包含 'GameRules' 的定義，也找不到可接受類型 'GameSpacedatabaseContext' 第一個引數的可存取擴充方法 'GameRules' (是否遺漏 using 指示詞或組件參考?) [C:\Users\n2029\Desktop\GameSpace\GameSpace\GameSpace\GameSpace.csproj]
C:\Users\n2029\Desktop\GameSpace\GameSpace\GameSpace\Areas\MiniGame\Services\GameRulesService.cs(253,35): error CS1061: 'GameSpacedatabaseContext' 未包含 'GameEventRules' 的定義，也找不到可接受類型 'GameSpacedatabaseContext' 第一個引數的可存取擴充方法 'GameEventRules' (是否遺漏 using 指示詞或組件參考?) [C:\Users\n2029\Desktop\GameSpace\GameSpace\GameSpace\GameSpace.csproj]
C:\Users\n2029\Desktop\GameSpace\GameSpace\GameSpace\Areas\MiniGame\Services\GameRulesService.cs(264,26): error CS1061: 'GameSpacedatabaseContext' 未包含 'GameEventRules' 的定義，也找不到可接受類型 'GameSpacedatabaseContext' 第一個引數的可存取擴充方法 'GameEventRules' (是否遺漏 using 指示詞或組件參考?) [C:\Users\n2029\Desktop\GameSpace\GameSpace\GameSpace\GameSpace.csproj]
C:\Users\n2029\Desktop\GameSpace\GameSpace\GameSpace\Areas\MiniGame\Services\GameRulesService.cs(278,26): error CS1061: 'GameSpacedatabaseContext' 未包含 'GameEventRules' 的定義，也找不到可接受類型 'GameSpacedatabaseContext' 第一個引數的可存取擴充方法 'GameEventRules' (是否遺漏 using 指示詞或組件參考?) [C:\Users\n2029\Desktop\GameSpace\GameSpace\GameSpace\GameSpace.csproj]
C:\Users\n2029\Desktop\GameSpace\GameSpace\GameSpace\Areas\MiniGame\Services\GameRulesService.cs(292,48): error CS1061: 'GameSpacedatabaseContext' 未包含 'GameEventRules' 的定義，也找不到可接受類型 'GameSpacedatabaseContext' 第一個引數的可存取擴充方法 'GameEventRules' (是否遺漏 using 指示詞或組件參考?) [C:\Users\n2029\Desktop\GameSpace\GameSpace\GameSpace\GameSpace.csproj]
C:\Users\n2029\Desktop\GameSpace\GameSpace\GameSpace\Areas\MiniGame\Controllers\PetLevelUpRuleValidationController.cs(175,39): error CS0246: 找不到類型或命名空間名稱 'ValidationResult' (是否遺漏了 using 指示詞或組件參考?) [C:\Users\n2029\Desktop\GameSpace\GameSpace\GameSpace\GameSpace.csproj]
C:\Users\n2029\Desktop\GameSpace\GameSpace\GameSpace\Areas\MiniGame\Controllers\PetLevelUpRuleController.cs(35,55): error CS1061: 'IPetLevelUpRuleService' 未包含 'GetAllLevelUpRulesAsync' 的定義，也找不到可接受類型 'IPetLevelUpRuleService' 第一個引數的可存取擴充方法 'GetAllLevelUpRulesAsync' (是否遺漏 using 指示詞或組件參考?) [C:\Users\n2029\Desktop\GameSpace\GameSpace\GameSpace\GameSpace.csproj]
C:\Users\n2029\Desktop\GameSpace\GameSpace\GameSpace\Areas\MiniGame\Controllers\PetLevelUpRuleController.cs(57,54): error CS1061: 'IPetLevelUpRuleService' 未包含 'GetLevelUpRuleByIdAsync' 的定義，也找不到可接受類型 'IPetLevelUpRuleService' 第一個引數的可存取擴充方法 'GetLevelUpRuleByIdAsync' (是否遺漏 using 指示詞或組件參考?) [C:\Users\n2029\Desktop\GameSpace\GameSpace\GameSpace\GameSpace.csproj]
C:\Users\n2029\Desktop\GameSpace\GameSpace\GameSpace\Areas\MiniGame\Controllers\PetLevelUpRuleController.cs(113,57): error CS1061: 'IPetLevelUpRuleService' 未包含 'CreateLevelUpRuleAsync' 的定義，也找不到可接受類型 'IPetLevelUpRuleService' 第一個引數的可存取擴充方法 'CreateLevelUpRuleAsync' (是否遺漏 using 指示詞或組件參考?) [C:\Users\n2029\Desktop\GameSpace\GameSpace\GameSpace\GameSpace.csproj]
C:\Users\n2029\Desktop\GameSpace\GameSpace\GameSpace\Areas\MiniGame\Controllers\PetLevelUpRuleController.cs(139,54): error CS1061: 'IPetLevelUpRuleService' 未包含 'GetLevelUpRuleByIdAsync' 的定義，也找不到可接受類型 'IPetLevelUpRuleService' 第一個引數的可存取擴充方法 'GetLevelUpRuleByIdAsync' (是否遺漏 using 指示詞或組件參考?) [C:\Users\n2029\Desktop\GameSpace\GameSpace\GameSpace\GameSpace.csproj]
C:\Users\n2029\Desktop\GameSpace\GameSpace\GameSpace\Areas\MiniGame\Controllers\PetLevelUpRuleController.cs(150,21): error CS0117: 'PetLevelUpRuleEditViewModel' 未包含 'ExperienceRequired' 的定義 [C:\Users\n2029\Desktop\GameSpace\GameSpace\GameSpace\GameSpace.csproj]
C:\Users\n2029\Desktop\GameSpace\GameSpace\GameSpace\Areas\MiniGame\Controllers\PetLevelUpRuleController.cs(152,21): error CS0117: 'PetLevelUpRuleEditViewModel' 未包含 'ExpReward' 的定義 [C:\Users\n2029\Desktop\GameSpace\GameSpace\GameSpace\GameSpace.csproj]
C:\Users\n2029\Desktop\GameSpace\GameSpace\GameSpace\Areas\MiniGame\Controllers\PetLevelUpRuleController.cs(154,21): error CS0117: 'PetLevelUpRuleEditViewModel' 未包含 'Remarks' 的定義 [C:\Users\n2029\Desktop\GameSpace\GameSpace\GameSpace\GameSpace.csproj]
C:\Users\n2029\Desktop\GameSpace\GameSpace\GameSpace\Areas\MiniGame\Controllers\AdminPetController.cs(37,41): error CS1061: 'Pet' 未包含 'PetType' 的定義，也找不到可接受類型 'Pet' 第一個引數的可存取擴充方法 'PetType' (是否遺漏 using 指示詞或組件參考?) [C:\Users\n2029\Desktop\GameSpace\GameSpace\GameSpace\GameSpace.csproj]
C:\Users\n2029\Desktop\GameSpace\GameSpace\GameSpace\Areas\MiniGame\Controllers\AdminPetController.cs(38,41): error CS1061: 'Pet' 未包含 'PetDescription' 的定義，也找不到可接受類型 'Pet' 第一個引數的可存取擴充方法 'PetDescription' (是否遺漏 using 指示詞或組件參考?) [C:\Users\n2029\Desktop\GameSpace\GameSpace\GameSpace\GameSpace.csproj]
C:\Users\n2029\Desktop\GameSpace\GameSpace\GameSpace\Areas\MiniGame\Controllers\AdminPetController.cs(44,42): error CS1061: 'Pet' 未包含 'Rarity' 的定義，也找不到可接受類型 'Pet' 第一個引數的可存取擴充方法 'Rarity' (是否遺漏 using 指示詞或組件參考?) [C:\Users\n2029\Desktop\GameSpace\GameSpace\GameSpace\GameSpace.csproj]
C:\Users\n2029\Desktop\GameSpace\GameSpace\GameSpace\Areas\MiniGame\Controllers\AdminPetController.cs(50,47): error CS1061: 'Pet' 未包含 'PetType' 的定義，也找不到可接受類型 'Pet' 第一個引數的可存取擴充方法 'PetType' (是否遺漏 using 指示詞或組件參考?) [C:\Users\n2029\Desktop\GameSpace\GameSpace\GameSpace\GameSpace.csproj]
C:\Users\n2029\Desktop\GameSpace\GameSpace\GameSpace\Areas\MiniGame\Controllers\AdminPetController.cs(51,49): error CS1061: 'Pet' 未包含 'Rarity' 的定義，也找不到可接受類型 'Pet' 第一個引數的可存取擴充方法 'Rarity' (是否遺漏 using 指示詞或組件參考?) [C:\Users\n2029\Desktop\GameSpace\GameSpace\GameSpace\GameSpace.csproj]
C:\Users\n2029\Desktop\GameSpace\GameSpace\GameSpace\Areas\MiniGame\Controllers\AdminPetController.cs(52,57): error CS1061: 'Pet' 未包含 'DropRate' 的定義，也找不到可接受類型 'Pet' 第一個引數的可存取擴充方法 'DropRate' (是否遺漏 using 指示詞或組件參考?) [C:\Users\n2029\Desktop\GameSpace\GameSpace\GameSpace\GameSpace.csproj]
C:\Users\n2029\Desktop\GameSpace\GameSpace\GameSpace\Areas\MiniGame\Controllers\AdminPetController.cs(53,60): error CS1061: 'Pet' 未包含 'CreatedAt' 的定義，也找不到可接受類型 'Pet' 第一個引數的可存取擴充方法 'CreatedAt' (是否遺漏 using 指示詞或組件參考?) [C:\Users\n2029\Desktop\GameSpace\GameSpace\GameSpace\GameSpace.csproj]
C:\Users\n2029\Desktop\GameSpace\GameSpace\GameSpace\Areas\MiniGame\Controllers\AdminPetController.cs(81,55): error CS1061: 'Pet' 未包含 'Rarity' 的定義，也找不到可接受類型 'Pet' 第一個引數的可存取擴充方法 'Rarity' (是否遺漏 using 指示詞或組件參考?) [C:\Users\n2029\Desktop\GameSpace\GameSpace\GameSpace\GameSpace.csproj]
C:\Users\n2029\Desktop\GameSpace\GameSpace\GameSpace\Areas\MiniGame\Controllers\AdminPetController.cs(82,53): error CS1061: 'Pet' 未包含 'Rarity' 的定義，也找不到可接受類型 'Pet' 第一個引數的可存取擴充方法 'Rarity' (是否遺漏 using 指示詞或組件參考?) [C:\Users\n2029\Desktop\GameSpace\GameSpace\GameSpace\GameSpace.csproj]
C:\Users\n2029\Desktop\GameSpace\GameSpace\GameSpace\Areas\MiniGame\Controllers\AdminPetController.cs(83,53): error CS1061: 'Pet' 未包含 'Rarity' 的定義，也找不到可接受類型 'Pet' 第一個引數的可存取擴充方法 'Rarity' (是否遺漏 using 指示詞或組件參考?) [C:\Users\n2029\Desktop\GameSpace\GameSpace\GameSpace\GameSpace.csproj]
C:\Users\n2029\Desktop\GameSpace\GameSpace\GameSpace\Areas\MiniGame\Controllers\AdminPetController.cs(84,58): error CS1061: 'Pet' 未包含 'Rarity' 的定義，也找不到可接受類型 'Pet' 第一個引數的可存取擴充方法 'Rarity' (是否遺漏 using 指示詞或組件參考?) [C:\Users\n2029\Desktop\GameSpace\GameSpace\GameSpace\GameSpace.csproj]
C:\Users\n2029\Desktop\GameSpace\GameSpace\GameSpace\Areas\MiniGame\Controllers\PetLevelUpRuleController.cs(200,57): error CS1061: 'IPetLevelUpRuleService' 未包含 'UpdateLevelUpRuleAsync' 的定義，也找不到可接受類型 'IPetLevelUpRuleService' 第一個引數的可存取擴充方法 'UpdateLevelUpRuleAsync' (是否遺漏 using 指示詞或組件參考?) [C:\Users\n2029\Desktop\GameSpace\GameSpace\GameSpace\GameSpace.csproj]
C:\Users\n2029\Desktop\GameSpace\GameSpace\GameSpace\Areas\MiniGame\Controllers\PetLevelUpRuleController.cs(226,54): error CS1061: 'IPetLevelUpRuleService' 未包含 'GetLevelUpRuleByIdAsync' 的定義，也找不到可接受類型 'IPetLevelUpRuleService' 第一個引數的可存取擴充方法 'GetLevelUpRuleByIdAsync' (是否遺漏 using 指示詞或組件參考?) [C:\Users\n2029\Desktop\GameSpace\GameSpace\GameSpace\GameSpace.csproj]
C:\Users\n2029\Desktop\GameSpace\GameSpace\GameSpace\Areas\MiniGame\Controllers\AdminPetController.cs(123,21): error CS0117: 'Pet' 未包含 'PetDescription' 的定義 [C:\Users\n2029\Desktop\GameSpace\GameSpace\GameSpace\GameSpace.csproj]
C:\Users\n2029\Desktop\GameSpace\GameSpace\GameSpace\Areas\MiniGame\Controllers\AdminPetController.cs(123,44): error CS1061: 'AdminPetCreateViewModel' 未包含 'PetDescription' 的定義，也找不到可接受類型 'AdminPetCreateViewModel' 第一個引數的可存取擴充方法 'PetDescription' (是否遺漏 using 指示詞或組件參考?) [C:\Users\n2029\Desktop\GameSpace\GameSpace\GameSpace\GameSpace.csproj]
C:\Users\n2029\Desktop\GameSpace\GameSpace\GameSpace\Areas\MiniGame\Controllers\AdminPetController.cs(124,21): error CS0117: 'Pet' 未包含 'PetType' 的定義 [C:\Users\n2029\Desktop\GameSpace\GameSpace\GameSpace\GameSpace.csproj]
C:\Users\n2029\Desktop\GameSpace\GameSpace\GameSpace\Areas\MiniGame\Controllers\AdminPetController.cs(124,37): error CS1061: 'AdminPetCreateViewModel' 未包含 'PetType' 的定義，也找不到可接受類型 'AdminPetCreateViewModel' 第一個引數的可存取擴充方法 'PetType' (是否遺漏 using 指示詞或組件參考?) [C:\Users\n2029\Desktop\GameSpace\GameSpace\GameSpace\GameSpace.csproj]
C:\Users\n2029\Desktop\GameSpace\GameSpace\GameSpace\Areas\MiniGame\Controllers\AdminPetController.cs(125,21): error CS0117: 'Pet' 未包含 'Rarity' 的定義 [C:\Users\n2029\Desktop\GameSpace\GameSpace\GameSpace\GameSpace.csproj]
C:\Users\n2029\Desktop\GameSpace\GameSpace\GameSpace\Areas\MiniGame\Controllers\AdminPetController.cs(125,36): error CS1061: 'AdminPetCreateViewModel' 未包含 'Rarity' 的定義，也找不到可接受類型 'AdminPetCreateViewModel' 第一個引數的可存取擴充方法 'Rarity' (是否遺漏 using 指示詞或組件參考?) [C:\Users\n2029\Desktop\GameSpace\GameSpace\GameSpace\GameSpace.csproj]
C:\Users\n2029\Desktop\GameSpace\GameSpace\GameSpace\Areas\MiniGame\Controllers\AdminPetController.cs(126,21): error CS0117: 'Pet' 未包含 'DropRate' 的定義 [C:\Users\n2029\Desktop\GameSpace\GameSpace\GameSpace\GameSpace.csproj]
C:\Users\n2029\Desktop\GameSpace\GameSpace\GameSpace\Areas\MiniGame\Controllers\AdminPetController.cs(126,38): error CS1061: 'AdminPetCreateViewModel' 未包含 'DropRate' 的定義，也找不到可接受類型 'AdminPetCreateViewModel' 第一個引數的可存取擴充方法 'DropRate' (是否遺漏 using 指示詞或組件參考?) [C:\Users\n2029\Desktop\GameSpace\GameSpace\GameSpace\GameSpace.csproj]
C:\Users\n2029\Desktop\GameSpace\GameSpace\GameSpace\Areas\MiniGame\Controllers\AdminPetController.cs(127,21): error CS0117: 'Pet' 未包含 'PetImageUrl' 的定義 [C:\Users\n2029\Desktop\GameSpace\GameSpace\GameSpace\GameSpace.csproj]
C:\Users\n2029\Desktop\GameSpace\GameSpace\GameSpace\Areas\MiniGame\Controllers\AdminPetController.cs(127,41): error CS1061: 'AdminPetCreateViewModel' 未包含 'PetImageUrl' 的定義，也找不到可接受類型 'AdminPetCreateViewModel' 第一個引數的可存取擴充方法 'PetImageUrl' (是否遺漏 using 指示詞或組件參考?) [C:\Users\n2029\Desktop\GameSpace\GameSpace\GameSpace\GameSpace.csproj]
C:\Users\n2029\Desktop\GameSpace\GameSpace\GameSpace\Areas\MiniGame\Controllers\AdminPetController.cs(128,21): error CS0117: 'Pet' 未包含 'IsActive' 的定義 [C:\Users\n2029\Desktop\GameSpace\GameSpace\GameSpace\GameSpace.csproj]
C:\Users\n2029\Desktop\GameSpace\GameSpace\GameSpace\Areas\MiniGame\Controllers\AdminPetController.cs(128,38): error CS1061: 'AdminPetCreateViewModel' 未包含 'IsActive' 的定義，也找不到可接受類型 'AdminPetCreateViewModel' 第一個引數的可存取擴充方法 'IsActive' (是否遺漏 using 指示詞或組件參考?) [C:\Users\n2029\Desktop\GameSpace\GameSpace\GameSpace\GameSpace.csproj]
C:\Users\n2029\Desktop\GameSpace\GameSpace\GameSpace\Areas\MiniGame\Controllers\AdminPetController.cs(129,21): error CS0117: 'Pet' 未包含 'CreatedAt' 的定義 [C:\Users\n2029\Desktop\GameSpace\GameSpace\GameSpace\GameSpace.csproj]
C:\Users\n2029\Desktop\GameSpace\GameSpace\GameSpace\Areas\MiniGame\Controllers\AdminMiniGameController.cs(28,44): error CS1061: 'MiniGame' 未包含 'GameName' 的定義，也找不到可接受類型 'MiniGame' 第一個引數的可存取擴充方法 'GameName' (是否遺漏 using 指示詞或組件參考?) [C:\Users\n2029\Desktop\GameSpace\GameSpace\GameSpace\GameSpace.csproj]
C:\Users\n2029\Desktop\GameSpace\GameSpace\GameSpace\Areas\MiniGame\Controllers\AdminMiniGameController.cs(29,42): error CS1061: 'MiniGame' 未包含 'GameDescription' 的定義，也找不到可接受類型 'MiniGame' 第一個引數的可存取擴充方法 'GameDescription' (是否遺漏 using 指示詞或組件參考?) [C:\Users\n2029\Desktop\GameSpace\GameSpace\GameSpace\GameSpace.csproj]
C:\Users\n2029\Desktop\GameSpace\GameSpace\GameSpace\Areas\MiniGame\Controllers\AdminMiniGameController.cs(30,42): error CS1061: 'MiniGame' 未包含 'GameType' 的定義，也找不到可接受類型 'MiniGame' 第一個引數的可存取擴充方法 'GameType' (是否遺漏 using 指示詞或組件參考?) [C:\Users\n2029\Desktop\GameSpace\GameSpace\GameSpace\GameSpace.csproj]
C:\Users\n2029\Desktop\GameSpace\GameSpace\GameSpace\Areas\MiniGame\Controllers\AdminMiniGameController.cs(36,44): error CS1061: 'MiniGame' 未包含 'GameType' 的定義，也找不到可接受類型 'MiniGame' 第一個引數的可存取擴充方法 'GameType' (是否遺漏 using 指示詞或組件參考?) [C:\Users\n2029\Desktop\GameSpace\GameSpace\GameSpace\GameSpace.csproj]
C:\Users\n2029\Desktop\GameSpace\GameSpace\GameSpace\Areas\MiniGame\Controllers\AdminMiniGameController.cs(42,48): error CS1061: 'MiniGame' 未包含 'GameType' 的定義，也找不到可接受類型 'MiniGame' 第一個引數的可存取擴充方法 'GameType' (是否遺漏 using 指示詞或組件參考?) [C:\Users\n2029\Desktop\GameSpace\GameSpace\GameSpace\GameSpace.csproj]
C:\Users\n2029\Desktop\GameSpace\GameSpace\GameSpace\Areas\MiniGame\Controllers\AdminMiniGameController.cs(43,48): error CS1061: 'MiniGame' 未包含 'CostPoints' 的定義，也找不到可接受類型 'MiniGame' 第一個引數的可存取擴充方法 'CostPoints' (是否遺漏 using 指示詞或組件參考?) [C:\Users\n2029\Desktop\GameSpace\GameSpace\GameSpace\GameSpace.csproj]
C:\Users\n2029\Desktop\GameSpace\GameSpace\GameSpace\Areas\MiniGame\Controllers\AdminMiniGameController.cs(44,60): error CS1061: 'MiniGame' 未包含 'RewardPoints' 的定義，也找不到可接受類型 'MiniGame' 第一個引數的可存取擴充方法 'RewardPoints' (是否遺漏 using 指示詞或組件參考?) [C:\Users\n2029\Desktop\GameSpace\GameSpace\GameSpace\GameSpace.csproj]
C:\Users\n2029\Desktop\GameSpace\GameSpace\GameSpace\Areas\MiniGame\Controllers\AdminMiniGameController.cs(45,59): error CS1061: 'MiniGame' 未包含 'MaxPlayCount' 的定義，也找不到可接受類型 'MiniGame' 第一個引數的可存取擴充方法 'MaxPlayCount' (是否遺漏 using 指示詞或組件參考?) [C:\Users\n2029\Desktop\GameSpace\GameSpace\GameSpace\GameSpace.csproj]
C:\Users\n2029\Desktop\GameSpace\GameSpace\GameSpace\Areas\MiniGame\Controllers\AdminMiniGameController.cs(46,61): error CS1061: 'MiniGame' 未包含 'CreatedAt' 的定義，也找不到可接受類型 'MiniGame' 第一個引數的可存取擴充方法 'CreatedAt' (是否遺漏 using 指示詞或組件參考?) [C:\Users\n2029\Desktop\GameSpace\GameSpace\GameSpace\GameSpace.csproj]
C:\Users\n2029\Desktop\GameSpace\GameSpace\GameSpace\Areas\MiniGame\Controllers\AdminMiniGameController.cs(47,43): error CS1061: 'MiniGame' 未包含 'GameName' 的定義，也找不到可接受類型 'MiniGame' 第一個引數的可存取擴充方法 'GameName' (是否遺漏 using 指示詞或組件參考?) [C:\Users\n2029\Desktop\GameSpace\GameSpace\GameSpace\GameSpace.csproj]
C:\Users\n2029\Desktop\GameSpace\GameSpace\GameSpace\Areas\MiniGame\Controllers\AdminMiniGameController.cs(59,45): error CS0118: 'MiniGame' 是 命名空間，但卻當成 類型 使用 [C:\Users\n2029\Desktop\GameSpace\GameSpace\GameSpace\GameSpace.csproj]
C:\Users\n2029\Desktop\GameSpace\GameSpace\GameSpace\Areas\MiniGame\Controllers\AdminMiniGameController.cs(73,50): error CS1061: 'GameSpacedatabaseContext' 未包含 'MiniGame' 的定義，也找不到可接受類型 'GameSpacedatabaseContext' 第一個引數的可存取擴充方法 'MiniGame' (是否遺漏 using 指示詞或組件參考?) [C:\Users\n2029\Desktop\GameSpace\GameSpace\GameSpace\GameSpace.csproj]
C:\Users\n2029\Desktop\GameSpace\GameSpace\GameSpace\Areas\MiniGame\Controllers\AdminMiniGameController.cs(74,50): error CS1061: 'GameSpacedatabaseContext' 未包含 'MiniGame' 的定義，也找不到可接受類型 'GameSpacedatabaseContext' 第一個引數的可存取擴充方法 'MiniGame' (是否遺漏 using 指示詞或組件參考?) [C:\Users\n2029\Desktop\GameSpace\GameSpace\GameSpace\GameSpace.csproj]
C:\Users\n2029\Desktop\GameSpace\GameSpace\GameSpace\Areas\MiniGame\Controllers\AdminMiniGameController.cs(75,50): error CS1061: 'GameSpacedatabaseContext' 未包含 'MiniGame' 的定義，也找不到可接受類型 'GameSpacedatabaseContext' 第一個引數的可存取擴充方法 'MiniGame' (是否遺漏 using 指示詞或組件參考?) [C:\Users\n2029\Desktop\GameSpace\GameSpace\GameSpace\GameSpace.csproj]
C:\Users\n2029\Desktop\GameSpace\GameSpace\GameSpace\Areas\MiniGame\Controllers\AdminMiniGameController.cs(76,52): error CS1061: 'GameSpacedatabaseContext' 未包含 'MiniGame' 的定義，也找不到可接受類型 'GameSpacedatabaseContext' 第一個引數的可存取擴充方法 'MiniGame' (是否遺漏 using 指示詞或組件參考?) [C:\Users\n2029\Desktop\GameSpace\GameSpace\GameSpace\GameSpace.csproj]
C:\Users\n2029\Desktop\GameSpace\GameSpace\GameSpace\Areas\MiniGame\Controllers\AdminMiniGameController.cs(89,43): error CS1061: 'GameSpacedatabaseContext' 未包含 'MiniGame' 的定義，也找不到可接受類型 'GameSpacedatabaseContext' 第一個引數的可存取擴充方法 'MiniGame' (是否遺漏 using 指示詞或組件參考?) [C:\Users\n2029\Desktop\GameSpace\GameSpace\GameSpace\GameSpace.csproj]
C:\Users\n2029\Desktop\GameSpace\GameSpace\GameSpace\Areas\MiniGame\Controllers\AdminPetController.cs(173,17): error CS0117: 'AdminPetCreateViewModel' 未包含 'PetDescription' 的定義 [C:\Users\n2029\Desktop\GameSpace\GameSpace\GameSpace\GameSpace.csproj]
C:\Users\n2029\Desktop\GameSpace\GameSpace\GameSpace\Areas\MiniGame\Controllers\AdminPetController.cs(173,38): error CS1061: 'Pet' 未包含 'PetDescription' 的定義，也找不到可接受類型 'Pet' 第一個引數的可存取擴充方法 'PetDescription' (是否遺漏 using 指示詞或組件參考?) [C:\Users\n2029\Desktop\GameSpace\GameSpace\GameSpace\GameSpace.csproj]
C:\Users\n2029\Desktop\GameSpace\GameSpace\GameSpace\Areas\MiniGame\Controllers\AdminPetController.cs(174,17): error CS0117: 'AdminPetCreateViewModel' 未包含 'PetType' 的定義 [C:\Users\n2029\Desktop\GameSpace\GameSpace\GameSpace\GameSpace.csproj]
C:\Users\n2029\Desktop\GameSpace\GameSpace\GameSpace\Areas\MiniGame\Controllers\AdminPetController.cs(174,31): error CS1061: 'Pet' 未包含 'PetType' 的定義，也找不到可接受類型 'Pet' 第一個引數的可存取擴充方法 'PetType' (是否遺漏 using 指示詞或組件參考?) [C:\Users\n2029\Desktop\GameSpace\GameSpace\GameSpace\GameSpace.csproj]
C:\Users\n2029\Desktop\GameSpace\GameSpace\GameSpace\Areas\MiniGame\Controllers\AdminPetController.cs(175,17): error CS0117: 'AdminPetCreateViewModel' 未包含 'Rarity' 的定義 [C:\Users\n2029\Desktop\GameSpace\GameSpace\GameSpace\GameSpace.csproj]
C:\Users\n2029\Desktop\GameSpace\GameSpace\GameSpace\Areas\MiniGame\Controllers\AdminPetController.cs(175,30): error CS1061: 'Pet' 未包含 'Rarity' 的定義，也找不到可接受類型 'Pet' 第一個引數的可存取擴充方法 'Rarity' (是否遺漏 using 指示詞或組件參考?) [C:\Users\n2029\Desktop\GameSpace\GameSpace\GameSpace\GameSpace.csproj]
C:\Users\n2029\Desktop\GameSpace\GameSpace\GameSpace\Areas\MiniGame\Controllers\AdminPetController.cs(176,17): error CS0117: 'AdminPetCreateViewModel' 未包含 'DropRate' 的定義 [C:\Users\n2029\Desktop\GameSpace\GameSpace\GameSpace\GameSpace.csproj]
C:\Users\n2029\Desktop\GameSpace\GameSpace\GameSpace\Areas\MiniGame\Controllers\AdminPetController.cs(176,32): error CS1061: 'Pet' 未包含 'DropRate' 的定義，也找不到可接受類型 'Pet' 第一個引數的可存取擴充方法 'DropRate' (是否遺漏 using 指示詞或組件參考?) [C:\Users\n2029\Desktop\GameSpace\GameSpace\GameSpace\GameSpace.csproj]
C:\Users\n2029\Desktop\GameSpace\GameSpace\GameSpace\Areas\MiniGame\Controllers\AdminPetController.cs(177,17): error CS0117: 'AdminPetCreateViewModel' 未包含 'PetImageUrl' 的定義 [C:\Users\n2029\Desktop\GameSpace\GameSpace\GameSpace\GameSpace.csproj]
C:\Users\n2029\Desktop\GameSpace\GameSpace\GameSpace\Areas\MiniGame\Controllers\AdminPetController.cs(177,35): error CS1061: 'Pet' 未包含 'PetImageUrl' 的定義，也找不到可接受類型 'Pet' 第一個引數的可存取擴充方法 'PetImageUrl' (是否遺漏 using 指示詞或組件參考?) [C:\Users\n2029\Desktop\GameSpace\GameSpace\GameSpace\GameSpace.csproj]
C:\Users\n2029\Desktop\GameSpace\GameSpace\GameSpace\Areas\MiniGame\Controllers\AdminPetController.cs(178,17): error CS0117: 'AdminPetCreateViewModel' 未包含 'IsActive' 的定義 [C:\Users\n2029\Desktop\GameSpace\GameSpace\GameSpace\GameSpace.csproj]
C:\Users\n2029\Desktop\GameSpace\GameSpace\GameSpace\Areas\MiniGame\Controllers\AdminPetController.cs(178,32): error CS1061: 'Pet' 未包含 'IsActive' 的定義，也找不到可接受類型 'Pet' 第一個引數的可存取擴充方法 'IsActive' (是否遺漏 using 指示詞或組件參考?) [C:\Users\n2029\Desktop\GameSpace\GameSpace\GameSpace\GameSpace.csproj]
C:\Users\n2029\Desktop\GameSpace\GameSpace\GameSpace\Areas\MiniGame\Controllers\AdminEVoucherController.cs(214,17): error CS0117: 'AdminEVoucherCreateViewModel' 未包含 'EvoucherTypeId' 的定義 [C:\Users\n2029\Desktop\GameSpace\GameSpace\GameSpace\GameSpace.csproj]
C:\Users\n2029\Desktop\GameSpace\GameSpace\GameSpace\Areas\MiniGame\Controllers\AdminEVoucherController.cs(215,35): error CS1061: 'Evoucher' 未包含 'UserID' 的定義，也找不到可接受類型 'Evoucher' 第一個引數的可存取擴充方法 'UserID' (是否遺漏 using 指示詞或組件參考?) [C:\Users\n2029\Desktop\GameSpace\GameSpace\GameSpace\GameSpace.csproj]
C:\Users\n2029\Desktop\GameSpace\GameSpace\GameSpace\Areas\MiniGame\Controllers\AdminEVoucherController.cs(216,17): error CS0117: 'AdminEVoucherCreateViewModel' 未包含 'EvoucherCode' 的定義 [C:\Users\n2029\Desktop\GameSpace\GameSpace\GameSpace\GameSpace.csproj]
C:\Users\n2029\Desktop\GameSpace\GameSpace\GameSpace\Areas\MiniGame\Controllers\AdminEVoucherController.cs(217,17): error CS0117: 'AdminEVoucherCreateViewModel' 未包含 'AcquiredTime' 的定義 [C:\Users\n2029\Desktop\GameSpace\GameSpace\GameSpace\GameSpace.csproj]
C:\Users\n2029\Desktop\GameSpace\GameSpace\GameSpace\Areas\MiniGame\Controllers\AdminEVoucherController.cs(218,17): error CS0117: 'AdminEVoucherCreateViewModel' 未包含 'UsedTime' 的定義 [C:\Users\n2029\Desktop\GameSpace\GameSpace\GameSpace\GameSpace.csproj]
C:\Users\n2029\Desktop\GameSpace\GameSpace\GameSpace\Areas\MiniGame\Controllers\AdminEVoucherController.cs(219,17): error CS0117: 'AdminEVoucherCreateViewModel' 未包含 'IsUsed' 的定義 [C:\Users\n2029\Desktop\GameSpace\GameSpace\GameSpace\GameSpace.csproj]
C:\Users\n2029\Desktop\GameSpace\GameSpace\GameSpace\Areas\MiniGame\Controllers\AdminPetController.cs(198,21): error CS1061: 'Pet' 未包含 'PetDescription' 的定義，也找不到可接受類型 'Pet' 第一個引數的可存取擴充方法 'PetDescription' (是否遺漏 using 指示詞或組件參考?) [C:\Users\n2029\Desktop\GameSpace\GameSpace\GameSpace\GameSpace.csproj]
C:\Users\n2029\Desktop\GameSpace\GameSpace\GameSpace\Areas\MiniGame\Controllers\AdminPetController.cs(198,44): error CS1061: 'AdminPetCreateViewModel' 未包含 'PetDescription' 的定義，也找不到可接受類型 'AdminPetCreateViewModel' 第一個引數的可存取擴充方法 'PetDescription' (是否遺漏 using 指示詞或組件參考?) [C:\Users\n2029\Desktop\GameSpace\GameSpace\GameSpace\GameSpace.csproj]
C:\Users\n2029\Desktop\GameSpace\GameSpace\GameSpace\Areas\MiniGame\Controllers\AdminPetController.cs(199,21): error CS1061: 'Pet' 未包含 'PetType' 的定義，也找不到可接受類型 'Pet' 第一個引數的可存取擴充方法 'PetType' (是否遺漏 using 指示詞或組件參考?) [C:\Users\n2029\Desktop\GameSpace\GameSpace\GameSpace\GameSpace.csproj]
C:\Users\n2029\Desktop\GameSpace\GameSpace\GameSpace\Areas\MiniGame\Controllers\AdminPetController.cs(199,37): error CS1061: 'AdminPetCreateViewModel' 未包含 'PetType' 的定義，也找不到可接受類型 'AdminPetCreateViewModel' 第一個引數的可存取擴充方法 'PetType' (是否遺漏 using 指示詞或組件參考?) [C:\Users\n2029\Desktop\GameSpace\GameSpace\GameSpace\GameSpace.csproj]
C:\Users\n2029\Desktop\GameSpace\GameSpace\GameSpace\Areas\MiniGame\Controllers\AdminPetController.cs(200,21): error CS1061: 'Pet' 未包含 'Rarity' 的定義，也找不到可接受類型 'Pet' 第一個引數的可存取擴充方法 'Rarity' (是否遺漏 using 指示詞或組件參考?) [C:\Users\n2029\Desktop\GameSpace\GameSpace\GameSpace\GameSpace.csproj]
C:\Users\n2029\Desktop\GameSpace\GameSpace\GameSpace\Areas\MiniGame\Controllers\AdminPetController.cs(200,36): error CS1061: 'AdminPetCreateViewModel' 未包含 'Rarity' 的定義，也找不到可接受類型 'AdminPetCreateViewModel' 第一個引數的可存取擴充方法 'Rarity' (是否遺漏 using 指示詞或組件參考?) [C:\Users\n2029\Desktop\GameSpace\GameSpace\GameSpace\GameSpace.csproj]
C:\Users\n2029\Desktop\GameSpace\GameSpace\GameSpace\Areas\MiniGame\Controllers\AdminPetController.cs(201,21): error CS1061: 'Pet' 未包含 'DropRate' 的定義，也找不到可接受類型 'Pet' 第一個引數的可存取擴充方法 'DropRate' (是否遺漏 using 指示詞或組件參考?) [C:\Users\n2029\Desktop\GameSpace\GameSpace\GameSpace\GameSpace.csproj]
C:\Users\n2029\Desktop\GameSpace\GameSpace\GameSpace\Areas\MiniGame\Controllers\AdminPetController.cs(201,38): error CS1061: 'AdminPetCreateViewModel' 未包含 'DropRate' 的定義，也找不到可接受類型 'AdminPetCreateViewModel' 第一個引數的可存取擴充方法 'DropRate' (是否遺漏 using 指示詞或組件參考?) [C:\Users\n2029\Desktop\GameSpace\GameSpace\GameSpace\GameSpace.csproj]
C:\Users\n2029\Desktop\GameSpace\GameSpace\GameSpace\Areas\MiniGame\Controllers\AdminPetController.cs(202,21): error CS1061: 'Pet' 未包含 'PetImageUrl' 的定義，也找不到可接受類型 'Pet' 第一個引數的可存取擴充方法 'PetImageUrl' (是否遺漏 using 指示詞或組件參考?) [C:\Users\n2029\Desktop\GameSpace\GameSpace\GameSpace\GameSpace.csproj]
C:\Users\n2029\Desktop\GameSpace\GameSpace\GameSpace\Areas\MiniGame\Controllers\AdminPetController.cs(202,41): error CS1061: 'AdminPetCreateViewModel' 未包含 'PetImageUrl' 的定義，也找不到可接受類型 'AdminPetCreateViewModel' 第一個引數的可存取擴充方法 'PetImageUrl' (是否遺漏 using 指示詞或組件參考?) [C:\Users\n2029\Desktop\GameSpace\GameSpace\GameSpace\GameSpace.csproj]
C:\Users\n2029\Desktop\GameSpace\GameSpace\GameSpace\Areas\MiniGame\Controllers\AdminPetController.cs(203,21): error CS1061: 'Pet' 未包含 'IsActive' 的定義，也找不到可接受類型 'Pet' 第一個引數的可存取擴充方法 'IsActive' (是否遺漏 using 指示詞或組件參考?) [C:\Users\n2029\Desktop\GameSpace\GameSpace\GameSpace\GameSpace.csproj]
C:\Users\n2029\Desktop\GameSpace\GameSpace\GameSpace\Areas\MiniGame\Controllers\AdminPetController.cs(203,38): error CS1061: 'AdminPetCreateViewModel' 未包含 'IsActive' 的定義，也找不到可接受類型 'AdminPetCreateViewModel' 第一個引數的可存取擴充方法 'IsActive' (是否遺漏 using 指示詞或組件參考?) [C:\Users\n2029\Desktop\GameSpace\GameSpace\GameSpace\GameSpace.csproj]
C:\Users\n2029\Desktop\GameSpace\GameSpace\GameSpace\Areas\MiniGame\Controllers\AdminEVoucherController.cs(266,26): error CS0103: 名稱 'EVoucherExists' 不存在於目前的內容中 [C:\Users\n2029\Desktop\GameSpace\GameSpace\GameSpace\GameSpace.csproj]
C:\Users\n2029\Desktop\GameSpace\GameSpace\GameSpace\Areas\MiniGame\Controllers\AdminHomeController.cs(105,49): error CS1061: 'GameSpacedatabaseContext' 未包含 'EVouchers' 的定義，也找不到可接受類型 'GameSpacedatabaseContext' 第一個引數的可存取擴充方法 'EVouchers' (是否遺漏 using 指示詞或組件參考?) [C:\Users\n2029\Desktop\GameSpace\GameSpace\GameSpace\GameSpace.csproj]
C:\Users\n2029\Desktop\GameSpace\GameSpace\GameSpace\Areas\MiniGame\Controllers\AdminHomeController.cs(143,28): error CS1061: 'UserSignInStat' 未包含 'SignInId' 的定義，也找不到可接受類型 'UserSignInStat' 第一個引數的可存取擴充方法 'SignInId' (是否遺漏 using 指示詞或組件參考?) [C:\Users\n2029\Desktop\GameSpace\GameSpace\GameSpace\GameSpace.csproj]
C:\Users\n2029\Desktop\GameSpace\GameSpace\GameSpace\Areas\MiniGame\Controllers\AdminHomeController.cs(163,43): error CS1061: 'MiniGame' 未包含 'GameName' 的定義，也找不到可接受類型 'MiniGame' 第一個引數的可存取擴充方法 'GameName' (是否遺漏 using 指示詞或組件參考?) [C:\Users\n2029\Desktop\GameSpace\GameSpace\GameSpace\GameSpace.csproj]
C:\Users\n2029\Desktop\GameSpace\GameSpace\GameSpace\Areas\MiniGame\Controllers\AdminHomeController.cs(198,17): error CS0117: 'SystemStatusModel' 未包含 'ErrorCount' 的定義 [C:\Users\n2029\Desktop\GameSpace\GameSpace\GameSpace\GameSpace.csproj]
C:\Users\n2029\Desktop\GameSpace\GameSpace\GameSpace\Areas\MiniGame\Controllers\AdminPetController.cs(265,21): error CS1061: 'Pet' 未包含 'IsActive' 的定義，也找不到可接受類型 'Pet' 第一個引數的可存取擴充方法 'IsActive' (是否遺漏 using 指示詞或組件參考?) [C:\Users\n2029\Desktop\GameSpace\GameSpace\GameSpace\GameSpace.csproj]
C:\Users\n2029\Desktop\GameSpace\GameSpace\GameSpace\Areas\MiniGame\Controllers\AdminPetController.cs(265,37): error CS1061: 'Pet' 未包含 'IsActive' 的定義，也找不到可接受類型 'Pet' 第一個引數的可存取擴充方法 'IsActive' (是否遺漏 using 指示詞或組件參考?) [C:\Users\n2029\Desktop\GameSpace\GameSpace\GameSpace\GameSpace.csproj]
C:\Users\n2029\Desktop\GameSpace\GameSpace\GameSpace\Areas\MiniGame\Controllers\AdminPetController.cs(270,70): error CS1061: 'Pet' 未包含 'IsActive' 的定義，也找不到可接受類型 'Pet' 第一個引數的可存取擴充方法 'IsActive' (是否遺漏 using 指示詞或組件參考?) [C:\Users\n2029\Desktop\GameSpace\GameSpace\GameSpace\GameSpace.csproj]
C:\Users\n2029\Desktop\GameSpace\GameSpace\GameSpace\Areas\MiniGame\Controllers\AdminCouponController.cs(21,33): error CS1061: 'Coupon' 未包含 'CouponType' 的定義，也找不到可接受類型 'Coupon' 第一個引數的可存取擴充方法 'CouponType' (是否遺漏 using 指示詞或組件參考?) [C:\Users\n2029\Desktop\GameSpace\GameSpace\GameSpace\GameSpace.csproj]
C:\Users\n2029\Desktop\GameSpace\GameSpace\GameSpace\Areas\MiniGame\Controllers\AdminCouponController.cs(44,33): error CS0246: 找不到類型或命名空間名稱 'AdminWalletIndexViewModel' (是否遺漏了 using 指示詞或組件參考?) [C:\Users\n2029\Desktop\GameSpace\GameSpace\GameSpace\GameSpace.csproj]
C:\Users\n2029\Desktop\GameSpace\GameSpace\GameSpace\Areas\MiniGame\Controllers\AdminCouponController.cs(46,31): error CS0246: 找不到類型或命名空間名稱 'PagedResult<>' (是否遺漏了 using 指示詞或組件參考?) [C:\Users\n2029\Desktop\GameSpace\GameSpace\GameSpace\GameSpace.csproj]
C:\Users\n2029\Desktop\GameSpace\GameSpace\GameSpace\Areas\MiniGame\Controllers\AdminCouponController.cs(46,43): error CS0246: 找不到類型或命名空間名稱 'UserCouponModel' (是否遺漏了 using 指示詞或組件參考?) [C:\Users\n2029\Desktop\GameSpace\GameSpace\GameSpace\GameSpace.csproj]
C:\Users\n2029\Desktop\GameSpace\GameSpace\GameSpace\Areas\MiniGame\Controllers\AdminCouponController.cs(48,51): error CS0246: 找不到類型或命名空間名稱 'UserCouponModel' (是否遺漏了 using 指示詞或組件參考?) [C:\Users\n2029\Desktop\GameSpace\GameSpace\GameSpace\GameSpace.csproj]
C:\Users\n2029\Desktop\GameSpace\GameSpace\GameSpace\Areas\MiniGame\Controllers\AdminCouponController.cs(65,35): error CS0246: 找不到類型或命名空間名稱 'CouponQueryModel' (是否遺漏了 using 指示詞或組件參考?) [C:\Users\n2029\Desktop\GameSpace\GameSpace\GameSpace\GameSpace.csproj]
C:\Users\n2029\Desktop\GameSpace\GameSpace\GameSpace\Areas\MiniGame\Controllers\AdminEVoucherController.cs(291,33): error CS1061: 'Evoucher' 未包含 'Users' 的定義，也找不到可接受類型 'Evoucher' 第一個引數的可存取擴充方法 'Users' (是否遺漏 using 指示詞或組件參考?) [C:\Users\n2029\Desktop\GameSpace\GameSpace\GameSpace\GameSpace.csproj]
C:\Users\n2029\Desktop\GameSpace\GameSpace\GameSpace\Areas\MiniGame\Controllers\AdminCouponController.cs(86,33): error CS1061: 'Coupon' 未包含 'CouponType' 的定義，也找不到可接受類型 'Coupon' 第一個引數的可存取擴充方法 'CouponType' (是否遺漏 using 指示詞或組件參考?) [C:\Users\n2029\Desktop\GameSpace\GameSpace\GameSpace\GameSpace.csproj]
C:\Users\n2029\Desktop\GameSpace\GameSpace\GameSpace\Areas\MiniGame\Controllers\PetLevelUpRuleController.cs(250,57): error CS1061: 'IPetLevelUpRuleService' 未包含 'DeleteLevelUpRuleAsync' 的定義，也找不到可接受類型 'IPetLevelUpRuleService' 第一個引數的可存取擴充方法 'DeleteLevelUpRuleAsync' (是否遺漏 using 指示詞或組件參考?) [C:\Users\n2029\Desktop\GameSpace\GameSpace\GameSpace\GameSpace.csproj]
C:\Users\n2029\Desktop\GameSpace\GameSpace\GameSpace\Areas\MiniGame\Controllers\PetLevelUpRuleController.cs(278,57): error CS1061: 'IPetLevelUpRuleService' 未包含 'ToggleLevelUpRuleStatusAsync' 的定義，也找不到可接受類型 'IPetLevelUpRuleService' 第一個引數的可存取擴充方法 'ToggleLevelUpRuleStatusAsync' (是否遺漏 using 指示詞或組件參考?) [C:\Users\n2029\Desktop\GameSpace\GameSpace\GameSpace\GameSpace.csproj]
C:\Users\n2029\Desktop\GameSpace\GameSpace\GameSpace\Areas\MiniGame\Services\UserWalletService.cs(250,56): error CS1061: 'WalletHistory' 未包含 'UserID' 的定義，也找不到可接受類型 'WalletHistory' 第一個引數的可存取擴充方法 'UserID' (是否遺漏 using 指示詞或組件參考?) [C:\Users\n2029\Desktop\GameSpace\GameSpace\GameSpace\GameSpace.csproj]
C:\Users\n2029\Desktop\GameSpace\GameSpace\GameSpace\Areas\MiniGame\Services\UserWalletService.cs(307,43): error CS1061: 'WalletHistory' 未包含 'ChangeAmount' 的定義，也找不到可接受類型 'WalletHistory' 第一個引數的可存取擴充方法 'ChangeAmount' (是否遺漏 using 指示詞或組件參考?) [C:\Users\n2029\Desktop\GameSpace\GameSpace\GameSpace\GameSpace.csproj]
C:\Users\n2029\Desktop\GameSpace\GameSpace\GameSpace\Areas\MiniGame\Services\UserWalletService.cs(308,57): error CS0023: 運算子 '?' 不可套用至類型為 'int' 的運算元 [C:\Users\n2029\Desktop\GameSpace\GameSpace\GameSpace\GameSpace.csproj]
C:\Users\n2029\Desktop\GameSpace\GameSpace\GameSpace\Areas\MiniGame\Services\UserWalletService.cs(309,40): error CS1061: 'WalletHistory' 未包含 'RelatedID' 的定義，也找不到可接受類型 'WalletHistory' 第一個引數的可存取擴充方法 'RelatedID' (是否遺漏 using 指示詞或組件參考?) [C:\Users\n2029\Desktop\GameSpace\GameSpace\GameSpace\GameSpace.csproj]
C:\Users\n2029\Desktop\GameSpace\GameSpace\GameSpace\Areas\MiniGame\Services\UserWalletService.cs(313,41): error CS1061: 'WalletHistory' 未包含 'HistoryID' 的定義，也找不到可接受類型 'WalletHistory' 第一個引數的可存取擴充方法 'HistoryID' (是否遺漏 using 指示詞或組件參考?) [C:\Users\n2029\Desktop\GameSpace\GameSpace\GameSpace\GameSpace.csproj]
C:\Users\n2029\Desktop\GameSpace\GameSpace\GameSpace\Areas\MiniGame\Services\UserWalletService.cs(313,60): error CS1061: 'WalletHistory' 未包含 'UserID' 的定義，也找不到可接受類型 'WalletHistory' 第一個引數的可存取擴充方法 'UserID' (是否遺漏 using 指示詞或組件參考?) [C:\Users\n2029\Desktop\GameSpace\GameSpace\GameSpace\GameSpace.csproj]
C:\Users\n2029\Desktop\GameSpace\GameSpace\GameSpace\Areas\MiniGame\Controllers\AdminCouponController.cs(200,33): error CS1061: 'Coupon' 未包含 'CouponType' 的定義，也找不到可接受類型 'Coupon' 第一個引數的可存取擴充方法 'CouponType' (是否遺漏 using 指示詞或組件參考?) [C:\Users\n2029\Desktop\GameSpace\GameSpace\GameSpace\GameSpace.csproj]
C:\Users\n2029\Desktop\GameSpace\GameSpace\GameSpace\Areas\MiniGame\Services\UserWalletService.cs(336,47): error CS1061: 'WalletHistory' 未包含 'HistoryID' 的定義，也找不到可接受類型 'WalletHistory' 第一個引數的可存取擴充方法 'HistoryID' (是否遺漏 using 指示詞或組件參考?) [C:\Users\n2029\Desktop\GameSpace\GameSpace\GameSpace\GameSpace.csproj]
C:\Users\n2029\Desktop\GameSpace\GameSpace\GameSpace\Areas\MiniGame\Services\UserWalletService.cs(337,61): error CS1061: 'WalletHistory' 未包含 'UserID' 的定義，也找不到可接受類型 'WalletHistory' 第一個引數的可存取擴充方法 'UserID' (是否遺漏 using 指示詞或組件參考?) [C:\Users\n2029\Desktop\GameSpace\GameSpace\GameSpace\GameSpace.csproj]
C:\Users\n2029\Desktop\GameSpace\GameSpace\GameSpace\Areas\MiniGame\Services\UserWalletService.cs(339,47): error CS1061: 'WalletHistory' 未包含 'ChangeAmount' 的定義，也找不到可接受類型 'WalletHistory' 第一個引數的可存取擴充方法 'ChangeAmount' (是否遺漏 using 指示詞或組件參考?) [C:\Users\n2029\Desktop\GameSpace\GameSpace\GameSpace\GameSpace.csproj]
C:\Users\n2029\Desktop\GameSpace\GameSpace\GameSpace\Areas\MiniGame\Services\UserWalletService.cs(340,40): error CS0019: 運算子 '??' 不可套用至類型為 'int' 和 'int' 的運算元 [C:\Users\n2029\Desktop\GameSpace\GameSpace\GameSpace\GameSpace.csproj]
C:\Users\n2029\Desktop\GameSpace\GameSpace\GameSpace\Areas\MiniGame\Services\UserWalletService.cs(344,28): error CS1061: 'WalletHistory' 未包含 'RelatedID' 的定義，也找不到可接受類型 'WalletHistory' 第一個引數的可存取擴充方法 'RelatedID' (是否遺漏 using 指示詞或組件參考?) [C:\Users\n2029\Desktop\GameSpace\GameSpace\GameSpace\GameSpace.csproj]
C:\Users\n2029\Desktop\GameSpace\GameSpace\GameSpace\Areas\MiniGame\Services\UserWalletService.cs(345,51): error CS1061: 'WalletHistory' 未包含 'RelatedID' 的定義，也找不到可接受類型 'WalletHistory' 第一個引數的可存取擴充方法 'RelatedID' (是否遺漏 using 指示詞或組件參考?) [C:\Users\n2029\Desktop\GameSpace\GameSpace\GameSpace\GameSpace.csproj]
C:\Users\n2029\Desktop\GameSpace\GameSpace\GameSpace\Areas\MiniGame\Services\UserService.cs(40,45): error CS1061: 'User' 未包含 'User_Email' 的定義，也找不到可接受類型 'User' 第一個引數的可存取擴充方法 'User_Email' (是否遺漏 using 指示詞或組件參考?) [C:\Users\n2029\Desktop\GameSpace\GameSpace\GameSpace\GameSpace.csproj]
C:\Users\n2029\Desktop\GameSpace\GameSpace\GameSpace\Areas\MiniGame\Services\UserService.cs(55,21): error CS0117: 'UserWallet' 未包含 'User_Id' 的定義 [C:\Users\n2029\Desktop\GameSpace\GameSpace\GameSpace\GameSpace.csproj]
C:\Users\n2029\Desktop\GameSpace\GameSpace\GameSpace\Areas\MiniGame\Services\UserService.cs(56,21): error CS0117: 'UserWallet' 未包含 'User_Point' 的定義 [C:\Users\n2029\Desktop\GameSpace\GameSpace\GameSpace\GameSpace.csproj]
C:\Users\n2029\Desktop\GameSpace\GameSpace\GameSpace\Areas\MiniGame\Services\UserService.cs(143,22): error CS1061: 'User' 未包含 'User_LockoutEnd' 的定義，也找不到可接受類型 'User' 第一個引數的可存取擴充方法 'User_LockoutEnd' (是否遺漏 using 指示詞或組件參考?) [C:\Users\n2029\Desktop\GameSpace\GameSpace\GameSpace\GameSpace.csproj]
C:\Users\n2029\Desktop\GameSpace\GameSpace\GameSpace\Areas\MiniGame\Services\UserService.cs(161,22): error CS1061: 'User' 未包含 'User_LockoutEnd' 的定義，也找不到可接受類型 'User' 第一個引數的可存取擴充方法 'User_LockoutEnd' (是否遺漏 using 指示詞或組件參考?) [C:\Users\n2029\Desktop\GameSpace\GameSpace\GameSpace\GameSpace.csproj]
C:\Users\n2029\Desktop\GameSpace\GameSpace\GameSpace\Areas\MiniGame\Services\UserService.cs(176,30): error CS1061: 'User' 未包含 'User_Email' 的定義，也找不到可接受類型 'User' 第一個引數的可存取擴充方法 'User_Email' (是否遺漏 using 指示詞或組件參考?) [C:\Users\n2029\Desktop\GameSpace\GameSpace\GameSpace\GameSpace.csproj]
C:\Users\n2029\Desktop\GameSpace\GameSpace\GameSpace\Areas\MiniGame\Controllers\AdminPetController.cs(285,47): error CS1061: 'Pet' 未包含 'IsActive' 的定義，也找不到可接受類型 'Pet' 第一個引數的可存取擴充方法 'IsActive' (是否遺漏 using 指示詞或組件參考?) [C:\Users\n2029\Desktop\GameSpace\GameSpace\GameSpace\GameSpace.csproj]
C:\Users\n2029\Desktop\GameSpace\GameSpace\GameSpace\Areas\MiniGame\Controllers\AdminPetController.cs(286,47): error CS1061: 'Pet' 未包含 'Rarity' 的定義，也找不到可接受類型 'Pet' 第一個引數的可存取擴充方法 'Rarity' (是否遺漏 using 指示詞或組件參考?) [C:\Users\n2029\Desktop\GameSpace\GameSpace\GameSpace\GameSpace.csproj]
C:\Users\n2029\Desktop\GameSpace\GameSpace\GameSpace\Areas\MiniGame\Controllers\AdminPetController.cs(287,45): error CS1061: 'Pet' 未包含 'Rarity' 的定義，也找不到可接受類型 'Pet' 第一個引數的可存取擴充方法 'Rarity' (是否遺漏 using 指示詞或組件參考?) [C:\Users\n2029\Desktop\GameSpace\GameSpace\GameSpace\GameSpace.csproj]
C:\Users\n2029\Desktop\GameSpace\GameSpace\GameSpace\Areas\MiniGame\Controllers\AdminPetController.cs(288,45): error CS1061: 'Pet' 未包含 'Rarity' 的定義，也找不到可接受類型 'Pet' 第一個引數的可存取擴充方法 'Rarity' (是否遺漏 using 指示詞或組件參考?) [C:\Users\n2029\Desktop\GameSpace\GameSpace\GameSpace\GameSpace.csproj]
C:\Users\n2029\Desktop\GameSpace\GameSpace\GameSpace\Areas\MiniGame\Controllers\AdminPetController.cs(289,50): error CS1061: 'Pet' 未包含 'Rarity' 的定義，也找不到可接受類型 'Pet' 第一個引數的可存取擴充方法 'Rarity' (是否遺漏 using 指示詞或組件參考?) [C:\Users\n2029\Desktop\GameSpace\GameSpace\GameSpace\GameSpace.csproj]
C:\Users\n2029\Desktop\GameSpace\GameSpace\GameSpace\Areas\MiniGame\Controllers\AdminPetController.cs(303,33): error CS1061: 'Pet' 未包含 'Rarity' 的定義，也找不到可接受類型 'Pet' 第一個引數的可存取擴充方法 'Rarity' (是否遺漏 using 指示詞或組件參考?) [C:\Users\n2029\Desktop\GameSpace\GameSpace\GameSpace\GameSpace.csproj]
C:\Users\n2029\Desktop\GameSpace\GameSpace\GameSpace\Areas\MiniGame\Services\UserService.cs(202,43): error CS1061: 'User' 未包含 'User_LockoutEnd' 的定義，也找不到可接受類型 'User' 第一個引數的可存取擴充方法 'User_LockoutEnd' (是否遺漏 using 指示詞或組件參考?) [C:\Users\n2029\Desktop\GameSpace\GameSpace\GameSpace\GameSpace.csproj]
C:\Users\n2029\Desktop\GameSpace\GameSpace\GameSpace\Areas\MiniGame\Controllers\AdminPetController.cs(322,33): error CS1061: 'Pet' 未包含 'PetType' 的定義，也找不到可接受類型 'Pet' 第一個引數的可存取擴充方法 'PetType' (是否遺漏 using 指示詞或組件參考?) [C:\Users\n2029\Desktop\GameSpace\GameSpace\GameSpace\GameSpace.csproj]
C:\Users\n2029\Desktop\GameSpace\GameSpace\GameSpace\Areas\MiniGame\Controllers\AdminPetController.cs(341,33): error CS1061: 'Pet' 未包含 'Rarity' 的定義，也找不到可接受類型 'Pet' 第一個引數的可存取擴充方法 'Rarity' (是否遺漏 using 指示詞或組件參考?) [C:\Users\n2029\Desktop\GameSpace\GameSpace\GameSpace\GameSpace.csproj]
C:\Users\n2029\Desktop\GameSpace\GameSpace\GameSpace\Areas\MiniGame\Controllers\AdminPetController.cs(383,21): error CS0117: 'PetColorOption' 未包含 'ColorValue' 的定義 [C:\Users\n2029\Desktop\GameSpace\GameSpace\GameSpace\GameSpace.csproj]
C:\Users\n2029\Desktop\GameSpace\GameSpace\GameSpace\Areas\MiniGame\Controllers\AdminPetController.cs(384,21): error CS0117: 'PetColorOption' 未包含 'DisplayOrder' 的定義 [C:\Users\n2029\Desktop\GameSpace\GameSpace\GameSpace\GameSpace.csproj]
C:\Users\n2029\Desktop\GameSpace\GameSpace\GameSpace\Areas\MiniGame\Controllers\AdminPetController.cs(412,60): error CS1061: 'PetColorOption' 未包含 'OptionID' 的定義，也找不到可接受類型 'PetColorOption' 第一個引數的可存取擴充方法 'OptionID' (是否遺漏 using 指示詞或組件參考?) [C:\Users\n2029\Desktop\GameSpace\GameSpace\GameSpace\GameSpace.csproj]
C:\Users\n2029\Desktop\GameSpace\GameSpace\GameSpace\Areas\MiniGame\Controllers\AdminPetController.cs(588,62): error CS1061: 'PetSkinColorPointSettings' 未包含 'Level' 的定義，也找不到可接受類型 'PetSkinColorPointSettings' 第一個引數的可存取擴充方法 'Level' (是否遺漏 using 指示詞或組件參考?) [C:\Users\n2029\Desktop\GameSpace\GameSpace\GameSpace\GameSpace.csproj]
C:\Users\n2029\Desktop\GameSpace\GameSpace\GameSpace\Areas\MiniGame\Controllers\AdminPetController.cs(631,62): error CS1061: 'PetBackgroundPointSettings' 未包含 'Level' 的定義，也找不到可接受類型 'PetBackgroundPointSettings' 第一個引數的可存取擴充方法 'Level' (是否遺漏 using 指示詞或組件參考?) [C:\Users\n2029\Desktop\GameSpace\GameSpace\GameSpace\GameSpace.csproj]
C:\Users\n2029\Desktop\GameSpace\GameSpace\GameSpace\Areas\MiniGame\Controllers\AdminDiagnosticsController.cs(161,49): error CS1061: 'GameSpacedatabaseContext' 未包含 'EVouchers' 的定義，也找不到可接受類型 'GameSpacedatabaseContext' 第一個引數的可存取擴充方法 'EVouchers' (是否遺漏 using 指示詞或組件參考?) [C:\Users\n2029\Desktop\GameSpace\GameSpace\GameSpace\GameSpace.csproj]
C:\Users\n2029\Desktop\GameSpace\GameSpace\GameSpace\Areas\MiniGame\Controllers\AdminMiniGameController.cs(114,36): error CS0118: 'MiniGame' 是 命名空間，但卻當成 類型 使用 [C:\Users\n2029\Desktop\GameSpace\GameSpace\GameSpace\GameSpace.csproj]
C:\Users\n2029\Desktop\GameSpace\GameSpace\GameSpace\Areas\MiniGame\Controllers\AdminMiniGameController.cs(116,38): error CS1061: 'AdminMiniGameCreateViewModel' 未包含 'GameName' 的定義，也找不到可接受類型 'AdminMiniGameCreateViewModel' 第一個引數的可存取擴充方法 'GameName' (是否遺漏 using 指示詞或組件參考?) [C:\Users\n2029\Desktop\GameSpace\GameSpace\GameSpace\GameSpace.csproj]
C:\Users\n2029\Desktop\GameSpace\GameSpace\GameSpace\Areas\MiniGame\Controllers\AdminMiniGameController.cs(117,45): error CS1061: 'AdminMiniGameCreateViewModel' 未包含 'GameDescription' 的定義，也找不到可接受類型 'AdminMiniGameCreateViewModel' 第一個引數的可存取擴充方法 'GameDescription' (是否遺漏 using 指示詞或組件參考?) [C:\Users\n2029\Desktop\GameSpace\GameSpace\GameSpace\GameSpace.csproj]
C:\Users\n2029\Desktop\GameSpace\GameSpace\GameSpace\Areas\MiniGame\Controllers\AdminMiniGameController.cs(119,40): error CS1061: 'AdminMiniGameCreateViewModel' 未包含 'CostPoints' 的定義，也找不到可接受類型 'AdminMiniGameCreateViewModel' 第一個引數的可存取擴充方法 'CostPoints' (是否遺漏 using 指示詞或組件參考?) [C:\Users\n2029\Desktop\GameSpace\GameSpace\GameSpace\GameSpace.csproj]
C:\Users\n2029\Desktop\GameSpace\GameSpace\GameSpace\Areas\MiniGame\Controllers\AdminMiniGameController.cs(120,42): error CS1061: 'AdminMiniGameCreateViewModel' 未包含 'RewardPoints' 的定義，也找不到可接受類型 'AdminMiniGameCreateViewModel' 第一個引數的可存取擴充方法 'RewardPoints' (是否遺漏 using 指示詞或組件參考?) [C:\Users\n2029\Desktop\GameSpace\GameSpace\GameSpace\GameSpace.csproj]
C:\Users\n2029\Desktop\GameSpace\GameSpace\GameSpace\Areas\MiniGame\Controllers\AdminMiniGameController.cs(121,42): error CS1061: 'AdminMiniGameCreateViewModel' 未包含 'MaxPlayCount' 的定義，也找不到可接受類型 'AdminMiniGameCreateViewModel' 第一個引數的可存取擴充方法 'MaxPlayCount' (是否遺漏 using 指示詞或組件參考?) [C:\Users\n2029\Desktop\GameSpace\GameSpace\GameSpace\GameSpace.csproj]
C:\Users\n2029\Desktop\GameSpace\GameSpace\GameSpace\Areas\MiniGame\Controllers\AdminMiniGameController.cs(122,42): error CS1061: 'AdminMiniGameCreateViewModel' 未包含 'GameImageUrl' 的定義，也找不到可接受類型 'AdminMiniGameCreateViewModel' 第一個引數的可存取擴充方法 'GameImageUrl' (是否遺漏 using 指示詞或組件參考?) [C:\Users\n2029\Desktop\GameSpace\GameSpace\GameSpace\GameSpace.csproj]
C:\Users\n2029\Desktop\GameSpace\GameSpace\GameSpace\Areas\MiniGame\Controllers\AdminMiniGameController.cs(123,38): error CS1061: 'AdminMiniGameCreateViewModel' 未包含 'IsActive' 的定義，也找不到可接受類型 'AdminMiniGameCreateViewModel' 第一個引數的可存取擴充方法 'IsActive' (是否遺漏 using 指示詞或組件參考?) [C:\Users\n2029\Desktop\GameSpace\GameSpace\GameSpace\GameSpace.csproj]
C:\Users\n2029\Desktop\GameSpace\GameSpace\GameSpace\Areas\MiniGame\Controllers\AdminDiagnosticsController.cs(218,52): error CS1061: 'GameSpacedatabaseContext' 未包含 'EVouchers' 的定義，也找不到可接受類型 'GameSpacedatabaseContext' 第一個引數的可存取擴充方法 'EVouchers' (是否遺漏 using 指示詞或組件參考?) [C:\Users\n2029\Desktop\GameSpace\GameSpace\GameSpace\GameSpace.csproj]
C:\Users\n2029\Desktop\GameSpace\GameSpace\GameSpace\Areas\MiniGame\Controllers\AdminMiniGameController.cs(145,43): error CS1061: 'GameSpacedatabaseContext' 未包含 'MiniGame' 的定義，也找不到可接受類型 'GameSpacedatabaseContext' 第一個引數的可存取擴充方法 'MiniGame' (是否遺漏 using 指示詞或組件參考?) [C:\Users\n2029\Desktop\GameSpace\GameSpace\GameSpace\GameSpace.csproj]
C:\Users\n2029\Desktop\GameSpace\GameSpace\GameSpace\Areas\MiniGame\Controllers\AdminMiniGameController.cs(153,17): error CS0117: 'AdminMiniGameCreateViewModel' 未包含 'GameName' 的定義 [C:\Users\n2029\Desktop\GameSpace\GameSpace\GameSpace\GameSpace.csproj]
C:\Users\n2029\Desktop\GameSpace\GameSpace\GameSpace\Areas\MiniGame\Controllers\AdminMiniGameController.cs(154,17): error CS0117: 'AdminMiniGameCreateViewModel' 未包含 'GameDescription' 的定義 [C:\Users\n2029\Desktop\GameSpace\GameSpace\GameSpace\GameSpace.csproj]
C:\Users\n2029\Desktop\GameSpace\GameSpace\GameSpace\Areas\MiniGame\Controllers\AdminMiniGameController.cs(156,17): error CS0117: 'AdminMiniGameCreateViewModel' 未包含 'CostPoints' 的定義 [C:\Users\n2029\Desktop\GameSpace\GameSpace\GameSpace\GameSpace.csproj]
C:\Users\n2029\Desktop\GameSpace\GameSpace\GameSpace\Areas\MiniGame\Controllers\AdminMiniGameController.cs(157,17): error CS0117: 'AdminMiniGameCreateViewModel' 未包含 'RewardPoints' 的定義 [C:\Users\n2029\Desktop\GameSpace\GameSpace\GameSpace\GameSpace.csproj]
C:\Users\n2029\Desktop\GameSpace\GameSpace\GameSpace\Areas\MiniGame\Controllers\AdminMiniGameController.cs(158,17): error CS0117: 'AdminMiniGameCreateViewModel' 未包含 'MaxPlayCount' 的定義 [C:\Users\n2029\Desktop\GameSpace\GameSpace\GameSpace\GameSpace.csproj]
C:\Users\n2029\Desktop\GameSpace\GameSpace\GameSpace\Areas\MiniGame\Controllers\AdminMiniGameController.cs(159,17): error CS0117: 'AdminMiniGameCreateViewModel' 未包含 'GameImageUrl' 的定義 [C:\Users\n2029\Desktop\GameSpace\GameSpace\GameSpace\GameSpace.csproj]
C:\Users\n2029\Desktop\GameSpace\GameSpace\GameSpace\Areas\MiniGame\Controllers\AdminMiniGameController.cs(160,17): error CS0117: 'AdminMiniGameCreateViewModel' 未包含 'IsActive' 的定義 [C:\Users\n2029\Desktop\GameSpace\GameSpace\GameSpace\GameSpace.csproj]
C:\Users\n2029\Desktop\GameSpace\GameSpace\GameSpace\Areas\MiniGame\Controllers\AdminMiniGameController.cs(175,51): error CS1061: 'GameSpacedatabaseContext' 未包含 'MiniGame' 的定義，也找不到可接受類型 'GameSpacedatabaseContext' 第一個引數的可存取擴充方法 'MiniGame' (是否遺漏 using 指示詞或組件參考?) [C:\Users\n2029\Desktop\GameSpace\GameSpace\GameSpace\GameSpace.csproj]
C:\Users\n2029\Desktop\GameSpace\GameSpace\GameSpace\Areas\MiniGame\Controllers\AdminMiniGameController.cs(181,47): error CS1061: 'AdminMiniGameCreateViewModel' 未包含 'GameName' 的定義，也找不到可接受類型 'AdminMiniGameCreateViewModel' 第一個引數的可存取擴充方法 'GameName' (是否遺漏 using 指示詞或組件參考?) [C:\Users\n2029\Desktop\GameSpace\GameSpace\GameSpace\GameSpace.csproj]
C:\Users\n2029\Desktop\GameSpace\GameSpace\GameSpace\Areas\MiniGame\Controllers\AdminMiniGameController.cs(182,54): error CS1061: 'AdminMiniGameCreateViewModel' 未包含 'GameDescription' 的定義，也找不到可接受類型 'AdminMiniGameCreateViewModel' 第一個引數的可存取擴充方法 'GameDescription' (是否遺漏 using 指示詞或組件參考?) [C:\Users\n2029\Desktop\GameSpace\GameSpace\GameSpace\GameSpace.csproj]
C:\Users\n2029\Desktop\GameSpace\GameSpace\GameSpace\Areas\MiniGame\Controllers\AdminMiniGameController.cs(184,49): error CS1061: 'AdminMiniGameCreateViewModel' 未包含 'CostPoints' 的定義，也找不到可接受類型 'AdminMiniGameCreateViewModel' 第一個引數的可存取擴充方法 'CostPoints' (是否遺漏 using 指示詞或組件參考?) [C:\Users\n2029\Desktop\GameSpace\GameSpace\GameSpace\GameSpace.csproj]
C:\Users\n2029\Desktop\GameSpace\GameSpace\GameSpace\Areas\MiniGame\Controllers\AdminMiniGameController.cs(185,51): error CS1061: 'AdminMiniGameCreateViewModel' 未包含 'RewardPoints' 的定義，也找不到可接受類型 'AdminMiniGameCreateViewModel' 第一個引數的可存取擴充方法 'RewardPoints' (是否遺漏 using 指示詞或組件參考?) [C:\Users\n2029\Desktop\GameSpace\GameSpace\GameSpace\GameSpace.csproj]
C:\Users\n2029\Desktop\GameSpace\GameSpace\GameSpace\Areas\MiniGame\Controllers\AdminMiniGameController.cs(186,51): error CS1061: 'AdminMiniGameCreateViewModel' 未包含 'MaxPlayCount' 的定義，也找不到可接受類型 'AdminMiniGameCreateViewModel' 第一個引數的可存取擴充方法 'MaxPlayCount' (是否遺漏 using 指示詞或組件參考?) [C:\Users\n2029\Desktop\GameSpace\GameSpace\GameSpace\GameSpace.csproj]
C:\Users\n2029\Desktop\GameSpace\GameSpace\GameSpace\Areas\MiniGame\Controllers\AdminMiniGameController.cs(187,51): error CS1061: 'AdminMiniGameCreateViewModel' 未包含 'GameImageUrl' 的定義，也找不到可接受類型 'AdminMiniGameCreateViewModel' 第一個引數的可存取擴充方法 'GameImageUrl' (是否遺漏 using 指示詞或組件參考?) [C:\Users\n2029\Desktop\GameSpace\GameSpace\GameSpace\GameSpace.csproj]
C:\Users\n2029\Desktop\GameSpace\GameSpace\GameSpace\Areas\MiniGame\Controllers\AdminMiniGameController.cs(188,47): error CS1061: 'AdminMiniGameCreateViewModel' 未包含 'IsActive' 的定義，也找不到可接受類型 'AdminMiniGameCreateViewModel' 第一個引數的可存取擴充方法 'IsActive' (是否遺漏 using 指示詞或組件參考?) [C:\Users\n2029\Desktop\GameSpace\GameSpace\GameSpace\GameSpace.csproj]
C:\Users\n2029\Desktop\GameSpace\GameSpace\GameSpace\Areas\MiniGame\Services\DashboardService.cs(153,32): error CS1061: 'GameSpacedatabaseContext' 未包含 'User_Wallet' 的定義，也找不到可接受類型 'GameSpacedatabaseContext' 第一個引數的可存取擴充方法 'User_Wallet' (是否遺漏 using 指示詞或組件參考?) [C:\Users\n2029\Desktop\GameSpace\GameSpace\GameSpace\GameSpace.csproj]
C:\Users\n2029\Desktop\GameSpace\GameSpace\GameSpace\Areas\MiniGame\Services\DashboardService.cs(157,37): error CS1061: 'GameSpacedatabaseContext' 未包含 'Pet' 的定義，也找不到可接受類型 'GameSpacedatabaseContext' 第一個引數的可存取擴充方法 'Pet' (是否遺漏 using 指示詞或組件參考?) [C:\Users\n2029\Desktop\GameSpace\GameSpace\GameSpace\GameSpace.csproj]
C:\Users\n2029\Desktop\GameSpace\GameSpace\GameSpace\Areas\MiniGame\Services\DashboardService.cs(161,37): error CS1061: 'GameSpacedatabaseContext' 未包含 'User_SignInStats' 的定義，也找不到可接受類型 'GameSpacedatabaseContext' 第一個引數的可存取擴充方法 'User_SignInStats' (是否遺漏 using 指示詞或組件參考?) [C:\Users\n2029\Desktop\GameSpace\GameSpace\GameSpace\GameSpace.csproj]
C:\Users\n2029\Desktop\GameSpace\GameSpace\GameSpace\Areas\MiniGame\Controllers\AdminMiniGameController.cs(220,43): error CS1061: 'GameSpacedatabaseContext' 未包含 'MiniGame' 的定義，也找不到可接受類型 'GameSpacedatabaseContext' 第一個引數的可存取擴充方法 'MiniGame' (是否遺漏 using 指示詞或組件參考?) [C:\Users\n2029\Desktop\GameSpace\GameSpace\GameSpace\GameSpace.csproj]
C:\Users\n2029\Desktop\GameSpace\GameSpace\GameSpace\Areas\MiniGame\Services\DashboardService.cs(189,48): error CS1061: 'GameSpacedatabaseContext' 未包含 'Pet' 的定義，也找不到可接受類型 'GameSpacedatabaseContext' 第一個引數的可存取擴充方法 'Pet' (是否遺漏 using 指示詞或組件參考?) [C:\Users\n2029\Desktop\GameSpace\GameSpace\GameSpace\GameSpace.csproj]
C:\Users\n2029\Desktop\GameSpace\GameSpace\GameSpace\Areas\MiniGame\Services\DashboardService.cs(196,48): error CS1061: 'GameSpacedatabaseContext' 未包含 'User_SignInStats' 的定義，也找不到可接受類型 'GameSpacedatabaseContext' 第一個引數的可存取擴充方法 'User_SignInStats' (是否遺漏 using 指示詞或組件參考?) [C:\Users\n2029\Desktop\GameSpace\GameSpace\GameSpace\GameSpace.csproj]
C:\Users\n2029\Desktop\GameSpace\GameSpace\GameSpace\Areas\MiniGame\Controllers\AdminMiniGameController.cs(237,43): error CS1061: 'GameSpacedatabaseContext' 未包含 'MiniGame' 的定義，也找不到可接受類型 'GameSpacedatabaseContext' 第一個引數的可存取擴充方法 'MiniGame' (是否遺漏 using 指示詞或組件參考?) [C:\Users\n2029\Desktop\GameSpace\GameSpace\GameSpace\GameSpace.csproj]
C:\Users\n2029\Desktop\GameSpace\GameSpace\GameSpace\Areas\MiniGame\Controllers\AdminMiniGameController.cs(240,26): error CS1061: 'GameSpacedatabaseContext' 未包含 'MiniGame' 的定義，也找不到可接受類型 'GameSpacedatabaseContext' 第一個引數的可存取擴充方法 'MiniGame' (是否遺漏 using 指示詞或組件參考?) [C:\Users\n2029\Desktop\GameSpace\GameSpace\GameSpace\GameSpace.csproj]
C:\Users\n2029\Desktop\GameSpace\GameSpace\GameSpace\Areas\MiniGame\Controllers\AdminDiagnosticsController.cs(262,38): error CS1061: 'GameSpacedatabaseContext' 未包含 'ErrorLogs' 的定義，也找不到可接受類型 'GameSpacedatabaseContext' 第一個引數的可存取擴充方法 'ErrorLogs' (是否遺漏 using 指示詞或組件參考?) [C:\Users\n2029\Desktop\GameSpace\GameSpace\GameSpace\GameSpace.csproj]
C:\Users\n2029\Desktop\GameSpace\GameSpace\GameSpace\Areas\MiniGame\Controllers\AdminMiniGameController.cs(253,43): error CS1061: 'GameSpacedatabaseContext' 未包含 'MiniGame' 的定義，也找不到可接受類型 'GameSpacedatabaseContext' 第一個引數的可存取擴充方法 'MiniGame' (是否遺漏 using 指示詞或組件參考?) [C:\Users\n2029\Desktop\GameSpace\GameSpace\GameSpace\GameSpace.csproj]
C:\Users\n2029\Desktop\GameSpace\GameSpace\GameSpace\Areas\MiniGame\Services\UserService.cs(227,48): error CS1061: 'DateTime?' 未包含 'Date' 的定義，也找不到可接受類型 'DateTime?' 第一個引數的可存取擴充方法 'Date' (是否遺漏 using 指示詞或組件參考?) [C:\Users\n2029\Desktop\GameSpace\GameSpace\GameSpace\GameSpace.csproj]
C:\Users\n2029\Desktop\GameSpace\GameSpace\GameSpace\Areas\MiniGame\Controllers\AdminMiniGameController.cs(272,40): error CS1061: 'GameSpacedatabaseContext' 未包含 'MiniGame' 的定義，也找不到可接受類型 'GameSpacedatabaseContext' 第一個引數的可存取擴充方法 'MiniGame' (是否遺漏 using 指示詞或組件參考?) [C:\Users\n2029\Desktop\GameSpace\GameSpace\GameSpace\GameSpace.csproj]
C:\Users\n2029\Desktop\GameSpace\GameSpace\GameSpace\Areas\MiniGame\Controllers\AdminMiniGameController.cs(273,41): error CS1061: 'GameSpacedatabaseContext' 未包含 'MiniGame' 的定義，也找不到可接受類型 'GameSpacedatabaseContext' 第一個引數的可存取擴充方法 'MiniGame' (是否遺漏 using 指示詞或組件參考?) [C:\Users\n2029\Desktop\GameSpace\GameSpace\GameSpace\GameSpace.csproj]
C:\Users\n2029\Desktop\GameSpace\GameSpace\GameSpace\Areas\MiniGame\Controllers\AdminMiniGameController.cs(274,41): error CS1061: 'GameSpacedatabaseContext' 未包含 'MiniGame' 的定義，也找不到可接受類型 'GameSpacedatabaseContext' 第一個引數的可存取擴充方法 'MiniGame' (是否遺漏 using 指示詞或組件參考?) [C:\Users\n2029\Desktop\GameSpace\GameSpace\GameSpace\GameSpace.csproj]
C:\Users\n2029\Desktop\GameSpace\GameSpace\GameSpace\Areas\MiniGame\Controllers\AdminMiniGameController.cs(275,41): error CS1061: 'GameSpacedatabaseContext' 未包含 'MiniGame' 的定義，也找不到可接受類型 'GameSpacedatabaseContext' 第一個引數的可存取擴充方法 'MiniGame' (是否遺漏 using 指示詞或組件參考?) [C:\Users\n2029\Desktop\GameSpace\GameSpace\GameSpace\GameSpace.csproj]
C:\Users\n2029\Desktop\GameSpace\GameSpace\GameSpace\Areas\MiniGame\Controllers\AdminMiniGameController.cs(276,43): error CS1061: 'GameSpacedatabaseContext' 未包含 'MiniGame' 的定義，也找不到可接受類型 'GameSpacedatabaseContext' 第一個引數的可存取擴充方法 'MiniGame' (是否遺漏 using 指示詞或組件參考?) [C:\Users\n2029\Desktop\GameSpace\GameSpace\GameSpace\GameSpace.csproj]
C:\Users\n2029\Desktop\GameSpace\GameSpace\GameSpace\Areas\MiniGame\Controllers\AdminMiniGameController.cs(277,45): error CS1061: 'GameSpacedatabaseContext' 未包含 'GamePlayRecord' 的定義，也找不到可接受類型 'GameSpacedatabaseContext' 第一個引數的可存取擴充方法 'GamePlayRecord' (是否遺漏 using 指示詞或組件參考?) [C:\Users\n2029\Desktop\GameSpace\GameSpace\GameSpace\GameSpace.csproj]
C:\Users\n2029\Desktop\GameSpace\GameSpace\GameSpace\Areas\MiniGame\Controllers\AdminDiagnosticsController.cs(358,35): error CS1061: 'GameSpacedatabaseContext' 未包含 'ErrorLogs' 的定義，也找不到可接受類型 'GameSpacedatabaseContext' 第一個引數的可存取擴充方法 'ErrorLogs' (是否遺漏 using 指示詞或組件參考?) [C:\Users\n2029\Desktop\GameSpace\GameSpace\GameSpace\GameSpace.csproj]
C:\Users\n2029\Desktop\GameSpace\GameSpace\GameSpace\Areas\MiniGame\Controllers\AdminEVoucherController.cs(678,33): error CS1061: 'Evoucher' 未包含 'Users' 的定義，也找不到可接受類型 'Evoucher' 第一個引數的可存取擴充方法 'Users' (是否遺漏 using 指示詞或組件參考?) [C:\Users\n2029\Desktop\GameSpace\GameSpace\GameSpace\GameSpace.csproj]
C:\Users\n2029\Desktop\GameSpace\GameSpace\GameSpace\Areas\MiniGame\Services\UserService.cs(247,49): error CS1061: 'UserRight' 未包含 'User_Id' 的定義，也找不到可接受類型 'UserRight' 第一個引數的可存取擴充方法 'User_Id' (是否遺漏 using 指示詞或組件參考?) [C:\Users\n2029\Desktop\GameSpace\GameSpace\GameSpace\GameSpace.csproj]
C:\Users\n2029\Desktop\GameSpace\GameSpace\GameSpace\Areas\MiniGame\Services\UserService.cs(247,72): error CS1061: 'UserRight' 未包含 'User_RightName' 的定義，也找不到可接受類型 'UserRight' 第一個引數的可存取擴充方法 'User_RightName' (是否遺漏 using 指示詞或組件參考?) [C:\Users\n2029\Desktop\GameSpace\GameSpace\GameSpace\GameSpace.csproj]
C:\Users\n2029\Desktop\GameSpace\GameSpace\GameSpace\Areas\MiniGame\Services\UserService.cs(253,21): error CS0117: 'UserRight' 未包含 'User_Id' 的定義 [C:\Users\n2029\Desktop\GameSpace\GameSpace\GameSpace\GameSpace.csproj]
C:\Users\n2029\Desktop\GameSpace\GameSpace\GameSpace\Areas\MiniGame\Services\UserService.cs(254,21): error CS0117: 'UserRight' 未包含 'User_RightName' 的定義 [C:\Users\n2029\Desktop\GameSpace\GameSpace\GameSpace\GameSpace.csproj]
C:\Users\n2029\Desktop\GameSpace\GameSpace\GameSpace\Areas\MiniGame\Services\UserService.cs(255,21): error CS0117: 'UserRight' 未包含 'User_GrantedAt' 的定義 [C:\Users\n2029\Desktop\GameSpace\GameSpace\GameSpace\GameSpace.csproj]
C:\Users\n2029\Desktop\GameSpace\GameSpace\GameSpace\Areas\MiniGame\Controllers\AdminDiagnosticsController.cs(366,35): error CS1061: 'GameSpacedatabaseContext' 未包含 'ErrorLogs' 的定義，也找不到可接受類型 'GameSpacedatabaseContext' 第一個引數的可存取擴充方法 'ErrorLogs' (是否遺漏 using 指示詞或組件參考?) [C:\Users\n2029\Desktop\GameSpace\GameSpace\GameSpace\GameSpace.csproj]
C:\Users\n2029\Desktop\GameSpace\GameSpace\GameSpace\Areas\MiniGame\Controllers\AdminMiniGameController.cs(287,47): error CS1061: 'GameSpacedatabaseContext' 未包含 'MiniGame' 的定義，也找不到可接受類型 'GameSpacedatabaseContext' 第一個引數的可存取擴充方法 'MiniGame' (是否遺漏 using 指示詞或組件參考?) [C:\Users\n2029\Desktop\GameSpace\GameSpace\GameSpace\GameSpace.csproj]
C:\Users\n2029\Desktop\GameSpace\GameSpace\GameSpace\Areas\MiniGame\Controllers\AdminDiagnosticsController.cs(373,35): error CS1061: 'GameSpacedatabaseContext' 未包含 'ErrorLogs' 的定義，也找不到可接受類型 'GameSpacedatabaseContext' 第一個引數的可存取擴充方法 'ErrorLogs' (是否遺漏 using 指示詞或組件參考?) [C:\Users\n2029\Desktop\GameSpace\GameSpace\GameSpace\GameSpace.csproj]
C:\Users\n2029\Desktop\GameSpace\GameSpace\GameSpace\Areas\MiniGame\Services\UserService.cs(272,49): error CS1061: 'UserRight' 未包含 'User_Id' 的定義，也找不到可接受類型 'UserRight' 第一個引數的可存取擴充方法 'User_Id' (是否遺漏 using 指示詞或組件參考?) [C:\Users\n2029\Desktop\GameSpace\GameSpace\GameSpace\GameSpace.csproj]
C:\Users\n2029\Desktop\GameSpace\GameSpace\GameSpace\Areas\MiniGame\Services\UserService.cs(272,72): error CS1061: 'UserRight' 未包含 'User_RightName' 的定義，也找不到可接受類型 'UserRight' 第一個引數的可存取擴充方法 'User_RightName' (是否遺漏 using 指示詞或組件參考?) [C:\Users\n2029\Desktop\GameSpace\GameSpace\GameSpace\GameSpace.csproj]
C:\Users\n2029\Desktop\GameSpace\GameSpace\GameSpace\Areas\MiniGame\Services\DashboardService.cs(210,48): error CS1061: 'GameSpacedatabaseContext' 未包含 'User_SignInStats' 的定義，也找不到可接受類型 'GameSpacedatabaseContext' 第一個引數的可存取擴充方法 'User_SignInStats' (是否遺漏 using 指示詞或組件參考?) [C:\Users\n2029\Desktop\GameSpace\GameSpace\GameSpace\GameSpace.csproj]
C:\Users\n2029\Desktop\GameSpace\GameSpace\GameSpace\Areas\MiniGame\Services\DashboardService.cs(225,47): error CS1061: 'GameSpacedatabaseContext' 未包含 'WalletHistory' 的定義，也找不到可接受類型 'GameSpacedatabaseContext' 第一個引數的可存取擴充方法 'WalletHistory' (是否遺漏 using 指示詞或組件參考?) [C:\Users\n2029\Desktop\GameSpace\GameSpace\GameSpace\GameSpace.csproj]
C:\Users\n2029\Desktop\GameSpace\GameSpace\GameSpace\Areas\MiniGame\Services\UserService.cs(289,31): error CS1061: 'UserRight' 未包含 'User_Id' 的定義，也找不到可接受類型 'UserRight' 第一個引數的可存取擴充方法 'User_Id' (是否遺漏 using 指示詞或組件參考?) [C:\Users\n2029\Desktop\GameSpace\GameSpace\GameSpace\GameSpace.csproj]
C:\Users\n2029\Desktop\GameSpace\GameSpace\GameSpace\Areas\MiniGame\Services\UserService.cs(297,34): error CS1061: 'UserRight' 未包含 'User_Id' 的定義，也找不到可接受類型 'UserRight' 第一個引數的可存取擴充方法 'User_Id' (是否遺漏 using 指示詞或組件參考?) [C:\Users\n2029\Desktop\GameSpace\GameSpace\GameSpace\GameSpace.csproj]
C:\Users\n2029\Desktop\GameSpace\GameSpace\GameSpace\Areas\MiniGame\Services\UserService.cs(297,57): error CS1061: 'UserRight' 未包含 'User_RightName' 的定義，也找不到可接受類型 'UserRight' 第一個引數的可存取擴充方法 'User_RightName' (是否遺漏 using 指示詞或組件參考?) [C:\Users\n2029\Desktop\GameSpace\GameSpace\GameSpace\GameSpace.csproj]
C:\Users\n2029\Desktop\GameSpace\GameSpace\GameSpace\Areas\MiniGame\Controllers\AdminMiniGameController.cs(304,40): error CS1061: 'GameSpacedatabaseContext' 未包含 'GamePlayRecord' 的定義，也找不到可接受類型 'GameSpacedatabaseContext' 第一個引數的可存取擴充方法 'GamePlayRecord' (是否遺漏 using 指示詞或組件參考?) [C:\Users\n2029\Desktop\GameSpace\GameSpace\GameSpace\GameSpace.csproj]
C:\Users\n2029\Desktop\GameSpace\GameSpace\GameSpace\Areas\MiniGame\Controllers\AdminMiniGameController.cs(309,41): error CS1061: 'GameSpacedatabaseContext' 未包含 'MiniGame' 的定義，也找不到可接受類型 'GameSpacedatabaseContext' 第一個引數的可存取擴充方法 'MiniGame' (是否遺漏 using 指示詞或組件參考?) [C:\Users\n2029\Desktop\GameSpace\GameSpace\GameSpace\GameSpace.csproj]
C:\Users\n2029\Desktop\GameSpace\GameSpace\GameSpace\Areas\MiniGame\Services\DashboardService.cs(262,48): error CS1061: 'GameSpacedatabaseContext' 未包含 'User_Wallet' 的定義，也找不到可接受類型 'GameSpacedatabaseContext' 第一個引數的可存取擴充方法 'User_Wallet' (是否遺漏 using 指示詞或組件參考?) [C:\Users\n2029\Desktop\GameSpace\GameSpace\GameSpace\GameSpace.csproj]
C:\Users\n2029\Desktop\GameSpace\GameSpace\GameSpace\Areas\MiniGame\Services\DashboardService.cs(275,47): error CS1061: 'GameSpacedatabaseContext' 未包含 'Coupon' 的定義，也找不到可接受類型 'GameSpacedatabaseContext' 第一個引數的可存取擴充方法 'Coupon' (是否遺漏 using 指示詞或組件參考?) [C:\Users\n2029\Desktop\GameSpace\GameSpace\GameSpace\GameSpace.csproj]
C:\Users\n2029\Desktop\GameSpace\GameSpace\GameSpace\Areas\MiniGame\Controllers\PermissionController.cs(33,53): error CS1061: 'IMiniGamePermissionService' 未包含 'GetManagerRoleInfoAsync' 的定義，也找不到可接受類型 'IMiniGamePermissionService' 第一個引數的可存取擴充方法 'GetManagerRoleInfoAsync' (是否遺漏 using 指示詞或組件參考?) [C:\Users\n2029\Desktop\GameSpace\GameSpace\GameSpace\GameSpace.csproj]
C:\Users\n2029\Desktop\GameSpace\GameSpace\GameSpace\Areas\MiniGame\Controllers\PermissionController.cs(34,55): error CS1061: 'IMiniGamePermissionService' 未包含 'GetPermissionStatisticsAsync' 的定義，也找不到可接受類型 'IMiniGamePermissionService' 第一個引數的可存取擴充方法 'GetPermissionStatisticsAsync' (是否遺漏 using 指示詞或組件參考?) [C:\Users\n2029\Desktop\GameSpace\GameSpace\GameSpace\GameSpace.csproj]
C:\Users\n2029\Desktop\GameSpace\GameSpace\GameSpace\Areas\MiniGame\Controllers\PermissionController.cs(53,60): error CS1061: 'IMiniGamePermissionService' 未包含 'GetManagerPermissionsAsync' 的定義，也找不到可接受類型 'IMiniGamePermissionService' 第一個引數的可存取擴充方法 'GetManagerPermissionsAsync' (是否遺漏 using 指示詞或組件參考?) [C:\Users\n2029\Desktop\GameSpace\GameSpace\GameSpace\GameSpace.csproj]
C:\Users\n2029\Desktop\GameSpace\GameSpace\GameSpace\Areas\MiniGame\Controllers\PermissionController.cs(70,55): error CS1061: 'IMiniGamePermissionService' 未包含 'UpdateManagerPermissionsAsync' 的定義，也找不到可接受類型 'IMiniGamePermissionService' 第一個引數的可存取擴充方法 'UpdateManagerPermissionsAsync' (是否遺漏 using 指示詞或組件參考?) [C:\Users\n2029\Desktop\GameSpace\GameSpace\GameSpace\GameSpace.csproj]
C:\Users\n2029\Desktop\GameSpace\GameSpace\GameSpace\Areas\MiniGame\Controllers\AdminMiniGameController.cs(325,40): error CS1061: 'GameSpacedatabaseContext' 未包含 'MiniGame' 的定義，也找不到可接受類型 'GameSpacedatabaseContext' 第一個引數的可存取擴充方法 'MiniGame' (是否遺漏 using 指示詞或組件參考?) [C:\Users\n2029\Desktop\GameSpace\GameSpace\GameSpace\GameSpace.csproj]
C:\Users\n2029\Desktop\GameSpace\GameSpace\GameSpace\Areas\MiniGame\Controllers\AdminMiniGameController.cs(332,42): error CS1061: 'GameSpacedatabaseContext' 未包含 'GamePlayRecord' 的定義，也找不到可接受類型 'GameSpacedatabaseContext' 第一個引數的可存取擴充方法 'GamePlayRecord' (是否遺漏 using 指示詞或組件參考?) [C:\Users\n2029\Desktop\GameSpace\GameSpace\GameSpace\GameSpace.csproj]
C:\Users\n2029\Desktop\GameSpace\GameSpace\GameSpace\Areas\MiniGame\Controllers\AdminMiniGameController.cs(333,57): error CS1061: 'GameSpacedatabaseContext' 未包含 'GamePlayRecord' 的定義，也找不到可接受類型 'GameSpacedatabaseContext' 第一個引數的可存取擴充方法 'GamePlayRecord' (是否遺漏 using 指示詞或組件參考?) [C:\Users\n2029\Desktop\GameSpace\GameSpace\GameSpace\GameSpace.csproj]
C:\Users\n2029\Desktop\GameSpace\GameSpace\GameSpace\Areas\MiniGame\Controllers\AdminMiniGameController.cs(334,61): error CS1061: 'GameSpacedatabaseContext' 未包含 'GamePlayRecord' 的定義，也找不到可接受類型 'GameSpacedatabaseContext' 第一個引數的可存取擴充方法 'GamePlayRecord' (是否遺漏 using 指示詞或組件參考?) [C:\Users\n2029\Desktop\GameSpace\GameSpace\GameSpace\GameSpace.csproj]
C:\Users\n2029\Desktop\GameSpace\GameSpace\GameSpace\Areas\MiniGame\Controllers\PermissionController.cs(112,59): error CS1061: 'IMiniGamePermissionService' 未包含 'GetUserRightsAsync' 的定義，也找不到可接受類型 'IMiniGamePermissionService' 第一個引數的可存取擴充方法 'GetUserRightsAsync' (是否遺漏 using 指示詞或組件參考?) [C:\Users\n2029\Desktop\GameSpace\GameSpace\GameSpace\GameSpace.csproj]
C:\Users\n2029\Desktop\GameSpace\GameSpace\GameSpace\Areas\MiniGame\Controllers\PermissionController.cs(113,54): error CS1061: 'IMiniGamePermissionService' 未包含 'GetAllUsersAsync' 的定義，也找不到可接受類型 'IMiniGamePermissionService' 第一個引數的可存取擴充方法 'GetAllUsersAsync' (是否遺漏 using 指示詞或組件參考?) [C:\Users\n2029\Desktop\GameSpace\GameSpace\GameSpace\GameSpace.csproj]
C:\Users\n2029\Desktop\GameSpace\GameSpace\GameSpace\Areas\MiniGame\Controllers\PermissionController.cs(114,59): error CS1061: 'IMiniGamePermissionService' 未包含 'GetRightTypesAsync' 的定義，也找不到可接受類型 'IMiniGamePermissionService' 第一個引數的可存取擴充方法 'GetRightTypesAsync' (是否遺漏 using 指示詞或組件參考?) [C:\Users\n2029\Desktop\GameSpace\GameSpace\GameSpace\GameSpace.csproj]
C:\Users\n2029\Desktop\GameSpace\GameSpace\GameSpace\Areas\MiniGame\Controllers\AdminMiniGameController.cs(348,44): error CS1061: 'GameSpacedatabaseContext' 未包含 'DailyGameLimits' 的定義，也找不到可接受類型 'GameSpacedatabaseContext' 第一個引數的可存取擴充方法 'DailyGameLimits' (是否遺漏 using 指示詞或組件參考?) [C:\Users\n2029\Desktop\GameSpace\GameSpace\GameSpace\GameSpace.csproj]
C:\Users\n2029\Desktop\GameSpace\GameSpace\GameSpace\Areas\MiniGame\Controllers\PermissionController.cs(148,55): error CS1061: 'IMiniGamePermissionService' 未包含 'AddUserRightAsync' 的定義，也找不到可接受類型 'IMiniGamePermissionService' 第一個引數的可存取擴充方法 'AddUserRightAsync' (是否遺漏 using 指示詞或組件參考?) [C:\Users\n2029\Desktop\GameSpace\GameSpace\GameSpace\GameSpace.csproj]
C:\Users\n2029\Desktop\GameSpace\GameSpace\GameSpace\Areas\MiniGame\Controllers\AdminMiniGameController.cs(373,44): error CS1061: 'GameSpacedatabaseContext' 未包含 'DailyGameLimits' 的定義，也找不到可接受類型 'GameSpacedatabaseContext' 第一個引數的可存取擴充方法 'DailyGameLimits' (是否遺漏 using 指示詞或組件參考?) [C:\Users\n2029\Desktop\GameSpace\GameSpace\GameSpace\GameSpace.csproj]
C:\Users\n2029\Desktop\GameSpace\GameSpace\GameSpace\Areas\MiniGame\Controllers\AdminMiniGameController.cs(377,30): error CS1061: 'GameSpacedatabaseContext' 未包含 'DailyGameLimits' 的定義，也找不到可接受類型 'GameSpacedatabaseContext' 第一個引數的可存取擴充方法 'DailyGameLimits' (是否遺漏 using 指示詞或組件參考?) [C:\Users\n2029\Desktop\GameSpace\GameSpace\GameSpace\GameSpace.csproj]
C:\Users\n2029\Desktop\GameSpace\GameSpace\GameSpace\Areas\MiniGame\Controllers\AdminMiniGameController.cs(382,30): error CS1061: 'GameSpacedatabaseContext' 未包含 'DailyGameLimits' 的定義，也找不到可接受類型 'GameSpacedatabaseContext' 第一個引數的可存取擴充方法 'DailyGameLimits' (是否遺漏 using 指示詞或組件參考?) [C:\Users\n2029\Desktop\GameSpace\GameSpace\GameSpace\GameSpace.csproj]
C:\Users\n2029\Desktop\GameSpace\GameSpace\GameSpace\Areas\MiniGame\Controllers\PermissionController.cs(190,55): error CS1061: 'IMiniGamePermissionService' 未包含 'RemoveUserRightAsync' 的定義，也找不到可接受類型 'IMiniGamePermissionService' 第一個引數的可存取擴充方法 'RemoveUserRightAsync' (是否遺漏 using 指示詞或組件參考?) [C:\Users\n2029\Desktop\GameSpace\GameSpace\GameSpace\GameSpace.csproj]
C:\Users\n2029\Desktop\GameSpace\GameSpace\GameSpace\Areas\MiniGame\Controllers\AdminMiniGameController.cs(400,47): error CS1061: 'GameSpacedatabaseContext' 未包含 'GameRewardSettings' 的定義，也找不到可接受類型 'GameSpacedatabaseContext' 第一個引數的可存取擴充方法 'GameRewardSettings' (是否遺漏 using 指示詞或組件參考?) [C:\Users\n2029\Desktop\GameSpace\GameSpace\GameSpace\GameSpace.csproj]
C:\Users\n2029\Desktop\GameSpace\GameSpace\GameSpace\Areas\MiniGame\Controllers\PermissionController.cs(228,55): error CS1061: 'IMiniGamePermissionService' 未包含 'UpdateUserRightAsync' 的定義，也找不到可接受類型 'IMiniGamePermissionService' 第一個引數的可存取擴充方法 'UpdateUserRightAsync' (是否遺漏 using 指示詞或組件參考?) [C:\Users\n2029\Desktop\GameSpace\GameSpace\GameSpace\GameSpace.csproj]
C:\Users\n2029\Desktop\GameSpace\GameSpace\GameSpace\Areas\MiniGame\Services\SignInStatsService.cs(31,56): error CS1061: 'UserSignInStat' 未包含 'UserID' 的定義，也找不到可接受類型 'UserSignInStat' 第一個引數的可存取擴充方法 'UserID' (是否遺漏 using 指示詞或組件參考?) [C:\Users\n2029\Desktop\GameSpace\GameSpace\GameSpace\GameSpace.csproj]
C:\Users\n2029\Desktop\GameSpace\GameSpace\GameSpace\Areas\MiniGame\Services\SignInStatsService.cs(33,27): error CS1061: 'SignInStatsQueryModel' 未包含 'SignTimeFrom' 的定義，也找不到可接受類型 'SignInStatsQueryModel' 第一個引數的可存取擴充方法 'SignTimeFrom' (是否遺漏 using 指示詞或組件參考?) [C:\Users\n2029\Desktop\GameSpace\GameSpace\GameSpace\GameSpace.csproj]
C:\Users\n2029\Desktop\GameSpace\GameSpace\GameSpace\Areas\MiniGame\Services\SignInStatsService.cs(34,74): error CS1061: 'SignInStatsQueryModel' 未包含 'SignTimeFrom' 的定義，也找不到可接受類型 'SignInStatsQueryModel' 第一個引數的可存取擴充方法 'SignTimeFrom' (是否遺漏 using 指示詞或組件參考?) [C:\Users\n2029\Desktop\GameSpace\GameSpace\GameSpace\GameSpace.csproj]
C:\Users\n2029\Desktop\GameSpace\GameSpace\GameSpace\Areas\MiniGame\Services\SignInStatsService.cs(36,27): error CS1061: 'SignInStatsQueryModel' 未包含 'SignTimeTo' 的定義，也找不到可接受類型 'SignInStatsQueryModel' 第一個引數的可存取擴充方法 'SignTimeTo' (是否遺漏 using 指示詞或組件參考?) [C:\Users\n2029\Desktop\GameSpace\GameSpace\GameSpace\GameSpace.csproj]
C:\Users\n2029\Desktop\GameSpace\GameSpace\GameSpace\Areas\MiniGame\Services\SignInStatsService.cs(37,74): error CS1061: 'SignInStatsQueryModel' 未包含 'SignTimeTo' 的定義，也找不到可接受類型 'SignInStatsQueryModel' 第一個引數的可存取擴充方法 'SignTimeTo' (是否遺漏 using 指示詞或組件參考?) [C:\Users\n2029\Desktop\GameSpace\GameSpace\GameSpace\GameSpace.csproj]
C:\Users\n2029\Desktop\GameSpace\GameSpace\GameSpace\Areas\MiniGame\Services\SignInStatsService.cs(40,56): error CS1061: 'UserSignInStat' 未包含 'ConsecutiveDays' 的定義，也找不到可接受類型 'UserSignInStat' 第一個引數的可存取擴充方法 'ConsecutiveDays' (是否遺漏 using 指示詞或組件參考?) [C:\Users\n2029\Desktop\GameSpace\GameSpace\GameSpace\GameSpace.csproj]
C:\Users\n2029\Desktop\GameSpace\GameSpace\GameSpace\Areas\MiniGame\Services\SignInStatsService.cs(45,49): error CS1061: 'SignInStatsQueryModel' 未包含 'OrderBy' 的定義，也找不到可接受類型 'SignInStatsQueryModel' 第一個引數的可存取擴充方法 'OrderBy' (是否遺漏 using 指示詞或組件參考?) [C:\Users\n2029\Desktop\GameSpace\GameSpace\GameSpace\GameSpace.csproj]
C:\Users\n2029\Desktop\GameSpace\GameSpace\GameSpace\Areas\MiniGame\Services\SignInStatsService.cs(48,99): error CS1061: 'SignInStatsQueryModel' 未包含 'OrderBy' 的定義，也找不到可接受類型 'SignInStatsQueryModel' 第一個引數的可存取擴充方法 'OrderBy' (是否遺漏 using 指示詞或組件參考?) [C:\Users\n2029\Desktop\GameSpace\GameSpace\GameSpace\GameSpace.csproj]
C:\Users\n2029\Desktop\GameSpace\GameSpace\GameSpace\Areas\MiniGame\Services\SignInStatsService.cs(50,89): error CS1061: 'SignInStatsQueryModel' 未包含 'OrderBy' 的定義，也找不到可接受類型 'SignInStatsQueryModel' 第一個引數的可存取擴充方法 'OrderBy' (是否遺漏 using 指示詞或組件參考?) [C:\Users\n2029\Desktop\GameSpace\GameSpace\GameSpace\GameSpace.csproj]
C:\Users\n2029\Desktop\GameSpace\GameSpace\GameSpace\Areas\MiniGame\Services\SignInStatsService.cs(65,29): error CS0029: 無法將類型 'System.Collections.Generic.List<GameSpace.Models.UserSignInStat>' 隱含轉換成 'System.Collections.Generic.List<GameSpace.Areas.MiniGame.Models.UserSignInStats>' [C:\Users\n2029\Desktop\GameSpace\GameSpace\GameSpace\GameSpace.csproj]
C:\Users\n2029\Desktop\GameSpace\GameSpace\GameSpace\Areas\MiniGame\Controllers\AdminEVoucherController.cs(814,25): error CS0117: 'Evoucher' 未包含 'UserID' 的定義 [C:\Users\n2029\Desktop\GameSpace\GameSpace\GameSpace\GameSpace.csproj]
C:\Users\n2029\Desktop\GameSpace\GameSpace\GameSpace\Areas\MiniGame\Controllers\PermissionController.cs(262,54): error CS1061: 'IMiniGamePermissionService' 未包含 'GetUserRightByIdAsync' 的定義，也找不到可接受類型 'IMiniGamePermissionService' 第一個引數的可存取擴充方法 'GetUserRightByIdAsync' (是否遺漏 using 指示詞或組件參考?) [C:\Users\n2029\Desktop\GameSpace\GameSpace\GameSpace\GameSpace.csproj]
C:\Users\n2029\Desktop\GameSpace\GameSpace\GameSpace\Areas\MiniGame\Controllers\AdminWalletTypesController.cs(180,46): error CS1061: 'GameSpacedatabaseContext' 未包含 'WalletTypes' 的定義，也找不到可接受類型 'GameSpacedatabaseContext' 第一個引數的可存取擴充方法 'WalletTypes' (是否遺漏 using 指示詞或組件參考?) [C:\Users\n2029\Desktop\GameSpace\GameSpace\GameSpace\GameSpace.csproj]
C:\Users\n2029\Desktop\GameSpace\GameSpace\GameSpace\Areas\MiniGame\Controllers\AdminHomeController.cs(312,28): error CS1061: 'UserSignInStat' 未包含 'SignInId' 的定義，也找不到可接受類型 'UserSignInStat' 第一個引數的可存取擴充方法 'SignInId' (是否遺漏 using 指示詞或組件參考?) [C:\Users\n2029\Desktop\GameSpace\GameSpace\GameSpace\GameSpace.csproj]
C:\Users\n2029\Desktop\GameSpace\GameSpace\GameSpace\Areas\MiniGame\Controllers\AdminHomeController.cs(332,43): error CS1061: 'MiniGame' 未包含 'GameName' 的定義，也找不到可接受類型 'MiniGame' 第一個引數的可存取擴充方法 'GameName' (是否遺漏 using 指示詞或組件參考?) [C:\Users\n2029\Desktop\GameSpace\GameSpace\GameSpace\GameSpace.csproj]
C:\Users\n2029\Desktop\GameSpace\GameSpace\GameSpace\Areas\MiniGame\Controllers\PermissionController.cs(284,55): error CS1061: 'IMiniGamePermissionService' 未包含 'GetUserRightsByUserIdAsync' 的定義，也找不到可接受類型 'IMiniGamePermissionService' 第一個引數的可存取擴充方法 'GetUserRightsByUserIdAsync' (是否遺漏 using 指示詞或組件參考?) [C:\Users\n2029\Desktop\GameSpace\GameSpace\GameSpace\GameSpace.csproj]
C:\Users\n2029\Desktop\GameSpace\GameSpace\GameSpace\Areas\MiniGame\Controllers\MiniGameBaseController.cs(65,49): error CS1061: 'IMiniGamePermissionService' 未包含 'HasManagerPermissionAsync' 的定義，也找不到可接受類型 'IMiniGamePermissionService' 第一個引數的可存取擴充方法 'HasManagerPermissionAsync' (是否遺漏 using 指示詞或組件參考?) [C:\Users\n2029\Desktop\GameSpace\GameSpace\GameSpace\GameSpace.csproj]
C:\Users\n2029\Desktop\GameSpace\GameSpace\GameSpace\Areas\MiniGame\Controllers\AdminHomeController.cs(353,17): error CS0117: 'SystemStatusModel' 未包含 'ErrorCount' 的定義 [C:\Users\n2029\Desktop\GameSpace\GameSpace\GameSpace\GameSpace.csproj]
C:\Users\n2029\Desktop\GameSpace\GameSpace\GameSpace\Areas\MiniGame\Controllers\MiniGameBaseController.cs(105,49): error CS1061: 'IMiniGamePermissionService' 未包含 'HasUserRightAsync' 的定義，也找不到可接受類型 'IMiniGamePermissionService' 第一個引數的可存取擴充方法 'HasUserRightAsync' (是否遺漏 using 指示詞或組件參考?) [C:\Users\n2029\Desktop\GameSpace\GameSpace\GameSpace\GameSpace.csproj]
C:\Users\n2029\Desktop\GameSpace\GameSpace\GameSpace\Areas\MiniGame\Controllers\PermissionController.cs(302,59): error CS1061: 'IMiniGamePermissionService' 未包含 'GetRightTypesAsync' 的定義，也找不到可接受類型 'IMiniGamePermissionService' 第一個引數的可存取擴充方法 'GetRightTypesAsync' (是否遺漏 using 指示詞或組件參考?) [C:\Users\n2029\Desktop\GameSpace\GameSpace\GameSpace\GameSpace.csproj]
C:\Users\n2029\Desktop\GameSpace\GameSpace\GameSpace\Areas\MiniGame\Controllers\AdminWalletTypesController.cs(197,45): error CS1061: 'GameSpacedatabaseContext' 未包含 'WalletTypes' 的定義，也找不到可接受類型 'GameSpacedatabaseContext' 第一個引數的可存取擴充方法 'WalletTypes' (是否遺漏 using 指示詞或組件參考?) [C:\Users\n2029\Desktop\GameSpace\GameSpace\GameSpace\GameSpace.csproj]
C:\Users\n2029\Desktop\GameSpace\GameSpace\GameSpace\Areas\MiniGame\Controllers\PermissionController.cs(327,55): error CS1061: 'IMiniGamePermissionService' 未包含 'AddRightTypeAsync' 的定義，也找不到可接受類型 'IMiniGamePermissionService' 第一個引數的可存取擴充方法 'AddRightTypeAsync' (是否遺漏 using 指示詞或組件參考?) [C:\Users\n2029\Desktop\GameSpace\GameSpace\GameSpace\GameSpace.csproj]
C:\Users\n2029\Desktop\GameSpace\GameSpace\GameSpace\Areas\MiniGame\Controllers\AdminMiniGameController.cs(451,47): error CS1061: 'GameSpacedatabaseContext' 未包含 'GameRewardSettings' 的定義，也找不到可接受類型 'GameSpacedatabaseContext' 第一個引數的可存取擴充方法 'GameRewardSettings' (是否遺漏 using 指示詞或組件參考?) [C:\Users\n2029\Desktop\GameSpace\GameSpace\GameSpace\GameSpace.csproj]
C:\Users\n2029\Desktop\GameSpace\GameSpace\GameSpace\Areas\MiniGame\Controllers\AdminMiniGameController.cs(454,36): error CS0246: 找不到類型或命名空間名稱 'GameRewardSettings' (是否遺漏了 using 指示詞或組件參考?) [C:\Users\n2029\Desktop\GameSpace\GameSpace\GameSpace\GameSpace.csproj]
C:\Users\n2029\Desktop\GameSpace\GameSpace\GameSpace\Areas\MiniGame\Controllers\AdminMiniGameController.cs(463,30): error CS1061: 'GameSpacedatabaseContext' 未包含 'GameRewardSettings' 的定義，也找不到可接受類型 'GameSpacedatabaseContext' 第一個引數的可存取擴充方法 'GameRewardSettings' (是否遺漏 using 指示詞或組件參考?) [C:\Users\n2029\Desktop\GameSpace\GameSpace\GameSpace\GameSpace.csproj]
C:\Users\n2029\Desktop\GameSpace\GameSpace\GameSpace\Areas\MiniGame\Controllers\AdminMiniGameController.cs(473,30): error CS1061: 'GameSpacedatabaseContext' 未包含 'GameRewardSettings' 的定義，也找不到可接受類型 'GameSpacedatabaseContext' 第一個引數的可存取擴充方法 'GameRewardSettings' (是否遺漏 using 指示詞或組件參考?) [C:\Users\n2029\Desktop\GameSpace\GameSpace\GameSpace\GameSpace.csproj]
C:\Users\n2029\Desktop\GameSpace\GameSpace\GameSpace\Areas\MiniGame\Controllers\AdminWalletTypesController.cs(213,34): error CS0246: 找不到類型或命名空間名稱 'WalletType' (是否遺漏了 using 指示詞或組件參考?) [C:\Users\n2029\Desktop\GameSpace\GameSpace\GameSpace\GameSpace.csproj]
C:\Users\n2029\Desktop\GameSpace\GameSpace\GameSpace\Areas\MiniGame\Controllers\AdminWalletTypesController.cs(221,22): error CS1061: 'GameSpacedatabaseContext' 未包含 'WalletTypes' 的定義，也找不到可接受類型 'GameSpacedatabaseContext' 第一個引數的可存取擴充方法 'WalletTypes' (是否遺漏 using 指示詞或組件參考?) [C:\Users\n2029\Desktop\GameSpace\GameSpace\GameSpace\GameSpace.csproj]
C:\Users\n2029\Desktop\GameSpace\GameSpace\GameSpace\Areas\MiniGame\Controllers\AdminHomeController.cs(385,35): error CS1061: 'GameSpacedatabaseContext' 未包含 'ErrorLogs' 的定義，也找不到可接受類型 'GameSpacedatabaseContext' 第一個引數的可存取擴充方法 'ErrorLogs' (是否遺漏 using 指示詞或組件參考?) [C:\Users\n2029\Desktop\GameSpace\GameSpace\GameSpace\GameSpace.csproj]
C:\Users\n2029\Desktop\GameSpace\GameSpace\GameSpace\Areas\MiniGame\Controllers\AdminMiniGameController.cs(487,29): error CS1061: 'GameSpacedatabaseContext' 未包含 'MiniGame' 的定義，也找不到可接受類型 'GameSpacedatabaseContext' 第一個引數的可存取擴充方法 'MiniGame' (是否遺漏 using 指示詞或組件參考?) [C:\Users\n2029\Desktop\GameSpace\GameSpace\GameSpace\GameSpace.csproj]
C:\Users\n2029\Desktop\GameSpace\GameSpace\GameSpace\Areas\MiniGame\Controllers\MiniGameBaseController.cs(120,50): error CS1061: 'IMiniGamePermissionService' 未包含 'LogPermissionOperationAsync' 的定義，也找不到可接受類型 'IMiniGamePermissionService' 第一個引數的可存取擴充方法 'LogPermissionOperationAsync' (是否遺漏 using 指示詞或組件參考?) [C:\Users\n2029\Desktop\GameSpace\GameSpace\GameSpace\GameSpace.csproj]
C:\Users\n2029\Desktop\GameSpace\GameSpace\GameSpace\Areas\MiniGame\Controllers\MiniGameBaseController.cs(127,41): error CS0266: 無法將類型 'int?' 隱含轉換成 'int'。已存在明確轉換 (是否漏了轉型?) [C:\Users\n2029\Desktop\GameSpace\GameSpace\GameSpace\GameSpace.csproj]
C:\Users\n2029\Desktop\GameSpace\GameSpace\GameSpace\Areas\MiniGame\Controllers\MiniGameBaseController.cs(128,29): error CS0117: 'AdminOperationLog' 未包含 'Operation' 的定義 [C:\Users\n2029\Desktop\GameSpace\GameSpace\GameSpace\GameSpace.csproj]
C:\Users\n2029\Desktop\GameSpace\GameSpace\GameSpace\Areas\MiniGame\Controllers\MiniGameBaseController.cs(129,29): error CS0117: 'AdminOperationLog' 未包含 'Details' 的定義 [C:\Users\n2029\Desktop\GameSpace\GameSpace\GameSpace\GameSpace.csproj]
C:\Users\n2029\Desktop\GameSpace\GameSpace\GameSpace\Areas\MiniGame\Controllers\MiniGameBaseController.cs(130,29): error CS0117: 'AdminOperationLog' 未包含 'TargetUserId' 的定義 [C:\Users\n2029\Desktop\GameSpace\GameSpace\GameSpace\GameSpace.csproj]
C:\Users\n2029\Desktop\GameSpace\GameSpace\GameSpace\Areas\MiniGame\Controllers\PermissionController.cs(365,55): error CS1061: 'IMiniGamePermissionService' 未包含 'UpdateRightTypeAsync' 的定義，也找不到可接受類型 'IMiniGamePermissionService' 第一個引數的可存取擴充方法 'UpdateRightTypeAsync' (是否遺漏 using 指示詞或組件參考?) [C:\Users\n2029\Desktop\GameSpace\GameSpace\GameSpace\GameSpace.csproj]
C:\Users\n2029\Desktop\GameSpace\GameSpace\GameSpace\Areas\MiniGame\Controllers\AdminWalletController.cs(61,17): error CS0117: 'AdminWalletIndexViewModel' 未包含 'Wallets' 的定義 [C:\Users\n2029\Desktop\GameSpace\GameSpace\GameSpace\GameSpace.csproj]
C:\Users\n2029\Desktop\GameSpace\GameSpace\GameSpace\Areas\MiniGame\Controllers\AdminWalletController.cs(61,43): error CS0246: 找不到類型或命名空間名稱 'Wallet' (是否遺漏了 using 指示詞或組件參考?) [C:\Users\n2029\Desktop\GameSpace\GameSpace\GameSpace\GameSpace.csproj]
C:\Users\n2029\Desktop\GameSpace\GameSpace\GameSpace\Areas\MiniGame\Controllers\AdminWalletController.cs(63,58): error CS0246: 找不到類型或命名空間名稱 'Wallet' (是否遺漏了 using 指示詞或組件參考?) [C:\Users\n2029\Desktop\GameSpace\GameSpace\GameSpace\GameSpace.csproj]
C:\Users\n2029\Desktop\GameSpace\GameSpace\GameSpace\Areas\MiniGame\Controllers\AdminWalletController.cs(65,38): error CS1061: 'WalletHistory' 未包含 'HistoryID' 的定義，也找不到可接受類型 'WalletHistory' 第一個引數的可存取擴充方法 'HistoryID' (是否遺漏 using 指示詞或組件參考?) [C:\Users\n2029\Desktop\GameSpace\GameSpace\GameSpace\GameSpace.csproj]
C:\Users\n2029\Desktop\GameSpace\GameSpace\GameSpace\Areas\MiniGame\Controllers\AdminWalletController.cs(66,36): error CS1061: 'WalletHistory' 未包含 'UserID' 的定義，也找不到可接受類型 'WalletHistory' 第一個引數的可存取擴充方法 'UserID' (是否遺漏 using 指示詞或組件參考?) [C:\Users\n2029\Desktop\GameSpace\GameSpace\GameSpace\GameSpace.csproj]
C:\Users\n2029\Desktop\GameSpace\GameSpace\GameSpace\Areas\MiniGame\Controllers\AdminWalletTypesController.cs(227,45): error CS1061: 'GameSpacedatabaseContext' 未包含 'WalletTypes' 的定義，也找不到可接受類型 'GameSpacedatabaseContext' 第一個引數的可存取擴充方法 'WalletTypes' (是否遺漏 using 指示詞或組件參考?) [C:\Users\n2029\Desktop\GameSpace\GameSpace\GameSpace\GameSpace.csproj]
C:\Users\n2029\Desktop\GameSpace\GameSpace\GameSpace\Areas\MiniGame\Controllers\AdminWalletTypesController.cs(240,45): error CS1061: 'GameSpacedatabaseContext' 未包含 'WalletTypes' 的定義，也找不到可接受類型 'GameSpacedatabaseContext' 第一個引數的可存取擴充方法 'WalletTypes' (是否遺漏 using 指示詞或組件參考?) [C:\Users\n2029\Desktop\GameSpace\GameSpace\GameSpace\GameSpace.csproj]
C:\Users\n2029\Desktop\GameSpace\GameSpace\GameSpace\Areas\MiniGame\Controllers\AdminWalletTypesController.cs(244,22): error CS1061: 'GameSpacedatabaseContext' 未包含 'WalletTypes' 的定義，也找不到可接受類型 'GameSpacedatabaseContext' 第一個引數的可存取擴充方法 'WalletTypes' (是否遺漏 using 指示詞或組件參考?) [C:\Users\n2029\Desktop\GameSpace\GameSpace\GameSpace\GameSpace.csproj]
C:\Users\n2029\Desktop\GameSpace\GameSpace\GameSpace\Areas\MiniGame\Controllers\PermissionController.cs(403,55): error CS1061: 'IMiniGamePermissionService' 未包含 'DeleteRightTypeAsync' 的定義，也找不到可接受類型 'IMiniGamePermissionService' 第一個引數的可存取擴充方法 'DeleteRightTypeAsync' (是否遺漏 using 指示詞或組件參考?) [C:\Users\n2029\Desktop\GameSpace\GameSpace\GameSpace\GameSpace.csproj]
C:\Users\n2029\Desktop\GameSpace\GameSpace\GameSpace\Areas\MiniGame\Controllers\AdminWalletTypesController.cs(250,45): error CS1061: 'GameSpacedatabaseContext' 未包含 'WalletTypes' 的定義，也找不到可接受類型 'GameSpacedatabaseContext' 第一個引數的可存取擴充方法 'WalletTypes' (是否遺漏 using 指示詞或組件參考?) [C:\Users\n2029\Desktop\GameSpace\GameSpace\GameSpace\GameSpace.csproj]
C:\Users\n2029\Desktop\GameSpace\GameSpace\GameSpace\Areas\MiniGame\Controllers\AdminWalletController.cs(106,30): error CS0246: 找不到類型或命名空間名稱 'Wallet' (是否遺漏了 using 指示詞或組件參考?) [C:\Users\n2029\Desktop\GameSpace\GameSpace\GameSpace\GameSpace.csproj]
C:\Users\n2029\Desktop\GameSpace\GameSpace\GameSpace\Areas\MiniGame\Controllers\AdminWalletController.cs(108,36): error CS1061: 'WalletHistory' 未包含 'HistoryID' 的定義，也找不到可接受類型 'WalletHistory' 第一個引數的可存取擴充方法 'HistoryID' (是否遺漏 using 指示詞或組件參考?) [C:\Users\n2029\Desktop\GameSpace\GameSpace\GameSpace\GameSpace.csproj]
C:\Users\n2029\Desktop\GameSpace\GameSpace\GameSpace\Areas\MiniGame\Controllers\AdminWalletController.cs(109,34): error CS1061: 'WalletHistory' 未包含 'UserID' 的定義，也找不到可接受類型 'WalletHistory' 第一個引數的可存取擴充方法 'UserID' (是否遺漏 using 指示詞或組件參考?) [C:\Users\n2029\Desktop\GameSpace\GameSpace\GameSpace\GameSpace.csproj]
C:\Users\n2029\Desktop\GameSpace\GameSpace\GameSpace\Areas\MiniGame\Controllers\PermissionController.cs(431,53): error CS1061: 'IMiniGamePermissionService' 未包含 'GetOperationLogsAsync' 的定義，也找不到可接受類型 'IMiniGamePermissionService' 第一個引數的可存取擴充方法 'GetOperationLogsAsync' (是否遺漏 using 指示詞或組件參考?) [C:\Users\n2029\Desktop\GameSpace\GameSpace\GameSpace\GameSpace.csproj]
C:\Users\n2029\Desktop\GameSpace\GameSpace\GameSpace\Areas\MiniGame\Controllers\PermissionController.cs(449,52): error CS1061: 'IMiniGamePermissionService' 未包含 'GetOperationLogByIdAsync' 的定義，也找不到可接受類型 'IMiniGamePermissionService' 第一個引數的可存取擴充方法 'GetOperationLogByIdAsync' (是否遺漏 using 指示詞或組件參考?) [C:\Users\n2029\Desktop\GameSpace\GameSpace\GameSpace\GameSpace.csproj]
C:\Users\n2029\Desktop\GameSpace\GameSpace\GameSpace\Areas\MiniGame\Controllers\AdminWalletController.cs(137,17): error CS0117: 'AdminWalletTransactionViewModel' 未包含 'UserId' 的定義 [C:\Users\n2029\Desktop\GameSpace\GameSpace\GameSpace\GameSpace.csproj]
C:\Users\n2029\Desktop\GameSpace\GameSpace\GameSpace\Areas\MiniGame\Controllers\AdminWalletController.cs(138,17): error CS0117: 'AdminWalletTransactionViewModel' 未包含 'UserName' 的定義 [C:\Users\n2029\Desktop\GameSpace\GameSpace\GameSpace\GameSpace.csproj]
C:\Users\n2029\Desktop\GameSpace\GameSpace\GameSpace\Areas\MiniGame\Controllers\AdminWalletController.cs(139,17): error CS0117: 'AdminWalletTransactionViewModel' 未包含 'CurrentPoints' 的定義 [C:\Users\n2029\Desktop\GameSpace\GameSpace\GameSpace\GameSpace.csproj]
C:\Users\n2029\Desktop\GameSpace\GameSpace\GameSpace\Areas\MiniGame\Controllers\PermissionController.cs(472,59): error CS1061: 'IMiniGamePermissionService' 未包含 'GetPermissionStatisticsAsync' 的定義，也找不到可接受類型 'IMiniGamePermissionService' 第一個引數的可存取擴充方法 'GetPermissionStatisticsAsync' (是否遺漏 using 指示詞或組件參考?) [C:\Users\n2029\Desktop\GameSpace\GameSpace\GameSpace\GameSpace.csproj]
C:\Users\n2029\Desktop\GameSpace\GameSpace\GameSpace\Areas\MiniGame\Controllers\PermissionController.cs(490,59): error CS1061: 'IMiniGamePermissionService' 未包含 'GetPermissionStatisticsAsync' 的定義，也找不到可接受類型 'IMiniGamePermissionService' 第一個引數的可存取擴充方法 'GetPermissionStatisticsAsync' (是否遺漏 using 指示詞或組件參考?) [C:\Users\n2029\Desktop\GameSpace\GameSpace\GameSpace\GameSpace.csproj]
C:\Users\n2029\Desktop\GameSpace\GameSpace\GameSpace\Areas\MiniGame\Controllers\AdminWalletController.cs(153,27): error CS1061: 'AdminWalletTransactionViewModel' 未包含 'TransactionType' 的定義，也找不到可接受類型 'AdminWalletTransactionViewModel' 第一個引數的可存取擴充方法 'TransactionType' (是否遺漏 using 指示詞或組件參考?) [C:\Users\n2029\Desktop\GameSpace\GameSpace\GameSpace\GameSpace.csproj]
C:\Users\n2029\Desktop\GameSpace\GameSpace\GameSpace\Areas\MiniGame\Controllers\AdminWalletController.cs(156,31): error CS1061: 'AdminWalletTransactionViewModel' 未包含 'UserId' 的定義，也找不到可接受類型 'AdminWalletTransactionViewModel' 第一個引數的可存取擴充方法 'UserId' (是否遺漏 using 指示詞或組件參考?) [C:\Users\n2029\Desktop\GameSpace\GameSpace\GameSpace\GameSpace.csproj]
C:\Users\n2029\Desktop\GameSpace\GameSpace\GameSpace\Areas\MiniGame\Controllers\AdminWalletController.cs(157,31): error CS1061: 'AdminWalletTransactionViewModel' 未包含 'TransactionAmount' 的定義，也找不到可接受類型 'AdminWalletTransactionViewModel' 第一個引數的可存取擴充方法 'TransactionAmount' (是否遺漏 using 指示詞或組件參考?) [C:\Users\n2029\Desktop\GameSpace\GameSpace\GameSpace\GameSpace.csproj]
C:\Users\n2029\Desktop\GameSpace\GameSpace\GameSpace\Areas\MiniGame\Controllers\AdminWalletController.cs(164,31): error CS1061: 'AdminWalletTransactionViewModel' 未包含 'UserId' 的定義，也找不到可接受類型 'AdminWalletTransactionViewModel' 第一個引數的可存取擴充方法 'UserId' (是否遺漏 using 指示詞或組件參考?) [C:\Users\n2029\Desktop\GameSpace\GameSpace\GameSpace\GameSpace.csproj]
C:\Users\n2029\Desktop\GameSpace\GameSpace\GameSpace\Areas\MiniGame\Controllers\AdminWalletController.cs(165,31): error CS1061: 'AdminWalletTransactionViewModel' 未包含 'TransactionAmount' 的定義，也找不到可接受類型 'AdminWalletTransactionViewModel' 第一個引數的可存取擴充方法 'TransactionAmount' (是否遺漏 using 指示詞或組件參考?) [C:\Users\n2029\Desktop\GameSpace\GameSpace\GameSpace\GameSpace.csproj]
C:\Users\n2029\Desktop\GameSpace\GameSpace\GameSpace\Areas\MiniGame\Controllers\AdminWalletController.cs(182,66): error CS1061: 'AdminWalletTransactionViewModel' 未包含 'UserId' 的定義，也找不到可接受類型 'AdminWalletTransactionViewModel' 第一個引數的可存取擴充方法 'UserId' (是否遺漏 using 指示詞或組件參考?) [C:\Users\n2029\Desktop\GameSpace\GameSpace\GameSpace\GameSpace.csproj]
C:\Users\n2029\Desktop\GameSpace\GameSpace\GameSpace\Areas\MiniGame\Controllers\AdminWalletController.cs(185,80): error CS1061: 'AdminWalletTransactionViewModel' 未包含 'UserId' 的定義，也找不到可接受類型 'AdminWalletTransactionViewModel' 第一個引數的可存取擴充方法 'UserId' (是否遺漏 using 指示詞或組件參考?) [C:\Users\n2029\Desktop\GameSpace\GameSpace\GameSpace\GameSpace.csproj]
C:\Users\n2029\Desktop\GameSpace\GameSpace\GameSpace\Areas\MiniGame\Controllers\AdminWalletController.cs(186,23): error CS1061: 'AdminWalletTransactionViewModel' 未包含 'UserName' 的定義，也找不到可接受類型 'AdminWalletTransactionViewModel' 第一個引數的可存取擴充方法 'UserName' (是否遺漏 using 指示詞或組件參考?) [C:\Users\n2029\Desktop\GameSpace\GameSpace\GameSpace\GameSpace.csproj]
C:\Users\n2029\Desktop\GameSpace\GameSpace\GameSpace\Areas\MiniGame\Controllers\AdminWalletController.cs(187,23): error CS1061: 'AdminWalletTransactionViewModel' 未包含 'CurrentPoints' 的定義，也找不到可接受類型 'AdminWalletTransactionViewModel' 第一個引數的可存取擴充方法 'CurrentPoints' (是否遺漏 using 指示詞或組件參考?) [C:\Users\n2029\Desktop\GameSpace\GameSpace\GameSpace\GameSpace.csproj]
C:\Users\n2029\Desktop\GameSpace\GameSpace\GameSpace\Areas\MiniGame\Controllers\AdminUserController.cs(30,25): error CS0246: 找不到類型或命名空間名稱 'Users' (是否遺漏了 using 指示詞或組件參考?) [C:\Users\n2029\Desktop\GameSpace\GameSpace\GameSpace\GameSpace.csproj]
C:\Users\n2029\Desktop\GameSpace\GameSpace\GameSpace\Areas\MiniGame\Controllers\AdminUserController.cs(74,41): error CS0246: 找不到類型或命名空間名稱 'Users' (是否遺漏了 using 指示詞或組件參考?) [C:\Users\n2029\Desktop\GameSpace\GameSpace\GameSpace\GameSpace.csproj]
C:\Users\n2029\Desktop\GameSpace\GameSpace\GameSpace\Areas\MiniGame\Controllers\AdminWalletController.cs(211,57): error CS0246: 找不到類型或命名空間名稱 'Wallet' (是否遺漏了 using 指示詞或組件參考?) [C:\Users\n2029\Desktop\GameSpace\GameSpace\GameSpace\GameSpace.csproj]
C:\Users\n2029\Desktop\GameSpace\GameSpace\GameSpace\Areas\MiniGame\Controllers\AdminWalletController.cs(213,30): error CS1061: 'WalletHistory' 未包含 'HistoryID' 的定義，也找不到可接受類型 'WalletHistory' 第一個引數的可存取擴充方法 'HistoryID' (是否遺漏 using 指示詞或組件參考?) [C:\Users\n2029\Desktop\GameSpace\GameSpace\GameSpace\GameSpace.csproj]
C:\Users\n2029\Desktop\GameSpace\GameSpace\GameSpace\Areas\MiniGame\Controllers\AdminWalletController.cs(214,28): error CS1061: 'WalletHistory' 未包含 'UserID' 的定義，也找不到可接受類型 'WalletHistory' 第一個引數的可存取擴充方法 'UserID' (是否遺漏 using 指示詞或組件參考?) [C:\Users\n2029\Desktop\GameSpace\GameSpace\GameSpace\GameSpace.csproj]
C:\Users\n2029\Desktop\GameSpace\GameSpace\GameSpace\Areas\MiniGame\Services\SignInStatsService.cs(89,21): error CS0117: 'SignInStatsSummary' 未包含 'TodaySignInCount' 的定義 [C:\Users\n2029\Desktop\GameSpace\GameSpace\GameSpace\GameSpace.csproj]
C:\Users\n2029\Desktop\GameSpace\GameSpace\GameSpace\Areas\MiniGame\Services\SignInStatsService.cs(90,21): error CS0117: 'SignInStatsSummary' 未包含 'ThisWeekSignInCount' 的定義 [C:\Users\n2029\Desktop\GameSpace\GameSpace\GameSpace\GameSpace.csproj]
C:\Users\n2029\Desktop\GameSpace\GameSpace\GameSpace\Areas\MiniGame\Services\SignInStatsService.cs(91,21): error CS0117: 'SignInStatsSummary' 未包含 'ThisMonthSignInCount' 的定義 [C:\Users\n2029\Desktop\GameSpace\GameSpace\GameSpace\GameSpace.csproj]
C:\Users\n2029\Desktop\GameSpace\GameSpace\GameSpace\Areas\MiniGame\Services\SignInStatsService.cs(92,79): error CS1061: 'UserSignInStat' 未包含 'ConsecutiveDays' 的定義，也找不到可接受類型 'UserSignInStat' 第一個引數的可存取擴充方法 'ConsecutiveDays' (是否遺漏 using 指示詞或組件參考?) [C:\Users\n2029\Desktop\GameSpace\GameSpace\GameSpace\GameSpace.csproj]
C:\Users\n2029\Desktop\GameSpace\GameSpace\GameSpace\Areas\MiniGame\Services\SignInStatsService.cs(93,21): error CS0117: 'SignInStatsSummary' 未包含 'PerfectAttendanceCount' 的定義 [C:\Users\n2029\Desktop\GameSpace\GameSpace\GameSpace\GameSpace.csproj]
C:\Users\n2029\Desktop\GameSpace\GameSpace\GameSpace\Areas\MiniGame\Services\SignInStatsService.cs(93,68): error CS1061: 'UserSignInStat' 未包含 'ConsecutiveDays' 的定義，也找不到可接受類型 'UserSignInStat' 第一個引數的可存取擴充方法 'ConsecutiveDays' (是否遺漏 using 指示詞或組件參考?) [C:\Users\n2029\Desktop\GameSpace\GameSpace\GameSpace\GameSpace.csproj]
C:\Users\n2029\Desktop\GameSpace\GameSpace\GameSpace\Areas\MiniGame\Services\SignInStatsService.cs(94,21): error CS0117: 'SignInStatsSummary' 未包含 'TotalPointsGranted' 的定義 [C:\Users\n2029\Desktop\GameSpace\GameSpace\GameSpace\GameSpace.csproj]
C:\Users\n2029\Desktop\GameSpace\GameSpace\GameSpace\Areas\MiniGame\Services\SignInStatsService.cs(94,62): error CS1061: 'UserSignInStat' 未包含 'PointsEarned' 的定義，也找不到可接受類型 'UserSignInStat' 第一個引數的可存取擴充方法 'PointsEarned' (是否遺漏 using 指示詞或組件參考?) [C:\Users\n2029\Desktop\GameSpace\GameSpace\GameSpace\GameSpace.csproj]
C:\Users\n2029\Desktop\GameSpace\GameSpace\GameSpace\Areas\MiniGame\Services\SignInStatsService.cs(95,21): error CS0117: 'SignInStatsSummary' 未包含 'TotalExpGranted' 的定義 [C:\Users\n2029\Desktop\GameSpace\GameSpace\GameSpace\GameSpace.csproj]
C:\Users\n2029\Desktop\GameSpace\GameSpace\GameSpace\Areas\MiniGame\Services\SignInStatsService.cs(95,59): error CS1061: 'UserSignInStat' 未包含 'PetExpEarned' 的定義，也找不到可接受類型 'UserSignInStat' 第一個引數的可存取擴充方法 'PetExpEarned' (是否遺漏 using 指示詞或組件參考?) [C:\Users\n2029\Desktop\GameSpace\GameSpace\GameSpace\GameSpace.csproj]
C:\Users\n2029\Desktop\GameSpace\GameSpace\GameSpace\Areas\MiniGame\Services\SignInStatsService.cs(96,21): error CS0117: 'SignInStatsSummary' 未包含 'TotalCouponsGranted' 的定義 [C:\Users\n2029\Desktop\GameSpace\GameSpace\GameSpace\GameSpace.csproj]
C:\Users\n2029\Desktop\GameSpace\GameSpace\GameSpace\Areas\MiniGame\Services\SignInStatsService.cs(96,65): error CS1061: 'UserSignInStat' 未包含 'CouponEarned' 的定義，也找不到可接受類型 'UserSignInStat' 第一個引數的可存取擴充方法 'CouponEarned' (是否遺漏 using 指示詞或組件參考?) [C:\Users\n2029\Desktop\GameSpace\GameSpace\GameSpace\GameSpace.csproj]
C:\Users\n2029\Desktop\GameSpace\GameSpace\GameSpace\Areas\MiniGame\Controllers\AdminUserController.cs(145,32): error CS0246: 找不到類型或命名空間名稱 'Users' (是否遺漏了 using 指示詞或組件參考?) [C:\Users\n2029\Desktop\GameSpace\GameSpace\GameSpace\GameSpace.csproj]
C:\Users\n2029\Desktop\GameSpace\GameSpace\GameSpace\Areas\MiniGame\Controllers\MiniGameBaseController.cs(344,49): error CS1061: 'SystemSetting' 未包含 'Key' 的定義，也找不到可接受類型 'SystemSetting' 第一個引數的可存取擴充方法 'Key' (是否遺漏 using 指示詞或組件參考?) [C:\Users\n2029\Desktop\GameSpace\GameSpace\GameSpace\GameSpace.csproj]
C:\Users\n2029\Desktop\GameSpace\GameSpace\GameSpace\Areas\MiniGame\Controllers\AdminUserController.cs(194,35): error CS1061: 'User' 未包含 'User_Email' 的定義，也找不到可接受類型 'User' 第一個引數的可存取擴充方法 'User_Email' (是否遺漏 using 指示詞或組件參考?) [C:\Users\n2029\Desktop\GameSpace\GameSpace\GameSpace\GameSpace.csproj]
C:\Users\n2029\Desktop\GameSpace\GameSpace\GameSpace\Areas\MiniGame\Controllers\AdminUserController.cs(195,35): error CS1061: 'User' 未包含 'User_Phone' 的定義，也找不到可接受類型 'User' 第一個引數的可存取擴充方法 'User_Phone' (是否遺漏 using 指示詞或組件參考?) [C:\Users\n2029\Desktop\GameSpace\GameSpace\GameSpace\GameSpace.csproj]
C:\Users\n2029\Desktop\GameSpace\GameSpace\GameSpace\Areas\MiniGame\Controllers\AdminUserController.cs(196,38): error CS1061: 'User' 未包含 'User_Birthday' 的定義，也找不到可接受類型 'User' 第一個引數的可存取擴充方法 'User_Birthday' (是否遺漏 using 指示詞或組件參考?) [C:\Users\n2029\Desktop\GameSpace\GameSpace\GameSpace\GameSpace.csproj]
C:\Users\n2029\Desktop\GameSpace\GameSpace\GameSpace\Areas\MiniGame\Controllers\AdminUserController.cs(197,36): error CS1061: 'User' 未包含 'User_Gender' 的定義，也找不到可接受類型 'User' 第一個引數的可存取擴充方法 'User_Gender' (是否遺漏 using 指示詞或組件參考?) [C:\Users\n2029\Desktop\GameSpace\GameSpace\GameSpace\GameSpace.csproj]
C:\Users\n2029\Desktop\GameSpace\GameSpace\GameSpace\Areas\MiniGame\Controllers\AdminUserController.cs(198,37): error CS1061: 'User' 未包含 'User_Address' 的定義，也找不到可接受類型 'User' 第一個引數的可存取擴充方法 'User_Address' (是否遺漏 using 指示詞或組件參考?) [C:\Users\n2029\Desktop\GameSpace\GameSpace\GameSpace\GameSpace.csproj]
C:\Users\n2029\Desktop\GameSpace\GameSpace\GameSpace\Areas\MiniGame\Controllers\AdminSignInController.cs(33,58): error CS1061: 'UserSignInStats' 未包含 'SignInTime' 的定義，也找不到可接受類型 'UserSignInStats' 第一個引數的可存取擴充方法 'SignInTime' (是否遺漏 using 指示詞或組件參考?) [C:\Users\n2029\Desktop\GameSpace\GameSpace\GameSpace\GameSpace.csproj]
C:\Users\n2029\Desktop\GameSpace\GameSpace\GameSpace\Areas\MiniGame\Controllers\AdminSignInController.cs(35,58): error CS1061: 'UserSignInStats' 未包含 'SignInTime' 的定義，也找不到可接受類型 'UserSignInStats' 第一個引數的可存取擴充方法 'SignInTime' (是否遺漏 using 指示詞或組件參考?) [C:\Users\n2029\Desktop\GameSpace\GameSpace\GameSpace\GameSpace.csproj]
C:\Users\n2029\Desktop\GameSpace\GameSpace\GameSpace\Areas\MiniGame\Controllers\AdminSignInController.cs(37,58): error CS1061: 'UserSignInStats' 未包含 'SignInTime' 的定義，也找不到可接受類型 'UserSignInStats' 第一個引數的可存取擴充方法 'SignInTime' (是否遺漏 using 指示詞或組件參考?) [C:\Users\n2029\Desktop\GameSpace\GameSpace\GameSpace\GameSpace.csproj]
C:\Users\n2029\Desktop\GameSpace\GameSpace\GameSpace\Areas\MiniGame\Controllers\AdminSignInController.cs(43,54): error CS1061: 'UserSignInStats' 未包含 'Users' 的定義，也找不到可接受類型 'UserSignInStats' 第一個引數的可存取擴充方法 'Users' (是否遺漏 using 指示詞或組件參考?) [C:\Users\n2029\Desktop\GameSpace\GameSpace\GameSpace\GameSpace.csproj]
C:\Users\n2029\Desktop\GameSpace\GameSpace\GameSpace\Areas\MiniGame\Controllers\AdminSignInController.cs(44,24): error CS1061: 'UserSignInStats' 未包含 'Users' 的定義，也找不到可接受類型 'UserSignInStats' 第一個引數的可存取擴充方法 'Users' (是否遺漏 using 指示詞或組件參考?) [C:\Users\n2029\Desktop\GameSpace\GameSpace\GameSpace\GameSpace.csproj]
C:\Users\n2029\Desktop\GameSpace\GameSpace\GameSpace\Areas\MiniGame\Controllers\AdminSignInController.cs(44,66): error CS1061: 'UserSignInStats' 未包含 'Users' 的定義，也找不到可接受類型 'UserSignInStats' 第一個引數的可存取擴充方法 'Users' (是否遺漏 using 指示詞或組件參考?) [C:\Users\n2029\Desktop\GameSpace\GameSpace\GameSpace\GameSpace.csproj]
C:\Users\n2029\Desktop\GameSpace\GameSpace\GameSpace\Areas\MiniGame\Controllers\AdminSignInController.cs(50,53): error CS1061: 'UserSignInStats' 未包含 'Users' 的定義，也找不到可接受類型 'UserSignInStats' 第一個引數的可存取擴充方法 'Users' (是否遺漏 using 指示詞或組件參考?) [C:\Users\n2029\Desktop\GameSpace\GameSpace\GameSpace\GameSpace.csproj]
C:\Users\n2029\Desktop\GameSpace\GameSpace\GameSpace\Areas\MiniGame\Controllers\AdminSignInController.cs(51,65): error CS1061: 'UserSignInStats' 未包含 'PointsGained' 的定義，也找不到可接受類型 'UserSignInStats' 第一個引數的可存取擴充方法 'PointsGained' (是否遺漏 using 指示詞或組件參考?) [C:\Users\n2029\Desktop\GameSpace\GameSpace\GameSpace\GameSpace.csproj]
C:\Users\n2029\Desktop\GameSpace\GameSpace\GameSpace\Areas\MiniGame\Controllers\AdminSignInController.cs(53,58): error CS1061: 'UserSignInStats' 未包含 'SignInTime' 的定義，也找不到可接受類型 'UserSignInStats' 第一個引數的可存取擴充方法 'SignInTime' (是否遺漏 using 指示詞或組件參考?) [C:\Users\n2029\Desktop\GameSpace\GameSpace\GameSpace\GameSpace.csproj]
C:\Users\n2029\Desktop\GameSpace\GameSpace\GameSpace\Areas\MiniGame\Controllers\AdminSignInController.cs(64,60): error CS0246: 找不到類型或命名空間名稱 'SignIn' (是否遺漏了 using 指示詞或組件參考?) [C:\Users\n2029\Desktop\GameSpace\GameSpace\GameSpace\GameSpace.csproj]
C:\Users\n2029\Desktop\GameSpace\GameSpace\GameSpace\Areas\MiniGame\Controllers\AdminSignInController.cs(66,30): error CS1061: 'UserSignInStats' 未包含 'LogID' 的定義，也找不到可接受類型 'UserSignInStats' 第一個引數的可存取擴充方法 'LogID' (是否遺漏 using 指示詞或組件參考?) [C:\Users\n2029\Desktop\GameSpace\GameSpace\GameSpace\GameSpace.csproj]
C:\Users\n2029\Desktop\GameSpace\GameSpace\GameSpace\Areas\MiniGame\Controllers\AdminSignInController.cs(68,32): error CS1061: 'UserSignInStats' 未包含 'SignInTime' 的定義，也找不到可接受類型 'UserSignInStats' 第一個引數的可存取擴充方法 'SignInTime' (是否遺漏 using 指示詞或組件參考?) [C:\Users\n2029\Desktop\GameSpace\GameSpace\GameSpace\GameSpace.csproj]
C:\Users\n2029\Desktop\GameSpace\GameSpace\GameSpace\Areas\MiniGame\Controllers\AdminSignInController.cs(69,34): error CS1061: 'UserSignInStats' 未包含 'PointsGained' 的定義，也找不到可接受類型 'UserSignInStats' 第一個引數的可存取擴充方法 'PointsGained' (是否遺漏 using 指示詞或組件參考?) [C:\Users\n2029\Desktop\GameSpace\GameSpace\GameSpace\GameSpace.csproj]
C:\Users\n2029\Desktop\GameSpace\GameSpace\GameSpace\Areas\MiniGame\Controllers\AdminSignInController.cs(71,27): error CS1061: 'UserSignInStats' 未包含 'Users' 的定義，也找不到可接受類型 'UserSignInStats' 第一個引數的可存取擴充方法 'Users' (是否遺漏 using 指示詞或組件參考?) [C:\Users\n2029\Desktop\GameSpace\GameSpace\GameSpace\GameSpace.csproj]
C:\Users\n2029\Desktop\GameSpace\GameSpace\GameSpace\Areas\MiniGame\Controllers\AdminSignInController.cs(77,31): error CS0246: 找不到類型或命名空間名稱 'PagedResult<>' (是否遺漏了 using 指示詞或組件參考?) [C:\Users\n2029\Desktop\GameSpace\GameSpace\GameSpace\GameSpace.csproj]
C:\Users\n2029\Desktop\GameSpace\GameSpace\GameSpace\Areas\MiniGame\Controllers\AdminSignInController.cs(77,43): error CS0246: 找不到類型或命名空間名稱 'SignIn' (是否遺漏了 using 指示詞或組件參考?) [C:\Users\n2029\Desktop\GameSpace\GameSpace\GameSpace\GameSpace.csproj]
C:\Users\n2029\Desktop\GameSpace\GameSpace\GameSpace\Areas\MiniGame\Controllers\AdminSignInController.cs(92,64): error CS1061: 'UserSignInStats' 未包含 'SignInTime' 的定義，也找不到可接受類型 'UserSignInStats' 第一個引數的可存取擴充方法 'SignInTime' (是否遺漏 using 指示詞或組件參考?) [C:\Users\n2029\Desktop\GameSpace\GameSpace\GameSpace\GameSpace.csproj]
C:\Users\n2029\Desktop\GameSpace\GameSpace\GameSpace\Areas\MiniGame\Controllers\AdminSignInController.cs(93,63): error CS1061: 'UserSignInStats' 未包含 'SignInTime' 的定義，也找不到可接受類型 'UserSignInStats' 第一個引數的可存取擴充方法 'SignInTime' (是否遺漏 using 指示詞或組件參考?) [C:\Users\n2029\Desktop\GameSpace\GameSpace\GameSpace\GameSpace.csproj]
C:\Users\n2029\Desktop\GameSpace\GameSpace\GameSpace\Areas\MiniGame\Controllers\AdminSignInController.cs(94,64): error CS1061: 'UserSignInStats' 未包含 'SignInTime' 的定義，也找不到可接受類型 'UserSignInStats' 第一個引數的可存取擴充方法 'SignInTime' (是否遺漏 using 指示詞或組件參考?) [C:\Users\n2029\Desktop\GameSpace\GameSpace\GameSpace\GameSpace.csproj]
C:\Users\n2029\Desktop\GameSpace\GameSpace\GameSpace\Areas\MiniGame\Controllers\MiniGameBaseController.cs(359,49): error CS1061: 'SystemSetting' 未包含 'Key' 的定義，也找不到可接受類型 'SystemSetting' 第一個引數的可存取擴充方法 'Key' (是否遺漏 using 指示詞或組件參考?) [C:\Users\n2029\Desktop\GameSpace\GameSpace\GameSpace\GameSpace.csproj]
C:\Users\n2029\Desktop\GameSpace\GameSpace\GameSpace\Areas\MiniGame\Controllers\MiniGameBaseController.cs(365,25): error CS0117: 'SystemSetting' 未包含 'Key' 的定義 [C:\Users\n2029\Desktop\GameSpace\GameSpace\GameSpace\GameSpace.csproj]
C:\Users\n2029\Desktop\GameSpace\GameSpace\GameSpace\Areas\MiniGame\Controllers\MiniGameBaseController.cs(366,25): error CS0117: 'SystemSetting' 未包含 'Value' 的定義 [C:\Users\n2029\Desktop\GameSpace\GameSpace\GameSpace\GameSpace.csproj]
C:\Users\n2029\Desktop\GameSpace\GameSpace\GameSpace\Areas\MiniGame\Controllers\MiniGameBaseController.cs(367,25): error CS0117: 'SystemSetting' 未包含 'CreatedTime' 的定義 [C:\Users\n2029\Desktop\GameSpace\GameSpace\GameSpace\GameSpace.csproj]
C:\Users\n2029\Desktop\GameSpace\GameSpace\GameSpace\Areas\MiniGame\Controllers\AdminUserController.cs(241,22): error CS1061: 'User' 未包含 'User_Email' 的定義，也找不到可接受類型 'User' 第一個引數的可存取擴充方法 'User_Email' (是否遺漏 using 指示詞或組件參考?) [C:\Users\n2029\Desktop\GameSpace\GameSpace\GameSpace\GameSpace.csproj]
C:\Users\n2029\Desktop\GameSpace\GameSpace\GameSpace\Areas\MiniGame\Controllers\AdminUserController.cs(242,22): error CS1061: 'User' 未包含 'User_Phone' 的定義，也找不到可接受類型 'User' 第一個引數的可存取擴充方法 'User_Phone' (是否遺漏 using 指示詞或組件參考?) [C:\Users\n2029\Desktop\GameSpace\GameSpace\GameSpace\GameSpace.csproj]
C:\Users\n2029\Desktop\GameSpace\GameSpace\GameSpace\Areas\MiniGame\Controllers\AdminUserController.cs(243,22): error CS1061: 'User' 未包含 'User_Birthday' 的定義，也找不到可接受類型 'User' 第一個引數的可存取擴充方法 'User_Birthday' (是否遺漏 using 指示詞或組件參考?) [C:\Users\n2029\Desktop\GameSpace\GameSpace\GameSpace\GameSpace.csproj]
C:\Users\n2029\Desktop\GameSpace\GameSpace\GameSpace\Areas\MiniGame\Controllers\AdminUserController.cs(244,22): error CS1061: 'User' 未包含 'User_Gender' 的定義，也找不到可接受類型 'User' 第一個引數的可存取擴充方法 'User_Gender' (是否遺漏 using 指示詞或組件參考?) [C:\Users\n2029\Desktop\GameSpace\GameSpace\GameSpace\GameSpace.csproj]
C:\Users\n2029\Desktop\GameSpace\GameSpace\GameSpace\Areas\MiniGame\Controllers\AdminUserController.cs(245,22): error CS1061: 'User' 未包含 'User_Address' 的定義，也找不到可接受類型 'User' 第一個引數的可存取擴充方法 'User_Address' (是否遺漏 using 指示詞或組件參考?) [C:\Users\n2029\Desktop\GameSpace\GameSpace\GameSpace\GameSpace.csproj]
C:\Users\n2029\Desktop\GameSpace\GameSpace\GameSpace\Areas\MiniGame\Controllers\AdminUserController.cs(256,26): error CS1061: 'User' 未包含 'User_Password' 的定義，也找不到可接受類型 'User' 第一個引數的可存取擴充方法 'User_Password' (是否遺漏 using 指示詞或組件參考?) [C:\Users\n2029\Desktop\GameSpace\GameSpace\GameSpace\GameSpace.csproj]
C:\Users\n2029\Desktop\GameSpace\GameSpace\GameSpace\Areas\MiniGame\Services\SignInStatsService.cs(171,47): error CS1503: 引數 1: 無法從 'string' 轉換成 'int' [C:\Users\n2029\Desktop\GameSpace\GameSpace\GameSpace\GameSpace.csproj]
C:\Users\n2029\Desktop\GameSpace\GameSpace\GameSpace\Areas\MiniGame\Services\SignInStatsService.cs(172,46): error CS1503: 引數 1: 無法從 'string' 轉換成 'int' [C:\Users\n2029\Desktop\GameSpace\GameSpace\GameSpace\GameSpace.csproj]
C:\Users\n2029\Desktop\GameSpace\GameSpace\GameSpace\Areas\MiniGame\Services\SignInStatsService.cs(173,51): error CS1503: 引數 1: 無法從 'string' 轉換成 'int' [C:\Users\n2029\Desktop\GameSpace\GameSpace\GameSpace\GameSpace.csproj]
C:\Users\n2029\Desktop\GameSpace\GameSpace\GameSpace\Areas\MiniGame\Services\SignInStatsService.cs(174,52): error CS1503: 引數 1: 無法從 'string' 轉換成 'int' [C:\Users\n2029\Desktop\GameSpace\GameSpace\GameSpace\GameSpace.csproj]
C:\Users\n2029\Desktop\GameSpace\GameSpace\GameSpace\Areas\MiniGame\Services\SignInStatsService.cs(175,52): error CS1503: 引數 1: 無法從 'string' 轉換成 'int' [C:\Users\n2029\Desktop\GameSpace\GameSpace\GameSpace\GameSpace.csproj]
C:\Users\n2029\Desktop\GameSpace\GameSpace\GameSpace\Areas\MiniGame\Services\SignInStatsService.cs(176,52): error CS1503: 引數 1: 無法從 'string' 轉換成 'int' [C:\Users\n2029\Desktop\GameSpace\GameSpace\GameSpace\GameSpace.csproj]
C:\Users\n2029\Desktop\GameSpace\GameSpace\GameSpace\Areas\MiniGame\Services\SignInStatsService.cs(176,93): error CS1503: 引數 1: 無法從 'string' 轉換成 'int' [C:\Users\n2029\Desktop\GameSpace\GameSpace\GameSpace\GameSpace.csproj]
C:\Users\n2029\Desktop\GameSpace\GameSpace\GameSpace\Areas\MiniGame\Services\SignInStatsService.cs(177,55): error CS1503: 引數 1: 無法從 'string' 轉換成 'int' [C:\Users\n2029\Desktop\GameSpace\GameSpace\GameSpace\GameSpace.csproj]
C:\Users\n2029\Desktop\GameSpace\GameSpace\GameSpace\Areas\MiniGame\Controllers\AdminUserController.cs(352,22): error CS1061: 'User' 未包含 'User_Password' 的定義，也找不到可接受類型 'User' 第一個引數的可存取擴充方法 'User_Password' (是否遺漏 using 指示詞或組件參考?) [C:\Users\n2029\Desktop\GameSpace\GameSpace\GameSpace\GameSpace.csproj]
C:\Users\n2029\Desktop\GameSpace\GameSpace\GameSpace\Areas\MiniGame\Services\SignInStatsService.cs(200,47): error CS1503: 引數 1: 無法從 'string' 轉換成 'int' [C:\Users\n2029\Desktop\GameSpace\GameSpace\GameSpace\GameSpace.csproj]
C:\Users\n2029\Desktop\GameSpace\GameSpace\GameSpace\Areas\MiniGame\Services\SignInStatsService.cs(201,46): error CS1503: 引數 1: 無法從 'string' 轉換成 'int' [C:\Users\n2029\Desktop\GameSpace\GameSpace\GameSpace\GameSpace.csproj]
C:\Users\n2029\Desktop\GameSpace\GameSpace\GameSpace\Areas\MiniGame\Services\SignInStatsService.cs(202,51): error CS1503: 引數 1: 無法從 'string' 轉換成 'int' [C:\Users\n2029\Desktop\GameSpace\GameSpace\GameSpace\GameSpace.csproj]
C:\Users\n2029\Desktop\GameSpace\GameSpace\GameSpace\Areas\MiniGame\Services\SignInStatsService.cs(203,52): error CS1503: 引數 1: 無法從 'string' 轉換成 'int' [C:\Users\n2029\Desktop\GameSpace\GameSpace\GameSpace\GameSpace.csproj]
C:\Users\n2029\Desktop\GameSpace\GameSpace\GameSpace\Areas\MiniGame\Services\SignInStatsService.cs(204,52): error CS1503: 引數 1: 無法從 'string' 轉換成 'int' [C:\Users\n2029\Desktop\GameSpace\GameSpace\GameSpace\GameSpace.csproj]
C:\Users\n2029\Desktop\GameSpace\GameSpace\GameSpace\Areas\MiniGame\Services\SignInStatsService.cs(205,52): error CS1503: 引數 1: 無法從 'string' 轉換成 'int' [C:\Users\n2029\Desktop\GameSpace\GameSpace\GameSpace\GameSpace.csproj]
C:\Users\n2029\Desktop\GameSpace\GameSpace\GameSpace\Areas\MiniGame\Services\SignInStatsService.cs(205,93): error CS1503: 引數 1: 無法從 'string' 轉換成 'int' [C:\Users\n2029\Desktop\GameSpace\GameSpace\GameSpace\GameSpace.csproj]
C:\Users\n2029\Desktop\GameSpace\GameSpace\GameSpace\Areas\MiniGame\Services\SignInStatsService.cs(206,55): error CS1503: 引數 1: 無法從 'string' 轉換成 'int' [C:\Users\n2029\Desktop\GameSpace\GameSpace\GameSpace\GameSpace.csproj]
C:\Users\n2029\Desktop\GameSpace\GameSpace\GameSpace\Areas\MiniGame\Services\SignInStatsService.cs(225,47): error CS1503: 引數 1: 無法從 'string' 轉換成 'int' [C:\Users\n2029\Desktop\GameSpace\GameSpace\GameSpace\GameSpace.csproj]
C:\Users\n2029\Desktop\GameSpace\GameSpace\GameSpace\Areas\MiniGame\Services\SignInStatsService.cs(226,46): error CS1503: 引數 1: 無法從 'string' 轉換成 'int' [C:\Users\n2029\Desktop\GameSpace\GameSpace\GameSpace\GameSpace.csproj]
C:\Users\n2029\Desktop\GameSpace\GameSpace\GameSpace\Areas\MiniGame\Services\SignInStatsService.cs(227,51): error CS1503: 引數 1: 無法從 'string' 轉換成 'int' [C:\Users\n2029\Desktop\GameSpace\GameSpace\GameSpace\GameSpace.csproj]
C:\Users\n2029\Desktop\GameSpace\GameSpace\GameSpace\Areas\MiniGame\Services\SignInStatsService.cs(228,52): error CS1503: 引數 1: 無法從 'string' 轉換成 'int' [C:\Users\n2029\Desktop\GameSpace\GameSpace\GameSpace\GameSpace.csproj]
C:\Users\n2029\Desktop\GameSpace\GameSpace\GameSpace\Areas\MiniGame\Services\SignInStatsService.cs(229,52): error CS1503: 引數 1: 無法從 'string' 轉換成 'int' [C:\Users\n2029\Desktop\GameSpace\GameSpace\GameSpace\GameSpace.csproj]
C:\Users\n2029\Desktop\GameSpace\GameSpace\GameSpace\Areas\MiniGame\Services\SignInStatsService.cs(230,52): error CS1503: 引數 1: 無法從 'string' 轉換成 'int' [C:\Users\n2029\Desktop\GameSpace\GameSpace\GameSpace\GameSpace.csproj]
C:\Users\n2029\Desktop\GameSpace\GameSpace\GameSpace\Areas\MiniGame\Services\SignInStatsService.cs(230,93): error CS1503: 引數 1: 無法從 'string' 轉換成 'int' [C:\Users\n2029\Desktop\GameSpace\GameSpace\GameSpace\GameSpace.csproj]
C:\Users\n2029\Desktop\GameSpace\GameSpace\GameSpace\Areas\MiniGame\Services\SignInStatsService.cs(231,55): error CS1503: 引數 1: 無法從 'string' 轉換成 'int' [C:\Users\n2029\Desktop\GameSpace\GameSpace\GameSpace\GameSpace.csproj]
C:\Users\n2029\Desktop\GameSpace\GameSpace\GameSpace\Areas\MiniGame\Controllers\AdminUserController.cs(416,27): error CS1061: 'User' 未包含 'User_Email' 的定義，也找不到可接受類型 'User' 第一個引數的可存取擴充方法 'User_Email' (是否遺漏 using 指示詞或組件參考?) [C:\Users\n2029\Desktop\GameSpace\GameSpace\GameSpace\GameSpace.csproj]
C:\Users\n2029\Desktop\GameSpace\GameSpace\GameSpace\Areas\MiniGame\Services\SignInStatsService.cs(313,47): error CS1503: 引數 1: 無法從 'string' 轉換成 'int' [C:\Users\n2029\Desktop\GameSpace\GameSpace\GameSpace\GameSpace.csproj]
C:\Users\n2029\Desktop\GameSpace\GameSpace\GameSpace\Areas\MiniGame\Services\SignInStatsService.cs(314,46): error CS1503: 引數 1: 無法從 'string' 轉換成 'int' [C:\Users\n2029\Desktop\GameSpace\GameSpace\GameSpace\GameSpace.csproj]
C:\Users\n2029\Desktop\GameSpace\GameSpace\GameSpace\Areas\MiniGame\Services\SignInStatsService.cs(315,51): error CS1503: 引數 1: 無法從 'string' 轉換成 'int' [C:\Users\n2029\Desktop\GameSpace\GameSpace\GameSpace\GameSpace.csproj]
C:\Users\n2029\Desktop\GameSpace\GameSpace\GameSpace\Areas\MiniGame\Services\SignInStatsService.cs(316,52): error CS1503: 引數 1: 無法從 'string' 轉換成 'int' [C:\Users\n2029\Desktop\GameSpace\GameSpace\GameSpace\GameSpace.csproj]
C:\Users\n2029\Desktop\GameSpace\GameSpace\GameSpace\Areas\MiniGame\Services\SignInStatsService.cs(317,52): error CS1503: 引數 1: 無法從 'string' 轉換成 'int' [C:\Users\n2029\Desktop\GameSpace\GameSpace\GameSpace\GameSpace.csproj]
C:\Users\n2029\Desktop\GameSpace\GameSpace\GameSpace\Areas\MiniGame\Services\SignInStatsService.cs(318,52): error CS1503: 引數 1: 無法從 'string' 轉換成 'int' [C:\Users\n2029\Desktop\GameSpace\GameSpace\GameSpace\GameSpace.csproj]
C:\Users\n2029\Desktop\GameSpace\GameSpace\GameSpace\Areas\MiniGame\Services\SignInStatsService.cs(318,93): error CS1503: 引數 1: 無法從 'string' 轉換成 'int' [C:\Users\n2029\Desktop\GameSpace\GameSpace\GameSpace\GameSpace.csproj]
C:\Users\n2029\Desktop\GameSpace\GameSpace\GameSpace\Areas\MiniGame\Services\SignInStatsService.cs(319,55): error CS1503: 引數 1: 無法從 'string' 轉換成 'int' [C:\Users\n2029\Desktop\GameSpace\GameSpace\GameSpace\GameSpace.csproj]
C:\Users\n2029\Desktop\GameSpace\GameSpace\GameSpace\Areas\MiniGame\Controllers\AdminSignInController.cs(115,30): error CS0246: 找不到類型或命名空間名稱 'SignIn' (是否遺漏了 using 指示詞或組件參考?) [C:\Users\n2029\Desktop\GameSpace\GameSpace\GameSpace\GameSpace.csproj]
C:\Users\n2029\Desktop\GameSpace\GameSpace\GameSpace\Areas\MiniGame\Controllers\AdminSignInController.cs(117,41): error CS1061: 'UserSignInStats' 未包含 'LogID' 的定義，也找不到可接受類型 'UserSignInStats' 第一個引數的可存取擴充方法 'LogID' (是否遺漏 using 指示詞或組件參考?) [C:\Users\n2029\Desktop\GameSpace\GameSpace\GameSpace\GameSpace.csproj]
C:\Users\n2029\Desktop\GameSpace\GameSpace\GameSpace\Areas\MiniGame\Controllers\AdminSignInController.cs(119,43): error CS1061: 'UserSignInStats' 未包含 'SignInTime' 的定義，也找不到可接受類型 'UserSignInStats' 第一個引數的可存取擴充方法 'SignInTime' (是否遺漏 using 指示詞或組件參考?) [C:\Users\n2029\Desktop\GameSpace\GameSpace\GameSpace\GameSpace.csproj]
C:\Users\n2029\Desktop\GameSpace\GameSpace\GameSpace\Areas\MiniGame\Controllers\AdminSignInController.cs(120,45): error CS1061: 'UserSignInStats' 未包含 'PointsGained' 的定義，也找不到可接受類型 'UserSignInStats' 第一個引數的可存取擴充方法 'PointsGained' (是否遺漏 using 指示詞或組件參考?) [C:\Users\n2029\Desktop\GameSpace\GameSpace\GameSpace\GameSpace.csproj]
C:\Users\n2029\Desktop\GameSpace\GameSpace\GameSpace\Areas\MiniGame\Controllers\AdminSignInController.cs(122,38): error CS1061: 'UserSignInStats' 未包含 'Users' 的定義，也找不到可接受類型 'UserSignInStats' 第一個引數的可存取擴充方法 'Users' (是否遺漏 using 指示詞或組件參考?) [C:\Users\n2029\Desktop\GameSpace\GameSpace\GameSpace\GameSpace.csproj]
C:\Users\n2029\Desktop\GameSpace\GameSpace\GameSpace\Areas\MiniGame\Services\SignInService.cs(46,21): error CS0117: 'UserSignInStats' 未包含 'SignInTime' 的定義 [C:\Users\n2029\Desktop\GameSpace\GameSpace\GameSpace\GameSpace.csproj]
C:\Users\n2029\Desktop\GameSpace\GameSpace\GameSpace\Areas\MiniGame\Services\SignInService.cs(48,21): error CS0117: 'UserSignInStats' 未包含 'PointsGained' 的定義 [C:\Users\n2029\Desktop\GameSpace\GameSpace\GameSpace\GameSpace.csproj]
C:\Users\n2029\Desktop\GameSpace\GameSpace\GameSpace\Areas\MiniGame\Services\SignInService.cs(49,21): error CS0117: 'UserSignInStats' 未包含 'ExpGained' 的定義 [C:\Users\n2029\Desktop\GameSpace\GameSpace\GameSpace\GameSpace.csproj]
C:\Users\n2029\Desktop\GameSpace\GameSpace\GameSpace\Areas\MiniGame\Services\SignInService.cs(50,21): error CS0117: 'UserSignInStats' 未包含 'CouponGained' 的定義 [C:\Users\n2029\Desktop\GameSpace\GameSpace\GameSpace\GameSpace.csproj]
C:\Users\n2029\Desktop\GameSpace\GameSpace\GameSpace\Areas\MiniGame\Services\SignInService.cs(52,26): error CS1061: 'GameSpacedatabaseContext' 未包含 'User_SignInStats' 的定義，也找不到可接受類型 'GameSpacedatabaseContext' 第一個引數的可存取擴充方法 'User_SignInStats' (是否遺漏 using 指示詞或組件參考?) [C:\Users\n2029\Desktop\GameSpace\GameSpace\GameSpace\GameSpace.csproj]
C:\Users\n2029\Desktop\GameSpace\GameSpace\GameSpace\Areas\MiniGame\Services\SignInService.cs(69,48): error CS1061: 'GameSpacedatabaseContext' 未包含 'User_SignInStats' 的定義，也找不到可接受類型 'GameSpacedatabaseContext' 第一個引數的可存取擴充方法 'User_SignInStats' (是否遺漏 using 指示詞或組件參考?) [C:\Users\n2029\Desktop\GameSpace\GameSpace\GameSpace\GameSpace.csproj]
C:\Users\n2029\Desktop\GameSpace\GameSpace\GameSpace\Areas\MiniGame\Controllers\AdminSignInController.cs(166,49): error CS1061: 'UserSignInStats' 未包含 'SignInTime' 的定義，也找不到可接受類型 'UserSignInStats' 第一個引數的可存取擴充方法 'SignInTime' (是否遺漏 using 指示詞或組件參考?) [C:\Users\n2029\Desktop\GameSpace\GameSpace\GameSpace\GameSpace.csproj]
C:\Users\n2029\Desktop\GameSpace\GameSpace\GameSpace\Areas\MiniGame\Controllers\AdminSignInController.cs(167,52): error CS1061: 'UserSignInStats' 未包含 'SignInTime' 的定義，也找不到可接受類型 'UserSignInStats' 第一個引數的可存取擴充方法 'SignInTime' (是否遺漏 using 指示詞或組件參考?) [C:\Users\n2029\Desktop\GameSpace\GameSpace\GameSpace\GameSpace.csproj]
C:\Users\n2029\Desktop\GameSpace\GameSpace\GameSpace\Areas\MiniGame\Controllers\AdminSignInController.cs(168,53): error CS1061: 'UserSignInStats' 未包含 'SignInTime' 的定義，也找不到可接受類型 'UserSignInStats' 第一個引數的可存取擴充方法 'SignInTime' (是否遺漏 using 指示詞或組件參考?) [C:\Users\n2029\Desktop\GameSpace\GameSpace\GameSpace\GameSpace.csproj]
C:\Users\n2029\Desktop\GameSpace\GameSpace\GameSpace\Areas\MiniGame\Services\SignInService.cs(77,45): error CS1061: 'GameSpacedatabaseContext' 未包含 'User_SignInStats' 的定義，也找不到可接受類型 'GameSpacedatabaseContext' 第一個引數的可存取擴充方法 'User_SignInStats' (是否遺漏 using 指示詞或組件參考?) [C:\Users\n2029\Desktop\GameSpace\GameSpace\GameSpace\GameSpace.csproj]
C:\Users\n2029\Desktop\GameSpace\GameSpace\GameSpace\Areas\MiniGame\Services\SignInService.cs(87,45): error CS1061: 'GameSpacedatabaseContext' 未包含 'User_SignInStats' 的定義，也找不到可接受類型 'GameSpacedatabaseContext' 第一個引數的可存取擴充方法 'User_SignInStats' (是否遺漏 using 指示詞或組件參考?) [C:\Users\n2029\Desktop\GameSpace\GameSpace\GameSpace\GameSpace.csproj]
C:\Users\n2029\Desktop\GameSpace\GameSpace\GameSpace\Areas\MiniGame\Services\SignInService.cs(98,35): error CS1061: 'GameSpacedatabaseContext' 未包含 'User_SignInStats' 的定義，也找不到可接受類型 'GameSpacedatabaseContext' 第一個引數的可存取擴充方法 'User_SignInStats' (是否遺漏 using 指示詞或組件參考?) [C:\Users\n2029\Desktop\GameSpace\GameSpace\GameSpace\GameSpace.csproj]
C:\Users\n2029\Desktop\GameSpace\GameSpace\GameSpace\Areas\MiniGame\Services\SignInService.cs(108,35): error CS1061: 'GameSpacedatabaseContext' 未包含 'User_SignInStats' 的定義，也找不到可接受類型 'GameSpacedatabaseContext' 第一個引數的可存取擴充方法 'User_SignInStats' (是否遺漏 using 指示詞或組件參考?) [C:\Users\n2029\Desktop\GameSpace\GameSpace\GameSpace\GameSpace.csproj]
C:\Users\n2029\Desktop\GameSpace\GameSpace\GameSpace\Areas\MiniGame\Services\SignInService.cs(118,35): error CS1061: 'GameSpacedatabaseContext' 未包含 'User_SignInStats' 的定義，也找不到可接受類型 'GameSpacedatabaseContext' 第一個引數的可存取擴充方法 'User_SignInStats' (是否遺漏 using 指示詞或組件參考?) [C:\Users\n2029\Desktop\GameSpace\GameSpace\GameSpace\GameSpace.csproj]
C:\Users\n2029\Desktop\GameSpace\GameSpace\GameSpace\Areas\MiniGame\Services\SignInService.cs(127,35): error CS1061: 'GameSpacedatabaseContext' 未包含 'User_SignInStats' 的定義，也找不到可接受類型 'GameSpacedatabaseContext' 第一個引數的可存取擴充方法 'User_SignInStats' (是否遺漏 using 指示詞或組件參考?) [C:\Users\n2029\Desktop\GameSpace\GameSpace\GameSpace\GameSpace.csproj]
C:\Users\n2029\Desktop\GameSpace\GameSpace\GameSpace\Areas\MiniGame\Services\SignInService.cs(178,45): error CS1061: 'GameSpacedatabaseContext' 未包含 'User_Wallet' 的定義，也找不到可接受類型 'GameSpacedatabaseContext' 第一個引數的可存取擴充方法 'User_Wallet' (是否遺漏 using 指示詞或組件參考?) [C:\Users\n2029\Desktop\GameSpace\GameSpace\GameSpace\GameSpace.csproj]
C:\Users\n2029\Desktop\GameSpace\GameSpace\GameSpace\Areas\MiniGame\Services\SignInService.cs(185,25): error CS0117: 'WalletHistory' 未包含 'UserID' 的定義 [C:\Users\n2029\Desktop\GameSpace\GameSpace\GameSpace\GameSpace.csproj]
C:\Users\n2029\Desktop\GameSpace\GameSpace\GameSpace\Areas\MiniGame\Services\SignInService.cs(192,30): error CS1061: 'GameSpacedatabaseContext' 未包含 'WalletHistory' 的定義，也找不到可接受類型 'GameSpacedatabaseContext' 第一個引數的可存取擴充方法 'WalletHistory' (是否遺漏 using 指示詞或組件參考?) [C:\Users\n2029\Desktop\GameSpace\GameSpace\GameSpace\GameSpace.csproj]
C:\Users\n2029\Desktop\GameSpace\GameSpace\GameSpace\Areas\MiniGame\Services\SignInService.cs(196,42): error CS1061: 'GameSpacedatabaseContext' 未包含 'Pet' 的定義，也找不到可接受類型 'GameSpacedatabaseContext' 第一個引數的可存取擴充方法 'Pet' (是否遺漏 using 指示詞或組件參考?) [C:\Users\n2029\Desktop\GameSpace\GameSpace\GameSpace\GameSpace.csproj]
C:\Users\n2029\Desktop\GameSpace\GameSpace\GameSpace\Areas\MiniGame\Services\SignInService.cs(206,53): error CS1061: 'GameSpacedatabaseContext' 未包含 'CouponType' 的定義，也找不到可接受類型 'GameSpacedatabaseContext' 第一個引數的可存取擴充方法 'CouponType' (是否遺漏 using 指示詞或組件參考?) [C:\Users\n2029\Desktop\GameSpace\GameSpace\GameSpace\GameSpace.csproj]
C:\Users\n2029\Desktop\GameSpace\GameSpace\GameSpace\Areas\MiniGame\Services\SignInService.cs(211,29): error CS0117: 'Coupon' 未包含 'UserID' 的定義 [C:\Users\n2029\Desktop\GameSpace\GameSpace\GameSpace\GameSpace.csproj]
C:\Users\n2029\Desktop\GameSpace\GameSpace\GameSpace\Areas\MiniGame\Services\SignInService.cs(212,29): error CS0117: 'Coupon' 未包含 'CouponTypeID' 的定義 [C:\Users\n2029\Desktop\GameSpace\GameSpace\GameSpace\GameSpace.csproj]
C:\Users\n2029\Desktop\GameSpace\GameSpace\GameSpace\Areas\MiniGame\Services\SignInService.cs(214,29): error CS0117: 'Coupon' 未包含 'IssueTime' 的定義 [C:\Users\n2029\Desktop\GameSpace\GameSpace\GameSpace\GameSpace.csproj]
C:\Users\n2029\Desktop\GameSpace\GameSpace\GameSpace\Areas\MiniGame\Services\SignInService.cs(215,29): error CS0117: 'Coupon' 未包含 'ExpiryTime' 的定義 [C:\Users\n2029\Desktop\GameSpace\GameSpace\GameSpace\GameSpace.csproj]
C:\Users\n2029\Desktop\GameSpace\GameSpace\GameSpace\Areas\MiniGame\Services\SignInService.cs(218,34): error CS1061: 'GameSpacedatabaseContext' 未包含 'Coupon' 的定義，也找不到可接受類型 'GameSpacedatabaseContext' 第一個引數的可存取擴充方法 'Coupon' (是否遺漏 using 指示詞或組件參考?) [C:\Users\n2029\Desktop\GameSpace\GameSpace\GameSpace\GameSpace.csproj]
C:\Users\n2029\Desktop\GameSpace\GameSpace\GameSpace\Areas\MiniGame\Services\SignInService.cs(247,45): error CS1061: 'GameSpacedatabaseContext' 未包含 'User_SignInStats' 的定義，也找不到可接受類型 'GameSpacedatabaseContext' 第一個引數的可存取擴充方法 'User_SignInStats' (是否遺漏 using 指示詞或組件參考?) [C:\Users\n2029\Desktop\GameSpace\GameSpace\GameSpace\GameSpace.csproj]
C:\Users\n2029\Desktop\GameSpace\GameSpace\GameSpace\Areas\MiniGame\Controllers\AdminSignInController.cs(307,58): error CS1061: 'UserSignInStats' 未包含 'SignInTime' 的定義，也找不到可接受類型 'UserSignInStats' 第一個引數的可存取擴充方法 'SignInTime' (是否遺漏 using 指示詞或組件參考?) [C:\Users\n2029\Desktop\GameSpace\GameSpace\GameSpace\GameSpace.csproj]
C:\Users\n2029\Desktop\GameSpace\GameSpace\GameSpace\Areas\MiniGame\Controllers\AdminSignInController.cs(307,103): error CS1061: 'UserSignInStats' 未包含 'SignInTime' 的定義，也找不到可接受類型 'UserSignInStats' 第一個引數的可存取擴充方法 'SignInTime' (是否遺漏 using 指示詞或組件參考?) [C:\Users\n2029\Desktop\GameSpace\GameSpace\GameSpace\GameSpace.csproj]
C:\Users\n2029\Desktop\GameSpace\GameSpace\GameSpace\Areas\MiniGame\Services\SignInService.cs(272,45): error CS1061: 'GameSpacedatabaseContext' 未包含 'User_SignInStats' 的定義，也找不到可接受類型 'GameSpacedatabaseContext' 第一個引數的可存取擴充方法 'User_SignInStats' (是否遺漏 using 指示詞或組件參考?) [C:\Users\n2029\Desktop\GameSpace\GameSpace\GameSpace\GameSpace.csproj]
C:\Users\n2029\Desktop\GameSpace\GameSpace\GameSpace\Areas\MiniGame\Services\SignInService.cs(289,42): error CS1061: 'GameSpacedatabaseContext' 未包含 'User_SignInStats' 的定義，也找不到可接受類型 'GameSpacedatabaseContext' 第一個引數的可存取擴充方法 'User_SignInStats' (是否遺漏 using 指示詞或組件參考?) [C:\Users\n2029\Desktop\GameSpace\GameSpace\GameSpace\GameSpace.csproj]
C:\Users\n2029\Desktop\GameSpace\GameSpace\GameSpace\Areas\MiniGame\Controllers\AdminSignInController.cs(416,53): error CS1061: 'UserSignInStats' 未包含 'Users' 的定義，也找不到可接受類型 'UserSignInStats' 第一個引數的可存取擴充方法 'Users' (是否遺漏 using 指示詞或組件參考?) [C:\Users\n2029\Desktop\GameSpace\GameSpace\GameSpace\GameSpace.csproj]
C:\Users\n2029\Desktop\GameSpace\GameSpace\GameSpace\Areas\MiniGame\Services\SignInService.cs(303,43): error CS1061: 'GameSpacedatabaseContext' 未包含 'User_SignInStats' 的定義，也找不到可接受類型 'GameSpacedatabaseContext' 第一個引數的可存取擴充方法 'User_SignInStats' (是否遺漏 using 指示詞或組件參考?) [C:\Users\n2029\Desktop\GameSpace\GameSpace\GameSpace\GameSpace.csproj]
C:\Users\n2029\Desktop\GameSpace\GameSpace\GameSpace\Areas\MiniGame\Services\SignInService.cs(325,35): error CS1061: 'GameSpacedatabaseContext' 未包含 'SignInRules' 的定義，也找不到可接受類型 'GameSpacedatabaseContext' 第一個引數的可存取擴充方法 'SignInRules' (是否遺漏 using 指示詞或組件參考?) [C:\Users\n2029\Desktop\GameSpace\GameSpace\GameSpace\GameSpace.csproj]
C:\Users\n2029\Desktop\GameSpace\GameSpace\GameSpace\Areas\MiniGame\Services\SignInService.cs(332,35): error CS1061: 'GameSpacedatabaseContext' 未包含 'SignInRules' 的定義，也找不到可接受類型 'GameSpacedatabaseContext' 第一個引數的可存取擴充方法 'SignInRules' (是否遺漏 using 指示詞或組件參考?) [C:\Users\n2029\Desktop\GameSpace\GameSpace\GameSpace\GameSpace.csproj]
C:\Users\n2029\Desktop\GameSpace\GameSpace\GameSpace\Areas\MiniGame\Services\SignInService.cs(341,26): error CS1061: 'GameSpacedatabaseContext' 未包含 'SignInRules' 的定義，也找不到可接受類型 'GameSpacedatabaseContext' 第一個引數的可存取擴充方法 'SignInRules' (是否遺漏 using 指示詞或組件參考?) [C:\Users\n2029\Desktop\GameSpace\GameSpace\GameSpace\GameSpace.csproj]
C:\Users\n2029\Desktop\GameSpace\GameSpace\GameSpace\Areas\MiniGame\Services\SignInService.cs(356,26): error CS1061: 'GameSpacedatabaseContext' 未包含 'SignInRules' 的定義，也找不到可接受類型 'GameSpacedatabaseContext' 第一個引數的可存取擴充方法 'SignInRules' (是否遺漏 using 指示詞或組件參考?) [C:\Users\n2029\Desktop\GameSpace\GameSpace\GameSpace\GameSpace.csproj]
C:\Users\n2029\Desktop\GameSpace\GameSpace\GameSpace\Areas\MiniGame\Services\SignInService.cs(373,26): error CS1061: 'GameSpacedatabaseContext' 未包含 'SignInRules' 的定義，也找不到可接受類型 'GameSpacedatabaseContext' 第一個引數的可存取擴充方法 'SignInRules' (是否遺漏 using 指示詞或組件參考?) [C:\Users\n2029\Desktop\GameSpace\GameSpace\GameSpace\GameSpace.csproj]
C:\Users\n2029\Desktop\GameSpace\GameSpace\GameSpace\Areas\MiniGame\Controllers\AdminSignInController.cs(457,31): error CS1061: 'UserSignInStats' 未包含 'SignInTime' 的定義，也找不到可接受類型 'UserSignInStats' 第一個引數的可存取擴充方法 'SignInTime' (是否遺漏 using 指示詞或組件參考?) [C:\Users\n2029\Desktop\GameSpace\GameSpace\GameSpace\GameSpace.csproj]
C:\Users\n2029\Desktop\GameSpace\GameSpace\GameSpace\Areas\MiniGame\Controllers\AdminSignInController.cs(457,60): error CS1061: 'UserSignInStats' 未包含 'SignInTime' 的定義，也找不到可接受類型 'UserSignInStats' 第一個引數的可存取擴充方法 'SignInTime' (是否遺漏 using 指示詞或組件參考?) [C:\Users\n2029\Desktop\GameSpace\GameSpace\GameSpace\GameSpace.csproj]
C:\Users\n2029\Desktop\GameSpace\GameSpace\GameSpace\Areas\MiniGame\Services\PointsSettingsStatisticsService.cs(29,82): error CS1061: 'UserWallet' 未包含 'Points' 的定義，也找不到可接受類型 'UserWallet' 第一個引數的可存取擴充方法 'Points' (是否遺漏 using 指示詞或組件參考?) [C:\Users\n2029\Desktop\GameSpace\GameSpace\GameSpace\GameSpace.csproj]
C:\Users\n2029\Desktop\GameSpace\GameSpace\GameSpace\Areas\MiniGame\Services\PointsSettingsStatisticsService.cs(30,96): error CS1061: 'UserWallet' 未包含 'Points' 的定義，也找不到可接受類型 'UserWallet' 第一個引數的可存取擴充方法 'Points' (是否遺漏 using 指示詞或組件參考?) [C:\Users\n2029\Desktop\GameSpace\GameSpace\GameSpace\GameSpace.csproj]
C:\Users\n2029\Desktop\GameSpace\GameSpace\GameSpace\Areas\MiniGame\Services\PointsSettingsStatisticsService.cs(31,80): error CS1061: 'UserWallet' 未包含 'Points' 的定義，也找不到可接受類型 'UserWallet' 第一個引數的可存取擴充方法 'Points' (是否遺漏 using 指示詞或組件參考?) [C:\Users\n2029\Desktop\GameSpace\GameSpace\GameSpace\GameSpace.csproj]
C:\Users\n2029\Desktop\GameSpace\GameSpace\GameSpace\Areas\MiniGame\Services\PointsSettingsStatisticsService.cs(32,80): error CS1061: 'UserWallet' 未包含 'Points' 的定義，也找不到可接受類型 'UserWallet' 第一個引數的可存取擴充方法 'Points' (是否遺漏 using 指示詞或組件參考?) [C:\Users\n2029\Desktop\GameSpace\GameSpace\GameSpace\GameSpace.csproj]
C:\Users\n2029\Desktop\GameSpace\GameSpace\GameSpace\Areas\MiniGame\Controllers\AdminSignInController.cs(503,31): error CS1061: 'UserSignInStats' 未包含 'SignInTime' 的定義，也找不到可接受類型 'UserSignInStats' 第一個引數的可存取擴充方法 'SignInTime' (是否遺漏 using 指示詞或組件參考?) [C:\Users\n2029\Desktop\GameSpace\GameSpace\GameSpace\GameSpace.csproj]
C:\Users\n2029\Desktop\GameSpace\GameSpace\GameSpace\Areas\MiniGame\Controllers\AdminSignInController.cs(503,76): error CS1061: 'UserSignInStats' 未包含 'SignInTime' 的定義，也找不到可接受類型 'UserSignInStats' 第一個引數的可存取擴充方法 'SignInTime' (是否遺漏 using 指示詞或組件參考?) [C:\Users\n2029\Desktop\GameSpace\GameSpace\GameSpace\GameSpace.csproj]
C:\Users\n2029\Desktop\GameSpace\GameSpace\GameSpace\Areas\MiniGame\Services\PointsSettingsStatisticsService.cs(50,79): error CS1061: 'UserWallet' 未包含 'Points' 的定義，也找不到可接受類型 'UserWallet' 第一個引數的可存取擴充方法 'Points' (是否遺漏 using 指示詞或組件參考?) [C:\Users\n2029\Desktop\GameSpace\GameSpace\GameSpace\GameSpace.csproj]
C:\Users\n2029\Desktop\GameSpace\GameSpace\GameSpace\Areas\MiniGame\Services\PointsSettingsStatisticsService.cs(50,96): error CS1061: 'UserWallet' 未包含 'Points' 的定義，也找不到可接受類型 'UserWallet' 第一個引數的可存取擴充方法 'Points' (是否遺漏 using 指示詞或組件參考?) [C:\Users\n2029\Desktop\GameSpace\GameSpace\GameSpace\GameSpace.csproj]
C:\Users\n2029\Desktop\GameSpace\GameSpace\GameSpace\Areas\MiniGame\Services\PointsSettingsStatisticsService.cs(51,82): error CS1061: 'UserWallet' 未包含 'Points' 的定義，也找不到可接受類型 'UserWallet' 第一個引數的可存取擴充方法 'Points' (是否遺漏 using 指示詞或組件參考?) [C:\Users\n2029\Desktop\GameSpace\GameSpace\GameSpace\GameSpace.csproj]
C:\Users\n2029\Desktop\GameSpace\GameSpace\GameSpace\Areas\MiniGame\Services\PointsSettingsStatisticsService.cs(51,102): error CS1061: 'UserWallet' 未包含 'Points' 的定義，也找不到可接受類型 'UserWallet' 第一個引數的可存取擴充方法 'Points' (是否遺漏 using 指示詞或組件參考?) [C:\Users\n2029\Desktop\GameSpace\GameSpace\GameSpace\GameSpace.csproj]
C:\Users\n2029\Desktop\GameSpace\GameSpace\GameSpace\Areas\MiniGame\Services\PointsSettingsStatisticsService.cs(52,83): error CS1061: 'UserWallet' 未包含 'Points' 的定義，也找不到可接受類型 'UserWallet' 第一個引數的可存取擴充方法 'Points' (是否遺漏 using 指示詞或組件參考?) [C:\Users\n2029\Desktop\GameSpace\GameSpace\GameSpace\GameSpace.csproj]
C:\Users\n2029\Desktop\GameSpace\GameSpace\GameSpace\Areas\MiniGame\Services\PointsSettingsStatisticsService.cs(52,103): error CS1061: 'UserWallet' 未包含 'Points' 的定義，也找不到可接受類型 'UserWallet' 第一個引數的可存取擴充方法 'Points' (是否遺漏 using 指示詞或組件參考?) [C:\Users\n2029\Desktop\GameSpace\GameSpace\GameSpace\GameSpace.csproj]
C:\Users\n2029\Desktop\GameSpace\GameSpace\GameSpace\Areas\MiniGame\Services\PointsSettingsStatisticsService.cs(53,79): error CS1061: 'UserWallet' 未包含 'Points' 的定義，也找不到可接受類型 'UserWallet' 第一個引數的可存取擴充方法 'Points' (是否遺漏 using 指示詞或組件參考?) [C:\Users\n2029\Desktop\GameSpace\GameSpace\GameSpace\GameSpace.csproj]
C:\Users\n2029\Desktop\GameSpace\GameSpace\GameSpace\Areas\MiniGame\Services\PetService.cs(20,33): error CS1061: 'Pet' 未包含 'Users' 的定義，也找不到可接受類型 'Pet' 第一個引數的可存取擴充方法 'Users' (是否遺漏 using 指示詞或組件參考?) [C:\Users\n2029\Desktop\GameSpace\GameSpace\GameSpace\GameSpace.csproj]
C:\Users\n2029\Desktop\GameSpace\GameSpace\GameSpace\Areas\MiniGame\Services\PetService.cs(28,33): error CS1061: 'Pet' 未包含 'Users' 的定義，也找不到可接受類型 'Pet' 第一個引數的可存取擴充方法 'Users' (是否遺漏 using 指示詞或組件參考?) [C:\Users\n2029\Desktop\GameSpace\GameSpace\GameSpace\GameSpace.csproj]
C:\Users\n2029\Desktop\GameSpace\GameSpace\GameSpace\Areas\MiniGame\Services\PetService.cs(35,33): error CS1061: 'Pet' 未包含 'Users' 的定義，也找不到可接受類型 'Pet' 第一個引數的可存取擴充方法 'Users' (是否遺漏 using 指示詞或組件參考?) [C:\Users\n2029\Desktop\GameSpace\GameSpace\GameSpace\GameSpace.csproj]
C:\Users\n2029\Desktop\GameSpace\GameSpace\GameSpace\Areas\MiniGame\Controllers\AdminSignInController.cs(550,58): error CS1061: 'UserSignInStats' 未包含 'SignInTime' 的定義，也找不到可接受類型 'UserSignInStats' 第一個引數的可存取擴充方法 'SignInTime' (是否遺漏 using 指示詞或組件參考?) [C:\Users\n2029\Desktop\GameSpace\GameSpace\GameSpace\GameSpace.csproj]
C:\Users\n2029\Desktop\GameSpace\GameSpace\GameSpace\Areas\MiniGame\Controllers\AdminSignInController.cs(550,106): error CS1061: 'UserSignInStats' 未包含 'SignInTime' 的定義，也找不到可接受類型 'UserSignInStats' 第一個引數的可存取擴充方法 'SignInTime' (是否遺漏 using 指示詞或組件參考?) [C:\Users\n2029\Desktop\GameSpace\GameSpace\GameSpace\GameSpace.csproj]
C:\Users\n2029\Desktop\GameSpace\GameSpace\GameSpace\Areas\MiniGame\Controllers\AdminSignInController.cs(551,58): error CS1061: 'UserSignInStats' 未包含 'SignInTime' 的定義，也找不到可接受類型 'UserSignInStats' 第一個引數的可存取擴充方法 'SignInTime' (是否遺漏 using 指示詞或組件參考?) [C:\Users\n2029\Desktop\GameSpace\GameSpace\GameSpace\GameSpace.csproj]
C:\Users\n2029\Desktop\GameSpace\GameSpace\GameSpace\Areas\MiniGame\Controllers\AdminSignInController.cs(551,106): error CS1061: 'UserSignInStats' 未包含 'SignInTime' 的定義，也找不到可接受類型 'UserSignInStats' 第一個引數的可存取擴充方法 'SignInTime' (是否遺漏 using 指示詞或組件參考?) [C:\Users\n2029\Desktop\GameSpace\GameSpace\GameSpace\GameSpace.csproj]
C:\Users\n2029\Desktop\GameSpace\GameSpace\GameSpace\Areas\MiniGame\Views\Shared\_Layout.cshtml(113,10): error CS0103: 名稱 'keyframes' 不存在於目前的內容中 [C:\Users\n2029\Desktop\GameSpace\GameSpace\GameSpace\GameSpace.csproj]
C:\Users\n2029\Desktop\GameSpace\GameSpace\GameSpace\Areas\MiniGame\Views\Settings\PetBackgroundChangeSettings\Index.cshtml(76,103): error CS1061: 'PetBackgroundChangeSettingsViewModel' 未包含 'BackgroundColor' 的定義，也找不到可接受類型 'PetBackgroundChangeSettingsViewModel' 第一個引數的可存取擴充方法 'BackgroundColor' (是否遺漏 using 指示詞或組件參考?) [C:\Users\n2029\Desktop\GameSpace\GameSpace\GameSpace\GameSpace.csproj]
C:\Users\n2029\Desktop\GameSpace\GameSpace\GameSpace\Areas\MiniGame\Views\Settings\PetBackgroundChangeSettings\Index.cshtml(77,51): error CS1061: 'PetBackgroundChangeSettingsViewModel' 未包含 'BackgroundColor' 的定義，也找不到可接受類型 'PetBackgroundChangeSettingsViewModel' 第一個引數的可存取擴充方法 'BackgroundColor' (是否遺漏 using 指示詞或組件參考?) [C:\Users\n2029\Desktop\GameSpace\GameSpace\GameSpace\GameSpace.csproj]
C:\Users\n2029\Desktop\GameSpace\GameSpace\GameSpace\Areas\MiniGame\Views\Settings\PetBackgroundChangeSettings\Index.cshtml(80,47): error CS1061: 'PetBackgroundChangeSettingsViewModel' 未包含 'PointsRequired' 的定義，也找不到可接受類型 'PetBackgroundChangeSettingsViewModel' 第一個引數的可存取擴充方法 'PointsRequired' (是否遺漏 using 指示詞或組件參考?) [C:\Users\n2029\Desktop\GameSpace\GameSpace\GameSpace\GameSpace.csproj]
C:\Users\n2029\Desktop\GameSpace\GameSpace\GameSpace\Areas\MiniGame\Views\Settings\PetBackgroundChangeSettings\Index.cshtml(92,57): error CS1501: 方法 'ToString' 沒有任何多載使用 1 個引數 [C:\Users\n2029\Desktop\GameSpace\GameSpace\GameSpace\GameSpace.csproj]
C:\Users\n2029\Desktop\GameSpace\GameSpace\GameSpace\Areas\MiniGame\Views\Settings\PetBackgroundChangeSettings\Delete.cshtml(45,84): error CS1061: 'PetBackgroundChangeSettingsViewModel' 未包含 'BackgroundColor' 的定義，也找不到可接受類型 'PetBackgroundChangeSettingsViewModel' 第一個引數的可存取擴充方法 'BackgroundColor' (是否遺漏 using 指示詞或組件參考?) [C:\Users\n2029\Desktop\GameSpace\GameSpace\GameSpace\GameSpace.csproj]
C:\Users\n2029\Desktop\GameSpace\GameSpace\GameSpace\Areas\MiniGame\Views\Settings\PetBackgroundChangeSettings\Delete.cshtml(46,32): error CS1061: 'PetBackgroundChangeSettingsViewModel' 未包含 'BackgroundColor' 的定義，也找不到可接受類型 'PetBackgroundChangeSettingsViewModel' 第一個引數的可存取擴充方法 'BackgroundColor' (是否遺漏 using 指示詞或組件參考?) [C:\Users\n2029\Desktop\GameSpace\GameSpace\GameSpace\GameSpace.csproj]
C:\Users\n2029\Desktop\GameSpace\GameSpace\GameSpace\Areas\MiniGame\Views\Settings\PetBackgroundChangeSettings\Delete.cshtml(51,45): error CS1061: 'PetBackgroundChangeSettingsViewModel' 未包含 'PointsRequired' 的定義，也找不到可接受類型 'PetBackgroundChangeSettingsViewModel' 第一個引數的可存取擴充方法 'PointsRequired' (是否遺漏 using 指示詞或組件參考?) [C:\Users\n2029\Desktop\GameSpace\GameSpace\GameSpace\GameSpace.csproj]
C:\Users\n2029\Desktop\GameSpace\GameSpace\GameSpace\Areas\MiniGame\Services\PetService.cs(221,21): error CS1061: 'Pet' 未包含 'PointsGained_LevelUp' 的定義，也找不到可接受類型 'Pet' 第一個引數的可存取擴充方法 'PointsGained_LevelUp' (是否遺漏 using 指示詞或組件參考?) [C:\Users\n2029\Desktop\GameSpace\GameSpace\GameSpace\GameSpace.csproj]
C:\Users\n2029\Desktop\GameSpace\GameSpace\GameSpace\Areas\MiniGame\Services\PetService.cs(222,21): error CS1061: 'Pet' 未包含 'PointsGainedTime_LevelUp' 的定義，也找不到可接受類型 'Pet' 第一個引數的可存取擴充方法 'PointsGainedTime_LevelUp' (是否遺漏 using 指示詞或組件參考?) [C:\Users\n2029\Desktop\GameSpace\GameSpace\GameSpace\GameSpace.csproj]
C:\Users\n2029\Desktop\GameSpace\GameSpace\GameSpace\Areas\MiniGame\Services\PetService.cs(225,45): error CS1061: 'GameSpacedatabaseContext' 未包含 'User_Wallet' 的定義，也找不到可接受類型 'GameSpacedatabaseContext' 第一個引數的可存取擴充方法 'User_Wallet' (是否遺漏 using 指示詞或組件參考?) [C:\Users\n2029\Desktop\GameSpace\GameSpace\GameSpace\GameSpace.csproj]
C:\Users\n2029\Desktop\GameSpace\GameSpace\GameSpace\Areas\MiniGame\Services\PetService.cs(225,99): error CS1061: 'Pet' 未包含 'UserID' 的定義，也找不到可接受類型 'Pet' 第一個引數的可存取擴充方法 'UserID' (是否遺漏 using 指示詞或組件參考?) [C:\Users\n2029\Desktop\GameSpace\GameSpace\GameSpace\GameSpace.csproj]
C:\Users\n2029\Desktop\GameSpace\GameSpace\GameSpace\Areas\MiniGame\Services\PetService.cs(256,45): error CS1061: 'GameSpacedatabaseContext' 未包含 'User_Wallet' 的定義，也找不到可接受類型 'GameSpacedatabaseContext' 第一個引數的可存取擴充方法 'User_Wallet' (是否遺漏 using 指示詞或組件參考?) [C:\Users\n2029\Desktop\GameSpace\GameSpace\GameSpace\GameSpace.csproj]
C:\Users\n2029\Desktop\GameSpace\GameSpace\GameSpace\Areas\MiniGame\Services\PetService.cs(256,99): error CS1061: 'Pet' 未包含 'UserID' 的定義，也找不到可接受類型 'Pet' 第一個引數的可存取擴充方法 'UserID' (是否遺漏 using 指示詞或組件參考?) [C:\Users\n2029\Desktop\GameSpace\GameSpace\GameSpace\GameSpace.csproj]
C:\Users\n2029\Desktop\GameSpace\GameSpace\GameSpace\Areas\MiniGame\Services\PetService.cs(265,21): error CS1061: 'Pet' 未包含 'PointsChanged_SkinColor' 的定義，也找不到可接受類型 'Pet' 第一個引數的可存取擴充方法 'PointsChanged_SkinColor' (是否遺漏 using 指示詞或組件參考?) [C:\Users\n2029\Desktop\GameSpace\GameSpace\GameSpace\GameSpace.csproj]
C:\Users\n2029\Desktop\GameSpace\GameSpace\GameSpace\Areas\MiniGame\Services\PetService.cs(270,21): error CS0117: 'WalletHistory' 未包含 'UserID' 的定義 [C:\Users\n2029\Desktop\GameSpace\GameSpace\GameSpace\GameSpace.csproj]
C:\Users\n2029\Desktop\GameSpace\GameSpace\GameSpace\Areas\MiniGame\Services\PetService.cs(270,34): error CS1061: 'Pet' 未包含 'UserID' 的定義，也找不到可接受類型 'Pet' 第一個引數的可存取擴充方法 'UserID' (是否遺漏 using 指示詞或組件參考?) [C:\Users\n2029\Desktop\GameSpace\GameSpace\GameSpace\GameSpace.csproj]
C:\Users\n2029\Desktop\GameSpace\GameSpace\GameSpace\Areas\MiniGame\Services\PetService.cs(277,26): error CS1061: 'GameSpacedatabaseContext' 未包含 'WalletHistory' 的定義，也找不到可接受類型 'GameSpacedatabaseContext' 第一個引數的可存取擴充方法 'WalletHistory' (是否遺漏 using 指示詞或組件參考?) [C:\Users\n2029\Desktop\GameSpace\GameSpace\GameSpace\GameSpace.csproj]
C:\Users\n2029\Desktop\GameSpace\GameSpace\GameSpace\Areas\MiniGame\Services\PetService.cs(296,45): error CS1061: 'GameSpacedatabaseContext' 未包含 'User_Wallet' 的定義，也找不到可接受類型 'GameSpacedatabaseContext' 第一個引數的可存取擴充方法 'User_Wallet' (是否遺漏 using 指示詞或組件參考?) [C:\Users\n2029\Desktop\GameSpace\GameSpace\GameSpace\GameSpace.csproj]
C:\Users\n2029\Desktop\GameSpace\GameSpace\GameSpace\Areas\MiniGame\Services\PetService.cs(296,99): error CS1061: 'Pet' 未包含 'UserID' 的定義，也找不到可接受類型 'Pet' 第一個引數的可存取擴充方法 'UserID' (是否遺漏 using 指示詞或組件參考?) [C:\Users\n2029\Desktop\GameSpace\GameSpace\GameSpace\GameSpace.csproj]
C:\Users\n2029\Desktop\GameSpace\GameSpace\GameSpace\Areas\MiniGame\Services\PetService.cs(305,21): error CS1061: 'Pet' 未包含 'PointsChanged_BackgroundColor' 的定義，也找不到可接受類型 'Pet' 第一個引數的可存取擴充方法 'PointsChanged_BackgroundColor' (是否遺漏 using 指示詞或組件參考?) [C:\Users\n2029\Desktop\GameSpace\GameSpace\GameSpace\GameSpace.csproj]
C:\Users\n2029\Desktop\GameSpace\GameSpace\GameSpace\Areas\MiniGame\Services\PetService.cs(310,21): error CS0117: 'WalletHistory' 未包含 'UserID' 的定義 [C:\Users\n2029\Desktop\GameSpace\GameSpace\GameSpace\GameSpace.csproj]
C:\Users\n2029\Desktop\GameSpace\GameSpace\GameSpace\Areas\MiniGame\Services\PetService.cs(310,34): error CS1061: 'Pet' 未包含 'UserID' 的定義，也找不到可接受類型 'Pet' 第一個引數的可存取擴充方法 'UserID' (是否遺漏 using 指示詞或組件參考?) [C:\Users\n2029\Desktop\GameSpace\GameSpace\GameSpace\GameSpace.csproj]
C:\Users\n2029\Desktop\GameSpace\GameSpace\GameSpace\Areas\MiniGame\Services\PetService.cs(317,26): error CS1061: 'GameSpacedatabaseContext' 未包含 'WalletHistory' 的定義，也找不到可接受類型 'GameSpacedatabaseContext' 第一個引數的可存取擴充方法 'WalletHistory' (是否遺漏 using 指示詞或組件參考?) [C:\Users\n2029\Desktop\GameSpace\GameSpace\GameSpace\GameSpace.csproj]
C:\Users\n2029\Desktop\GameSpace\GameSpace\GameSpace\Areas\MiniGame\Services\PetService.cs(332,33): error CS1061: 'PetColorOption' 未包含 'DisplayOrder' 的定義，也找不到可接受類型 'PetColorOption' 第一個引數的可存取擴充方法 'DisplayOrder' (是否遺漏 using 指示詞或組件參考?) [C:\Users\n2029\Desktop\GameSpace\GameSpace\GameSpace\GameSpace.csproj]
C:\Users\n2029\Desktop\GameSpace\GameSpace\GameSpace\Areas\MiniGame\Views\Settings\PetBackgroundChangeSettings\Edit.cshtml(39,37): error CS1061: 'PetBackgroundChangeSettingsViewModel' 未包含 'BackgroundColor' 的定義，也找不到可接受類型 'PetBackgroundChangeSettingsViewModel' 第一個引數的可存取擴充方法 'BackgroundColor' (是否遺漏 using 指示詞或組件參考?) [C:\Users\n2029\Desktop\GameSpace\GameSpace\GameSpace\GameSpace.csproj]
C:\Users\n2029\Desktop\GameSpace\GameSpace\GameSpace\Areas\MiniGame\Views\Settings\PetBackgroundChangeSettings\Edit.cshtml(40,37): error CS1061: 'PetBackgroundChangeSettingsViewModel' 未包含 'BackgroundColor' 的定義，也找不到可接受類型 'PetBackgroundChangeSettingsViewModel' 第一個引數的可存取擴充方法 'BackgroundColor' (是否遺漏 using 指示詞或組件參考?) [C:\Users\n2029\Desktop\GameSpace\GameSpace\GameSpace\GameSpace.csproj]
C:\Users\n2029\Desktop\GameSpace\GameSpace\GameSpace\Areas\MiniGame\Views\Settings\PetBackgroundChangeSettings\Edit.cshtml(41,47): error CS1061: 'PetBackgroundChangeSettingsViewModel' 未包含 'BackgroundColor' 的定義，也找不到可接受類型 'PetBackgroundChangeSettingsViewModel' 第一個引數的可存取擴充方法 'BackgroundColor' (是否遺漏 using 指示詞或組件參考?) [C:\Users\n2029\Desktop\GameSpace\GameSpace\GameSpace\GameSpace.csproj]
C:\Users\n2029\Desktop\GameSpace\GameSpace\GameSpace\Areas\MiniGame\Views\Settings\PetBackgroundChangeSettings\Edit.cshtml(45,37): error CS1061: 'PetBackgroundChangeSettingsViewModel' 未包含 'PointsRequired' 的定義，也找不到可接受類型 'PetBackgroundChangeSettingsViewModel' 第一個引數的可存取擴充方法 'PointsRequired' (是否遺漏 using 指示詞或組件參考?) [C:\Users\n2029\Desktop\GameSpace\GameSpace\GameSpace\GameSpace.csproj]
C:\Users\n2029\Desktop\GameSpace\GameSpace\GameSpace\Areas\MiniGame\Views\Settings\PetBackgroundChangeSettings\Edit.cshtml(46,37): error CS1061: 'PetBackgroundChangeSettingsViewModel' 未包含 'PointsRequired' 的定義，也找不到可接受類型 'PetBackgroundChangeSettingsViewModel' 第一個引數的可存取擴充方法 'PointsRequired' (是否遺漏 using 指示詞或組件參考?) [C:\Users\n2029\Desktop\GameSpace\GameSpace\GameSpace\GameSpace.csproj]
C:\Users\n2029\Desktop\GameSpace\GameSpace\GameSpace\Areas\MiniGame\Views\Settings\PetBackgroundChangeSettings\Edit.cshtml(47,47): error CS1061: 'PetBackgroundChangeSettingsViewModel' 未包含 'PointsRequired' 的定義，也找不到可接受類型 'PetBackgroundChangeSettingsViewModel' 第一個引數的可存取擴充方法 'PointsRequired' (是否遺漏 using 指示詞或組件參考?) [C:\Users\n2029\Desktop\GameSpace\GameSpace\GameSpace\GameSpace.csproj]
C:\Users\n2029\Desktop\GameSpace\GameSpace\GameSpace\Areas\MiniGame\Views\Settings\PetBackgroundChangeSettings\Create.cshtml(38,37): error CS1061: 'PetBackgroundChangeSettingsViewModel' 未包含 'BackgroundColor' 的定義，也找不到可接受類型 'PetBackgroundChangeSettingsViewModel' 第一個引數的可存取擴充方法 'BackgroundColor' (是否遺漏 using 指示詞或組件參考?) [C:\Users\n2029\Desktop\GameSpace\GameSpace\GameSpace\GameSpace.csproj]
C:\Users\n2029\Desktop\GameSpace\GameSpace\GameSpace\Areas\MiniGame\Views\Settings\PetBackgroundChangeSettings\Create.cshtml(39,37): error CS1061: 'PetBackgroundChangeSettingsViewModel' 未包含 'BackgroundColor' 的定義，也找不到可接受類型 'PetBackgroundChangeSettingsViewModel' 第一個引數的可存取擴充方法 'BackgroundColor' (是否遺漏 using 指示詞或組件參考?) [C:\Users\n2029\Desktop\GameSpace\GameSpace\GameSpace\GameSpace.csproj]
C:\Users\n2029\Desktop\GameSpace\GameSpace\GameSpace\Areas\MiniGame\Views\Settings\PetBackgroundChangeSettings\Create.cshtml(40,47): error CS1061: 'PetBackgroundChangeSettingsViewModel' 未包含 'BackgroundColor' 的定義，也找不到可接受類型 'PetBackgroundChangeSettingsViewModel' 第一個引數的可存取擴充方法 'BackgroundColor' (是否遺漏 using 指示詞或組件參考?) [C:\Users\n2029\Desktop\GameSpace\GameSpace\GameSpace\GameSpace.csproj]
C:\Users\n2029\Desktop\GameSpace\GameSpace\GameSpace\Areas\MiniGame\Views\Settings\PetBackgroundChangeSettings\Create.cshtml(44,37): error CS1061: 'PetBackgroundChangeSettingsViewModel' 未包含 'PointsRequired' 的定義，也找不到可接受類型 'PetBackgroundChangeSettingsViewModel' 第一個引數的可存取擴充方法 'PointsRequired' (是否遺漏 using 指示詞或組件參考?) [C:\Users\n2029\Desktop\GameSpace\GameSpace\GameSpace\GameSpace.csproj]
C:\Users\n2029\Desktop\GameSpace\GameSpace\GameSpace\Areas\MiniGame\Views\Settings\PetBackgroundChangeSettings\Create.cshtml(45,37): error CS1061: 'PetBackgroundChangeSettingsViewModel' 未包含 'PointsRequired' 的定義，也找不到可接受類型 'PetBackgroundChangeSettingsViewModel' 第一個引數的可存取擴充方法 'PointsRequired' (是否遺漏 using 指示詞或組件參考?) [C:\Users\n2029\Desktop\GameSpace\GameSpace\GameSpace\GameSpace.csproj]
C:\Users\n2029\Desktop\GameSpace\GameSpace\GameSpace\Areas\MiniGame\Views\Settings\PetBackgroundChangeSettings\Create.cshtml(46,47): error CS1061: 'PetBackgroundChangeSettingsViewModel' 未包含 'PointsRequired' 的定義，也找不到可接受類型 'PetBackgroundChangeSettingsViewModel' 第一個引數的可存取擴充方法 'PointsRequired' (是否遺漏 using 指示詞或組件參考?) [C:\Users\n2029\Desktop\GameSpace\GameSpace\GameSpace\GameSpace.csproj]
C:\Users\n2029\Desktop\GameSpace\GameSpace\GameSpace\Areas\MiniGame\Services\PetService.cs(346,17): error CS0117: 'PetBackgroundOption' 未包含 'BackgroundId' 的定義 [C:\Users\n2029\Desktop\GameSpace\GameSpace\GameSpace\GameSpace.csproj]
C:\Users\n2029\Desktop\GameSpace\GameSpace\GameSpace\Areas\MiniGame\Services\PetService.cs(349,17): error CS0117: 'PetBackgroundOption' 未包含 'RequiredPoints' 的定義 [C:\Users\n2029\Desktop\GameSpace\GameSpace\GameSpace\GameSpace.csproj]
C:\Users\n2029\Desktop\GameSpace\GameSpace\GameSpace\Areas\MiniGame\Services\PetService.cs(351,17): error CS0117: 'PetBackgroundOption' 未包含 'IsUnlocked' 的定義 [C:\Users\n2029\Desktop\GameSpace\GameSpace\GameSpace\GameSpace.csproj]
C:\Users\n2029\Desktop\GameSpace\GameSpace\GameSpace\Areas\MiniGame\Services\PetService.cs(371,44): error CS1061: 'Pet' 未包含 'PointsChanged_SkinColor' 的定義，也找不到可接受類型 'Pet' 第一個引數的可存取擴充方法 'PointsChanged_SkinColor' (是否遺漏 using 指示詞或組件參考?) [C:\Users\n2029\Desktop\GameSpace\GameSpace\GameSpace\GameSpace.csproj]
C:\Users\n2029\Desktop\GameSpace\GameSpace\GameSpace\Areas\MiniGame\Services\PetService.cs(372,50): error CS1061: 'Pet' 未包含 'PointsChanged_BackgroundColor' 的定義，也找不到可接受類型 'Pet' 第一個引數的可存取擴充方法 'PointsChanged_BackgroundColor' (是否遺漏 using 指示詞或組件參考?) [C:\Users\n2029\Desktop\GameSpace\GameSpace\GameSpace\GameSpace.csproj]
C:\Users\n2029\Desktop\GameSpace\GameSpace\GameSpace\Areas\MiniGame\Services\PetService.cs(373,50): error CS1061: 'Pet' 未包含 'PointsGained_LevelUp' 的定義，也找不到可接受類型 'Pet' 第一個引數的可存取擴充方法 'PointsGained_LevelUp' (是否遺漏 using 指示詞或組件參考?) [C:\Users\n2029\Desktop\GameSpace\GameSpace\GameSpace\GameSpace.csproj]
C:\Users\n2029\Desktop\GameSpace\GameSpace\GameSpace\Areas\MiniGame\Services\PetService.cs(380,33): error CS1061: 'Pet' 未包含 'Users' 的定義，也找不到可接受類型 'Pet' 第一個引數的可存取擴充方法 'Users' (是否遺漏 using 指示詞或組件參考?) [C:\Users\n2029\Desktop\GameSpace\GameSpace\GameSpace\GameSpace.csproj]
C:\Users\n2029\Desktop\GameSpace\GameSpace\GameSpace\Areas\MiniGame\Services\PetRulesService.cs(95,35): error CS1061: 'GameSpacedatabaseContext' 未包含 'PetSkinColorPointSettings' 的定義，也找不到可接受類型 'GameSpacedatabaseContext' 第一個引數的可存取擴充方法 'PetSkinColorPointSettings' (是否遺漏 using 指示詞或組件參考?) [C:\Users\n2029\Desktop\GameSpace\GameSpace\GameSpace\GameSpace.csproj]
C:\Users\n2029\Desktop\GameSpace\GameSpace\GameSpace\Areas\MiniGame\Services\PetRulesService.cs(102,35): error CS1061: 'GameSpacedatabaseContext' 未包含 'PetSkinColorPointSettings' 的定義，也找不到可接受類型 'GameSpacedatabaseContext' 第一個引數的可存取擴充方法 'PetSkinColorPointSettings' (是否遺漏 using 指示詞或組件參考?) [C:\Users\n2029\Desktop\GameSpace\GameSpace\GameSpace\GameSpace.csproj]
C:\Users\n2029\Desktop\GameSpace\GameSpace\GameSpace\Areas\MiniGame\Services\PetRulesService.cs(110,26): error CS1061: 'GameSpacedatabaseContext' 未包含 'PetSkinColorPointSettings' 的定義，也找不到可接受類型 'GameSpacedatabaseContext' 第一個引數的可存取擴充方法 'PetSkinColorPointSettings' (是否遺漏 using 指示詞或組件參考?) [C:\Users\n2029\Desktop\GameSpace\GameSpace\GameSpace\GameSpace.csproj]
C:\Users\n2029\Desktop\GameSpace\GameSpace\GameSpace\Areas\MiniGame\Services\PetRulesService.cs(123,28): error CS1061: 'PetSkinColorPointSettings' 未包含 'PointsCost' 的定義，也找不到可接受類型 'PetSkinColorPointSettings' 第一個引數的可存取擴充方法 'PointsCost' (是否遺漏 using 指示詞或組件參考?) [C:\Users\n2029\Desktop\GameSpace\GameSpace\GameSpace\GameSpace.csproj]
C:\Users\n2029\Desktop\GameSpace\GameSpace\GameSpace\Areas\MiniGame\Services\PetRulesService.cs(129,35): error CS1061: 'GameSpacedatabaseContext' 未包含 'PetBackgroundPointSettings' 的定義，也找不到可接受類型 'GameSpacedatabaseContext' 第一個引數的可存取擴充方法 'PetBackgroundPointSettings' (是否遺漏 using 指示詞或組件參考?) [C:\Users\n2029\Desktop\GameSpace\GameSpace\GameSpace\GameSpace.csproj]
C:\Users\n2029\Desktop\GameSpace\GameSpace\GameSpace\Areas\MiniGame\Services\PetRulesService.cs(136,35): error CS1061: 'GameSpacedatabaseContext' 未包含 'PetBackgroundPointSettings' 的定義，也找不到可接受類型 'GameSpacedatabaseContext' 第一個引數的可存取擴充方法 'PetBackgroundPointSettings' (是否遺漏 using 指示詞或組件參考?) [C:\Users\n2029\Desktop\GameSpace\GameSpace\GameSpace\GameSpace.csproj]
C:\Users\n2029\Desktop\GameSpace\GameSpace\GameSpace\Areas\MiniGame\Services\PetRulesService.cs(144,26): error CS1061: 'GameSpacedatabaseContext' 未包含 'PetBackgroundPointSettings' 的定義，也找不到可接受類型 'GameSpacedatabaseContext' 第一個引數的可存取擴充方法 'PetBackgroundPointSettings' (是否遺漏 using 指示詞或組件參考?) [C:\Users\n2029\Desktop\GameSpace\GameSpace\GameSpace\GameSpace.csproj]
C:\Users\n2029\Desktop\GameSpace\GameSpace\GameSpace\Areas\MiniGame\Services\PetRulesService.cs(157,28): error CS1061: 'PetBackgroundPointSettings' 未包含 'PointsCost' 的定義，也找不到可接受類型 'PetBackgroundPointSettings' 第一個引數的可存取擴充方法 'PointsCost' (是否遺漏 using 指示詞或組件參考?) [C:\Users\n2029\Desktop\GameSpace\GameSpace\GameSpace\GameSpace.csproj]
C:\Users\n2029\Desktop\GameSpace\GameSpace\GameSpace\Areas\MiniGame\Views\Permission\UserRights.cshtml(32,82): error CS0019: 運算子 '==' 不可套用至類型為 'string' 和 'int' 的運算元 [C:\Users\n2029\Desktop\GameSpace\GameSpace\GameSpace\GameSpace.csproj]
C:\Users\n2029\Desktop\GameSpace\GameSpace\GameSpace\Areas\MiniGame\Services\PetLevelUpRuleValidationService.cs(43,27): error CS1061: 'PetLevelUpRuleCreateViewModel' 未包含 'ExperienceRequired' 的定義，也找不到可接受類型 'PetLevelUpRuleCreateViewModel' 第一個引數的可存取擴充方法 'ExperienceRequired' (是否遺漏 using 指示詞或組件參考?) [C:\Users\n2029\Desktop\GameSpace\GameSpace\GameSpace\GameSpace.csproj]
C:\Users\n2029\Desktop\GameSpace\GameSpace\GameSpace\Areas\MiniGame\Services\PetLevelUpRuleValidationService.cs(55,27): error CS1061: 'PetLevelUpRuleCreateViewModel' 未包含 'ExpReward' 的定義，也找不到可接受類型 'PetLevelUpRuleCreateViewModel' 第一個引數的可存取擴充方法 'ExpReward' (是否遺漏 using 指示詞或組件參考?) [C:\Users\n2029\Desktop\GameSpace\GameSpace\GameSpace\GameSpace.csproj]
C:\Users\n2029\Desktop\GameSpace\GameSpace\GameSpace\Areas\MiniGame\Services\PetLevelUpRuleValidationService.cs(72,90): error CS1061: 'PetLevelUpRuleCreateViewModel' 未包含 'ExperienceRequired' 的定義，也找不到可接受類型 'PetLevelUpRuleCreateViewModel' 第一個引數的可存取擴充方法 'ExperienceRequired' (是否遺漏 using 指示詞或組件參考?) [C:\Users\n2029\Desktop\GameSpace\GameSpace\GameSpace\GameSpace.csproj]
C:\Users\n2029\Desktop\GameSpace\GameSpace\GameSpace\Areas\MiniGame\Services\PetLevelUpRuleValidationService.cs(72,136): error CS1061: 'PetLevelUpRuleCreateViewModel' 未包含 'ExpReward' 的定義，也找不到可接受類型 'PetLevelUpRuleCreateViewModel' 第一個引數的可存取擴充方法 'ExpReward' (是否遺漏 using 指示詞或組件參考?) [C:\Users\n2029\Desktop\GameSpace\GameSpace\GameSpace\GameSpace.csproj]
C:\Users\n2029\Desktop\GameSpace\GameSpace\GameSpace\Areas\MiniGame\Views\AdminWallet\UserWallet.cshtml(82,57): error CS1061: 'UserWallet' 未包含 'WalletId' 的定義，也找不到可接受類型 'UserWallet' 第一個引數的可存取擴充方法 'WalletId' (是否遺漏 using 指示詞或組件參考?) [C:\Users\n2029\Desktop\GameSpace\GameSpace\GameSpace\GameSpace.csproj]
C:\Users\n2029\Desktop\GameSpace\GameSpace\GameSpace\Areas\MiniGame\Views\AdminWallet\UserWallet.cshtml(84,77): error CS1061: 'UserWallet' 未包含 'TransactionType' 的定義，也找不到可接受類型 'UserWallet' 第一個引數的可存取擴充方法 'TransactionType' (是否遺漏 using 指示詞或組件參考?) [C:\Users\n2029\Desktop\GameSpace\GameSpace\GameSpace\GameSpace.csproj]
C:\Users\n2029\Desktop\GameSpace\GameSpace\GameSpace\Areas\MiniGame\Views\AdminWallet\UserWallet.cshtml(85,62): error CS1061: 'UserWallet' 未包含 'TransactionType' 的定義，也找不到可接受類型 'UserWallet' 第一個引數的可存取擴充方法 'TransactionType' (是否遺漏 using 指示詞或組件參考?) [C:\Users\n2029\Desktop\GameSpace\GameSpace\GameSpace\GameSpace.csproj]
C:\Users\n2029\Desktop\GameSpace\GameSpace\GameSpace\Areas\MiniGame\Views\AdminWallet\UserWallet.cshtml(88,65): error CS1061: 'UserWallet' 未包含 'TransactionType' 的定義，也找不到可接受類型 'UserWallet' 第一個引數的可存取擴充方法 'TransactionType' (是否遺漏 using 指示詞或組件參考?) [C:\Users\n2029\Desktop\GameSpace\GameSpace\GameSpace\GameSpace.csproj]
C:\Users\n2029\Desktop\GameSpace\GameSpace\GameSpace\Areas\MiniGame\Views\AdminWallet\UserWallet.cshtml(89,58): error CS1061: 'UserWallet' 未包含 'TransactionType' 的定義，也找不到可接受類型 'UserWallet' 第一個引數的可存取擴充方法 'TransactionType' (是否遺漏 using 指示詞或組件參考?) [C:\Users\n2029\Desktop\GameSpace\GameSpace\GameSpace\GameSpace.csproj]
C:\Users\n2029\Desktop\GameSpace\GameSpace\GameSpace\Areas\MiniGame\Views\AdminWallet\UserWallet.cshtml(89,104): error CS1061: 'UserWallet' 未包含 'Amount' 的定義，也找不到可接受類型 'UserWallet' 第一個引數的可存取擴充方法 'Amount' (是否遺漏 using 指示詞或組件參考?) [C:\Users\n2029\Desktop\GameSpace\GameSpace\GameSpace\GameSpace.csproj]
C:\Users\n2029\Desktop\GameSpace\GameSpace\GameSpace\Areas\MiniGame\Views\AdminWallet\UserWallet.cshtml(91,57): error CS1061: 'UserWallet' 未包含 'TransactionDate' 的定義，也找不到可接受類型 'UserWallet' 第一個引數的可存取擴充方法 'TransactionDate' (是否遺漏 using 指示詞或組件參考?) [C:\Users\n2029\Desktop\GameSpace\GameSpace\GameSpace\GameSpace.csproj]
C:\Users\n2029\Desktop\GameSpace\GameSpace\GameSpace\Areas\MiniGame\Views\AdminWallet\UserWallet.cshtml(92,57): error CS1061: 'UserWallet' 未包含 'Description' 的定義，也找不到可接受類型 'UserWallet' 第一個引數的可存取擴充方法 'Description' (是否遺漏 using 指示詞或組件參考?) [C:\Users\n2029\Desktop\GameSpace\GameSpace\GameSpace\GameSpace.csproj]
C:\Users\n2029\Desktop\GameSpace\GameSpace\GameSpace\Areas\MiniGame\Views\AdminWallet\UserWallet.cshtml(118,66): error CS1061: 'UserWallet' 未包含 'TransactionType' 的定義，也找不到可接受類型 'UserWallet' 第一個引數的可存取擴充方法 'TransactionType' (是否遺漏 using 指示詞或組件參考?) [C:\Users\n2029\Desktop\GameSpace\GameSpace\GameSpace\GameSpace.csproj]
C:\Users\n2029\Desktop\GameSpace\GameSpace\GameSpace\Areas\MiniGame\Views\AdminWallet\UserWallet.cshtml(127,65): error CS1061: 'UserWallet' 未包含 'TransactionType' 的定義，也找不到可接受類型 'UserWallet' 第一個引數的可存取擴充方法 'TransactionType' (是否遺漏 using 指示詞或組件參考?) [C:\Users\n2029\Desktop\GameSpace\GameSpace\GameSpace\GameSpace.csproj]
C:\Users\n2029\Desktop\GameSpace\GameSpace\GameSpace\Areas\MiniGame\Services\PetLevelUpRuleValidationService.cs(110,27): error CS1061: 'PetLevelUpRuleEditViewModel' 未包含 'ExperienceRequired' 的定義，也找不到可接受類型 'PetLevelUpRuleEditViewModel' 第一個引數的可存取擴充方法 'ExperienceRequired' (是否遺漏 using 指示詞或組件參考?) [C:\Users\n2029\Desktop\GameSpace\GameSpace\GameSpace\GameSpace.csproj]
C:\Users\n2029\Desktop\GameSpace\GameSpace\GameSpace\Areas\MiniGame\Services\PetLevelUpRuleValidationService.cs(122,27): error CS1061: 'PetLevelUpRuleEditViewModel' 未包含 'ExpReward' 的定義，也找不到可接受類型 'PetLevelUpRuleEditViewModel' 第一個引數的可存取擴充方法 'ExpReward' (是否遺漏 using 指示詞或組件參考?) [C:\Users\n2029\Desktop\GameSpace\GameSpace\GameSpace\GameSpace.csproj]
C:\Users\n2029\Desktop\GameSpace\GameSpace\GameSpace\Areas\MiniGame\Services\PetLevelUpRuleValidationService.cs(139,90): error CS1061: 'PetLevelUpRuleEditViewModel' 未包含 'ExperienceRequired' 的定義，也找不到可接受類型 'PetLevelUpRuleEditViewModel' 第一個引數的可存取擴充方法 'ExperienceRequired' (是否遺漏 using 指示詞或組件參考?) [C:\Users\n2029\Desktop\GameSpace\GameSpace\GameSpace\GameSpace.csproj]
C:\Users\n2029\Desktop\GameSpace\GameSpace\GameSpace\Areas\MiniGame\Services\PetLevelUpRuleValidationService.cs(139,136): error CS1061: 'PetLevelUpRuleEditViewModel' 未包含 'ExpReward' 的定義，也找不到可接受類型 'PetLevelUpRuleEditViewModel' 第一個引數的可存取擴充方法 'ExpReward' (是否遺漏 using 指示詞或組件參考?) [C:\Users\n2029\Desktop\GameSpace\GameSpace\GameSpace\GameSpace.csproj]
C:\Users\n2029\Desktop\GameSpace\GameSpace\GameSpace\Areas\MiniGame\Views\AdminWallet\ViewHistory.cshtml(185,54): error CS1061: 'WalletHistory' 未包含 'TransactionDate' 的定義，也找不到可接受類型 'WalletHistory' 第一個引數的可存取擴充方法 'TransactionDate' (是否遺漏 using 指示詞或組件參考?) [C:\Users\n2029\Desktop\GameSpace\GameSpace\GameSpace\GameSpace.csproj]
C:\Users\n2029\Desktop\GameSpace\GameSpace\GameSpace\Areas\MiniGame\Views\AdminWallet\ViewHistory.cshtml(188,62): error CS1061: 'WalletHistory' 未包含 'TransactionType' 的定義，也找不到可接受類型 'WalletHistory' 第一個引數的可存取擴充方法 'TransactionType' (是否遺漏 using 指示詞或組件參考?) [C:\Users\n2029\Desktop\GameSpace\GameSpace\GameSpace\GameSpace.csproj]
C:\Users\n2029\Desktop\GameSpace\GameSpace\GameSpace\Areas\MiniGame\Views\AdminWallet\ViewHistory.cshtml(200,98): error CS1061: 'WalletHistory' 未包含 'TransactionType' 的定義，也找不到可接受類型 'WalletHistory' 第一個引數的可存取擴充方法 'TransactionType' (是否遺漏 using 指示詞或組件參考?) [C:\Users\n2029\Desktop\GameSpace\GameSpace\GameSpace\GameSpace.csproj]
C:\Users\n2029\Desktop\GameSpace\GameSpace\GameSpace\Areas\MiniGame\Views\AdminWallet\ViewHistory.cshtml(205,62): error CS1061: 'WalletHistory' 未包含 'ActionType' 的定義，也找不到可接受類型 'WalletHistory' 第一個引數的可存取擴充方法 'ActionType' (是否遺漏 using 指示詞或組件參考?) [C:\Users\n2029\Desktop\GameSpace\GameSpace\GameSpace\GameSpace.csproj]
C:\Users\n2029\Desktop\GameSpace\GameSpace\GameSpace\Areas\MiniGame\Views\AdminWallet\ViewHistory.cshtml(220,98): error CS1061: 'WalletHistory' 未包含 'ActionType' 的定義，也找不到可接受類型 'WalletHistory' 第一個引數的可存取擴充方法 'ActionType' (是否遺漏 using 指示詞或組件參考?) [C:\Users\n2029\Desktop\GameSpace\GameSpace\GameSpace\GameSpace.csproj]
C:\Users\n2029\Desktop\GameSpace\GameSpace\GameSpace\Areas\MiniGame\Views\AdminWallet\ViewHistory.cshtml(225,58): error CS1061: 'WalletHistory' 未包含 'TransactionType' 的定義，也找不到可接受類型 'WalletHistory' 第一個引數的可存取擴充方法 'TransactionType' (是否遺漏 using 指示詞或組件參考?) [C:\Users\n2029\Desktop\GameSpace\GameSpace\GameSpace\GameSpace.csproj]
C:\Users\n2029\Desktop\GameSpace\GameSpace\GameSpace\Areas\MiniGame\Views\AdminWallet\ViewHistory.cshtml(227,72): error CS1061: 'WalletHistory' 未包含 'ActionType' 的定義，也找不到可接受類型 'WalletHistory' 第一個引數的可存取擴充方法 'ActionType' (是否遺漏 using 指示詞或組件參考?) [C:\Users\n2029\Desktop\GameSpace\GameSpace\GameSpace\GameSpace.csproj]
C:\Users\n2029\Desktop\GameSpace\GameSpace\GameSpace\Areas\MiniGame\Views\AdminWallet\ViewHistory.cshtml(228,63): error CS1061: 'WalletHistory' 未包含 'ActionType' 的定義，也找不到可接受類型 'WalletHistory' 第一個引數的可存取擴充方法 'ActionType' (是否遺漏 using 指示詞或組件參考?) [C:\Users\n2029\Desktop\GameSpace\GameSpace\GameSpace\GameSpace.csproj]
C:\Users\n2029\Desktop\GameSpace\GameSpace\GameSpace\Areas\MiniGame\Views\AdminWallet\ViewHistory.cshtml(228,109): error CS1061: 'WalletHistory' 未包含 'Amount' 的定義，也找不到可接受類型 'WalletHistory' 第一個引數的可存取擴充方法 'Amount' (是否遺漏 using 指示詞或組件參考?) [C:\Users\n2029\Desktop\GameSpace\GameSpace\GameSpace\GameSpace.csproj]
C:\Users\n2029\Desktop\GameSpace\GameSpace\GameSpace\Areas\MiniGame\Views\AdminWallet\ViewHistory.cshtml(233,72): error CS1061: 'WalletHistory' 未包含 'ActionType' 的定義，也找不到可接受類型 'WalletHistory' 第一個引數的可存取擴充方法 'ActionType' (是否遺漏 using 指示詞或組件參考?) [C:\Users\n2029\Desktop\GameSpace\GameSpace\GameSpace\GameSpace.csproj]
C:\Users\n2029\Desktop\GameSpace\GameSpace\GameSpace\Areas\MiniGame\Views\AdminWallet\ViewHistory.cshtml(234,63): error CS1061: 'WalletHistory' 未包含 'ActionType' 的定義，也找不到可接受類型 'WalletHistory' 第一個引數的可存取擴充方法 'ActionType' (是否遺漏 using 指示詞或組件參考?) [C:\Users\n2029\Desktop\GameSpace\GameSpace\GameSpace\GameSpace.csproj]
C:\Users\n2029\Desktop\GameSpace\GameSpace\GameSpace\Areas\MiniGame\Views\AdminWallet\ViewHistory.cshtml(234,109): error CS1061: 'WalletHistory' 未包含 'Quantity' 的定義，也找不到可接受類型 'WalletHistory' 第一個引數的可存取擴充方法 'Quantity' (是否遺漏 using 指示詞或組件參考?) [C:\Users\n2029\Desktop\GameSpace\GameSpace\GameSpace\GameSpace.csproj]
C:\Users\n2029\Desktop\GameSpace\GameSpace\GameSpace\Areas\MiniGame\Views\AdminWallet\ViewHistory.cshtml(238,54): error CS1061: 'WalletHistory' 未包含 'Balance' 的定義，也找不到可接受類型 'WalletHistory' 第一個引數的可存取擴充方法 'Balance' (是否遺漏 using 指示詞或組件參考?) [C:\Users\n2029\Desktop\GameSpace\GameSpace\GameSpace\GameSpace.csproj]
C:\Users\n2029\Desktop\GameSpace\GameSpace\GameSpace\Areas\MiniGame\Views\AdminWallet\ViewHistory.cshtml(241,122): error CS1061: 'WalletHistory' 未包含 'Id' 的定義，也找不到可接受類型 'WalletHistory' 第一個引數的可存取擴充方法 'Id' (是否遺漏 using 指示詞或組件參考?) [C:\Users\n2029\Desktop\GameSpace\GameSpace\GameSpace\GameSpace.csproj]
C:\Users\n2029\Desktop\GameSpace\GameSpace\GameSpace\Areas\MiniGame\Views\AdminUser\Index.cshtml(53,57): error CS1501: 方法 'ToString' 沒有任何多載使用 1 個引數 [C:\Users\n2029\Desktop\GameSpace\GameSpace\GameSpace\GameSpace.csproj]
C:\Users\n2029\Desktop\GameSpace\GameSpace\GameSpace\Areas\MiniGame\Views\Shared\_AdminLayout.cshtml(66,10): error CS0103: 名稱 'media' 不存在於目前的內容中 [C:\Users\n2029\Desktop\GameSpace\GameSpace\GameSpace\GameSpace.csproj]
C:\Users\n2029\Desktop\GameSpace\GameSpace\GameSpace\Areas\MiniGame\Views\Shared\_AdminLayout.cshtml(419,33): error CS0103: 名稱 'Scripts' 不存在於目前的內容中 [C:\Users\n2029\Desktop\GameSpace\GameSpace\GameSpace\GameSpace.csproj]
C:\Users\n2029\Desktop\GameSpace\GameSpace\GameSpace\Areas\MiniGame\Services\PetLevelUpRuleValidationService.cs(224,34): error CS1061: 'PetLevelUpRule' 未包含 'ExperienceRequired' 的定義，也找不到可接受類型 'PetLevelUpRule' 第一個引數的可存取擴充方法 'ExperienceRequired' (是否遺漏 using 指示詞或組件參考?) [C:\Users\n2029\Desktop\GameSpace\GameSpace\GameSpace\GameSpace.csproj]
C:\Users\n2029\Desktop\GameSpace\GameSpace\GameSpace\Areas\MiniGame\Services\PetLevelUpRuleValidationService.cs(224,67): error CS1061: 'PetLevelUpRule' 未包含 'ExperienceRequired' 的定義，也找不到可接受類型 'PetLevelUpRule' 第一個引數的可存取擴充方法 'ExperienceRequired' (是否遺漏 using 指示詞或組件參考?) [C:\Users\n2029\Desktop\GameSpace\GameSpace\GameSpace\GameSpace.csproj]
C:\Users\n2029\Desktop\GameSpace\GameSpace\GameSpace\Areas\MiniGame\Services\PetLevelUpRuleValidationService.cs(226,81): error CS1061: 'PetLevelUpRule' 未包含 'ExperienceRequired' 的定義，也找不到可接受類型 'PetLevelUpRule' 第一個引數的可存取擴充方法 'ExperienceRequired' (是否遺漏 using 指示詞或組件參考?) [C:\Users\n2029\Desktop\GameSpace\GameSpace\GameSpace\GameSpace.csproj]
C:\Users\n2029\Desktop\GameSpace\GameSpace\GameSpace\Areas\MiniGame\Services\PetLevelUpRuleValidationService.cs(226,146): error CS1061: 'PetLevelUpRule' 未包含 'ExperienceRequired' 的定義，也找不到可接受類型 'PetLevelUpRule' 第一個引數的可存取擴充方法 'ExperienceRequired' (是否遺漏 using 指示詞或組件參考?) [C:\Users\n2029\Desktop\GameSpace\GameSpace\GameSpace\GameSpace.csproj]
C:\Users\n2029\Desktop\GameSpace\GameSpace\GameSpace\Areas\MiniGame\Services\PetLevelUpRuleValidationService.cs(234,50): error CS1061: 'PetLevelUpRule' 未包含 'ExperienceRequired' 的定義，也找不到可接受類型 'PetLevelUpRule' 第一個引數的可存取擴充方法 'ExperienceRequired' (是否遺漏 using 指示詞或組件參考?) [C:\Users\n2029\Desktop\GameSpace\GameSpace\GameSpace\GameSpace.csproj]
C:\Users\n2029\Desktop\GameSpace\GameSpace\GameSpace\Areas\MiniGame\Services\PetLevelUpRuleValidationService.cs(236,106): error CS1061: 'PetLevelUpRule' 未包含 'ExperienceRequired' 的定義，也找不到可接受類型 'PetLevelUpRule' 第一個引數的可存取擴充方法 'ExperienceRequired' (是否遺漏 using 指示詞或組件參考?) [C:\Users\n2029\Desktop\GameSpace\GameSpace\GameSpace\GameSpace.csproj]
C:\Users\n2029\Desktop\GameSpace\GameSpace\GameSpace\Areas\MiniGame\Services\PetLevelUpRuleValidationService.cs(239,30): error CS1061: 'PetLevelUpRule' 未包含 'ExpReward' 的定義，也找不到可接受類型 'PetLevelUpRule' 第一個引數的可存取擴充方法 'ExpReward' (是否遺漏 using 指示詞或組件參考?) [C:\Users\n2029\Desktop\GameSpace\GameSpace\GameSpace\GameSpace.csproj]
C:\Users\n2029\Desktop\GameSpace\GameSpace\GameSpace\Areas\MiniGame\Services\PetLevelUpRuleValidationService.cs(239,47): error CS1061: 'PetLevelUpRule' 未包含 'ExperienceRequired' 的定義，也找不到可接受類型 'PetLevelUpRule' 第一個引數的可存取擴充方法 'ExperienceRequired' (是否遺漏 using 指示詞或組件參考?) [C:\Users\n2029\Desktop\GameSpace\GameSpace\GameSpace\GameSpace.csproj]
C:\Users\n2029\Desktop\GameSpace\GameSpace\GameSpace\Areas\MiniGame\Services\PetLevelUpRuleValidationService.cs(241,76): error CS1061: 'PetLevelUpRule' 未包含 'ExpReward' 的定義，也找不到可接受類型 'PetLevelUpRule' 第一個引數的可存取擴充方法 'ExpReward' (是否遺漏 using 指示詞或組件參考?) [C:\Users\n2029\Desktop\GameSpace\GameSpace\GameSpace\GameSpace.csproj]
C:\Users\n2029\Desktop\GameSpace\GameSpace\GameSpace\Areas\MiniGame\Services\PetLevelUpRuleValidationService.cs(241,103): error CS1061: 'PetLevelUpRule' 未包含 'ExperienceRequired' 的定義，也找不到可接受類型 'PetLevelUpRule' 第一個引數的可存取擴充方法 'ExperienceRequired' (是否遺漏 using 指示詞或組件參考?) [C:\Users\n2029\Desktop\GameSpace\GameSpace\GameSpace\GameSpace.csproj]
C:\Users\n2029\Desktop\GameSpace\GameSpace\GameSpace\Areas\MiniGame\Views\AdminWallet\Transaction.cshtml(28,41): error CS1061: 'AdminWalletTransactionViewModel' 未包含 'UserId' 的定義，也找不到可接受類型 'AdminWalletTransactionViewModel' 第一個引數的可存取擴充方法 'UserId' (是否遺漏 using 指示詞或組件參考?) [C:\Users\n2029\Desktop\GameSpace\GameSpace\GameSpace\GameSpace.csproj]
C:\Users\n2029\Desktop\GameSpace\GameSpace\GameSpace\Areas\MiniGame\Views\AdminWallet\Transaction.cshtml(34,91): error CS1061: 'AdminWalletTransactionViewModel' 未包含 'UserName' 的定義，也找不到可接受類型 'AdminWalletTransactionViewModel' 第一個引數的可存取擴充方法 'UserName' (是否遺漏 using 指示詞或組件參考?) [C:\Users\n2029\Desktop\GameSpace\GameSpace\GameSpace\GameSpace.csproj]
C:\Users\n2029\Desktop\GameSpace\GameSpace\GameSpace\Areas\MiniGame\Views\AdminWallet\Transaction.cshtml(40,91): error CS1061: 'AdminWalletTransactionViewModel' 未包含 'CurrentPoints' 的定義，也找不到可接受類型 'AdminWalletTransactionViewModel' 第一個引數的可存取擴充方法 'CurrentPoints' (是否遺漏 using 指示詞或組件參考?) [C:\Users\n2029\Desktop\GameSpace\GameSpace\GameSpace\GameSpace.csproj]
C:\Users\n2029\Desktop\GameSpace\GameSpace\GameSpace\Areas\MiniGame\Views\AdminWallet\Transaction.cshtml(48,53): error CS1061: 'AdminWalletTransactionViewModel' 未包含 'TransactionType' 的定義，也找不到可接受類型 'AdminWalletTransactionViewModel' 第一個引數的可存取擴充方法 'TransactionType' (是否遺漏 using 指示詞或組件參考?) [C:\Users\n2029\Desktop\GameSpace\GameSpace\GameSpace\GameSpace.csproj]
C:\Users\n2029\Desktop\GameSpace\GameSpace\GameSpace\Areas\MiniGame\Views\AdminWallet\Transaction.cshtml(49,54): error CS1061: 'AdminWalletTransactionViewModel' 未包含 'TransactionType' 的定義，也找不到可接受類型 'AdminWalletTransactionViewModel' 第一個引數的可存取擴充方法 'TransactionType' (是否遺漏 using 指示詞或組件參考?) [C:\Users\n2029\Desktop\GameSpace\GameSpace\GameSpace\GameSpace.csproj]
C:\Users\n2029\Desktop\GameSpace\GameSpace\GameSpace\Areas\MiniGame\Views\AdminWallet\Transaction.cshtml(54,63): error CS1061: 'AdminWalletTransactionViewModel' 未包含 'TransactionType' 的定義，也找不到可接受類型 'AdminWalletTransactionViewModel' 第一個引數的可存取擴充方法 'TransactionType' (是否遺漏 using 指示詞或組件參考?) [C:\Users\n2029\Desktop\GameSpace\GameSpace\GameSpace\GameSpace.csproj]
C:\Users\n2029\Desktop\GameSpace\GameSpace\GameSpace\Areas\MiniGame\Views\AdminWallet\Transaction.cshtml(59,53): error CS1061: 'AdminWalletTransactionViewModel' 未包含 'TransactionAmount' 的定義，也找不到可接受類型 'AdminWalletTransactionViewModel' 第一個引數的可存取擴充方法 'TransactionAmount' (是否遺漏 using 指示詞或組件參考?) [C:\Users\n2029\Desktop\GameSpace\GameSpace\GameSpace\GameSpace.csproj]
C:\Users\n2029\Desktop\GameSpace\GameSpace\GameSpace\Areas\MiniGame\Views\AdminWallet\Transaction.cshtml(60,53): error CS1061: 'AdminWalletTransactionViewModel' 未包含 'TransactionAmount' 的定義，也找不到可接受類型 'AdminWalletTransactionViewModel' 第一個引數的可存取擴充方法 'TransactionAmount' (是否遺漏 using 指示詞或組件參考?) [C:\Users\n2029\Desktop\GameSpace\GameSpace\GameSpace\GameSpace.csproj]
C:\Users\n2029\Desktop\GameSpace\GameSpace\GameSpace\Areas\MiniGame\Views\AdminWallet\Transaction.cshtml(61,63): error CS1061: 'AdminWalletTransactionViewModel' 未包含 'TransactionAmount' 的定義，也找不到可接受類型 'AdminWalletTransactionViewModel' 第一個引數的可存取擴充方法 'TransactionAmount' (是否遺漏 using 指示詞或組件參考?) [C:\Users\n2029\Desktop\GameSpace\GameSpace\GameSpace\GameSpace.csproj]
C:\Users\n2029\Desktop\GameSpace\GameSpace\GameSpace\Areas\MiniGame\Views\EVouchers\Create.cshtml(60,45): error CS1061: 'EVoucherCreateModel' 未包含 'IsUsed' 的定義，也找不到可接受類型 'EVoucherCreateModel' 第一個引數的可存取擴充方法 'IsUsed' (是否遺漏 using 指示詞或組件參考?) [C:\Users\n2029\Desktop\GameSpace\GameSpace\GameSpace\GameSpace.csproj]
C:\Users\n2029\Desktop\GameSpace\GameSpace\GameSpace\Areas\MiniGame\Views\EVouchers\Create.cshtml(61,46): error CS1061: 'EVoucherCreateModel' 未包含 'IsUsed' 的定義，也找不到可接受類型 'EVoucherCreateModel' 第一個引數的可存取擴充方法 'IsUsed' (是否遺漏 using 指示詞或組件參考?) [C:\Users\n2029\Desktop\GameSpace\GameSpace\GameSpace\GameSpace.csproj]
C:\Users\n2029\Desktop\GameSpace\GameSpace\GameSpace\Areas\MiniGame\Views\EVouchers\Create.cshtml(65,55): error CS1061: 'EVoucherCreateModel' 未包含 'IsUsed' 的定義，也找不到可接受類型 'EVoucherCreateModel' 第一個引數的可存取擴充方法 'IsUsed' (是否遺漏 using 指示詞或組件參考?) [C:\Users\n2029\Desktop\GameSpace\GameSpace\GameSpace\GameSpace.csproj]
C:\Users\n2029\Desktop\GameSpace\GameSpace\GameSpace\Areas\MiniGame\Views\EVouchers\Create.cshtml(70,45): error CS1061: 'EVoucherCreateModel' 未包含 'UsedDate' 的定義，也找不到可接受類型 'EVoucherCreateModel' 第一個引數的可存取擴充方法 'UsedDate' (是否遺漏 using 指示詞或組件參考?) [C:\Users\n2029\Desktop\GameSpace\GameSpace\GameSpace\GameSpace.csproj]
C:\Users\n2029\Desktop\GameSpace\GameSpace\GameSpace\Areas\MiniGame\Views\EVouchers\Create.cshtml(71,45): error CS1061: 'EVoucherCreateModel' 未包含 'UsedDate' 的定義，也找不到可接受類型 'EVoucherCreateModel' 第一個引數的可存取擴充方法 'UsedDate' (是否遺漏 using 指示詞或組件參考?) [C:\Users\n2029\Desktop\GameSpace\GameSpace\GameSpace\GameSpace.csproj]
C:\Users\n2029\Desktop\GameSpace\GameSpace\GameSpace\Areas\MiniGame\Views\EVouchers\Create.cshtml(72,55): error CS1061: 'EVoucherCreateModel' 未包含 'UsedDate' 的定義，也找不到可接受類型 'EVoucherCreateModel' 第一個引數的可存取擴充方法 'UsedDate' (是否遺漏 using 指示詞或組件參考?) [C:\Users\n2029\Desktop\GameSpace\GameSpace\GameSpace\GameSpace.csproj]
C:\Users\n2029\Desktop\GameSpace\GameSpace\GameSpace\Areas\MiniGame\Views\EVouchers\Create.cshtml(78,37): error CS1061: 'EVoucherCreateModel' 未包含 'Description' 的定義，也找不到可接受類型 'EVoucherCreateModel' 第一個引數的可存取擴充方法 'Description' (是否遺漏 using 指示詞或組件參考?) [C:\Users\n2029\Desktop\GameSpace\GameSpace\GameSpace\GameSpace.csproj]
C:\Users\n2029\Desktop\GameSpace\GameSpace\GameSpace\Areas\MiniGame\Views\EVouchers\Create.cshtml(79,40): error CS1061: 'EVoucherCreateModel' 未包含 'Description' 的定義，也找不到可接受類型 'EVoucherCreateModel' 第一個引數的可存取擴充方法 'Description' (是否遺漏 using 指示詞或組件參考?) [C:\Users\n2029\Desktop\GameSpace\GameSpace\GameSpace\GameSpace.csproj]
C:\Users\n2029\Desktop\GameSpace\GameSpace\GameSpace\Areas\MiniGame\Views\EVouchers\Create.cshtml(80,47): error CS1061: 'EVoucherCreateModel' 未包含 'Description' 的定義，也找不到可接受類型 'EVoucherCreateModel' 第一個引數的可存取擴充方法 'Description' (是否遺漏 using 指示詞或組件參考?) [C:\Users\n2029\Desktop\GameSpace\GameSpace\GameSpace\GameSpace.csproj]
C:\Users\n2029\Desktop\GameSpace\GameSpace\GameSpace\obj\Debug\net8.0\Microsoft.CodeAnalysis.Razor.Compiler\Microsoft.NET.Sdk.Razor.SourceGenerators.RazorSourceGenerator\Areas_MiniGame_Views_EVouchers_Edit_cshtml.g.cs(751,13): error CS1501: 方法 'Write' 沒有任何多載使用 0 個引數 [C:\Users\n2029\Desktop\GameSpace\GameSpace\GameSpace\GameSpace.csproj]
C:\Users\n2029\Desktop\GameSpace\GameSpace\GameSpace\obj\Debug\net8.0\Microsoft.CodeAnalysis.Razor.Compiler\Microsoft.NET.Sdk.Razor.SourceGenerators.RazorSourceGenerator\Areas_MiniGame_Views_EVouchers_Edit_cshtml.g.cs(760,13): error CS1501: 方法 'Write' 沒有任何多載使用 0 個引數 [C:\Users\n2029\Desktop\GameSpace\GameSpace\GameSpace\GameSpace.csproj]
C:\Users\n2029\Desktop\GameSpace\GameSpace\GameSpace\obj\Debug\net8.0\Microsoft.CodeAnalysis.Razor.Compiler\Microsoft.NET.Sdk.Razor.SourceGenerators.RazorSourceGenerator\Areas_MiniGame_Views_EVouchers_Edit_cshtml.g.cs(776,13): error CS1501: 方法 'Write' 沒有任何多載使用 0 個引數 [C:\Users\n2029\Desktop\GameSpace\GameSpace\GameSpace\GameSpace.csproj]
C:\Users\n2029\Desktop\GameSpace\GameSpace\GameSpace\obj\Debug\net8.0\Microsoft.CodeAnalysis.Razor.Compiler\Microsoft.NET.Sdk.Razor.SourceGenerators.RazorSourceGenerator\Areas_MiniGame_Views_EVouchers_Edit_cshtml.g.cs(785,13): error CS1501: 方法 'Write' 沒有任何多載使用 0 個引數 [C:\Users\n2029\Desktop\GameSpace\GameSpace\GameSpace\GameSpace.csproj]
C:\Users\n2029\Desktop\GameSpace\GameSpace\GameSpace\obj\Debug\net8.0\Microsoft.CodeAnalysis.Razor.Compiler\Microsoft.NET.Sdk.Razor.SourceGenerators.RazorSourceGenerator\Areas_MiniGame_Views_EVouchers_Edit_cshtml.g.cs(794,13): error CS1501: 方法 'Write' 沒有任何多載使用 0 個引數 [C:\Users\n2029\Desktop\GameSpace\GameSpace\GameSpace\GameSpace.csproj]
C:\Users\n2029\Desktop\GameSpace\GameSpace\GameSpace\Areas\MiniGame\Views\EVouchers\Edit.cshtml(118,50): error CS1501: 方法 'ToString' 沒有任何多載使用 1 個引數 [C:\Users\n2029\Desktop\GameSpace\GameSpace\GameSpace\GameSpace.csproj]
C:\Users\n2029\Desktop\GameSpace\GameSpace\GameSpace\obj\Debug\net8.0\Microsoft.CodeAnalysis.Razor.Compiler\Microsoft.NET.Sdk.Razor.SourceGenerators.RazorSourceGenerator\Areas_MiniGame_Views_EVouchers_Edit_cshtml.g.cs(857,13): error CS1501: 方法 'Write' 沒有任何多載使用 0 個引數 [C:\Users\n2029\Desktop\GameSpace\GameSpace\GameSpace\GameSpace.csproj]
C:\Users\n2029\Desktop\GameSpace\GameSpace\GameSpace\Areas\MiniGame\Views\AdminUser\Details.cshtml(66,63): error CS1501: 方法 'ToString' 沒有任何多載使用 1 個引數 [C:\Users\n2029\Desktop\GameSpace\GameSpace\GameSpace\GameSpace.csproj]
C:\Users\n2029\Desktop\GameSpace\GameSpace\GameSpace\Areas\MiniGame\Views\AdminUser\Details.cshtml(102,32): error CS1061: 'User' 未包含 'Wallets' 的定義，也找不到可接受類型 'User' 第一個引數的可存取擴充方法 'Wallets' (是否遺漏 using 指示詞或組件參考?) [C:\Users\n2029\Desktop\GameSpace\GameSpace\GameSpace\GameSpace.csproj]
C:\Users\n2029\Desktop\GameSpace\GameSpace\GameSpace\Areas\MiniGame\Views\AdminUser\Details.cshtml(102,57): error CS1061: 'User' 未包含 'Wallets' 的定義，也找不到可接受類型 'User' 第一個引數的可存取擴充方法 'Wallets' (是否遺漏 using 指示詞或組件參考?) [C:\Users\n2029\Desktop\GameSpace\GameSpace\GameSpace\GameSpace.csproj]
C:\Users\n2029\Desktop\GameSpace\GameSpace\GameSpace\Areas\MiniGame\Views\AdminUser\Details.cshtml(115,67): error CS1061: 'User' 未包含 'Wallets' 的定義，也找不到可接受類型 'User' 第一個引數的可存取擴充方法 'Wallets' (是否遺漏 using 指示詞或組件參考?) [C:\Users\n2029\Desktop\GameSpace\GameSpace\GameSpace\GameSpace.csproj]
C:\Users\n2029\Desktop\GameSpace\GameSpace\GameSpace\Areas\MiniGame\Views\AdminUser\Details.cshtml(131,36): error CS1061: 'User' 未包含 'Wallets' 的定義，也找不到可接受類型 'User' 第一個引數的可存取擴充方法 'Wallets' (是否遺漏 using 指示詞或組件參考?) [C:\Users\n2029\Desktop\GameSpace\GameSpace\GameSpace\GameSpace.csproj]
C:\Users\n2029\Desktop\GameSpace\GameSpace\GameSpace\Areas\MiniGame\Views\AdminUser\Details.cshtml(133,82): error CS1061: 'User' 未包含 'Wallets' 的定義，也找不到可接受類型 'User' 第一個引數的可存取擴充方法 'Wallets' (是否遺漏 using 指示詞或組件參考?) [C:\Users\n2029\Desktop\GameSpace\GameSpace\GameSpace\GameSpace.csproj]
C:\Users\n2029\Desktop\GameSpace\GameSpace\GameSpace\Areas\MiniGame\Views\AdminUser\Details.cshtml(149,32): error CS1061: 'User' 未包含 'SignIns' 的定義，也找不到可接受類型 'User' 第一個引數的可存取擴充方法 'SignIns' (是否遺漏 using 指示詞或組件參考?) [C:\Users\n2029\Desktop\GameSpace\GameSpace\GameSpace\GameSpace.csproj]
C:\Users\n2029\Desktop\GameSpace\GameSpace\GameSpace\Areas\MiniGame\Views\AdminUser\Details.cshtml(149,57): error CS1061: 'User' 未包含 'SignIns' 的定義，也找不到可接受類型 'User' 第一個引數的可存取擴充方法 'SignIns' (是否遺漏 using 指示詞或組件參考?) [C:\Users\n2029\Desktop\GameSpace\GameSpace\GameSpace\GameSpace.csproj]
C:\Users\n2029\Desktop\GameSpace\GameSpace\GameSpace\Areas\MiniGame\Views\AdminUser\Details.cshtml(161,67): error CS1061: 'User' 未包含 'SignIns' 的定義，也找不到可接受類型 'User' 第一個引數的可存取擴充方法 'SignIns' (是否遺漏 using 指示詞或組件參考?) [C:\Users\n2029\Desktop\GameSpace\GameSpace\GameSpace\GameSpace.csproj]
C:\Users\n2029\Desktop\GameSpace\GameSpace\GameSpace\Areas\MiniGame\Views\AdminUser\Details.cshtml(172,36): error CS1061: 'User' 未包含 'SignIns' 的定義，也找不到可接受類型 'User' 第一個引數的可存取擴充方法 'SignIns' (是否遺漏 using 指示詞或組件參考?) [C:\Users\n2029\Desktop\GameSpace\GameSpace\GameSpace\GameSpace.csproj]
C:\Users\n2029\Desktop\GameSpace\GameSpace\GameSpace\Areas\MiniGame\Views\AdminUser\Details.cshtml(174,82): error CS1061: 'User' 未包含 'SignIns' 的定義，也找不到可接受類型 'User' 第一個引數的可存取擴充方法 'SignIns' (是否遺漏 using 指示詞或組件參考?) [C:\Users\n2029\Desktop\GameSpace\GameSpace\GameSpace\GameSpace.csproj]
C:\Users\n2029\Desktop\GameSpace\GameSpace\GameSpace\Areas\MiniGame\Views\AdminUser\Details.cshtml(190,32): error CS1061: 'User' 未包含 'Pets' 的定義，也找不到可接受類型 'User' 第一個引數的可存取擴充方法 'Pets' (是否遺漏 using 指示詞或組件參考?) [C:\Users\n2029\Desktop\GameSpace\GameSpace\GameSpace\GameSpace.csproj]
C:\Users\n2029\Desktop\GameSpace\GameSpace\GameSpace\Areas\MiniGame\Views\AdminUser\Details.cshtml(190,54): error CS1061: 'User' 未包含 'Pets' 的定義，也找不到可接受類型 'User' 第一個引數的可存取擴充方法 'Pets' (是否遺漏 using 指示詞或組件參考?) [C:\Users\n2029\Desktop\GameSpace\GameSpace\GameSpace\GameSpace.csproj]
C:\Users\n2029\Desktop\GameSpace\GameSpace\GameSpace\Areas\MiniGame\Views\AdminUser\Details.cshtml(193,56): error CS1061: 'User' 未包含 'Pets' 的定義，也找不到可接受類型 'User' 第一個引數的可存取擴充方法 'Pets' (是否遺漏 using 指示詞或組件參考?) [C:\Users\n2029\Desktop\GameSpace\GameSpace\GameSpace\GameSpace.csproj]
C:\Users\n2029\Desktop\GameSpace\GameSpace\GameSpace\Areas\MiniGame\Views\AdminUser\Details.cshtml(207,36): error CS1061: 'User' 未包含 'Pets' 的定義，也找不到可接受類型 'User' 第一個引數的可存取擴充方法 'Pets' (是否遺漏 using 指示詞或組件參考?) [C:\Users\n2029\Desktop\GameSpace\GameSpace\GameSpace\GameSpace.csproj]
C:\Users\n2029\Desktop\GameSpace\GameSpace\GameSpace\Areas\MiniGame\Views\AdminUser\Details.cshtml(209,80): error CS1061: 'User' 未包含 'Pets' 的定義，也找不到可接受類型 'User' 第一個引數的可存取擴充方法 'Pets' (是否遺漏 using 指示詞或組件參考?) [C:\Users\n2029\Desktop\GameSpace\GameSpace\GameSpace\GameSpace.csproj]
C:\Users\n2029\Desktop\GameSpace\GameSpace\GameSpace\Areas\MiniGame\Views\AdminUser\Details.cshtml(225,32): error CS1061: 'User' 未包含 'GamePlayRecords' 的定義，也找不到可接受類型 'User' 第一個引數的可存取擴充方法 'GamePlayRecords' (是否遺漏 using 指示詞或組件參考?) [C:\Users\n2029\Desktop\GameSpace\GameSpace\GameSpace\GameSpace.csproj]
C:\Users\n2029\Desktop\GameSpace\GameSpace\GameSpace\Areas\MiniGame\Views\AdminUser\Details.cshtml(225,65): error CS1061: 'User' 未包含 'GamePlayRecords' 的定義，也找不到可接受類型 'User' 第一個引數的可存取擴充方法 'GamePlayRecords' (是否遺漏 using 指示詞或組件參考?) [C:\Users\n2029\Desktop\GameSpace\GameSpace\GameSpace\GameSpace.csproj]
C:\Users\n2029\Desktop\GameSpace\GameSpace\GameSpace\Areas\MiniGame\Views\AdminUser\Details.cshtml(238,67): error CS1061: 'User' 未包含 'GamePlayRecords' 的定義，也找不到可接受類型 'User' 第一個引數的可存取擴充方法 'GamePlayRecords' (是否遺漏 using 指示詞或組件參考?) [C:\Users\n2029\Desktop\GameSpace\GameSpace\GameSpace\GameSpace.csproj]
C:\Users\n2029\Desktop\GameSpace\GameSpace\GameSpace\Areas\MiniGame\Views\AdminUser\Details.cshtml(250,36): error CS1061: 'User' 未包含 'GamePlayRecords' 的定義，也找不到可接受類型 'User' 第一個引數的可存取擴充方法 'GamePlayRecords' (是否遺漏 using 指示詞或組件參考?) [C:\Users\n2029\Desktop\GameSpace\GameSpace\GameSpace\GameSpace.csproj]
C:\Users\n2029\Desktop\GameSpace\GameSpace\GameSpace\Areas\MiniGame\Views\AdminUser\Details.cshtml(252,82): error CS1061: 'User' 未包含 'GamePlayRecords' 的定義，也找不到可接受類型 'User' 第一個引數的可存取擴充方法 'GamePlayRecords' (是否遺漏 using 指示詞或組件參考?) [C:\Users\n2029\Desktop\GameSpace\GameSpace\GameSpace\GameSpace.csproj]
C:\Users\n2029\Desktop\GameSpace\GameSpace\GameSpace\Areas\MiniGame\Services\PetLevelUpRuleValidationService.cs(305,62): error CS1061: 'PetLevelUpRule' 未包含 'ExperienceRequired' 的定義，也找不到可接受類型 'PetLevelUpRule' 第一個引數的可存取擴充方法 'ExperienceRequired' (是否遺漏 using 指示詞或組件參考?) [C:\Users\n2029\Desktop\GameSpace\GameSpace\GameSpace\GameSpace.csproj]
C:\Users\n2029\Desktop\GameSpace\GameSpace\GameSpace\Areas\MiniGame\Services\PetLevelUpRuleValidationService.cs(316,64): error CS1061: 'PetLevelUpRule' 未包含 'ExperienceRequired' 的定義，也找不到可接受類型 'PetLevelUpRule' 第一個引數的可存取擴充方法 'ExperienceRequired' (是否遺漏 using 指示詞或組件參考?) [C:\Users\n2029\Desktop\GameSpace\GameSpace\GameSpace\GameSpace.csproj]
C:\Users\n2029\Desktop\GameSpace\GameSpace\GameSpace\Areas\MiniGame\Views\AdminSignInStats\ViewRecords.cshtml(163,49): error CS1061: 'SignInRecordModel' 未包含 'SignInDate' 的定義，也找不到可接受類型 'SignInRecordModel' 第一個引數的可存取擴充方法 'SignInDate' (是否遺漏 using 指示詞或組件參考?) [C:\Users\n2029\Desktop\GameSpace\GameSpace\GameSpace\GameSpace.csproj]
C:\Users\n2029\Desktop\GameSpace\GameSpace\GameSpace\Areas\MiniGame\Views\AdminSignInStats\ViewRecords.cshtml(164,49): error CS1061: 'SignInRecordModel' 未包含 'UserId' 的定義，也找不到可接受類型 'SignInRecordModel' 第一個引數的可存取擴充方法 'UserId' (是否遺漏 using 指示詞或組件參考?) [C:\Users\n2029\Desktop\GameSpace\GameSpace\GameSpace\GameSpace.csproj]
C:\Users\n2029\Desktop\GameSpace\GameSpace\GameSpace\Areas\MiniGame\Views\AdminSignInStats\ViewRecords.cshtml(165,49): error CS1061: 'SignInRecordModel' 未包含 'UserName' 的定義，也找不到可接受類型 'SignInRecordModel' 第一個引數的可存取擴充方法 'UserName' (是否遺漏 using 指示詞或組件參考?) [C:\Users\n2029\Desktop\GameSpace\GameSpace\GameSpace\GameSpace.csproj]
C:\Users\n2029\Desktop\GameSpace\GameSpace\GameSpace\Areas\MiniGame\Views\AdminSignInStats\ViewRecords.cshtml(167,94): error CS1061: 'SignInRecordModel' 未包含 'PointsEarned' 的定義，也找不到可接受類型 'SignInRecordModel' 第一個引數的可存取擴充方法 'PointsEarned' (是否遺漏 using 指示詞或組件參考?) [C:\Users\n2029\Desktop\GameSpace\GameSpace\GameSpace\GameSpace.csproj]
C:\Users\n2029\Desktop\GameSpace\GameSpace\GameSpace\Areas\MiniGame\Views\AdminSignInStats\ViewRecords.cshtml(170,80): error CS1061: 'SignInRecordModel' 未包含 'ConsecutiveDays' 的定義，也找不到可接受類型 'SignInRecordModel' 第一個引數的可存取擴充方法 'ConsecutiveDays' (是否遺漏 using 指示詞或組件參考?) [C:\Users\n2029\Desktop\GameSpace\GameSpace\GameSpace\GameSpace.csproj]
C:\Users\n2029\Desktop\GameSpace\GameSpace\GameSpace\Areas\MiniGame\Views\AdminSignInStats\ViewRecords.cshtml(173,53): error CS1061: 'SignInRecordModel' 未包含 'BonusType' 的定義，也找不到可接受類型 'SignInRecordModel' 第一個引數的可存取擴充方法 'BonusType' (是否遺漏 using 指示詞或組件參考?) [C:\Users\n2029\Desktop\GameSpace\GameSpace\GameSpace\GameSpace.csproj]
C:\Users\n2029\Desktop\GameSpace\GameSpace\GameSpace\Areas\MiniGame\Views\AdminSignInStats\ViewRecords.cshtml(177,57): error CS1061: 'SignInRecordModel' 未包含 'BonusType' 的定義，也找不到可接受類型 'SignInRecordModel' 第一個引數的可存取擴充方法 'BonusType' (是否遺漏 using 指示詞或組件參考?) [C:\Users\n2029\Desktop\GameSpace\GameSpace\GameSpace\GameSpace.csproj]
C:\Users\n2029\Desktop\GameSpace\GameSpace\GameSpace\Areas\MiniGame\Views\AdminSignInStats\ViewRecords.cshtml(181,57): error CS1061: 'SignInRecordModel' 未包含 'BonusType' 的定義，也找不到可接受類型 'SignInRecordModel' 第一個引數的可存取擴充方法 'BonusType' (是否遺漏 using 指示詞或組件參考?) [C:\Users\n2029\Desktop\GameSpace\GameSpace\GameSpace\GameSpace.csproj]
C:\Users\n2029\Desktop\GameSpace\GameSpace\GameSpace\Areas\MiniGame\Views\AdminSignInStats\ViewRecords.cshtml(185,57): error CS1061: 'SignInRecordModel' 未包含 'BonusType' 的定義，也找不到可接受類型 'SignInRecordModel' 第一個引數的可存取擴充方法 'BonusType' (是否遺漏 using 指示詞或組件參考?) [C:\Users\n2029\Desktop\GameSpace\GameSpace\GameSpace\GameSpace.csproj]
C:\Users\n2029\Desktop\GameSpace\GameSpace\GameSpace\Areas\MiniGame\Views\AdminSignInStats\ViewRecords.cshtml(191,89): error CS1061: 'SignInRecordModel' 未包含 'BonusType' 的定義，也找不到可接受類型 'SignInRecordModel' 第一個引數的可存取擴充方法 'BonusType' (是否遺漏 using 指示詞或組件參考?) [C:\Users\n2029\Desktop\GameSpace\GameSpace\GameSpace\GameSpace.csproj]
C:\Users\n2029\Desktop\GameSpace\GameSpace\GameSpace\Areas\MiniGame\Views\AdminSignInStats\ViewRecords.cshtml(194,49): error CS1061: 'SignInRecordModel' 未包含 'IPAddress' 的定義，也找不到可接受類型 'SignInRecordModel' 第一個引數的可存取擴充方法 'IPAddress' (是否遺漏 using 指示詞或組件參考?) [C:\Users\n2029\Desktop\GameSpace\GameSpace\GameSpace\GameSpace.csproj]
C:\Users\n2029\Desktop\GameSpace\GameSpace\GameSpace\Areas\MiniGame\Views\AdminSignInStats\ViewRecords.cshtml(196,112): error CS1061: 'SignInRecordModel' 未包含 'Id' 的定義，也找不到可接受類型 'SignInRecordModel' 第一個引數的可存取擴充方法 'Id' (是否遺漏 using 指示詞或組件參考?) [C:\Users\n2029\Desktop\GameSpace\GameSpace\GameSpace\GameSpace.csproj]
C:\Users\n2029\Desktop\GameSpace\GameSpace\GameSpace\Areas\MiniGame\Views\AdminSignInStats\SignInRules.cshtml(41,69): error CS1061: 'SignInRuleReadModel' 未包含 'Name' 的定義，也找不到可接受類型 'SignInRuleReadModel' 第一個引數的可存取擴充方法 'Name' (是否遺漏 using 指示詞或組件參考?) [C:\Users\n2029\Desktop\GameSpace\GameSpace\GameSpace\GameSpace.csproj]
C:\Users\n2029\Desktop\GameSpace\GameSpace\GameSpace\Areas\MiniGame\Views\AdminSignInStats\SignInRules.cshtml(125,59): error CS1061: 'SignInRuleReadModel' 未包含 'Name' 的定義，也找不到可接受類型 'SignInRuleReadModel' 第一個引數的可存取擴充方法 'Name' (是否遺漏 using 指示詞或組件參考?) [C:\Users\n2029\Desktop\GameSpace\GameSpace\GameSpace\GameSpace.csproj]
C:\Users\n2029\Desktop\GameSpace\GameSpace\GameSpace\Areas\MiniGame\Views\AdminPet\PetRules.cshtml(41,66): error CS1061: 'PetRuleReadModel' 未包含 'Name' 的定義，也找不到可接受類型 'PetRuleReadModel' 第一個引數的可存取擴充方法 'Name' (是否遺漏 using 指示詞或組件參考?) [C:\Users\n2029\Desktop\GameSpace\GameSpace\GameSpace\GameSpace.csproj]
C:\Users\n2029\Desktop\GameSpace\GameSpace\GameSpace\Areas\MiniGame\Views\AdminPet\PetRules.cshtml(48,66): error CS1061: 'PetRuleReadModel' 未包含 'MaxPets' 的定義，也找不到可接受類型 'PetRuleReadModel' 第一個引數的可存取擴充方法 'MaxPets' (是否遺漏 using 指示詞或組件參考?) [C:\Users\n2029\Desktop\GameSpace\GameSpace\GameSpace\GameSpace.csproj]
C:\Users\n2029\Desktop\GameSpace\GameSpace\GameSpace\Areas\MiniGame\Views\AdminPet\PetRules.cshtml(57,66): error CS1061: 'PetRuleReadModel' 未包含 'FeedingCost' 的定義，也找不到可接受類型 'PetRuleReadModel' 第一個引數的可存取擴充方法 'FeedingCost' (是否遺漏 using 指示詞或組件參考?) [C:\Users\n2029\Desktop\GameSpace\GameSpace\GameSpace\GameSpace.csproj]
C:\Users\n2029\Desktop\GameSpace\GameSpace\GameSpace\Areas\MiniGame\Views\AdminPet\PetRules.cshtml(64,66): error CS1061: 'PetRuleReadModel' 未包含 'FeedingReward' 的定義，也找不到可接受類型 'PetRuleReadModel' 第一個引數的可存取擴充方法 'FeedingReward' (是否遺漏 using 指示詞或組件參考?) [C:\Users\n2029\Desktop\GameSpace\GameSpace\GameSpace\GameSpace.csproj]
C:\Users\n2029\Desktop\GameSpace\GameSpace\GameSpace\Areas\MiniGame\Views\AdminPet\PetRules.cshtml(141,56): error CS1061: 'PetRuleReadModel' 未包含 'Name' 的定義，也找不到可接受類型 'PetRuleReadModel' 第一個引數的可存取擴充方法 'Name' (是否遺漏 using 指示詞或組件參考?) [C:\Users\n2029\Desktop\GameSpace\GameSpace\GameSpace\GameSpace.csproj]
C:\Users\n2029\Desktop\GameSpace\GameSpace\GameSpace\Areas\MiniGame\Views\AdminPet\PetRules.cshtml(142,91): error CS1061: 'PetRuleReadModel' 未包含 'MaxPets' 的定義，也找不到可接受類型 'PetRuleReadModel' 第一個引數的可存取擴充方法 'MaxPets' (是否遺漏 using 指示詞或組件參考?) [C:\Users\n2029\Desktop\GameSpace\GameSpace\GameSpace\GameSpace.csproj]
C:\Users\n2029\Desktop\GameSpace\GameSpace\GameSpace\Areas\MiniGame\Views\AdminPet\PetRules.cshtml(143,76): error CS1061: 'PetRuleReadModel' 未包含 'FeedingCost' 的定義，也找不到可接受類型 'PetRuleReadModel' 第一個引數的可存取擴充方法 'FeedingCost' (是否遺漏 using 指示詞或組件參考?) [C:\Users\n2029\Desktop\GameSpace\GameSpace\GameSpace\GameSpace.csproj]
C:\Users\n2029\Desktop\GameSpace\GameSpace\GameSpace\Areas\MiniGame\Views\AdminPet\PetRules.cshtml(144,77): error CS1061: 'PetRuleReadModel' 未包含 'FeedingReward' 的定義，也找不到可接受類型 'PetRuleReadModel' 第一個引數的可存取擴充方法 'FeedingReward' (是否遺漏 using 指示詞或組件參考?) [C:\Users\n2029\Desktop\GameSpace\GameSpace\GameSpace\GameSpace.csproj]
C:\Users\n2029\Desktop\GameSpace\GameSpace\GameSpace\Areas\MiniGame\Services\PetLevelRewardSettingService.cs(23,47): error CS1061: 'GameSpacedatabaseContext' 未包含 'PetLevelRewardSettings' 的定義，也找不到可接受類型 'GameSpacedatabaseContext' 第一個引數的可存取擴充方法 'PetLevelRewardSettings' (是否遺漏 using 指示詞或組件參考?) [C:\Users\n2029\Desktop\GameSpace\GameSpace\GameSpace\GameSpace.csproj]
C:\Users\n2029\Desktop\GameSpace\GameSpace\GameSpace\obj\Debug\net8.0\Microsoft.CodeAnalysis.Razor.Compiler\Microsoft.NET.Sdk.Razor.SourceGenerators.RazorSourceGenerator\Areas_MiniGame_Views_AdminSignIn_Rules_cshtml.g.cs(131,143): error CS1963: 運算式樹狀結構不可包含動態作業 [C:\Users\n2029\Desktop\GameSpace\GameSpace\GameSpace\GameSpace.csproj]
C:\Users\n2029\Desktop\GameSpace\GameSpace\GameSpace\obj\Debug\net8.0\Microsoft.CodeAnalysis.Razor.Compiler\Microsoft.NET.Sdk.Razor.SourceGenerators.RazorSourceGenerator\Areas_MiniGame_Views_AdminSignIn_Rules_cshtml.g.cs(131,143): error CS1963: 運算式樹狀結構不可包含動態作業 [C:\Users\n2029\Desktop\GameSpace\GameSpace\GameSpace\GameSpace.csproj]
C:\Users\n2029\Desktop\GameSpace\GameSpace\GameSpace\obj\Debug\net8.0\Microsoft.CodeAnalysis.Razor.Compiler\Microsoft.NET.Sdk.Razor.SourceGenerators.RazorSourceGenerator\Areas_MiniGame_Views_AdminSignIn_Rules_cshtml.g.cs(155,143): error CS1963: 運算式樹狀結構不可包含動態作業 [C:\Users\n2029\Desktop\GameSpace\GameSpace\GameSpace\GameSpace.csproj]
C:\Users\n2029\Desktop\GameSpace\GameSpace\GameSpace\obj\Debug\net8.0\Microsoft.CodeAnalysis.Razor.Compiler\Microsoft.NET.Sdk.Razor.SourceGenerators.RazorSourceGenerator\Areas_MiniGame_Views_AdminSignIn_Rules_cshtml.g.cs(155,143): error CS1963: 運算式樹狀結構不可包含動態作業 [C:\Users\n2029\Desktop\GameSpace\GameSpace\GameSpace\GameSpace.csproj]
C:\Users\n2029\Desktop\GameSpace\GameSpace\GameSpace\obj\Debug\net8.0\Microsoft.CodeAnalysis.Razor.Compiler\Microsoft.NET.Sdk.Razor.SourceGenerators.RazorSourceGenerator\Areas_MiniGame_Views_AdminSignIn_Rules_cshtml.g.cs(182,155): error CS1963: 運算式樹狀結構不可包含動態作業 [C:\Users\n2029\Desktop\GameSpace\GameSpace\GameSpace\GameSpace.csproj]
C:\Users\n2029\Desktop\GameSpace\GameSpace\GameSpace\obj\Debug\net8.0\Microsoft.CodeAnalysis.Razor.Compiler\Microsoft.NET.Sdk.Razor.SourceGenerators.RazorSourceGenerator\Areas_MiniGame_Views_AdminSignIn_Rules_cshtml.g.cs(182,155): error CS1963: 運算式樹狀結構不可包含動態作業 [C:\Users\n2029\Desktop\GameSpace\GameSpace\GameSpace\GameSpace.csproj]
C:\Users\n2029\Desktop\GameSpace\GameSpace\GameSpace\obj\Debug\net8.0\Microsoft.CodeAnalysis.Razor.Compiler\Microsoft.NET.Sdk.Razor.SourceGenerators.RazorSourceGenerator\Areas_MiniGame_Views_AdminSignIn_Rules_cshtml.g.cs(207,143): error CS1963: 運算式樹狀結構不可包含動態作業 [C:\Users\n2029\Desktop\GameSpace\GameSpace\GameSpace\GameSpace.csproj]
C:\Users\n2029\Desktop\GameSpace\GameSpace\GameSpace\obj\Debug\net8.0\Microsoft.CodeAnalysis.Razor.Compiler\Microsoft.NET.Sdk.Razor.SourceGenerators.RazorSourceGenerator\Areas_MiniGame_Views_AdminSignIn_Rules_cshtml.g.cs(207,143): error CS1963: 運算式樹狀結構不可包含動態作業 [C:\Users\n2029\Desktop\GameSpace\GameSpace\GameSpace\GameSpace.csproj]
C:\Users\n2029\Desktop\GameSpace\GameSpace\GameSpace\obj\Debug\net8.0\Microsoft.CodeAnalysis.Razor.Compiler\Microsoft.NET.Sdk.Razor.SourceGenerators.RazorSourceGenerator\Areas_MiniGame_Views_AdminSignIn_Rules_cshtml.g.cs(231,143): error CS1963: 運算式樹狀結構不可包含動態作業 [C:\Users\n2029\Desktop\GameSpace\GameSpace\GameSpace\GameSpace.csproj]
C:\Users\n2029\Desktop\GameSpace\GameSpace\GameSpace\obj\Debug\net8.0\Microsoft.CodeAnalysis.Razor.Compiler\Microsoft.NET.Sdk.Razor.SourceGenerators.RazorSourceGenerator\Areas_MiniGame_Views_AdminSignIn_Rules_cshtml.g.cs(231,143): error CS1963: 運算式樹狀結構不可包含動態作業 [C:\Users\n2029\Desktop\GameSpace\GameSpace\GameSpace\GameSpace.csproj]
C:\Users\n2029\Desktop\GameSpace\GameSpace\GameSpace\obj\Debug\net8.0\Microsoft.CodeAnalysis.Razor.Compiler\Microsoft.NET.Sdk.Razor.SourceGenerators.RazorSourceGenerator\Areas_MiniGame_Views_AdminSignIn_Rules_cshtml.g.cs(258,155): error CS1963: 運算式樹狀結構不可包含動態作業 [C:\Users\n2029\Desktop\GameSpace\GameSpace\GameSpace\GameSpace.csproj]
C:\Users\n2029\Desktop\GameSpace\GameSpace\GameSpace\obj\Debug\net8.0\Microsoft.CodeAnalysis.Razor.Compiler\Microsoft.NET.Sdk.Razor.SourceGenerators.RazorSourceGenerator\Areas_MiniGame_Views_AdminSignIn_Rules_cshtml.g.cs(258,155): error CS1963: 運算式樹狀結構不可包含動態作業 [C:\Users\n2029\Desktop\GameSpace\GameSpace\GameSpace\GameSpace.csproj]
C:\Users\n2029\Desktop\GameSpace\GameSpace\GameSpace\obj\Debug\net8.0\Microsoft.CodeAnalysis.Razor.Compiler\Microsoft.NET.Sdk.Razor.SourceGenerators.RazorSourceGenerator\Areas_MiniGame_Views_AdminSignIn_Rules_cshtml.g.cs(290,143): error CS1963: 運算式樹狀結構不可包含動態作業 [C:\Users\n2029\Desktop\GameSpace\GameSpace\GameSpace\GameSpace.csproj]
C:\Users\n2029\Desktop\GameSpace\GameSpace\GameSpace\obj\Debug\net8.0\Microsoft.CodeAnalysis.Razor.Compiler\Microsoft.NET.Sdk.Razor.SourceGenerators.RazorSourceGenerator\Areas_MiniGame_Views_AdminSignIn_Rules_cshtml.g.cs(290,143): error CS1963: 運算式樹狀結構不可包含動態作業 [C:\Users\n2029\Desktop\GameSpace\GameSpace\GameSpace\GameSpace.csproj]
C:\Users\n2029\Desktop\GameSpace\GameSpace\GameSpace\obj\Debug\net8.0\Microsoft.CodeAnalysis.Razor.Compiler\Microsoft.NET.Sdk.Razor.SourceGenerators.RazorSourceGenerator\Areas_MiniGame_Views_AdminSignIn_Rules_cshtml.g.cs(314,143): error CS1963: 運算式樹狀結構不可包含動態作業 [C:\Users\n2029\Desktop\GameSpace\GameSpace\GameSpace\GameSpace.csproj]
C:\Users\n2029\Desktop\GameSpace\GameSpace\GameSpace\obj\Debug\net8.0\Microsoft.CodeAnalysis.Razor.Compiler\Microsoft.NET.Sdk.Razor.SourceGenerators.RazorSourceGenerator\Areas_MiniGame_Views_AdminSignIn_Rules_cshtml.g.cs(314,143): error CS1963: 運算式樹狀結構不可包含動態作業 [C:\Users\n2029\Desktop\GameSpace\GameSpace\GameSpace\GameSpace.csproj]
C:\Users\n2029\Desktop\GameSpace\GameSpace\GameSpace\obj\Debug\net8.0\Microsoft.CodeAnalysis.Razor.Compiler\Microsoft.NET.Sdk.Razor.SourceGenerators.RazorSourceGenerator\Areas_MiniGame_Views_AdminSignIn_Rules_cshtml.g.cs(341,155): error CS1963: 運算式樹狀結構不可包含動態作業 [C:\Users\n2029\Desktop\GameSpace\GameSpace\GameSpace\GameSpace.csproj]
C:\Users\n2029\Desktop\GameSpace\GameSpace\GameSpace\obj\Debug\net8.0\Microsoft.CodeAnalysis.Razor.Compiler\Microsoft.NET.Sdk.Razor.SourceGenerators.RazorSourceGenerator\Areas_MiniGame_Views_AdminSignIn_Rules_cshtml.g.cs(341,155): error CS1963: 運算式樹狀結構不可包含動態作業 [C:\Users\n2029\Desktop\GameSpace\GameSpace\GameSpace\GameSpace.csproj]
C:\Users\n2029\Desktop\GameSpace\GameSpace\GameSpace\obj\Debug\net8.0\Microsoft.CodeAnalysis.Razor.Compiler\Microsoft.NET.Sdk.Razor.SourceGenerators.RazorSourceGenerator\Areas_MiniGame_Views_AdminSignIn_Rules_cshtml.g.cs(366,143): error CS1963: 運算式樹狀結構不可包含動態作業 [C:\Users\n2029\Desktop\GameSpace\GameSpace\GameSpace\GameSpace.csproj]
C:\Users\n2029\Desktop\GameSpace\GameSpace\GameSpace\obj\Debug\net8.0\Microsoft.CodeAnalysis.Razor.Compiler\Microsoft.NET.Sdk.Razor.SourceGenerators.RazorSourceGenerator\Areas_MiniGame_Views_AdminSignIn_Rules_cshtml.g.cs(366,143): error CS1963: 運算式樹狀結構不可包含動態作業 [C:\Users\n2029\Desktop\GameSpace\GameSpace\GameSpace\GameSpace.csproj]
C:\Users\n2029\Desktop\GameSpace\GameSpace\GameSpace\obj\Debug\net8.0\Microsoft.CodeAnalysis.Razor.Compiler\Microsoft.NET.Sdk.Razor.SourceGenerators.RazorSourceGenerator\Areas_MiniGame_Views_AdminSignIn_Rules_cshtml.g.cs(390,143): error CS1963: 運算式樹狀結構不可包含動態作業 [C:\Users\n2029\Desktop\GameSpace\GameSpace\GameSpace\GameSpace.csproj]
C:\Users\n2029\Desktop\GameSpace\GameSpace\GameSpace\obj\Debug\net8.0\Microsoft.CodeAnalysis.Razor.Compiler\Microsoft.NET.Sdk.Razor.SourceGenerators.RazorSourceGenerator\Areas_MiniGame_Views_AdminSignIn_Rules_cshtml.g.cs(390,143): error CS1963: 運算式樹狀結構不可包含動態作業 [C:\Users\n2029\Desktop\GameSpace\GameSpace\GameSpace\GameSpace.csproj]
C:\Users\n2029\Desktop\GameSpace\GameSpace\GameSpace\obj\Debug\net8.0\Microsoft.CodeAnalysis.Razor.Compiler\Microsoft.NET.Sdk.Razor.SourceGenerators.RazorSourceGenerator\Areas_MiniGame_Views_AdminSignIn_Rules_cshtml.g.cs(417,155): error CS1963: 運算式樹狀結構不可包含動態作業 [C:\Users\n2029\Desktop\GameSpace\GameSpace\GameSpace\GameSpace.csproj]
C:\Users\n2029\Desktop\GameSpace\GameSpace\GameSpace\obj\Debug\net8.0\Microsoft.CodeAnalysis.Razor.Compiler\Microsoft.NET.Sdk.Razor.SourceGenerators.RazorSourceGenerator\Areas_MiniGame_Views_AdminSignIn_Rules_cshtml.g.cs(417,155): error CS1963: 運算式樹狀結構不可包含動態作業 [C:\Users\n2029\Desktop\GameSpace\GameSpace\GameSpace\GameSpace.csproj]
C:\Users\n2029\Desktop\GameSpace\GameSpace\GameSpace\obj\Debug\net8.0\Microsoft.CodeAnalysis.Razor.Compiler\Microsoft.NET.Sdk.Razor.SourceGenerators.RazorSourceGenerator\Areas_MiniGame_Views_AdminSignIn_Rules_cshtml.g.cs(449,143): error CS1963: 運算式樹狀結構不可包含動態作業 [C:\Users\n2029\Desktop\GameSpace\GameSpace\GameSpace\GameSpace.csproj]
C:\Users\n2029\Desktop\GameSpace\GameSpace\GameSpace\obj\Debug\net8.0\Microsoft.CodeAnalysis.Razor.Compiler\Microsoft.NET.Sdk.Razor.SourceGenerators.RazorSourceGenerator\Areas_MiniGame_Views_AdminSignIn_Rules_cshtml.g.cs(449,143): error CS1963: 運算式樹狀結構不可包含動態作業 [C:\Users\n2029\Desktop\GameSpace\GameSpace\GameSpace\GameSpace.csproj]
C:\Users\n2029\Desktop\GameSpace\GameSpace\GameSpace\obj\Debug\net8.0\Microsoft.CodeAnalysis.Razor.Compiler\Microsoft.NET.Sdk.Razor.SourceGenerators.RazorSourceGenerator\Areas_MiniGame_Views_AdminSignIn_Rules_cshtml.g.cs(473,146): error CS1963: 運算式樹狀結構不可包含動態作業 [C:\Users\n2029\Desktop\GameSpace\GameSpace\GameSpace\GameSpace.csproj]
C:\Users\n2029\Desktop\GameSpace\GameSpace\GameSpace\obj\Debug\net8.0\Microsoft.CodeAnalysis.Razor.Compiler\Microsoft.NET.Sdk.Razor.SourceGenerators.RazorSourceGenerator\Areas_MiniGame_Views_AdminSignIn_Rules_cshtml.g.cs(473,146): error CS1963: 運算式樹狀結構不可包含動態作業 [C:\Users\n2029\Desktop\GameSpace\GameSpace\GameSpace\GameSpace.csproj]
C:\Users\n2029\Desktop\GameSpace\GameSpace\GameSpace\obj\Debug\net8.0\Microsoft.CodeAnalysis.Razor.Compiler\Microsoft.NET.Sdk.Razor.SourceGenerators.RazorSourceGenerator\Areas_MiniGame_Views_AdminSignIn_Rules_cshtml.g.cs(498,155): error CS1963: 運算式樹狀結構不可包含動態作業 [C:\Users\n2029\Desktop\GameSpace\GameSpace\GameSpace\GameSpace.csproj]
C:\Users\n2029\Desktop\GameSpace\GameSpace\GameSpace\obj\Debug\net8.0\Microsoft.CodeAnalysis.Razor.Compiler\Microsoft.NET.Sdk.Razor.SourceGenerators.RazorSourceGenerator\Areas_MiniGame_Views_AdminSignIn_Rules_cshtml.g.cs(498,155): error CS1963: 運算式樹狀結構不可包含動態作業 [C:\Users\n2029\Desktop\GameSpace\GameSpace\GameSpace\GameSpace.csproj]
C:\Users\n2029\Desktop\GameSpace\GameSpace\GameSpace\Areas\MiniGame\Services\PetLevelRewardSettingService.cs(55,46): error CS1061: 'GameSpacedatabaseContext' 未包含 'PetLevelRewardSettings' 的定義，也找不到可接受類型 'GameSpacedatabaseContext' 第一個引數的可存取擴充方法 'PetLevelRewardSettings' (是否遺漏 using 指示詞或組件參考?) [C:\Users\n2029\Desktop\GameSpace\GameSpace\GameSpace\GameSpace.csproj]
C:\Users\n2029\Desktop\GameSpace\GameSpace\GameSpace\Areas\MiniGame\Services\PetLevelRewardSettingService.cs(114,26): error CS1061: 'GameSpacedatabaseContext' 未包含 'PetLevelRewardSettings' 的定義，也找不到可接受類型 'GameSpacedatabaseContext' 第一個引數的可存取擴充方法 'PetLevelRewardSettings' (是否遺漏 using 指示詞或組件參考?) [C:\Users\n2029\Desktop\GameSpace\GameSpace\GameSpace\GameSpace.csproj]
C:\Users\n2029\Desktop\GameSpace\GameSpace\GameSpace\Areas\MiniGame\Services\PetLevelRewardSettingService.cs(145,46): error CS1061: 'GameSpacedatabaseContext' 未包含 'PetLevelRewardSettings' 的定義，也找不到可接受類型 'GameSpacedatabaseContext' 第一個引數的可存取擴充方法 'PetLevelRewardSettings' (是否遺漏 using 指示詞或組件參考?) [C:\Users\n2029\Desktop\GameSpace\GameSpace\GameSpace\GameSpace.csproj]
C:\Users\n2029\Desktop\GameSpace\GameSpace\GameSpace\Areas\MiniGame\Views\AdminPet\IndividualSettings.cshtml(75,53): error CS1061: 'PetIndividualSettingsModel' 未包含 'Pets' 的定義，也找不到可接受類型 'PetIndividualSettingsModel' 第一個引數的可存取擴充方法 'Pets' (是否遺漏 using 指示詞或組件參考?) [C:\Users\n2029\Desktop\GameSpace\GameSpace\GameSpace\GameSpace.csproj]
C:\Users\n2029\Desktop\GameSpace\GameSpace\GameSpace\Areas\MiniGame\Views\AdminPet\IndividualSettings.cshtml(75,75): error CS1061: 'PetIndividualSettingsModel' 未包含 'Pets' 的定義，也找不到可接受類型 'PetIndividualSettingsModel' 第一個引數的可存取擴充方法 'Pets' (是否遺漏 using 指示詞或組件參考?) [C:\Users\n2029\Desktop\GameSpace\GameSpace\GameSpace\GameSpace.csproj]
C:\Users\n2029\Desktop\GameSpace\GameSpace\GameSpace\Areas\MiniGame\Views\AdminPet\IndividualSettings.cshtml(77,56): error CS1061: 'PetIndividualSettingsModel' 未包含 'Pets' 的定義，也找不到可接受類型 'PetIndividualSettingsModel' 第一個引數的可存取擴充方法 'Pets' (是否遺漏 using 指示詞或組件參考?) [C:\Users\n2029\Desktop\GameSpace\GameSpace\GameSpace\GameSpace.csproj]
C:\Users\n2029\Desktop\GameSpace\GameSpace\GameSpace\Areas\MiniGame\Services\PetLevelRewardSettingService.cs(196,46): error CS1061: 'GameSpacedatabaseContext' 未包含 'PetLevelRewardSettings' 的定義，也找不到可接受類型 'GameSpacedatabaseContext' 第一個引數的可存取擴充方法 'PetLevelRewardSettings' (是否遺漏 using 指示詞或組件參考?) [C:\Users\n2029\Desktop\GameSpace\GameSpace\GameSpace\GameSpace.csproj]
C:\Users\n2029\Desktop\GameSpace\GameSpace\GameSpace\Areas\MiniGame\Services\PetLevelRewardSettingService.cs(203,26): error CS1061: 'GameSpacedatabaseContext' 未包含 'PetLevelRewardSettings' 的定義，也找不到可接受類型 'GameSpacedatabaseContext' 第一個引數的可存取擴充方法 'PetLevelRewardSettings' (是否遺漏 using 指示詞或組件參考?) [C:\Users\n2029\Desktop\GameSpace\GameSpace\GameSpace\GameSpace.csproj]
C:\Users\n2029\Desktop\GameSpace\GameSpace\GameSpace\Areas\MiniGame\Services\PetLevelRewardSettingService.cs(220,46): error CS1061: 'GameSpacedatabaseContext' 未包含 'PetLevelRewardSettings' 的定義，也找不到可接受類型 'GameSpacedatabaseContext' 第一個引數的可存取擴充方法 'PetLevelRewardSettings' (是否遺漏 using 指示詞或組件參考?) [C:\Users\n2029\Desktop\GameSpace\GameSpace\GameSpace\GameSpace.csproj]
C:\Users\n2029\Desktop\GameSpace\GameSpace\GameSpace\Areas\MiniGame\Views\AdminWallet\AdjustEVouchers.cshtml(32,45): error CS1061: 'AdjustEVouchersModel' 未包含 'UserId' 的定義，也找不到可接受類型 'AdjustEVouchersModel' 第一個引數的可存取擴充方法 'UserId' (是否遺漏 using 指示詞或組件參考?) [C:\Users\n2029\Desktop\GameSpace\GameSpace\GameSpace\GameSpace.csproj]
C:\Users\n2029\Desktop\GameSpace\GameSpace\GameSpace\Areas\MiniGame\Views\AdminWallet\AdjustEVouchers.cshtml(33,45): error CS1061: 'AdjustEVouchersModel' 未包含 'UserId' 的定義，也找不到可接受類型 'AdjustEVouchersModel' 第一個引數的可存取擴充方法 'UserId' (是否遺漏 using 指示詞或組件參考?) [C:\Users\n2029\Desktop\GameSpace\GameSpace\GameSpace\GameSpace.csproj]
C:\Users\n2029\Desktop\GameSpace\GameSpace\GameSpace\Areas\MiniGame\Views\AdminWallet\AdjustEVouchers.cshtml(34,55): error CS1061: 'AdjustEVouchersModel' 未包含 'UserId' 的定義，也找不到可接受類型 'AdjustEVouchersModel' 第一個引數的可存取擴充方法 'UserId' (是否遺漏 using 指示詞或組件參考?) [C:\Users\n2029\Desktop\GameSpace\GameSpace\GameSpace\GameSpace.csproj]
C:\Users\n2029\Desktop\GameSpace\GameSpace\GameSpace\Areas\MiniGame\Views\AdminWallet\AdjustEVouchers.cshtml(39,45): error CS1061: 'AdjustEVouchersModel' 未包含 'EVoucherTypeId' 的定義，也找不到可接受類型 'AdjustEVouchersModel' 第一個引數的可存取擴充方法 'EVoucherTypeId' (是否遺漏 using 指示詞或組件參考?) [C:\Users\n2029\Desktop\GameSpace\GameSpace\GameSpace\GameSpace.csproj]
C:\Users\n2029\Desktop\GameSpace\GameSpace\GameSpace\Areas\MiniGame\Views\AdminWallet\AdjustEVouchers.cshtml(40,46): error CS1061: 'AdjustEVouchersModel' 未包含 'EVoucherTypeId' 的定義，也找不到可接受類型 'AdjustEVouchersModel' 第一個引數的可存取擴充方法 'EVoucherTypeId' (是否遺漏 using 指示詞或組件參考?) [C:\Users\n2029\Desktop\GameSpace\GameSpace\GameSpace\GameSpace.csproj]
C:\Users\n2029\Desktop\GameSpace\GameSpace\GameSpace\Areas\MiniGame\Views\AdminWallet\AdjustEVouchers.cshtml(47,55): error CS1061: 'AdjustEVouchersModel' 未包含 'EVoucherTypeId' 的定義，也找不到可接受類型 'AdjustEVouchersModel' 第一個引數的可存取擴充方法 'EVoucherTypeId' (是否遺漏 using 指示詞或組件參考?) [C:\Users\n2029\Desktop\GameSpace\GameSpace\GameSpace\GameSpace.csproj]
C:\Users\n2029\Desktop\GameSpace\GameSpace\GameSpace\Areas\MiniGame\Views\AdminWallet\AdjustEVouchers.cshtml(62,45): error CS1061: 'AdjustEVouchersModel' 未包含 'ExpiryDate' 的定義，也找不到可接受類型 'AdjustEVouchersModel' 第一個引數的可存取擴充方法 'ExpiryDate' (是否遺漏 using 指示詞或組件參考?) [C:\Users\n2029\Desktop\GameSpace\GameSpace\GameSpace\GameSpace.csproj]
C:\Users\n2029\Desktop\GameSpace\GameSpace\GameSpace\Areas\MiniGame\Views\AdminWallet\AdjustEVouchers.cshtml(63,45): error CS1061: 'AdjustEVouchersModel' 未包含 'ExpiryDate' 的定義，也找不到可接受類型 'AdjustEVouchersModel' 第一個引數的可存取擴充方法 'ExpiryDate' (是否遺漏 using 指示詞或組件參考?) [C:\Users\n2029\Desktop\GameSpace\GameSpace\GameSpace\GameSpace.csproj]
C:\Users\n2029\Desktop\GameSpace\GameSpace\GameSpace\Areas\MiniGame\Views\AdminWallet\AdjustEVouchers.cshtml(64,55): error CS1061: 'AdjustEVouchersModel' 未包含 'ExpiryDate' 的定義，也找不到可接受類型 'AdjustEVouchersModel' 第一個引數的可存取擴充方法 'ExpiryDate' (是否遺漏 using 指示詞或組件參考?) [C:\Users\n2029\Desktop\GameSpace\GameSpace\GameSpace\GameSpace.csproj]
C:\Users\n2029\Desktop\GameSpace\GameSpace\GameSpace\Areas\MiniGame\Views\AdminMiniGame\ViewGameRecords.cshtml(195,49): error CS1061: 'GameRecordModel' 未包含 'StartTime' 的定義，也找不到可接受類型 'GameRecordModel' 第一個引數的可存取擴充方法 'StartTime' (是否遺漏 using 指示詞或組件參考?) [C:\Users\n2029\Desktop\GameSpace\GameSpace\GameSpace\GameSpace.csproj]
C:\Users\n2029\Desktop\GameSpace\GameSpace\GameSpace\Areas\MiniGame\Views\AdminMiniGame\ViewGameRecords.cshtml(196,49): error CS1061: 'GameRecordModel' 未包含 'UserId' 的定義，也找不到可接受類型 'GameRecordModel' 第一個引數的可存取擴充方法 'UserId' (是否遺漏 using 指示詞或組件參考?) [C:\Users\n2029\Desktop\GameSpace\GameSpace\GameSpace\GameSpace.csproj]
C:\Users\n2029\Desktop\GameSpace\GameSpace\GameSpace\Areas\MiniGame\Views\AdminMiniGame\ViewGameRecords.cshtml(197,49): error CS1061: 'GameRecordModel' 未包含 'UserName' 的定義，也找不到可接受類型 'GameRecordModel' 第一個引數的可存取擴充方法 'UserName' (是否遺漏 using 指示詞或組件參考?) [C:\Users\n2029\Desktop\GameSpace\GameSpace\GameSpace\GameSpace.csproj]
C:\Users\n2029\Desktop\GameSpace\GameSpace\GameSpace\Areas\MiniGame\Views\AdminMiniGame\ViewGameRecords.cshtml(199,83): error CS1061: 'GameRecordModel' 未包含 'GameName' 的定義，也找不到可接受類型 'GameRecordModel' 第一個引數的可存取擴充方法 'GameName' (是否遺漏 using 指示詞或組件參考?) [C:\Users\n2029\Desktop\GameSpace\GameSpace\GameSpace\GameSpace.csproj]
C:\Users\n2029\Desktop\GameSpace\GameSpace\GameSpace\Areas\MiniGame\Views\AdminMiniGame\ViewGameRecords.cshtml(202,57): error CS1061: 'GameRecordModel' 未包含 'Result' 的定義，也找不到可接受類型 'GameRecordModel' 第一個引數的可存取擴充方法 'Result' (是否遺漏 using 指示詞或組件參考?) [C:\Users\n2029\Desktop\GameSpace\GameSpace\GameSpace\GameSpace.csproj]
C:\Users\n2029\Desktop\GameSpace\GameSpace\GameSpace\Areas\MiniGame\Views\AdminMiniGame\ViewGameRecords.cshtml(214,93): error CS1061: 'GameRecordModel' 未包含 'Result' 的定義，也找不到可接受類型 'GameRecordModel' 第一個引數的可存取擴充方法 'Result' (是否遺漏 using 指示詞或組件參考?) [C:\Users\n2029\Desktop\GameSpace\GameSpace\GameSpace\GameSpace.csproj]
C:\Users\n2029\Desktop\GameSpace\GameSpace\GameSpace\Areas\MiniGame\Views\AdminMiniGame\ViewGameRecords.cshtml(219,80): error CS1061: 'GameRecordModel' 未包含 'Score' 的定義，也找不到可接受類型 'GameRecordModel' 第一個引數的可存取擴充方法 'Score' (是否遺漏 using 指示詞或組件參考?) [C:\Users\n2029\Desktop\GameSpace\GameSpace\GameSpace\GameSpace.csproj]
C:\Users\n2029\Desktop\GameSpace\GameSpace\GameSpace\Areas\MiniGame\Views\AdminMiniGame\ViewGameRecords.cshtml(222,53): error CS1061: 'GameRecordModel' 未包含 'PointsEarned' 的定義，也找不到可接受類型 'GameRecordModel' 第一個引數的可存取擴充方法 'PointsEarned' (是否遺漏 using 指示詞或組件參考?) [C:\Users\n2029\Desktop\GameSpace\GameSpace\GameSpace\GameSpace.csproj]
C:\Users\n2029\Desktop\GameSpace\GameSpace\GameSpace\Areas\MiniGame\Views\AdminMiniGame\ViewGameRecords.cshtml(224,98): error CS1061: 'GameRecordModel' 未包含 'PointsEarned' 的定義，也找不到可接受類型 'GameRecordModel' 第一個引數的可存取擴充方法 'PointsEarned' (是否遺漏 using 指示詞或組件參考?) [C:\Users\n2029\Desktop\GameSpace\GameSpace\GameSpace\GameSpace.csproj]
C:\Users\n2029\Desktop\GameSpace\GameSpace\GameSpace\Areas\MiniGame\Views\AdminMiniGame\ViewGameRecords.cshtml(226,57): error CS1061: 'GameRecordModel' 未包含 'PointsEarned' 的定義，也找不到可接受類型 'GameRecordModel' 第一個引數的可存取擴充方法 'PointsEarned' (是否遺漏 using 指示詞或組件參考?) [C:\Users\n2029\Desktop\GameSpace\GameSpace\GameSpace\GameSpace.csproj]
C:\Users\n2029\Desktop\GameSpace\GameSpace\GameSpace\Areas\MiniGame\Views\AdminMiniGame\ViewGameRecords.cshtml(228,96): error CS1061: 'GameRecordModel' 未包含 'PointsEarned' 的定義，也找不到可接受類型 'GameRecordModel' 第一個引數的可存取擴充方法 'PointsEarned' (是否遺漏 using 指示詞或組件參考?) [C:\Users\n2029\Desktop\GameSpace\GameSpace\GameSpace\GameSpace.csproj]
C:\Users\n2029\Desktop\GameSpace\GameSpace\GameSpace\Areas\MiniGame\Views\AdminMiniGame\ViewGameRecords.cshtml(235,49): error CS1061: 'GameRecordModel' 未包含 'Duration' 的定義，也找不到可接受類型 'GameRecordModel' 第一個引數的可存取擴充方法 'Duration' (是否遺漏 using 指示詞或組件參考?) [C:\Users\n2029\Desktop\GameSpace\GameSpace\GameSpace\GameSpace.csproj]
C:\Users\n2029\Desktop\GameSpace\GameSpace\GameSpace\Areas\MiniGame\Views\AdminMiniGame\ViewGameRecords.cshtml(237,110): error CS1061: 'GameRecordModel' 未包含 'Id' 的定義，也找不到可接受類型 'GameRecordModel' 第一個引數的可存取擴充方法 'Id' (是否遺漏 using 指示詞或組件參考?) [C:\Users\n2029\Desktop\GameSpace\GameSpace\GameSpace\GameSpace.csproj]
C:\Users\n2029\Desktop\GameSpace\GameSpace\GameSpace\Areas\MiniGame\Views\AdminMiniGame\ViewGameRecords.cshtml(240,112): error CS1061: 'GameRecordModel' 未包含 'Id' 的定義，也找不到可接受類型 'GameRecordModel' 第一個引數的可存取擴充方法 'Id' (是否遺漏 using 指示詞或組件參考?) [C:\Users\n2029\Desktop\GameSpace\GameSpace\GameSpace\GameSpace.csproj]
C:\Users\n2029\Desktop\GameSpace\GameSpace\GameSpace\Areas\MiniGame\Views\AdminSignIn\Create.cshtml(29,45): error CS1061: 'AdminSignInCreateViewModel' 未包含 'SignInName' 的定義，也找不到可接受類型 'AdminSignInCreateViewModel' 第一個引數的可存取擴充方法 'SignInName' (是否遺漏 using 指示詞或組件參考?) [C:\Users\n2029\Desktop\GameSpace\GameSpace\GameSpace\GameSpace.csproj]
C:\Users\n2029\Desktop\GameSpace\GameSpace\GameSpace\Areas\MiniGame\Views\AdminSignIn\Create.cshtml(30,45): error CS1061: 'AdminSignInCreateViewModel' 未包含 'SignInName' 的定義，也找不到可接受類型 'AdminSignInCreateViewModel' 第一個引數的可存取擴充方法 'SignInName' (是否遺漏 using 指示詞或組件參考?) [C:\Users\n2029\Desktop\GameSpace\GameSpace\GameSpace\GameSpace.csproj]
C:\Users\n2029\Desktop\GameSpace\GameSpace\GameSpace\Areas\MiniGame\Views\AdminSignIn\Create.cshtml(31,55): error CS1061: 'AdminSignInCreateViewModel' 未包含 'SignInName' 的定義，也找不到可接受類型 'AdminSignInCreateViewModel' 第一個引數的可存取擴充方法 'SignInName' (是否遺漏 using 指示詞或組件參考?) [C:\Users\n2029\Desktop\GameSpace\GameSpace\GameSpace\GameSpace.csproj]
C:\Users\n2029\Desktop\GameSpace\GameSpace\GameSpace\Areas\MiniGame\Views\AdminSignIn\Create.cshtml(35,45): error CS1061: 'AdminSignInCreateViewModel' 未包含 'SignInDescription' 的定義，也找不到可接受類型 'AdminSignInCreateViewModel' 第一個引數的可存取擴充方法 'SignInDescription' (是否遺漏 using 指示詞或組件參考?) [C:\Users\n2029\Desktop\GameSpace\GameSpace\GameSpace\GameSpace.csproj]
C:\Users\n2029\Desktop\GameSpace\GameSpace\GameSpace\Areas\MiniGame\Views\AdminSignIn\Create.cshtml(36,48): error CS1061: 'AdminSignInCreateViewModel' 未包含 'SignInDescription' 的定義，也找不到可接受類型 'AdminSignInCreateViewModel' 第一個引數的可存取擴充方法 'SignInDescription' (是否遺漏 using 指示詞或組件參考?) [C:\Users\n2029\Desktop\GameSpace\GameSpace\GameSpace\GameSpace.csproj]
C:\Users\n2029\Desktop\GameSpace\GameSpace\GameSpace\Areas\MiniGame\Views\AdminSignIn\Create.cshtml(37,55): error CS1061: 'AdminSignInCreateViewModel' 未包含 'SignInDescription' 的定義，也找不到可接受類型 'AdminSignInCreateViewModel' 第一個引數的可存取擴充方法 'SignInDescription' (是否遺漏 using 指示詞或組件參考?) [C:\Users\n2029\Desktop\GameSpace\GameSpace\GameSpace\GameSpace.csproj]
C:\Users\n2029\Desktop\GameSpace\GameSpace\GameSpace\Areas\MiniGame\Views\AdminSignIn\Create.cshtml(43,53): error CS1061: 'AdminSignInCreateViewModel' 未包含 'RewardPoints' 的定義，也找不到可接受類型 'AdminSignInCreateViewModel' 第一個引數的可存取擴充方法 'RewardPoints' (是否遺漏 using 指示詞或組件參考?) [C:\Users\n2029\Desktop\GameSpace\GameSpace\GameSpace\GameSpace.csproj]
C:\Users\n2029\Desktop\GameSpace\GameSpace\GameSpace\Areas\MiniGame\Views\AdminSignIn\Create.cshtml(44,53): error CS1061: 'AdminSignInCreateViewModel' 未包含 'RewardPoints' 的定義，也找不到可接受類型 'AdminSignInCreateViewModel' 第一個引數的可存取擴充方法 'RewardPoints' (是否遺漏 using 指示詞或組件參考?) [C:\Users\n2029\Desktop\GameSpace\GameSpace\GameSpace\GameSpace.csproj]
C:\Users\n2029\Desktop\GameSpace\GameSpace\GameSpace\Areas\MiniGame\Views\AdminSignIn\Create.cshtml(45,63): error CS1061: 'AdminSignInCreateViewModel' 未包含 'RewardPoints' 的定義，也找不到可接受類型 'AdminSignInCreateViewModel' 第一個引數的可存取擴充方法 'RewardPoints' (是否遺漏 using 指示詞或組件參考?) [C:\Users\n2029\Desktop\GameSpace\GameSpace\GameSpace\GameSpace.csproj]
C:\Users\n2029\Desktop\GameSpace\GameSpace\GameSpace\Areas\MiniGame\Views\AdminSignIn\Create.cshtml(50,53): error CS1061: 'AdminSignInCreateViewModel' 未包含 'IsActive' 的定義，也找不到可接受類型 'AdminSignInCreateViewModel' 第一個引數的可存取擴充方法 'IsActive' (是否遺漏 using 指示詞或組件參考?) [C:\Users\n2029\Desktop\GameSpace\GameSpace\GameSpace\GameSpace.csproj]
C:\Users\n2029\Desktop\GameSpace\GameSpace\GameSpace\Areas\MiniGame\Views\AdminSignIn\Create.cshtml(52,57): error CS1061: 'AdminSignInCreateViewModel' 未包含 'IsActive' 的定義，也找不到可接受類型 'AdminSignInCreateViewModel' 第一個引數的可存取擴充方法 'IsActive' (是否遺漏 using 指示詞或組件參考?) [C:\Users\n2029\Desktop\GameSpace\GameSpace\GameSpace\GameSpace.csproj]
C:\Users\n2029\Desktop\GameSpace\GameSpace\GameSpace\Areas\MiniGame\Views\AdminSignIn\Create.cshtml(64,53): error CS1061: 'AdminSignInCreateViewModel' 未包含 'StartDate' 的定義，也找不到可接受類型 'AdminSignInCreateViewModel' 第一個引數的可存取擴充方法 'StartDate' (是否遺漏 using 指示詞或組件參考?) [C:\Users\n2029\Desktop\GameSpace\GameSpace\GameSpace\GameSpace.csproj]
C:\Users\n2029\Desktop\GameSpace\GameSpace\GameSpace\Areas\MiniGame\Views\AdminSignIn\Create.cshtml(65,53): error CS1061: 'AdminSignInCreateViewModel' 未包含 'StartDate' 的定義，也找不到可接受類型 'AdminSignInCreateViewModel' 第一個引數的可存取擴充方法 'StartDate' (是否遺漏 using 指示詞或組件參考?) [C:\Users\n2029\Desktop\GameSpace\GameSpace\GameSpace\GameSpace.csproj]
C:\Users\n2029\Desktop\GameSpace\GameSpace\GameSpace\Areas\MiniGame\Views\AdminSignIn\Create.cshtml(66,63): error CS1061: 'AdminSignInCreateViewModel' 未包含 'StartDate' 的定義，也找不到可接受類型 'AdminSignInCreateViewModel' 第一個引數的可存取擴充方法 'StartDate' (是否遺漏 using 指示詞或組件參考?) [C:\Users\n2029\Desktop\GameSpace\GameSpace\GameSpace\GameSpace.csproj]
C:\Users\n2029\Desktop\GameSpace\GameSpace\GameSpace\Areas\MiniGame\Views\AdminSignIn\Create.cshtml(71,53): error CS1061: 'AdminSignInCreateViewModel' 未包含 'EndDate' 的定義，也找不到可接受類型 'AdminSignInCreateViewModel' 第一個引數的可存取擴充方法 'EndDate' (是否遺漏 using 指示詞或組件參考?) [C:\Users\n2029\Desktop\GameSpace\GameSpace\GameSpace\GameSpace.csproj]
C:\Users\n2029\Desktop\GameSpace\GameSpace\GameSpace\Areas\MiniGame\Views\AdminSignIn\Create.cshtml(72,53): error CS1061: 'AdminSignInCreateViewModel' 未包含 'EndDate' 的定義，也找不到可接受類型 'AdminSignInCreateViewModel' 第一個引數的可存取擴充方法 'EndDate' (是否遺漏 using 指示詞或組件參考?) [C:\Users\n2029\Desktop\GameSpace\GameSpace\GameSpace\GameSpace.csproj]
C:\Users\n2029\Desktop\GameSpace\GameSpace\GameSpace\Areas\MiniGame\Views\AdminSignIn\Create.cshtml(73,63): error CS1061: 'AdminSignInCreateViewModel' 未包含 'EndDate' 的定義，也找不到可接受類型 'AdminSignInCreateViewModel' 第一個引數的可存取擴充方法 'EndDate' (是否遺漏 using 指示詞或組件參考?) [C:\Users\n2029\Desktop\GameSpace\GameSpace\GameSpace\GameSpace.csproj]
C:\Users\n2029\Desktop\GameSpace\GameSpace\GameSpace\Areas\MiniGame\Views\AdminPet\ColorChangeHistory.cshtml(22,101): error CS1061: 'PetColorChangeQueryModel' 未包含 'UserId' 的定義，也找不到可接受類型 'PetColorChangeQueryModel' 第一個引數的可存取擴充方法 'UserId' (是否遺漏 using 指示詞或組件參考?) [C:\Users\n2029\Desktop\GameSpace\GameSpace\GameSpace\GameSpace.csproj]
C:\Users\n2029\Desktop\GameSpace\GameSpace\GameSpace\Areas\MiniGame\Views\AdminPet\ColorChangeHistory.cshtml(26,99): error CS1061: 'PetColorChangeQueryModel' 未包含 'PetId' 的定義，也找不到可接受類型 'PetColorChangeQueryModel' 第一個引數的可存取擴充方法 'PetId' (是否遺漏 using 指示詞或組件參考?) [C:\Users\n2029\Desktop\GameSpace\GameSpace\GameSpace\GameSpace.csproj]
C:\Users\n2029\Desktop\GameSpace\GameSpace\GameSpace\Areas\MiniGame\Views\AdminPet\ColorChangeHistory.cshtml(32,64): error CS1061: 'PetColorChangeQueryModel' 未包含 'ChangeType' 的定義，也找不到可接受類型 'PetColorChangeQueryModel' 第一個引數的可存取擴充方法 'ChangeType' (是否遺漏 using 指示詞或組件參考?) [C:\Users\n2029\Desktop\GameSpace\GameSpace\GameSpace\GameSpace.csproj]
C:\Users\n2029\Desktop\GameSpace\GameSpace\GameSpace\Areas\MiniGame\Views\AdminPet\ColorChangeHistory.cshtml(33,70): error CS1061: 'PetColorChangeQueryModel' 未包含 'ChangeType' 的定義，也找不到可接受類型 'PetColorChangeQueryModel' 第一個引數的可存取擴充方法 'ChangeType' (是否遺漏 using 指示詞或組件參考?) [C:\Users\n2029\Desktop\GameSpace\GameSpace\GameSpace\GameSpace.csproj]
C:\Users\n2029\Desktop\GameSpace\GameSpace\GameSpace\Areas\MiniGame\Views\AdminPet\ColorChangeHistory.cshtml(38,107): error CS1061: 'PetColorChangeQueryModel' 未包含 'StartDate' 的定義，也找不到可接受類型 'PetColorChangeQueryModel' 第一個引數的可存取擴充方法 'StartDate' (是否遺漏 using 指示詞或組件參考?) [C:\Users\n2029\Desktop\GameSpace\GameSpace\GameSpace\GameSpace.csproj]
C:\Users\n2029\Desktop\GameSpace\GameSpace\GameSpace\Areas\MiniGame\Views\AdminPet\ColorChangeHistory.cshtml(42,103): error CS1061: 'PetColorChangeQueryModel' 未包含 'EndDate' 的定義，也找不到可接受類型 'PetColorChangeQueryModel' 第一個引數的可存取擴充方法 'EndDate' (是否遺漏 using 指示詞或組件參考?) [C:\Users\n2029\Desktop\GameSpace\GameSpace\GameSpace\GameSpace.csproj]
C:\Users\n2029\Desktop\GameSpace\GameSpace\GameSpace\Areas\MiniGame\Views\AdminPet\ColorChangeHistory.cshtml(89,59): error CS1061: 'PetColorChangeQueryModel' 未包含 'Items' 的定義，也找不到可接受類型 'PetColorChangeQueryModel' 第一個引數的可存取擴充方法 'Items' (是否遺漏 using 指示詞或組件參考?) [C:\Users\n2029\Desktop\GameSpace\GameSpace\GameSpace\GameSpace.csproj]
C:\Users\n2029\Desktop\GameSpace\GameSpace\GameSpace\Areas\MiniGame\Views\AdminPet\ColorChangeHistory.cshtml(112,28): error CS1061: 'PetColorChangeQueryModel' 未包含 'TotalPages' 的定義，也找不到可接受類型 'PetColorChangeQueryModel' 第一個引數的可存取擴充方法 'TotalPages' (是否遺漏 using 指示詞或組件參考?) [C:\Users\n2029\Desktop\GameSpace\GameSpace\GameSpace\GameSpace.csproj]
C:\Users\n2029\Desktop\GameSpace\GameSpace\GameSpace\Areas\MiniGame\Views\AdminPet\ColorChangeHistory.cshtml(116,40): error CS1061: 'PetColorChangeQueryModel' 未包含 'PageNumber' 的定義，也找不到可接受類型 'PetColorChangeQueryModel' 第一個引數的可存取擴充方法 'PageNumber' (是否遺漏 using 指示詞或組件參考?) [C:\Users\n2029\Desktop\GameSpace\GameSpace\GameSpace\GameSpace.csproj]
C:\Users\n2029\Desktop\GameSpace\GameSpace\GameSpace\Areas\MiniGame\Views\AdminPet\ColorChangeHistory.cshtml(119,84): error CS1061: 'PetColorChangeQueryModel' 未包含 'PageNumber' 的定義，也找不到可接受類型 'PetColorChangeQueryModel' 第一個引數的可存取擴充方法 'PageNumber' (是否遺漏 using 指示詞或組件參考?) [C:\Users\n2029\Desktop\GameSpace\GameSpace\GameSpace\GameSpace.csproj]
C:\Users\n2029\Desktop\GameSpace\GameSpace\GameSpace\Areas\MiniGame\Views\AdminPet\ColorChangeHistory.cshtml(119,139): error CS1061: 'PetColorChangeQueryModel' 未包含 'UserId' 的定義，也找不到可接受類型 'PetColorChangeQueryModel' 第一個引數的可存取擴充方法 'UserId' (是否遺漏 using 指示詞或組件參考?) [C:\Users\n2029\Desktop\GameSpace\GameSpace\GameSpace\GameSpace.csproj]
C:\Users\n2029\Desktop\GameSpace\GameSpace\GameSpace\Areas\MiniGame\Views\AdminPet\ColorChangeHistory.cshtml(119,159): error CS1061: 'PetColorChangeQueryModel' 未包含 'PetId' 的定義，也找不到可接受類型 'PetColorChangeQueryModel' 第一個引數的可存取擴充方法 'PetId' (是否遺漏 using 指示詞或組件參考?) [C:\Users\n2029\Desktop\GameSpace\GameSpace\GameSpace\GameSpace.csproj]
C:\Users\n2029\Desktop\GameSpace\GameSpace\GameSpace\Areas\MiniGame\Views\AdminPet\ColorChangeHistory.cshtml(119,183): error CS1061: 'PetColorChangeQueryModel' 未包含 'ChangeType' 的定義，也找不到可接受類型 'PetColorChangeQueryModel' 第一個引數的可存取擴充方法 'ChangeType' (是否遺漏 using 指示詞或組件參考?) [C:\Users\n2029\Desktop\GameSpace\GameSpace\GameSpace\GameSpace.csproj]
C:\Users\n2029\Desktop\GameSpace\GameSpace\GameSpace\Areas\MiniGame\Views\AdminPet\ColorChangeHistory.cshtml(119,211): error CS1061: 'PetColorChangeQueryModel' 未包含 'StartDate' 的定義，也找不到可接受類型 'PetColorChangeQueryModel' 第一個引數的可存取擴充方法 'StartDate' (是否遺漏 using 指示詞或組件參考?) [C:\Users\n2029\Desktop\GameSpace\GameSpace\GameSpace\GameSpace.csproj]
C:\Users\n2029\Desktop\GameSpace\GameSpace\GameSpace\Areas\MiniGame\Views\AdminPet\ColorChangeHistory.cshtml(119,260): error CS1061: 'PetColorChangeQueryModel' 未包含 'EndDate' 的定義，也找不到可接受類型 'PetColorChangeQueryModel' 第一個引數的可存取擴充方法 'EndDate' (是否遺漏 using 指示詞或組件參考?) [C:\Users\n2029\Desktop\GameSpace\GameSpace\GameSpace\GameSpace.csproj]
C:\Users\n2029\Desktop\GameSpace\GameSpace\GameSpace\Areas\MiniGame\Views\AdminPet\ColorChangeHistory.cshtml(123,61): error CS1061: 'PetColorChangeQueryModel' 未包含 'PageNumber' 的定義，也找不到可接受類型 'PetColorChangeQueryModel' 第一個引數的可存取擴充方法 'PageNumber' (是否遺漏 using 指示詞或組件參考?) [C:\Users\n2029\Desktop\GameSpace\GameSpace\GameSpace\GameSpace.csproj]
C:\Users\n2029\Desktop\GameSpace\GameSpace\GameSpace\Areas\MiniGame\Views\AdminPet\ColorChangeHistory.cshtml(123,98): error CS1061: 'PetColorChangeQueryModel' 未包含 'TotalPages' 的定義，也找不到可接受類型 'PetColorChangeQueryModel' 第一個引數的可存取擴充方法 'TotalPages' (是否遺漏 using 指示詞或組件參考?) [C:\Users\n2029\Desktop\GameSpace\GameSpace\GameSpace\GameSpace.csproj]
C:\Users\n2029\Desktop\GameSpace\GameSpace\GameSpace\Areas\MiniGame\Views\AdminPet\ColorChangeHistory.cshtml(123,116): error CS1061: 'PetColorChangeQueryModel' 未包含 'PageNumber' 的定義，也找不到可接受類型 'PetColorChangeQueryModel' 第一個引數的可存取擴充方法 'PageNumber' (是否遺漏 using 指示詞或組件參考?) [C:\Users\n2029\Desktop\GameSpace\GameSpace\GameSpace\GameSpace.csproj]
C:\Users\n2029\Desktop\GameSpace\GameSpace\GameSpace\Areas\MiniGame\Views\AdminPet\ColorChangeHistory.cshtml(125,67): error CS1061: 'PetColorChangeQueryModel' 未包含 'PageNumber' 的定義，也找不到可接受類型 'PetColorChangeQueryModel' 第一個引數的可存取擴充方法 'PageNumber' (是否遺漏 using 指示詞或組件參考?) [C:\Users\n2029\Desktop\GameSpace\GameSpace\GameSpace\GameSpace.csproj]
C:\Users\n2029\Desktop\GameSpace\GameSpace\GameSpace\Areas\MiniGame\Views\AdminPet\ColorChangeHistory.cshtml(126,118): error CS1061: 'PetColorChangeQueryModel' 未包含 'UserId' 的定義，也找不到可接受類型 'PetColorChangeQueryModel' 第一個引數的可存取擴充方法 'UserId' (是否遺漏 using 指示詞或組件參考?) [C:\Users\n2029\Desktop\GameSpace\GameSpace\GameSpace\GameSpace.csproj]
C:\Users\n2029\Desktop\GameSpace\GameSpace\GameSpace\Areas\MiniGame\Views\AdminPet\ColorChangeHistory.cshtml(126,138): error CS1061: 'PetColorChangeQueryModel' 未包含 'PetId' 的定義，也找不到可接受類型 'PetColorChangeQueryModel' 第一個引數的可存取擴充方法 'PetId' (是否遺漏 using 指示詞或組件參考?) [C:\Users\n2029\Desktop\GameSpace\GameSpace\GameSpace\GameSpace.csproj]
C:\Users\n2029\Desktop\GameSpace\GameSpace\GameSpace\Areas\MiniGame\Views\AdminPet\ColorChangeHistory.cshtml(126,162): error CS1061: 'PetColorChangeQueryModel' 未包含 'ChangeType' 的定義，也找不到可接受類型 'PetColorChangeQueryModel' 第一個引數的可存取擴充方法 'ChangeType' (是否遺漏 using 指示詞或組件參考?) [C:\Users\n2029\Desktop\GameSpace\GameSpace\GameSpace\GameSpace.csproj]
C:\Users\n2029\Desktop\GameSpace\GameSpace\GameSpace\Areas\MiniGame\Views\AdminPet\ColorChangeHistory.cshtml(126,190): error CS1061: 'PetColorChangeQueryModel' 未包含 'StartDate' 的定義，也找不到可接受類型 'PetColorChangeQueryModel' 第一個引數的可存取擴充方法 'StartDate' (是否遺漏 using 指示詞或組件參考?) [C:\Users\n2029\Desktop\GameSpace\GameSpace\GameSpace\GameSpace.csproj]
C:\Users\n2029\Desktop\GameSpace\GameSpace\GameSpace\Areas\MiniGame\Views\AdminPet\ColorChangeHistory.cshtml(126,239): error CS1061: 'PetColorChangeQueryModel' 未包含 'EndDate' 的定義，也找不到可接受類型 'PetColorChangeQueryModel' 第一個引數的可存取擴充方法 'EndDate' (是否遺漏 using 指示詞或組件參考?) [C:\Users\n2029\Desktop\GameSpace\GameSpace\GameSpace\GameSpace.csproj]
C:\Users\n2029\Desktop\GameSpace\GameSpace\GameSpace\Areas\MiniGame\Views\AdminPet\ColorChangeHistory.cshtml(130,40): error CS1061: 'PetColorChangeQueryModel' 未包含 'PageNumber' 的定義，也找不到可接受類型 'PetColorChangeQueryModel' 第一個引數的可存取擴充方法 'PageNumber' (是否遺漏 using 指示詞或組件參考?) [C:\Users\n2029\Desktop\GameSpace\GameSpace\GameSpace\GameSpace.csproj]
C:\Users\n2029\Desktop\GameSpace\GameSpace\GameSpace\Areas\MiniGame\Views\AdminPet\ColorChangeHistory.cshtml(130,59): error CS1061: 'PetColorChangeQueryModel' 未包含 'TotalPages' 的定義，也找不到可接受類型 'PetColorChangeQueryModel' 第一個引數的可存取擴充方法 'TotalPages' (是否遺漏 using 指示詞或組件參考?) [C:\Users\n2029\Desktop\GameSpace\GameSpace\GameSpace\GameSpace.csproj]
C:\Users\n2029\Desktop\GameSpace\GameSpace\GameSpace\Areas\MiniGame\Views\AdminPet\ColorChangeHistory.cshtml(133,84): error CS1061: 'PetColorChangeQueryModel' 未包含 'PageNumber' 的定義，也找不到可接受類型 'PetColorChangeQueryModel' 第一個引數的可存取擴充方法 'PageNumber' (是否遺漏 using 指示詞或組件參考?) [C:\Users\n2029\Desktop\GameSpace\GameSpace\GameSpace\GameSpace.csproj]
C:\Users\n2029\Desktop\GameSpace\GameSpace\GameSpace\Areas\MiniGame\Views\AdminPet\ColorChangeHistory.cshtml(133,139): error CS1061: 'PetColorChangeQueryModel' 未包含 'UserId' 的定義，也找不到可接受類型 'PetColorChangeQueryModel' 第一個引數的可存取擴充方法 'UserId' (是否遺漏 using 指示詞或組件參考?) [C:\Users\n2029\Desktop\GameSpace\GameSpace\GameSpace\GameSpace.csproj]
C:\Users\n2029\Desktop\GameSpace\GameSpace\GameSpace\Areas\MiniGame\Views\AdminPet\ColorChangeHistory.cshtml(133,159): error CS1061: 'PetColorChangeQueryModel' 未包含 'PetId' 的定義，也找不到可接受類型 'PetColorChangeQueryModel' 第一個引數的可存取擴充方法 'PetId' (是否遺漏 using 指示詞或組件參考?) [C:\Users\n2029\Desktop\GameSpace\GameSpace\GameSpace\GameSpace.csproj]
C:\Users\n2029\Desktop\GameSpace\GameSpace\GameSpace\Areas\MiniGame\Views\AdminPet\ColorChangeHistory.cshtml(133,183): error CS1061: 'PetColorChangeQueryModel' 未包含 'ChangeType' 的定義，也找不到可接受類型 'PetColorChangeQueryModel' 第一個引數的可存取擴充方法 'ChangeType' (是否遺漏 using 指示詞或組件參考?) [C:\Users\n2029\Desktop\GameSpace\GameSpace\GameSpace\GameSpace.csproj]
C:\Users\n2029\Desktop\GameSpace\GameSpace\GameSpace\Areas\MiniGame\Views\AdminPet\ColorChangeHistory.cshtml(133,211): error CS1061: 'PetColorChangeQueryModel' 未包含 'StartDate' 的定義，也找不到可接受類型 'PetColorChangeQueryModel' 第一個引數的可存取擴充方法 'StartDate' (是否遺漏 using 指示詞或組件參考?) [C:\Users\n2029\Desktop\GameSpace\GameSpace\GameSpace\GameSpace.csproj]
C:\Users\n2029\Desktop\GameSpace\GameSpace\GameSpace\Areas\MiniGame\Views\AdminPet\ColorChangeHistory.cshtml(133,260): error CS1061: 'PetColorChangeQueryModel' 未包含 'EndDate' 的定義，也找不到可接受類型 'PetColorChangeQueryModel' 第一個引數的可存取擴充方法 'EndDate' (是否遺漏 using 指示詞或組件參考?) [C:\Users\n2029\Desktop\GameSpace\GameSpace\GameSpace\GameSpace.csproj]
C:\Users\n2029\Desktop\GameSpace\GameSpace\GameSpace\Areas\MiniGame\Services\PetLevelRewardSettingService.cs(248,38): error CS1061: 'GameSpacedatabaseContext' 未包含 'PetLevelRewardSettings' 的定義，也找不到可接受類型 'GameSpacedatabaseContext' 第一個引數的可存取擴充方法 'PetLevelRewardSettings' (是否遺漏 using 指示詞或組件參考?) [C:\Users\n2029\Desktop\GameSpace\GameSpace\GameSpace\GameSpace.csproj]
C:\Users\n2029\Desktop\GameSpace\GameSpace\GameSpace\Areas\MiniGame\Services\PetLevelRewardSettingService.cs(304,38): error CS1061: 'GameSpacedatabaseContext' 未包含 'PetLevelRewardSettings' 的定義，也找不到可接受類型 'GameSpacedatabaseContext' 第一個引數的可存取擴充方法 'PetLevelRewardSettings' (是否遺漏 using 指示詞或組件參考?) [C:\Users\n2029\Desktop\GameSpace\GameSpace\GameSpace\GameSpace.csproj]
C:\Users\n2029\Desktop\GameSpace\GameSpace\GameSpace\Areas\MiniGame\Views\AdminManager\Details.cshtml(12,75): error CS1061: 'ManagerDatum' 未包含 'Manager_Id' 的定義，也找不到可接受類型 'ManagerDatum' 第一個引數的可存取擴充方法 'Manager_Id' (是否遺漏 using 指示詞或組件參考?) [C:\Users\n2029\Desktop\GameSpace\GameSpace\GameSpace\GameSpace.csproj]
C:\Users\n2029\Desktop\GameSpace\GameSpace\GameSpace\Areas\MiniGame\Views\AdminManager\Details.cshtml(33,49): error CS1061: 'ManagerDatum' 未包含 'Manager_Name' 的定義，也找不到可接受類型 'ManagerDatum' 第一個引數的可存取擴充方法 'Manager_Name' (是否遺漏 using 指示詞或組件參考?) [C:\Users\n2029\Desktop\GameSpace\GameSpace\GameSpace\GameSpace.csproj]
C:\Users\n2029\Desktop\GameSpace\GameSpace\GameSpace\Areas\MiniGame\Views\AdminManager\Details.cshtml(34,52): error CS1061: 'ManagerDatum' 未包含 'Manager_LockoutEnabled' 的定義，也找不到可接受類型 'ManagerDatum' 第一個引數的可存取擴充方法 'Manager_LockoutEnabled' (是否遺漏 using 指示詞或組件參考?) [C:\Users\n2029\Desktop\GameSpace\GameSpace\GameSpace\GameSpace.csproj]
C:\Users\n2029\Desktop\GameSpace\GameSpace\GameSpace\Areas\MiniGame\Views\AdminManager\Details.cshtml(34,84): error CS1061: 'ManagerDatum' 未包含 'Manager_LockoutEnd' 的定義，也找不到可接受類型 'ManagerDatum' 第一個引數的可存取擴充方法 'Manager_LockoutEnd' (是否遺漏 using 指示詞或組件參考?) [C:\Users\n2029\Desktop\GameSpace\GameSpace\GameSpace\GameSpace.csproj]
C:\Users\n2029\Desktop\GameSpace\GameSpace\GameSpace\Areas\MiniGame\Views\AdminManager\Details.cshtml(34,121): error CS1061: 'ManagerDatum' 未包含 'Manager_LockoutEnd' 的定義，也找不到可接受類型 'ManagerDatum' 第一個引數的可存取擴充方法 'Manager_LockoutEnd' (是否遺漏 using 指示詞或組件參考?) [C:\Users\n2029\Desktop\GameSpace\GameSpace\GameSpace\GameSpace.csproj]
C:\Users\n2029\Desktop\GameSpace\GameSpace\GameSpace\Areas\MiniGame\Views\AdminManager\Details.cshtml(35,37): error CS1061: 'ManagerDatum' 未包含 'Manager_LockoutEnabled' 的定義，也找不到可接受類型 'ManagerDatum' 第一個引數的可存取擴充方法 'Manager_LockoutEnabled' (是否遺漏 using 指示詞或組件參考?) [C:\Users\n2029\Desktop\GameSpace\GameSpace\GameSpace\GameSpace.csproj]
C:\Users\n2029\Desktop\GameSpace\GameSpace\GameSpace\Areas\MiniGame\Views\AdminManager\Details.cshtml(35,69): error CS1061: 'ManagerDatum' 未包含 'Manager_LockoutEnd' 的定義，也找不到可接受類型 'ManagerDatum' 第一個引數的可存取擴充方法 'Manager_LockoutEnd' (是否遺漏 using 指示詞或組件參考?) [C:\Users\n2029\Desktop\GameSpace\GameSpace\GameSpace\GameSpace.csproj]
C:\Users\n2029\Desktop\GameSpace\GameSpace\GameSpace\Areas\MiniGame\Views\AdminManager\Details.cshtml(35,106): error CS1061: 'ManagerDatum' 未包含 'Manager_LockoutEnd' 的定義，也找不到可接受類型 'ManagerDatum' 第一個引數的可存取擴充方法 'Manager_LockoutEnd' (是否遺漏 using 指示詞或組件參考?) [C:\Users\n2029\Desktop\GameSpace\GameSpace\GameSpace\GameSpace.csproj]
C:\Users\n2029\Desktop\GameSpace\GameSpace\GameSpace\Areas\MiniGame\Views\AdminManager\Details.cshtml(42,40): error CS1061: 'ManagerDatum' 未包含 'Manager_Id' 的定義，也找不到可接受類型 'ManagerDatum' 第一個引數的可存取擴充方法 'Manager_Id' (是否遺漏 using 指示詞或組件參考?) [C:\Users\n2029\Desktop\GameSpace\GameSpace\GameSpace\GameSpace.csproj]
C:\Users\n2029\Desktop\GameSpace\GameSpace\GameSpace\Areas\MiniGame\Views\AdminManager\Details.cshtml(46,40): error CS1061: 'ManagerDatum' 未包含 'Manager_Account' 的定義，也找不到可接受類型 'ManagerDatum' 第一個引數的可存取擴充方法 'Manager_Account' (是否遺漏 using 指示詞或組件參考?) [C:\Users\n2029\Desktop\GameSpace\GameSpace\GameSpace\GameSpace.csproj]
C:\Users\n2029\Desktop\GameSpace\GameSpace\GameSpace\Areas\MiniGame\Views\AdminManager\Details.cshtml(50,40): error CS1061: 'ManagerDatum' 未包含 'Manager_Email' 的定義，也找不到可接受類型 'ManagerDatum' 第一個引數的可存取擴充方法 'Manager_Email' (是否遺漏 using 指示詞或組件參考?) [C:\Users\n2029\Desktop\GameSpace\GameSpace\GameSpace\GameSpace.csproj]
C:\Users\n2029\Desktop\GameSpace\GameSpace\GameSpace\Areas\MiniGame\Views\AdminManager\Details.cshtml(54,40): error CS1061: 'ManagerDatum' 未包含 'Administrator_registration_date' 的定義，也找不到可接受類型 'ManagerDatum' 第一個引數的可存取擴充方法 'Administrator_registration_date' (是否遺漏 using 指示詞或組件參考?) [C:\Users\n2029\Desktop\GameSpace\GameSpace\GameSpace\GameSpace.csproj]
C:\Users\n2029\Desktop\GameSpace\GameSpace\GameSpace\Areas\MiniGame\Views\AdminManager\Details.cshtml(58,41): error CS1061: 'ManagerDatum' 未包含 'LastLoginAt' 的定義，也找不到可接受類型 'ManagerDatum' 第一個引數的可存取擴充方法 'LastLoginAt' (是否遺漏 using 指示詞或組件參考?) [C:\Users\n2029\Desktop\GameSpace\GameSpace\GameSpace\GameSpace.csproj]
C:\Users\n2029\Desktop\GameSpace\GameSpace\GameSpace\Areas\MiniGame\Views\AdminManager\Details.cshtml(63,44): error CS1061: 'ManagerDatum' 未包含 'Manager_LockoutEnabled' 的定義，也找不到可接受類型 'ManagerDatum' 第一個引數的可存取擴充方法 'Manager_LockoutEnabled' (是否遺漏 using 指示詞或組件參考?) [C:\Users\n2029\Desktop\GameSpace\GameSpace\GameSpace\GameSpace.csproj]
C:\Users\n2029\Desktop\GameSpace\GameSpace\GameSpace\Areas\MiniGame\Views\AdminManager\Details.cshtml(63,76): error CS1061: 'ManagerDatum' 未包含 'Manager_LockoutEnd' 的定義，也找不到可接受類型 'ManagerDatum' 第一個引數的可存取擴充方法 'Manager_LockoutEnd' (是否遺漏 using 指示詞或組件參考?) [C:\Users\n2029\Desktop\GameSpace\GameSpace\GameSpace\GameSpace.csproj]
C:\Users\n2029\Desktop\GameSpace\GameSpace\GameSpace\Areas\MiniGame\Views\AdminManager\Details.cshtml(63,113): error CS1061: 'ManagerDatum' 未包含 'Manager_LockoutEnd' 的定義，也找不到可接受類型 'ManagerDatum' 第一個引數的可存取擴充方法 'Manager_LockoutEnd' (是否遺漏 using 指示詞或組件參考?) [C:\Users\n2029\Desktop\GameSpace\GameSpace\GameSpace\GameSpace.csproj]
C:\Users\n2029\Desktop\GameSpace\GameSpace\GameSpace\Areas\MiniGame\Views\AdminManager\Details.cshtml(65,75): error CS1061: 'ManagerDatum' 未包含 'Manager_LockoutEnd' 的定義，也找不到可接受類型 'ManagerDatum' 第一個引數的可存取擴充方法 'Manager_LockoutEnd' (是否遺漏 using 指示詞或組件參考?) [C:\Users\n2029\Desktop\GameSpace\GameSpace\GameSpace\GameSpace.csproj]
C:\Users\n2029\Desktop\GameSpace\GameSpace\GameSpace\Areas\MiniGame\Views\AdminManager\Details.cshtml(95,89): error CS1061: 'ManagerRolePermission' 未包含 'ManagerRolePermission' 的定義，也找不到可接受類型 'ManagerRolePermission' 第一個引數的可存取擴充方法 'ManagerRolePermission' (是否遺漏 using 指示詞或組件參考?) [C:\Users\n2029\Desktop\GameSpace\GameSpace\GameSpace\GameSpace.csproj]
C:\Users\n2029\Desktop\GameSpace\GameSpace\GameSpace\Areas\MiniGame\Views\AdminManager\Details.cshtml(97,83): error CS1061: 'ManagerRolePermission' 未包含 'ManagerRolePermission' 的定義，也找不到可接受類型 'ManagerRolePermission' 第一個引數的可存取擴充方法 'ManagerRolePermission' (是否遺漏 using 指示詞或組件參考?) [C:\Users\n2029\Desktop\GameSpace\GameSpace\GameSpace\GameSpace.csproj]
C:\Users\n2029\Desktop\GameSpace\GameSpace\GameSpace\Areas\MiniGame\Views\AdminManager\Details.cshtml(122,43): error CS1061: 'ManagerRolePermission' 未包含 'ManagerRolePermission' 的定義，也找不到可接受類型 'ManagerRolePermission' 第一個引數的可存取擴充方法 'ManagerRolePermission' (是否遺漏 using 指示詞或組件參考?) [C:\Users\n2029\Desktop\GameSpace\GameSpace\GameSpace\GameSpace.csproj]
C:\Users\n2029\Desktop\GameSpace\GameSpace\GameSpace\Areas\MiniGame\Views\AdminManager\Details.cshtml(122,104): error CS1061: 'ManagerRolePermission' 未包含 'ManagerRolePermission' 的定義，也找不到可接受類型 'ManagerRolePermission' 第一個引數的可存取擴充方法 'ManagerRolePermission' (是否遺漏 using 指示詞或組件參考?) [C:\Users\n2029\Desktop\GameSpace\GameSpace\GameSpace\GameSpace.csproj]
C:\Users\n2029\Desktop\GameSpace\GameSpace\GameSpace\Areas\MiniGame\Views\AdminManager\Details.cshtml(125,51): error CS1061: 'ManagerRolePermission' 未包含 'ManagerRolePermission' 的定義，也找不到可接受類型 'ManagerRolePermission' 第一個引數的可存取擴充方法 'ManagerRolePermission' (是否遺漏 using 指示詞或組件參考?) [C:\Users\n2029\Desktop\GameSpace\GameSpace\GameSpace\GameSpace.csproj]
C:\Users\n2029\Desktop\GameSpace\GameSpace\GameSpace\Areas\MiniGame\Views\AdminManager\Details.cshtml(127,78): error CS1061: 'ManagerRolePermission' 未包含 'ManagerRolePermission' 的定義，也找不到可接受類型 'ManagerRolePermission' 第一個引數的可存取擴充方法 'ManagerRolePermission' (是否遺漏 using 指示詞或組件參考?) [C:\Users\n2029\Desktop\GameSpace\GameSpace\GameSpace\GameSpace.csproj]
C:\Users\n2029\Desktop\GameSpace\GameSpace\GameSpace\Areas\MiniGame\Views\AdminManager\Details.cshtml(165,48): error CS1061: 'ManagerDatum' 未包含 'Administrator_registration_date' 的定義，也找不到可接受類型 'ManagerDatum' 第一個引數的可存取擴充方法 'Administrator_registration_date' (是否遺漏 using 指示詞或組件參考?) [C:\Users\n2029\Desktop\GameSpace\GameSpace\GameSpace\GameSpace.csproj]
C:\Users\n2029\Desktop\GameSpace\GameSpace\GameSpace\Areas\MiniGame\Views\AdminManager\Details.cshtml(170,44): error CS1061: 'ManagerDatum' 未包含 'LastLoginAt' 的定義，也找不到可接受類型 'ManagerDatum' 第一個引數的可存取擴充方法 'LastLoginAt' (是否遺漏 using 指示詞或組件參考?) [C:\Users\n2029\Desktop\GameSpace\GameSpace\GameSpace\GameSpace.csproj]
C:\Users\n2029\Desktop\GameSpace\GameSpace\GameSpace\Areas\MiniGame\Views\AdminManager\Details.cshtml(173,52): error CS1061: 'ManagerDatum' 未包含 'LastLoginAt' 的定義，也找不到可接受類型 'ManagerDatum' 第一個引數的可存取擴充方法 'LastLoginAt' (是否遺漏 using 指示詞或組件參考?) [C:\Users\n2029\Desktop\GameSpace\GameSpace\GameSpace\GameSpace.csproj]
C:\Users\n2029\Desktop\GameSpace\GameSpace\GameSpace\Areas\MiniGame\Views\AdminManager\Details.cshtml(179,44): error CS1061: 'ManagerDatum' 未包含 'Manager_LockoutEnabled' 的定義，也找不到可接受類型 'ManagerDatum' 第一個引數的可存取擴充方法 'Manager_LockoutEnabled' (是否遺漏 using 指示詞或組件參考?) [C:\Users\n2029\Desktop\GameSpace\GameSpace\GameSpace\GameSpace.csproj]
C:\Users\n2029\Desktop\GameSpace\GameSpace\GameSpace\Areas\MiniGame\Views\AdminManager\Details.cshtml(179,76): error CS1061: 'ManagerDatum' 未包含 'Manager_LockoutEnd' 的定義，也找不到可接受類型 'ManagerDatum' 第一個引數的可存取擴充方法 'Manager_LockoutEnd' (是否遺漏 using 指示詞或組件參考?) [C:\Users\n2029\Desktop\GameSpace\GameSpace\GameSpace\GameSpace.csproj]
C:\Users\n2029\Desktop\GameSpace\GameSpace\GameSpace\Areas\MiniGame\Views\AdminManager\Details.cshtml(182,52): error CS1061: 'ManagerDatum' 未包含 'Manager_LockoutEnd' 的定義，也找不到可接受類型 'ManagerDatum' 第一個引數的可存取擴充方法 'Manager_LockoutEnd' (是否遺漏 using 指示詞或組件參考?) [C:\Users\n2029\Desktop\GameSpace\GameSpace\GameSpace\GameSpace.csproj]
C:\Users\n2029\Desktop\GameSpace\GameSpace\GameSpace\Areas\MiniGame\Views\AdminManager\Delete.cshtml(36,48): error CS1061: 'ManagerDatum' 未包含 'Manager_Id' 的定義，也找不到可接受類型 'ManagerDatum' 第一個引數的可存取擴充方法 'Manager_Id' (是否遺漏 using 指示詞或組件參考?) [C:\Users\n2029\Desktop\GameSpace\GameSpace\GameSpace\GameSpace.csproj]
C:\Users\n2029\Desktop\GameSpace\GameSpace\GameSpace\Areas\MiniGame\Views\AdminManager\Delete.cshtml(40,48): error CS1061: 'ManagerDatum' 未包含 'Manager_Name' 的定義，也找不到可接受類型 'ManagerDatum' 第一個引數的可存取擴充方法 'Manager_Name' (是否遺漏 using 指示詞或組件參考?) [C:\Users\n2029\Desktop\GameSpace\GameSpace\GameSpace\GameSpace.csproj]
C:\Users\n2029\Desktop\GameSpace\GameSpace\GameSpace\Areas\MiniGame\Views\AdminManager\Delete.cshtml(44,48): error CS1061: 'ManagerDatum' 未包含 'Manager_Account' 的定義，也找不到可接受類型 'ManagerDatum' 第一個引數的可存取擴充方法 'Manager_Account' (是否遺漏 using 指示詞或組件參考?) [C:\Users\n2029\Desktop\GameSpace\GameSpace\GameSpace\GameSpace.csproj]
C:\Users\n2029\Desktop\GameSpace\GameSpace\GameSpace\Areas\MiniGame\Views\AdminManager\Delete.cshtml(48,48): error CS1061: 'ManagerDatum' 未包含 'Manager_Email' 的定義，也找不到可接受類型 'ManagerDatum' 第一個引數的可存取擴充方法 'Manager_Email' (是否遺漏 using 指示詞或組件參考?) [C:\Users\n2029\Desktop\GameSpace\GameSpace\GameSpace\GameSpace.csproj]
C:\Users\n2029\Desktop\GameSpace\GameSpace\GameSpace\Areas\MiniGame\Views\AdminManager\Delete.cshtml(52,48): error CS1061: 'ManagerDatum' 未包含 'Administrator_registration_date' 的定義，也找不到可接受類型 'ManagerDatum' 第一個引數的可存取擴充方法 'Administrator_registration_date' (是否遺漏 using 指示詞或組件參考?) [C:\Users\n2029\Desktop\GameSpace\GameSpace\GameSpace\GameSpace.csproj]
C:\Users\n2029\Desktop\GameSpace\GameSpace\GameSpace\Areas\MiniGame\Views\AdminManager\Delete.cshtml(57,68): error CS1061: 'ManagerDatum' 未包含 'Manager_LockoutEnabled' 的定義，也找不到可接受類型 'ManagerDatum' 第一個引數的可存取擴充方法 'Manager_LockoutEnabled' (是否遺漏 using 指示詞或組件參考?) [C:\Users\n2029\Desktop\GameSpace\GameSpace\GameSpace\GameSpace.csproj]
C:\Users\n2029\Desktop\GameSpace\GameSpace\GameSpace\Areas\MiniGame\Views\AdminManager\Delete.cshtml(57,100): error CS1061: 'ManagerDatum' 未包含 'Manager_LockoutEnd' 的定義，也找不到可接受類型 'ManagerDatum' 第一個引數的可存取擴充方法 'Manager_LockoutEnd' (是否遺漏 using 指示詞或組件參考?) [C:\Users\n2029\Desktop\GameSpace\GameSpace\GameSpace\GameSpace.csproj]
C:\Users\n2029\Desktop\GameSpace\GameSpace\GameSpace\Areas\MiniGame\Views\AdminManager\Delete.cshtml(57,137): error CS1061: 'ManagerDatum' 未包含 'Manager_LockoutEnd' 的定義，也找不到可接受類型 'ManagerDatum' 第一個引數的可存取擴充方法 'Manager_LockoutEnd' (是否遺漏 using 指示詞或組件參考?) [C:\Users\n2029\Desktop\GameSpace\GameSpace\GameSpace\GameSpace.csproj]
C:\Users\n2029\Desktop\GameSpace\GameSpace\GameSpace\Areas\MiniGame\Views\AdminManager\Delete.cshtml(58,53): error CS1061: 'ManagerDatum' 未包含 'Manager_LockoutEnabled' 的定義，也找不到可接受類型 'ManagerDatum' 第一個引數的可存取擴充方法 'Manager_LockoutEnabled' (是否遺漏 using 指示詞或組件參考?) [C:\Users\n2029\Desktop\GameSpace\GameSpace\GameSpace\GameSpace.csproj]
C:\Users\n2029\Desktop\GameSpace\GameSpace\GameSpace\Areas\MiniGame\Views\AdminManager\Delete.cshtml(58,85): error CS1061: 'ManagerDatum' 未包含 'Manager_LockoutEnd' 的定義，也找不到可接受類型 'ManagerDatum' 第一個引數的可存取擴充方法 'Manager_LockoutEnd' (是否遺漏 using 指示詞或組件參考?) [C:\Users\n2029\Desktop\GameSpace\GameSpace\GameSpace\GameSpace.csproj]
C:\Users\n2029\Desktop\GameSpace\GameSpace\GameSpace\Areas\MiniGame\Views\AdminManager\Delete.cshtml(58,122): error CS1061: 'ManagerDatum' 未包含 'Manager_LockoutEnd' 的定義，也找不到可接受類型 'ManagerDatum' 第一個引數的可存取擴充方法 'Manager_LockoutEnd' (是否遺漏 using 指示詞或組件參考?) [C:\Users\n2029\Desktop\GameSpace\GameSpace\GameSpace\GameSpace.csproj]
C:\Users\n2029\Desktop\GameSpace\GameSpace\GameSpace\Areas\MiniGame\Views\AdminManager\Delete.cshtml(73,49): error CS1061: 'ManagerDatum' 未包含 'LastLoginAt' 的定義，也找不到可接受類型 'ManagerDatum' 第一個引數的可存取擴充方法 'LastLoginAt' (是否遺漏 using 指示詞或組件參考?) [C:\Users\n2029\Desktop\GameSpace\GameSpace\GameSpace\GameSpace.csproj]
C:\Users\n2029\Desktop\GameSpace\GameSpace\GameSpace\Areas\MiniGame\Views\AdminManager\Delete.cshtml(80,41): error CS1061: 'ManagerDatum' 未包含 'Manager_Id' 的定義，也找不到可接受類型 'ManagerDatum' 第一個引數的可存取擴充方法 'Manager_Id' (是否遺漏 using 指示詞或組件參考?) [C:\Users\n2029\Desktop\GameSpace\GameSpace\GameSpace\GameSpace.csproj]
C:\Users\n2029\Desktop\GameSpace\GameSpace\GameSpace\Areas\MiniGame\Views\AdminManager\Delete.cshtml(135,87): error CS1061: 'ManagerDatum' 未包含 'Manager_Id' 的定義，也找不到可接受類型 'ManagerDatum' 第一個引數的可存取擴充方法 'Manager_Id' (是否遺漏 using 指示詞或組件參考?) [C:\Users\n2029\Desktop\GameSpace\GameSpace\GameSpace\GameSpace.csproj]
C:\Users\n2029\Desktop\GameSpace\GameSpace\GameSpace\Areas\MiniGame\Views\AdminManager\Delete.cshtml(161,55): error CS1061: 'ManagerDatum' 未包含 'Manager_Id' 的定義，也找不到可接受類型 'ManagerDatum' 第一個引數的可存取擴充方法 'Manager_Id' (是否遺漏 using 指示詞或組件參考?) [C:\Users\n2029\Desktop\GameSpace\GameSpace\GameSpace\GameSpace.csproj]
C:\Users\n2029\Desktop\GameSpace\GameSpace\GameSpace\Areas\MiniGame\Views\AdminManager\Delete.cshtml(188,55): error CS1061: 'ManagerDatum' 未包含 'Manager_Id' 的定義，也找不到可接受類型 'ManagerDatum' 第一個引數的可存取擴充方法 'Manager_Id' (是否遺漏 using 指示詞或組件參考?) [C:\Users\n2029\Desktop\GameSpace\GameSpace\GameSpace\GameSpace.csproj]
C:\Users\n2029\Desktop\GameSpace\GameSpace\GameSpace\Areas\MiniGame\Services\PetLevelRewardSettingService.cs(342,49): error CS1061: 'GameSpacedatabaseContext' 未包含 'PetLevelRewardSettings' 的定義，也找不到可接受類型 'GameSpacedatabaseContext' 第一個引數的可存取擴充方法 'PetLevelRewardSettings' (是否遺漏 using 指示詞或組件參考?) [C:\Users\n2029\Desktop\GameSpace\GameSpace\GameSpace\GameSpace.csproj]
C:\Users\n2029\Desktop\GameSpace\GameSpace\GameSpace\Areas\MiniGame\Services\PetLevelRewardSettingService.cs(343,51): error CS1061: 'GameSpacedatabaseContext' 未包含 'PetLevelRewardSettings' 的定義，也找不到可接受類型 'GameSpacedatabaseContext' 第一個引數的可存取擴充方法 'PetLevelRewardSettings' (是否遺漏 using 指示詞或組件參考?) [C:\Users\n2029\Desktop\GameSpace\GameSpace\GameSpace\GameSpace.csproj]
C:\Users\n2029\Desktop\GameSpace\GameSpace\GameSpace\Areas\MiniGame\Services\PetLevelRewardSettingService.cs(346,54): error CS1061: 'GameSpacedatabaseContext' 未包含 'PetLevelRewardSettings' 的定義，也找不到可接受類型 'GameSpacedatabaseContext' 第一個引數的可存取擴充方法 'PetLevelRewardSettings' (是否遺漏 using 指示詞或組件參考?) [C:\Users\n2029\Desktop\GameSpace\GameSpace\GameSpace\GameSpace.csproj]
C:\Users\n2029\Desktop\GameSpace\GameSpace\GameSpace\Areas\MiniGame\Services\PetLevelRewardSettingService.cs(351,49): error CS1061: 'GameSpacedatabaseContext' 未包含 'PetLevelRewardSettings' 的定義，也找不到可接受類型 'GameSpacedatabaseContext' 第一個引數的可存取擴充方法 'PetLevelRewardSettings' (是否遺漏 using 指示詞或組件參考?) [C:\Users\n2029\Desktop\GameSpace\GameSpace\GameSpace\GameSpace.csproj]
C:\Users\n2029\Desktop\GameSpace\GameSpace\GameSpace\Areas\MiniGame\Views\AdminDashboard\Index.cshtml(259,70): error CS1977: 無法將 Lambda 運算式用做為動態分派作業的引數，但卻未先將其轉型為委派或運算式樹狀結構類型。 [C:\Users\n2029\Desktop\GameSpace\GameSpace\GameSpace\GameSpace.csproj]
C:\Users\n2029\Desktop\GameSpace\GameSpace\GameSpace\Areas\MiniGame\Views\AdminDashboard\Index.cshtml(262,72): error CS1977: 無法將 Lambda 運算式用做為動態分派作業的引數，但卻未先將其轉型為委派或運算式樹狀結構類型。 [C:\Users\n2029\Desktop\GameSpace\GameSpace\GameSpace\GameSpace.csproj]
C:\Users\n2029\Desktop\GameSpace\GameSpace\GameSpace\Areas\MiniGame\Views\AdminDashboard\Index.cshtml(284,68): error CS1977: 無法將 Lambda 運算式用做為動態分派作業的引數，但卻未先將其轉型為委派或運算式樹狀結構類型。 [C:\Users\n2029\Desktop\GameSpace\GameSpace\GameSpace\GameSpace.csproj]
C:\Users\n2029\Desktop\GameSpace\GameSpace\GameSpace\Areas\MiniGame\Views\AdminDashboard\Index.cshtml(286,70): error CS1977: 無法將 Lambda 運算式用做為動態分派作業的引數，但卻未先將其轉型為委派或運算式樹狀結構類型。 [C:\Users\n2029\Desktop\GameSpace\GameSpace\GameSpace\GameSpace.csproj]
C:\Users\n2029\Desktop\GameSpace\GameSpace\GameSpace\Areas\MiniGame\Views\AdminPet\ListWithQuery.cshtml(248,46): error CS1061: 'Pet' 未包含 'Id' 的定義，也找不到可接受類型 'Pet' 第一個引數的可存取擴充方法 'Id' (是否遺漏 using 指示詞或組件參考?) [C:\Users\n2029\Desktop\GameSpace\GameSpace\GameSpace\GameSpace.csproj]
C:\Users\n2029\Desktop\GameSpace\GameSpace\GameSpace\Areas\MiniGame\Views\AdminPet\ListWithQuery.cshtml(250,46): error CS1061: 'Pet' 未包含 'UserName' 的定義，也找不到可接受類型 'Pet' 第一個引數的可存取擴充方法 'UserName' (是否遺漏 using 指示詞或組件參考?) [C:\Users\n2029\Desktop\GameSpace\GameSpace\GameSpace\GameSpace.csproj]
C:\Users\n2029\Desktop\GameSpace\GameSpace\GameSpace\Areas\MiniGame\Views\AdminPet\ListWithQuery.cshtml(251,46): error CS1061: 'Pet' 未包含 'Name' 的定義，也找不到可接受類型 'Pet' 第一個引數的可存取擴充方法 'Name' (是否遺漏 using 指示詞或組件參考?) [C:\Users\n2029\Desktop\GameSpace\GameSpace\GameSpace\GameSpace.csproj]
C:\Users\n2029\Desktop\GameSpace\GameSpace\GameSpace\Areas\MiniGame\Views\AdminPet\ListWithQuery.cshtml(259,46): error CS1061: 'Pet' 未包含 'Background' 的定義，也找不到可接受類型 'Pet' 第一個引數的可存取擴充方法 'Background' (是否遺漏 using 指示詞或組件參考?) [C:\Users\n2029\Desktop\GameSpace\GameSpace\GameSpace\GameSpace.csproj]
C:\Users\n2029\Desktop\GameSpace\GameSpace\GameSpace\Areas\MiniGame\Views\AdminPet\ListWithQuery.cshtml(261,50): error CS1061: 'Pet' 未包含 'IsActive' 的定義，也找不到可接受類型 'Pet' 第一個引數的可存取擴充方法 'IsActive' (是否遺漏 using 指示詞或組件參考?) [C:\Users\n2029\Desktop\GameSpace\GameSpace\GameSpace\GameSpace.csproj]
C:\Users\n2029\Desktop\GameSpace\GameSpace\GameSpace\Areas\MiniGame\Views\AdminPet\ListWithQuery.cshtml(270,46): error CS1061: 'Pet' 未包含 'CreatedAt' 的定義，也找不到可接受類型 'Pet' 第一個引數的可存取擴充方法 'CreatedAt' (是否遺漏 using 指示詞或組件參考?) [C:\Users\n2029\Desktop\GameSpace\GameSpace\GameSpace\GameSpace.csproj]
C:\Users\n2029\Desktop\GameSpace\GameSpace\GameSpace\Areas\MiniGame\Views\AdminPet\ListWithQuery.cshtml(272,102): error CS1061: 'Pet' 未包含 'Id' 的定義，也找不到可接受類型 'Pet' 第一個引數的可存取擴充方法 'Id' (是否遺漏 using 指示詞或組件參考?) [C:\Users\n2029\Desktop\GameSpace\GameSpace\GameSpace\GameSpace.csproj]
C:\Users\n2029\Desktop\GameSpace\GameSpace\GameSpace\Areas\MiniGame\Views\AdminPet\ListWithQuery.cshtml(275,106): error CS1061: 'Pet' 未包含 'Id' 的定義，也找不到可接受類型 'Pet' 第一個引數的可存取擴充方法 'Id' (是否遺漏 using 指示詞或組件參考?) [C:\Users\n2029\Desktop\GameSpace\GameSpace\GameSpace\GameSpace.csproj]
C:\Users\n2029\Desktop\GameSpace\GameSpace\GameSpace\Areas\MiniGame\Views\AdminPet\ListWithQuery.cshtml(278,103): error CS1061: 'Pet' 未包含 'Id' 的定義，也找不到可接受類型 'Pet' 第一個引數的可存取擴充方法 'Id' (是否遺漏 using 指示詞或組件參考?) [C:\Users\n2029\Desktop\GameSpace\GameSpace\GameSpace\GameSpace.csproj]
C:\Users\n2029\Desktop\GameSpace\GameSpace\GameSpace\Areas\MiniGame\Views\AdminPet\ListWithQuery.cshtml(296,41): error CS1061: 'PetListQueryModel' 未包含 'Pagination' 的定義，也找不到可接受類型 'PetListQueryModel' 第一個引數的可存取擴充方法 'Pagination' (是否遺漏 using 指示詞或組件參考?) [C:\Users\n2029\Desktop\GameSpace\GameSpace\GameSpace\GameSpace.csproj]
C:\Users\n2029\Desktop\GameSpace\GameSpace\GameSpace\Areas\MiniGame\Views\AdminPet\ListWithQuery.cshtml(300,36): error CS1061: 'PetListQueryModel' 未包含 'Pagination' 的定義，也找不到可接受類型 'PetListQueryModel' 第一個引數的可存取擴充方法 'Pagination' (是否遺漏 using 指示詞或組件參考?) [C:\Users\n2029\Desktop\GameSpace\GameSpace\GameSpace\GameSpace.csproj]
C:\Users\n2029\Desktop\GameSpace\GameSpace\GameSpace\Areas\MiniGame\Views\AdminPet\ListWithQuery.cshtml(303,74): error CS1061: 'PetListQueryModel' 未包含 'Pagination' 的定義，也找不到可接受類型 'PetListQueryModel' 第一個引數的可存取擴充方法 'Pagination' (是否遺漏 using 指示詞或組件參考?) [C:\Users\n2029\Desktop\GameSpace\GameSpace\GameSpace\GameSpace.csproj]
C:\Users\n2029\Desktop\GameSpace\GameSpace\GameSpace\Areas\MiniGame\Views\AdminPet\ListWithQuery.cshtml(307,57): error CS1061: 'PetListQueryModel' 未包含 'Pagination' 的定義，也找不到可接受類型 'PetListQueryModel' 第一個引數的可存取擴充方法 'Pagination' (是否遺漏 using 指示詞或組件參考?) [C:\Users\n2029\Desktop\GameSpace\GameSpace\GameSpace\GameSpace.csproj]
C:\Users\n2029\Desktop\GameSpace\GameSpace\GameSpace\Areas\MiniGame\Views\AdminPet\ListWithQuery.cshtml(307,106): error CS1061: 'PetListQueryModel' 未包含 'Pagination' 的定義，也找不到可接受類型 'PetListQueryModel' 第一個引數的可存取擴充方法 'Pagination' (是否遺漏 using 指示詞或組件參考?) [C:\Users\n2029\Desktop\GameSpace\GameSpace\GameSpace\GameSpace.csproj]
C:\Users\n2029\Desktop\GameSpace\GameSpace\GameSpace\Areas\MiniGame\Views\AdminPet\ListWithQuery.cshtml(307,135): error CS1061: 'PetListQueryModel' 未包含 'Pagination' 的定義，也找不到可接受類型 'PetListQueryModel' 第一個引數的可存取擴充方法 'Pagination' (是否遺漏 using 指示詞或組件參考?) [C:\Users\n2029\Desktop\GameSpace\GameSpace\GameSpace\GameSpace.csproj]
C:\Users\n2029\Desktop\GameSpace\GameSpace\GameSpace\Areas\MiniGame\Views\AdminPet\ListWithQuery.cshtml(309,63): error CS1061: 'PetListQueryModel' 未包含 'Pagination' 的定義，也找不到可接受類型 'PetListQueryModel' 第一個引數的可存取擴充方法 'Pagination' (是否遺漏 using 指示詞或組件參考?) [C:\Users\n2029\Desktop\GameSpace\GameSpace\GameSpace\GameSpace.csproj]
C:\Users\n2029\Desktop\GameSpace\GameSpace\GameSpace\Areas\MiniGame\Views\AdminPet\ListWithQuery.cshtml(314,36): error CS1061: 'PetListQueryModel' 未包含 'Pagination' 的定義，也找不到可接受類型 'PetListQueryModel' 第一個引數的可存取擴充方法 'Pagination' (是否遺漏 using 指示詞或組件參考?) [C:\Users\n2029\Desktop\GameSpace\GameSpace\GameSpace\GameSpace.csproj]
C:\Users\n2029\Desktop\GameSpace\GameSpace\GameSpace\Areas\MiniGame\Views\AdminPet\ListWithQuery.cshtml(317,74): error CS1061: 'PetListQueryModel' 未包含 'Pagination' 的定義，也找不到可接受類型 'PetListQueryModel' 第一個引數的可存取擴充方法 'Pagination' (是否遺漏 using 指示詞或組件參考?) [C:\Users\n2029\Desktop\GameSpace\GameSpace\GameSpace\GameSpace.csproj]
C:\Users\n2029\Desktop\GameSpace\GameSpace\GameSpace\Areas\MiniGame\Services\PetLevelRewardSettingService.cs(380,38): error CS1061: 'GameSpacedatabaseContext' 未包含 'PetLevelRewardSettings' 的定義，也找不到可接受類型 'GameSpacedatabaseContext' 第一個引數的可存取擴充方法 'PetLevelRewardSettings' (是否遺漏 using 指示詞或組件參考?) [C:\Users\n2029\Desktop\GameSpace\GameSpace\GameSpace\GameSpace.csproj]
C:\Users\n2029\Desktop\GameSpace\GameSpace\GameSpace\Areas\MiniGame\Views\AdminManager\CreateRole.cshtml(29,45): error CS1061: 'AdminManagerRoleCreateViewModel' 未包含 'role_name' 的定義，也找不到可接受類型 'AdminManagerRoleCreateViewModel' 第一個引數的可存取擴充方法 'role_name' (是否遺漏 using 指示詞或組件參考?) [C:\Users\n2029\Desktop\GameSpace\GameSpace\GameSpace\GameSpace.csproj]
C:\Users\n2029\Desktop\GameSpace\GameSpace\GameSpace\Areas\MiniGame\Views\AdminManager\CreateRole.cshtml(30,45): error CS1061: 'AdminManagerRoleCreateViewModel' 未包含 'role_name' 的定義，也找不到可接受類型 'AdminManagerRoleCreateViewModel' 第一個引數的可存取擴充方法 'role_name' (是否遺漏 using 指示詞或組件參考?) [C:\Users\n2029\Desktop\GameSpace\GameSpace\GameSpace\GameSpace.csproj]
C:\Users\n2029\Desktop\GameSpace\GameSpace\GameSpace\Areas\MiniGame\Views\AdminManager\CreateRole.cshtml(31,55): error CS1061: 'AdminManagerRoleCreateViewModel' 未包含 'role_name' 的定義，也找不到可接受類型 'AdminManagerRoleCreateViewModel' 第一個引數的可存取擴充方法 'role_name' (是否遺漏 using 指示詞或組件參考?) [C:\Users\n2029\Desktop\GameSpace\GameSpace\GameSpace\GameSpace.csproj]
C:\Users\n2029\Desktop\GameSpace\GameSpace\GameSpace\Areas\MiniGame\Views\AdminManager\CreateRole.cshtml(35,45): error CS1061: 'AdminManagerRoleCreateViewModel' 未包含 'role_description' 的定義，也找不到可接受類型 'AdminManagerRoleCreateViewModel' 第一個引數的可存取擴充方法 'role_description' (是否遺漏 using 指示詞或組件參考?) [C:\Users\n2029\Desktop\GameSpace\GameSpace\GameSpace\GameSpace.csproj]
C:\Users\n2029\Desktop\GameSpace\GameSpace\GameSpace\Areas\MiniGame\Views\AdminManager\CreateRole.cshtml(36,48): error CS1061: 'AdminManagerRoleCreateViewModel' 未包含 'role_description' 的定義，也找不到可接受類型 'AdminManagerRoleCreateViewModel' 第一個引數的可存取擴充方法 'role_description' (是否遺漏 using 指示詞或組件參考?) [C:\Users\n2029\Desktop\GameSpace\GameSpace\GameSpace\GameSpace.csproj]
C:\Users\n2029\Desktop\GameSpace\GameSpace\GameSpace\Areas\MiniGame\Views\AdminManager\CreateRole.cshtml(37,55): error CS1061: 'AdminManagerRoleCreateViewModel' 未包含 'role_description' 的定義，也找不到可接受類型 'AdminManagerRoleCreateViewModel' 第一個引數的可存取擴充方法 'role_description' (是否遺漏 using 指示詞或組件參考?) [C:\Users\n2029\Desktop\GameSpace\GameSpace\GameSpace\GameSpace.csproj]
C:\Users\n2029\Desktop\GameSpace\GameSpace\GameSpace\Areas\MiniGame\Views\AdminManager\CreateRole.cshtml(63,49): error CS1061: 'AdminManagerRoleCreateViewModel' 未包含 'IsActive' 的定義，也找不到可接受類型 'AdminManagerRoleCreateViewModel' 第一個引數的可存取擴充方法 'IsActive' (是否遺漏 using 指示詞或組件參考?) [C:\Users\n2029\Desktop\GameSpace\GameSpace\GameSpace\GameSpace.csproj]
C:\Users\n2029\Desktop\GameSpace\GameSpace\GameSpace\Areas\MiniGame\Views\AdminManager\CreateRole.cshtml(123,64): error CS0246: 找不到類型或命名空間名稱 'ManagerPermission' (是否遺漏了 using 指示詞或組件參考?) [C:\Users\n2029\Desktop\GameSpace\GameSpace\GameSpace\GameSpace.csproj]
C:\Users\n2029\Desktop\GameSpace\GameSpace\GameSpace\Areas\MiniGame\Services\PetLevelRewardSettingService.cs(401,50): error CS1061: 'GameSpacedatabaseContext' 未包含 'PetLevelRewardSettings' 的定義，也找不到可接受類型 'GameSpacedatabaseContext' 第一個引數的可存取擴充方法 'PetLevelRewardSettings' (是否遺漏 using 指示詞或組件參考?) [C:\Users\n2029\Desktop\GameSpace\GameSpace\GameSpace\GameSpace.csproj]
C:\Users\n2029\Desktop\GameSpace\GameSpace\GameSpace\Areas\MiniGame\docs\backups\20251003_111736\EVouchers_bak\Edit.cshtml(118,50): error CS1501: 方法 'ToString' 沒有任何多載使用 1 個引數 [C:\Users\n2029\Desktop\GameSpace\GameSpace\GameSpace\GameSpace.csproj]
C:\Users\n2029\Desktop\GameSpace\GameSpace\GameSpace\Areas\MiniGame\Views\AdminUser\Delete.cshtml(52,71): error CS1501: 方法 'ToString' 沒有任何多載使用 1 個引數 [C:\Users\n2029\Desktop\GameSpace\GameSpace\GameSpace\GameSpace.csproj]
C:\Users\n2029\Desktop\GameSpace\GameSpace\GameSpace\Areas\MiniGame\Views\AdminUser\Delete.cshtml(69,49): error CS1061: 'User' 未包含 'Wallets' 的定義，也找不到可接受類型 'User' 第一個引數的可存取擴充方法 'Wallets' (是否遺漏 using 指示詞或組件參考?) [C:\Users\n2029\Desktop\GameSpace\GameSpace\GameSpace\GameSpace.csproj]
C:\Users\n2029\Desktop\GameSpace\GameSpace\GameSpace\Areas\MiniGame\Views\AdminUser\Delete.cshtml(73,49): error CS1061: 'User' 未包含 'SignIns' 的定義，也找不到可接受類型 'User' 第一個引數的可存取擴充方法 'SignIns' (是否遺漏 using 指示詞或組件參考?) [C:\Users\n2029\Desktop\GameSpace\GameSpace\GameSpace\GameSpace.csproj]
C:\Users\n2029\Desktop\GameSpace\GameSpace\GameSpace\Areas\MiniGame\Views\AdminUser\Delete.cshtml(77,49): error CS1061: 'User' 未包含 'Pets' 的定義，也找不到可接受類型 'User' 第一個引數的可存取擴充方法 'Pets' (是否遺漏 using 指示詞或組件參考?) [C:\Users\n2029\Desktop\GameSpace\GameSpace\GameSpace\GameSpace.csproj]
C:\Users\n2029\Desktop\GameSpace\GameSpace\GameSpace\Areas\MiniGame\Views\AdminUser\Delete.cshtml(81,49): error CS1061: 'User' 未包含 'GamePlayRecords' 的定義，也找不到可接受類型 'User' 第一個引數的可存取擴充方法 'GamePlayRecords' (是否遺漏 using 指示詞或組件參考?) [C:\Users\n2029\Desktop\GameSpace\GameSpace\GameSpace\GameSpace.csproj]
C:\Users\n2029\Desktop\GameSpace\GameSpace\GameSpace\Areas\MiniGame\Views\AdminManager\Create.cshtml(48,53): error CS1061: 'AdminManagerCreateViewModel' 未包含 'Password' 的定義，也找不到可接受類型 'AdminManagerCreateViewModel' 第一個引數的可存取擴充方法 'Password' (是否遺漏 using 指示詞或組件參考?) [C:\Users\n2029\Desktop\GameSpace\GameSpace\GameSpace\GameSpace.csproj]
C:\Users\n2029\Desktop\GameSpace\GameSpace\GameSpace\Areas\MiniGame\Views\AdminManager\Create.cshtml(49,53): error CS1061: 'AdminManagerCreateViewModel' 未包含 'Password' 的定義，也找不到可接受類型 'AdminManagerCreateViewModel' 第一個引數的可存取擴充方法 'Password' (是否遺漏 using 指示詞或組件參考?) [C:\Users\n2029\Desktop\GameSpace\GameSpace\GameSpace\GameSpace.csproj]
C:\Users\n2029\Desktop\GameSpace\GameSpace\GameSpace\Areas\MiniGame\Views\AdminManager\Create.cshtml(50,63): error CS1061: 'AdminManagerCreateViewModel' 未包含 'Password' 的定義，也找不到可接受類型 'AdminManagerCreateViewModel' 第一個引數的可存取擴充方法 'Password' (是否遺漏 using 指示詞或組件參考?) [C:\Users\n2029\Desktop\GameSpace\GameSpace\GameSpace\GameSpace.csproj]
C:\Users\n2029\Desktop\GameSpace\GameSpace\GameSpace\Areas\MiniGame\Views\AdminManager\Create.cshtml(55,53): error CS1061: 'AdminManagerCreateViewModel' 未包含 'ConfirmPassword' 的定義，也找不到可接受類型 'AdminManagerCreateViewModel' 第一個引數的可存取擴充方法 'ConfirmPassword' (是否遺漏 using 指示詞或組件參考?) [C:\Users\n2029\Desktop\GameSpace\GameSpace\GameSpace\GameSpace.csproj]
C:\Users\n2029\Desktop\GameSpace\GameSpace\GameSpace\Areas\MiniGame\Views\AdminManager\Create.cshtml(56,53): error CS1061: 'AdminManagerCreateViewModel' 未包含 'ConfirmPassword' 的定義，也找不到可接受類型 'AdminManagerCreateViewModel' 第一個引數的可存取擴充方法 'ConfirmPassword' (是否遺漏 using 指示詞或組件參考?) [C:\Users\n2029\Desktop\GameSpace\GameSpace\GameSpace\GameSpace.csproj]
C:\Users\n2029\Desktop\GameSpace\GameSpace\GameSpace\Areas\MiniGame\Views\AdminManager\Create.cshtml(57,63): error CS1061: 'AdminManagerCreateViewModel' 未包含 'ConfirmPassword' 的定義，也找不到可接受類型 'AdminManagerCreateViewModel' 第一個引數的可存取擴充方法 'ConfirmPassword' (是否遺漏 using 指示詞或組件參考?) [C:\Users\n2029\Desktop\GameSpace\GameSpace\GameSpace\GameSpace.csproj]
C:\Users\n2029\Desktop\GameSpace\GameSpace\GameSpace\Areas\MiniGame\Views\AdminManager\Create.cshtml(91,49): error CS1061: 'AdminManagerCreateViewModel' 未包含 'IsActive' 的定義，也找不到可接受類型 'AdminManagerCreateViewModel' 第一個引數的可存取擴充方法 'IsActive' (是否遺漏 using 指示詞或組件參考?) [C:\Users\n2029\Desktop\GameSpace\GameSpace\GameSpace\GameSpace.csproj]
C:\Users\n2029\Desktop\GameSpace\GameSpace\GameSpace\Areas\MiniGame\Views\AdminManager\Edit.cshtml(62,64): error CS1061: 'AdminManagerEditViewModel' 未包含 'RoleIds' 的定義，也找不到可接受類型 'AdminManagerEditViewModel' 第一個引數的可存取擴充方法 'RoleIds' (是否遺漏 using 指示詞或組件參考?) [C:\Users\n2029\Desktop\GameSpace\GameSpace\GameSpace\GameSpace.csproj]
C:\Users\n2029\Desktop\GameSpace\GameSpace\GameSpace\Areas\MiniGame\Views\AdminManager\Edit.cshtml(62,58): error CS1973: '?' 沒有名稱為 'Contains' 的適用方法，但似乎有使用該名稱的擴充方法。擴充方法不可以動態方式分派。請考慮將動態引數轉型，或不要利用擴充方法語法來呼叫擴充方法。 [C:\Users\n2029\Desktop\GameSpace\GameSpace\GameSpace\GameSpace.csproj]
C:\Users\n2029\Desktop\GameSpace\GameSpace\GameSpace\Areas\MiniGame\Views\AdminManager\Edit.cshtml(87,61): error CS1061: 'AdminManagerEditViewModel' 未包含 'NewPassword' 的定義，也找不到可接受類型 'AdminManagerEditViewModel' 第一個引數的可存取擴充方法 'NewPassword' (是否遺漏 using 指示詞或組件參考?) [C:\Users\n2029\Desktop\GameSpace\GameSpace\GameSpace\GameSpace.csproj]
C:\Users\n2029\Desktop\GameSpace\GameSpace\GameSpace\Areas\MiniGame\Views\AdminManager\Edit.cshtml(88,61): error CS1061: 'AdminManagerEditViewModel' 未包含 'NewPassword' 的定義，也找不到可接受類型 'AdminManagerEditViewModel' 第一個引數的可存取擴充方法 'NewPassword' (是否遺漏 using 指示詞或組件參考?) [C:\Users\n2029\Desktop\GameSpace\GameSpace\GameSpace\GameSpace.csproj]
C:\Users\n2029\Desktop\GameSpace\GameSpace\GameSpace\Areas\MiniGame\Views\AdminManager\Edit.cshtml(89,71): error CS1061: 'AdminManagerEditViewModel' 未包含 'NewPassword' 的定義，也找不到可接受類型 'AdminManagerEditViewModel' 第一個引數的可存取擴充方法 'NewPassword' (是否遺漏 using 指示詞或組件參考?) [C:\Users\n2029\Desktop\GameSpace\GameSpace\GameSpace\GameSpace.csproj]
C:\Users\n2029\Desktop\GameSpace\GameSpace\GameSpace\Areas\MiniGame\Views\AdminManager\Edit.cshtml(94,61): error CS1061: 'AdminManagerEditViewModel' 未包含 'ConfirmNewPassword' 的定義，也找不到可接受類型 'AdminManagerEditViewModel' 第一個引數的可存取擴充方法 'ConfirmNewPassword' (是否遺漏 using 指示詞或組件參考?) [C:\Users\n2029\Desktop\GameSpace\GameSpace\GameSpace\GameSpace.csproj]
C:\Users\n2029\Desktop\GameSpace\GameSpace\GameSpace\Areas\MiniGame\Views\AdminManager\Edit.cshtml(95,61): error CS1061: 'AdminManagerEditViewModel' 未包含 'ConfirmNewPassword' 的定義，也找不到可接受類型 'AdminManagerEditViewModel' 第一個引數的可存取擴充方法 'ConfirmNewPassword' (是否遺漏 using 指示詞或組件參考?) [C:\Users\n2029\Desktop\GameSpace\GameSpace\GameSpace\GameSpace.csproj]
C:\Users\n2029\Desktop\GameSpace\GameSpace\GameSpace\Areas\MiniGame\Views\AdminManager\Edit.cshtml(96,71): error CS1061: 'AdminManagerEditViewModel' 未包含 'ConfirmNewPassword' 的定義，也找不到可接受類型 'AdminManagerEditViewModel' 第一個引數的可存取擴充方法 'ConfirmNewPassword' (是否遺漏 using 指示詞或組件參考?) [C:\Users\n2029\Desktop\GameSpace\GameSpace\GameSpace\GameSpace.csproj]
C:\Users\n2029\Desktop\GameSpace\GameSpace\GameSpace\Areas\MiniGame\Services\PetCostSettingServices.cs(137,35): error CS1061: 'GameSpacedatabaseContext' 未包含 'PetBackgroundCostSettings' 的定義，也找不到可接受類型 'GameSpacedatabaseContext' 第一個引數的可存取擴充方法 'PetBackgroundCostSettings' (是否遺漏 using 指示詞或組件參考?) [C:\Users\n2029\Desktop\GameSpace\GameSpace\GameSpace\GameSpace.csproj]
C:\Users\n2029\Desktop\GameSpace\GameSpace\GameSpace\Areas\MiniGame\Services\PetCostSettingServices.cs(144,35): error CS1061: 'GameSpacedatabaseContext' 未包含 'PetBackgroundCostSettings' 的定義，也找不到可接受類型 'GameSpacedatabaseContext' 第一個引數的可存取擴充方法 'PetBackgroundCostSettings' (是否遺漏 using 指示詞或組件參考?) [C:\Users\n2029\Desktop\GameSpace\GameSpace\GameSpace\GameSpace.csproj]
C:\Users\n2029\Desktop\GameSpace\GameSpace\GameSpace\Areas\MiniGame\Services\PetCostSettingServices.cs(152,26): error CS1061: 'GameSpacedatabaseContext' 未包含 'PetBackgroundCostSettings' 的定義，也找不到可接受類型 'GameSpacedatabaseContext' 第一個引數的可存取擴充方法 'PetBackgroundCostSettings' (是否遺漏 using 指示詞或組件參考?) [C:\Users\n2029\Desktop\GameSpace\GameSpace\GameSpace\GameSpace.csproj]
C:\Users\n2029\Desktop\GameSpace\GameSpace\GameSpace\Areas\MiniGame\Services\PetCostSettingServices.cs(167,26): error CS1061: 'GameSpacedatabaseContext' 未包含 'PetBackgroundCostSettings' 的定義，也找不到可接受類型 'GameSpacedatabaseContext' 第一個引數的可存取擴充方法 'PetBackgroundCostSettings' (是否遺漏 using 指示詞或組件參考?) [C:\Users\n2029\Desktop\GameSpace\GameSpace\GameSpace\GameSpace.csproj]
C:\Users\n2029\Desktop\GameSpace\GameSpace\GameSpace\Areas\MiniGame\Views\AdminEVoucher\CreateType.cshtml(50,53): error CS1061: 'AdminEVoucherTypeCreateViewModel' 未包含 'ValidDays' 的定義，也找不到可接受類型 'AdminEVoucherTypeCreateViewModel' 第一個引數的可存取擴充方法 'ValidDays' (是否遺漏 using 指示詞或組件參考?) [C:\Users\n2029\Desktop\GameSpace\GameSpace\GameSpace\GameSpace.csproj]
C:\Users\n2029\Desktop\GameSpace\GameSpace\GameSpace\Areas\MiniGame\Views\AdminEVoucher\CreateType.cshtml(51,53): error CS1061: 'AdminEVoucherTypeCreateViewModel' 未包含 'ValidDays' 的定義，也找不到可接受類型 'AdminEVoucherTypeCreateViewModel' 第一個引數的可存取擴充方法 'ValidDays' (是否遺漏 using 指示詞或組件參考?) [C:\Users\n2029\Desktop\GameSpace\GameSpace\GameSpace\GameSpace.csproj]
C:\Users\n2029\Desktop\GameSpace\GameSpace\GameSpace\Areas\MiniGame\Views\AdminEVoucher\CreateType.cshtml(52,63): error CS1061: 'AdminEVoucherTypeCreateViewModel' 未包含 'ValidDays' 的定義，也找不到可接受類型 'AdminEVoucherTypeCreateViewModel' 第一個引數的可存取擴充方法 'ValidDays' (是否遺漏 using 指示詞或組件參考?) [C:\Users\n2029\Desktop\GameSpace\GameSpace\GameSpace\GameSpace.csproj]
C:\Users\n2029\Desktop\GameSpace\GameSpace\GameSpace\Areas\MiniGame\Views\AdminEVoucher\CreateType.cshtml(59,45): error CS1061: 'AdminEVoucherTypeCreateViewModel' 未包含 'ImageUrl' 的定義，也找不到可接受類型 'AdminEVoucherTypeCreateViewModel' 第一個引數的可存取擴充方法 'ImageUrl' (是否遺漏 using 指示詞或組件參考?) [C:\Users\n2029\Desktop\GameSpace\GameSpace\GameSpace\GameSpace.csproj]
C:\Users\n2029\Desktop\GameSpace\GameSpace\GameSpace\Areas\MiniGame\Views\AdminEVoucher\CreateType.cshtml(60,45): error CS1061: 'AdminEVoucherTypeCreateViewModel' 未包含 'ImageUrl' 的定義，也找不到可接受類型 'AdminEVoucherTypeCreateViewModel' 第一個引數的可存取擴充方法 'ImageUrl' (是否遺漏 using 指示詞或組件參考?) [C:\Users\n2029\Desktop\GameSpace\GameSpace\GameSpace\GameSpace.csproj]
C:\Users\n2029\Desktop\GameSpace\GameSpace\GameSpace\Areas\MiniGame\Views\AdminEVoucher\CreateType.cshtml(61,55): error CS1061: 'AdminEVoucherTypeCreateViewModel' 未包含 'ImageUrl' 的定義，也找不到可接受類型 'AdminEVoucherTypeCreateViewModel' 第一個引數的可存取擴充方法 'ImageUrl' (是否遺漏 using 指示詞或組件參考?) [C:\Users\n2029\Desktop\GameSpace\GameSpace\GameSpace\GameSpace.csproj]
C:\Users\n2029\Desktop\GameSpace\GameSpace\GameSpace\Areas\MiniGame\Views\AdminEVoucher\CreateType.cshtml(67,49): error CS1061: 'AdminEVoucherTypeCreateViewModel' 未包含 'IsActive' 的定義，也找不到可接受類型 'AdminEVoucherTypeCreateViewModel' 第一個引數的可存取擴充方法 'IsActive' (是否遺漏 using 指示詞或組件參考?) [C:\Users\n2029\Desktop\GameSpace\GameSpace\GameSpace\GameSpace.csproj]
C:\Users\n2029\Desktop\GameSpace\GameSpace\GameSpace\Areas\MiniGame\Services\PetCostSettingServices.cs(184,26): error CS1061: 'GameSpacedatabaseContext' 未包含 'PetBackgroundCostSettings' 的定義，也找不到可接受類型 'GameSpacedatabaseContext' 第一個引數的可存取擴充方法 'PetBackgroundCostSettings' (是否遺漏 using 指示詞或組件參考?) [C:\Users\n2029\Desktop\GameSpace\GameSpace\GameSpace\GameSpace.csproj]
C:\Users\n2029\Desktop\GameSpace\GameSpace\GameSpace\Areas\MiniGame\Services\PetCostSettingServices.cs(47,35): error CS1061: 'GameSpacedatabaseContext' 未包含 'PetSkinColorCostSettings' 的定義，也找不到可接受類型 'GameSpacedatabaseContext' 第一個引數的可存取擴充方法 'PetSkinColorCostSettings' (是否遺漏 using 指示詞或組件參考?) [C:\Users\n2029\Desktop\GameSpace\GameSpace\GameSpace\GameSpace.csproj]
C:\Users\n2029\Desktop\GameSpace\GameSpace\GameSpace\Areas\MiniGame\Services\PetCostSettingServices.cs(54,35): error CS1061: 'GameSpacedatabaseContext' 未包含 'PetSkinColorCostSettings' 的定義，也找不到可接受類型 'GameSpacedatabaseContext' 第一個引數的可存取擴充方法 'PetSkinColorCostSettings' (是否遺漏 using 指示詞或組件參考?) [C:\Users\n2029\Desktop\GameSpace\GameSpace\GameSpace\GameSpace.csproj]
C:\Users\n2029\Desktop\GameSpace\GameSpace\GameSpace\Areas\MiniGame\Services\PetCostSettingServices.cs(62,26): error CS1061: 'GameSpacedatabaseContext' 未包含 'PetSkinColorCostSettings' 的定義，也找不到可接受類型 'GameSpacedatabaseContext' 第一個引數的可存取擴充方法 'PetSkinColorCostSettings' (是否遺漏 using 指示詞或組件參考?) [C:\Users\n2029\Desktop\GameSpace\GameSpace\GameSpace\GameSpace.csproj]
C:\Users\n2029\Desktop\GameSpace\GameSpace\GameSpace\Areas\MiniGame\Services\PetCostSettingServices.cs(77,26): error CS1061: 'GameSpacedatabaseContext' 未包含 'PetSkinColorCostSettings' 的定義，也找不到可接受類型 'GameSpacedatabaseContext' 第一個引數的可存取擴充方法 'PetSkinColorCostSettings' (是否遺漏 using 指示詞或組件參考?) [C:\Users\n2029\Desktop\GameSpace\GameSpace\GameSpace\GameSpace.csproj]
C:\Users\n2029\Desktop\GameSpace\GameSpace\GameSpace\Areas\MiniGame\Services\PetCostSettingServices.cs(94,26): error CS1061: 'GameSpacedatabaseContext' 未包含 'PetSkinColorCostSettings' 的定義，也找不到可接受類型 'GameSpacedatabaseContext' 第一個引數的可存取擴充方法 'PetSkinColorCostSettings' (是否遺漏 using 指示詞或組件參考?) [C:\Users\n2029\Desktop\GameSpace\GameSpace\GameSpace\GameSpace.csproj]
C:\Users\n2029\Desktop\GameSpace\GameSpace\GameSpace\Areas\MiniGame\Services\PetColorChangeSettingsService.cs(25,35): error CS1061: 'GameSpacedatabaseContext' 未包含 'PetColorChangeSettings' 的定義，也找不到可接受類型 'GameSpacedatabaseContext' 第一個引數的可存取擴充方法 'PetColorChangeSettings' (是否遺漏 using 指示詞或組件參考?) [C:\Users\n2029\Desktop\GameSpace\GameSpace\GameSpace\GameSpace.csproj]
C:\Users\n2029\Desktop\GameSpace\GameSpace\GameSpace\Areas\MiniGame\Services\PetColorChangeSettingsService.cs(37,35): error CS1061: 'GameSpacedatabaseContext' 未包含 'PetColorChangeSettings' 的定義，也找不到可接受類型 'GameSpacedatabaseContext' 第一個引數的可存取擴充方法 'PetColorChangeSettings' (是否遺漏 using 指示詞或組件參考?) [C:\Users\n2029\Desktop\GameSpace\GameSpace\GameSpace\GameSpace.csproj]
C:\Users\n2029\Desktop\GameSpace\GameSpace\GameSpace\Areas\MiniGame\Services\PetColorChangeSettingsService.cs(49,22): error CS1061: 'GameSpacedatabaseContext' 未包含 'PetColorChangeSettings' 的定義，也找不到可接受類型 'GameSpacedatabaseContext' 第一個引數的可存取擴充方法 'PetColorChangeSettings' (是否遺漏 using 指示詞或組件參考?) [C:\Users\n2029\Desktop\GameSpace\GameSpace\GameSpace\GameSpace.csproj]
C:\Users\n2029\Desktop\GameSpace\GameSpace\GameSpace\Areas\MiniGame\Services\PetColorChangeSettingsService.cs(62,22): error CS1061: 'GameSpacedatabaseContext' 未包含 'PetColorChangeSettings' 的定義，也找不到可接受類型 'GameSpacedatabaseContext' 第一個引數的可存取擴充方法 'PetColorChangeSettings' (是否遺漏 using 指示詞或組件參考?) [C:\Users\n2029\Desktop\GameSpace\GameSpace\GameSpace\GameSpace.csproj]
C:\Users\n2029\Desktop\GameSpace\GameSpace\GameSpace\Areas\MiniGame\Services\PetColorChangeSettingsService.cs(74,42): error CS1061: 'GameSpacedatabaseContext' 未包含 'PetColorChangeSettings' 的定義，也找不到可接受類型 'GameSpacedatabaseContext' 第一個引數的可存取擴充方法 'PetColorChangeSettings' (是否遺漏 using 指示詞或組件參考?) [C:\Users\n2029\Desktop\GameSpace\GameSpace\GameSpace\GameSpace.csproj]
C:\Users\n2029\Desktop\GameSpace\GameSpace\GameSpace\Areas\MiniGame\Services\PetColorChangeSettingsService.cs(80,22): error CS1061: 'GameSpacedatabaseContext' 未包含 'PetColorChangeSettings' 的定義，也找不到可接受類型 'GameSpacedatabaseContext' 第一個引數的可存取擴充方法 'PetColorChangeSettings' (是否遺漏 using 指示詞或組件參考?) [C:\Users\n2029\Desktop\GameSpace\GameSpace\GameSpace\GameSpace.csproj]
C:\Users\n2029\Desktop\GameSpace\GameSpace\GameSpace\Areas\MiniGame\Services\PetColorChangeSettingsService.cs(91,35): error CS1061: 'GameSpacedatabaseContext' 未包含 'PetColorChangeSettings' 的定義，也找不到可接受類型 'GameSpacedatabaseContext' 第一個引數的可存取擴充方法 'PetColorChangeSettings' (是否遺漏 using 指示詞或組件參考?) [C:\Users\n2029\Desktop\GameSpace\GameSpace\GameSpace\GameSpace.csproj]
C:\Users\n2029\Desktop\GameSpace\GameSpace\GameSpace\Areas\MiniGame\Services\PetBackgroundChangeSettingsService.cs(30,21): error CS0117: 'PetSettings' 未包含 'ColorChangePointCost' 的定義 [C:\Users\n2029\Desktop\GameSpace\GameSpace\GameSpace\GameSpace.csproj]
C:\Users\n2029\Desktop\GameSpace\GameSpace\GameSpace\Areas\MiniGame\Services\PetBackgroundChangeSettingsService.cs(31,21): error CS0117: 'PetSettings' 未包含 'BackgroundChangePointCost' 的定義 [C:\Users\n2029\Desktop\GameSpace\GameSpace\GameSpace\GameSpace.csproj]
C:\Users\n2029\Desktop\GameSpace\GameSpace\GameSpace\Areas\MiniGame\Services\PetBackgroundChangeSettingsService.cs(32,21): error CS0117: 'PetSettings' 未包含 'MaxLevel' 的定義 [C:\Users\n2029\Desktop\GameSpace\GameSpace\GameSpace\GameSpace.csproj]
C:\Users\n2029\Desktop\GameSpace\GameSpace\GameSpace\Areas\MiniGame\Services\PetBackgroundChangeSettingsService.cs(33,21): error CS0117: 'PetSettings' 未包含 'ExpMultiplier' 的定義 [C:\Users\n2029\Desktop\GameSpace\GameSpace\GameSpace\GameSpace.csproj]
C:\Users\n2029\Desktop\GameSpace\GameSpace\GameSpace\Areas\MiniGame\Services\PetBackgroundChangeSettingsService.cs(63,33): error CS1061: 'PetSettings' 未包含 'BackgroundChangePointCost' 的定義，也找不到可接受類型 'PetSettings' 第一個引數的可存取擴充方法 'BackgroundChangePointCost' (是否遺漏 using 指示詞或組件參考?) [C:\Users\n2029\Desktop\GameSpace\GameSpace\GameSpace\GameSpace.csproj]
C:\Users\n2029\Desktop\GameSpace\GameSpace\GameSpace\Areas\MiniGame\Services\PetBackgroundChangeSettingsService.cs(80,31): error CS1061: 'UserWallet' 未包含 'Points' 的定義，也找不到可接受類型 'UserWallet' 第一個引數的可存取擴充方法 'Points' (是否遺漏 using 指示詞或組件參考?) [C:\Users\n2029\Desktop\GameSpace\GameSpace\GameSpace\GameSpace.csproj]
C:\Users\n2029\Desktop\GameSpace\GameSpace\GameSpace\Areas\MiniGame\Services\MiniGameService.cs(28,21): error CS0117: 'MiniGame' 未包含 'GameID' 的定義 [C:\Users\n2029\Desktop\GameSpace\GameSpace\GameSpace\GameSpace.csproj]
C:\Users\n2029\Desktop\GameSpace\GameSpace\GameSpace\Areas\MiniGame\Services\MiniGameService.cs(28,46): error CS1503: 引數 1: 無法從 'string' 轉換成 'int' [C:\Users\n2029\Desktop\GameSpace\GameSpace\GameSpace\GameSpace.csproj]
C:\Users\n2029\Desktop\GameSpace\GameSpace\GameSpace\Areas\MiniGame\Services\MiniGameService.cs(29,21): error CS0117: 'MiniGame' 未包含 'UserID' 的定義 [C:\Users\n2029\Desktop\GameSpace\GameSpace\GameSpace\GameSpace.csproj]
C:\Users\n2029\Desktop\GameSpace\GameSpace\GameSpace\Areas\MiniGame\Services\MiniGameService.cs(29,46): error CS1503: 引數 1: 無法從 'string' 轉換成 'int' [C:\Users\n2029\Desktop\GameSpace\GameSpace\GameSpace\GameSpace.csproj]
C:\Users\n2029\Desktop\GameSpace\GameSpace\GameSpace\Areas\MiniGame\Services\MiniGameService.cs(30,21): error CS0117: 'MiniGame' 未包含 'PetID' 的定義 [C:\Users\n2029\Desktop\GameSpace\GameSpace\GameSpace\GameSpace.csproj]
C:\Users\n2029\Desktop\GameSpace\GameSpace\GameSpace\Areas\MiniGame\Services\MiniGameService.cs(30,45): error CS1503: 引數 1: 無法從 'string' 轉換成 'int' [C:\Users\n2029\Desktop\GameSpace\GameSpace\GameSpace\GameSpace.csproj]
C:\Users\n2029\Desktop\GameSpace\GameSpace\GameSpace\Areas\MiniGame\Services\MiniGameService.cs(31,21): error CS0117: 'MiniGame' 未包含 'GameType' 的定義 [C:\Users\n2029\Desktop\GameSpace\GameSpace\GameSpace\GameSpace.csproj]
C:\Users\n2029\Desktop\GameSpace\GameSpace\GameSpace\Areas\MiniGame\Services\MiniGameService.cs(31,49): error CS1503: 引數 1: 無法從 'string' 轉換成 'int' [C:\Users\n2029\Desktop\GameSpace\GameSpace\GameSpace\GameSpace.csproj]
C:\Users\n2029\Desktop\GameSpace\GameSpace\GameSpace\Areas\MiniGame\Services\MiniGameService.cs(32,52): error CS1503: 引數 1: 無法從 'string' 轉換成 'int' [C:\Users\n2029\Desktop\GameSpace\GameSpace\GameSpace\GameSpace.csproj]
C:\Users\n2029\Desktop\GameSpace\GameSpace\GameSpace\Areas\MiniGame\Services\MiniGameService.cs(33,47): error CS1503: 引數 1: 無法從 'string' 轉換成 'int' [C:\Users\n2029\Desktop\GameSpace\GameSpace\GameSpace\GameSpace.csproj]
C:\Users\n2029\Desktop\GameSpace\GameSpace\GameSpace\Areas\MiniGame\Services\MiniGameService.cs(33,86): error CS1503: 引數 1: 無法從 'string' 轉換成 'int' [C:\Users\n2029\Desktop\GameSpace\GameSpace\GameSpace\GameSpace.csproj]
C:\Users\n2029\Desktop\GameSpace\GameSpace\GameSpace\Areas\MiniGame\Services\MiniGameService.cs(34,21): error CS0117: 'MiniGame' 未包含 'GameResult' 的定義 [C:\Users\n2029\Desktop\GameSpace\GameSpace\GameSpace\GameSpace.csproj]
C:\Users\n2029\Desktop\GameSpace\GameSpace\GameSpace\Areas\MiniGame\Services\MiniGameService.cs(34,50): error CS1503: 引數 1: 無法從 'string' 轉換成 'int' [C:\Users\n2029\Desktop\GameSpace\GameSpace\GameSpace\GameSpace.csproj]
C:\Users\n2029\Desktop\GameSpace\GameSpace\GameSpace\Areas\MiniGame\Services\MiniGameService.cs(34,90): error CS1503: 引數 1: 無法從 'string' 轉換成 'int' [C:\Users\n2029\Desktop\GameSpace\GameSpace\GameSpace\GameSpace.csproj]
C:\Users\n2029\Desktop\GameSpace\GameSpace\GameSpace\Areas\MiniGame\Services\MiniGameService.cs(35,21): error CS0117: 'MiniGame' 未包含 'PointsEarned' 的定義 [C:\Users\n2029\Desktop\GameSpace\GameSpace\GameSpace\GameSpace.csproj]
C:\Users\n2029\Desktop\GameSpace\GameSpace\GameSpace\Areas\MiniGame\Services\MiniGameService.cs(35,52): error CS1503: 引數 1: 無法從 'string' 轉換成 'int' [C:\Users\n2029\Desktop\GameSpace\GameSpace\GameSpace\GameSpace.csproj]
C:\Users\n2029\Desktop\GameSpace\GameSpace\GameSpace\Areas\MiniGame\Services\MiniGameService.cs(36,21): error CS0117: 'MiniGame' 未包含 'PetExpEarned' 的定義 [C:\Users\n2029\Desktop\GameSpace\GameSpace\GameSpace\GameSpace.csproj]
C:\Users\n2029\Desktop\GameSpace\GameSpace\GameSpace\Areas\MiniGame\Services\MiniGameService.cs(36,52): error CS1503: 引數 1: 無法從 'string' 轉換成 'int' [C:\Users\n2029\Desktop\GameSpace\GameSpace\GameSpace\GameSpace.csproj]
C:\Users\n2029\Desktop\GameSpace\GameSpace\GameSpace\Areas\MiniGame\Services\MiniGameService.cs(37,21): error CS0117: 'MiniGame' 未包含 'CouponEarned' 的定義 [C:\Users\n2029\Desktop\GameSpace\GameSpace\GameSpace\GameSpace.csproj]
C:\Users\n2029\Desktop\GameSpace\GameSpace\GameSpace\Areas\MiniGame\Services\MiniGameService.cs(37,52): error CS1503: 引數 1: 無法從 'string' 轉換成 'int' [C:\Users\n2029\Desktop\GameSpace\GameSpace\GameSpace\GameSpace.csproj]
C:\Users\n2029\Desktop\GameSpace\GameSpace\GameSpace\Areas\MiniGame\Services\MiniGameService.cs(37,93): error CS1503: 引數 1: 無法從 'string' 轉換成 'int' [C:\Users\n2029\Desktop\GameSpace\GameSpace\GameSpace\GameSpace.csproj]
C:\Users\n2029\Desktop\GameSpace\GameSpace\GameSpace\Areas\MiniGame\Services\MiniGameService.cs(38,21): error CS0117: 'MiniGame' 未包含 'SessionID' 的定義 [C:\Users\n2029\Desktop\GameSpace\GameSpace\GameSpace\GameSpace.csproj]
C:\Users\n2029\Desktop\GameSpace\GameSpace\GameSpace\Areas\MiniGame\Services\MiniGameService.cs(38,50): error CS1503: 引數 1: 無法從 'string' 轉換成 'int' [C:\Users\n2029\Desktop\GameSpace\GameSpace\GameSpace\GameSpace.csproj]
C:\Users\n2029\Desktop\GameSpace\GameSpace\GameSpace\Areas\MiniGame\Services\MiniGameService.cs(58,21): error CS0117: 'MiniGame' 未包含 'GameID' 的定義 [C:\Users\n2029\Desktop\GameSpace\GameSpace\GameSpace\GameSpace.csproj]
C:\Users\n2029\Desktop\GameSpace\GameSpace\GameSpace\Areas\MiniGame\Services\MiniGameService.cs(58,46): error CS1503: 引數 1: 無法從 'string' 轉換成 'int' [C:\Users\n2029\Desktop\GameSpace\GameSpace\GameSpace\GameSpace.csproj]
C:\Users\n2029\Desktop\GameSpace\GameSpace\GameSpace\Areas\MiniGame\Services\MiniGameService.cs(59,21): error CS0117: 'MiniGame' 未包含 'UserID' 的定義 [C:\Users\n2029\Desktop\GameSpace\GameSpace\GameSpace\GameSpace.csproj]
C:\Users\n2029\Desktop\GameSpace\GameSpace\GameSpace\Areas\MiniGame\Services\MiniGameService.cs(59,46): error CS1503: 引數 1: 無法從 'string' 轉換成 'int' [C:\Users\n2029\Desktop\GameSpace\GameSpace\GameSpace\GameSpace.csproj]
C:\Users\n2029\Desktop\GameSpace\GameSpace\GameSpace\Areas\MiniGame\Services\MiniGameService.cs(60,21): error CS0117: 'MiniGame' 未包含 'PetID' 的定義 [C:\Users\n2029\Desktop\GameSpace\GameSpace\GameSpace\GameSpace.csproj]
C:\Users\n2029\Desktop\GameSpace\GameSpace\GameSpace\Areas\MiniGame\Services\MiniGameService.cs(60,45): error CS1503: 引數 1: 無法從 'string' 轉換成 'int' [C:\Users\n2029\Desktop\GameSpace\GameSpace\GameSpace\GameSpace.csproj]
C:\Users\n2029\Desktop\GameSpace\GameSpace\GameSpace\Areas\MiniGame\Services\MiniGameService.cs(61,21): error CS0117: 'MiniGame' 未包含 'GameType' 的定義 [C:\Users\n2029\Desktop\GameSpace\GameSpace\GameSpace\GameSpace.csproj]
C:\Users\n2029\Desktop\GameSpace\GameSpace\GameSpace\Areas\MiniGame\Services\MiniGameService.cs(61,49): error CS1503: 引數 1: 無法從 'string' 轉換成 'int' [C:\Users\n2029\Desktop\GameSpace\GameSpace\GameSpace\GameSpace.csproj]
C:\Users\n2029\Desktop\GameSpace\GameSpace\GameSpace\Areas\MiniGame\Services\MiniGameService.cs(62,52): error CS1503: 引數 1: 無法從 'string' 轉換成 'int' [C:\Users\n2029\Desktop\GameSpace\GameSpace\GameSpace\GameSpace.csproj]
C:\Users\n2029\Desktop\GameSpace\GameSpace\GameSpace\Areas\MiniGame\Services\MiniGameService.cs(63,47): error CS1503: 引數 1: 無法從 'string' 轉換成 'int' [C:\Users\n2029\Desktop\GameSpace\GameSpace\GameSpace\GameSpace.csproj]
C:\Users\n2029\Desktop\GameSpace\GameSpace\GameSpace\Areas\MiniGame\Services\MiniGameService.cs(63,86): error CS1503: 引數 1: 無法從 'string' 轉換成 'int' [C:\Users\n2029\Desktop\GameSpace\GameSpace\GameSpace\GameSpace.csproj]
C:\Users\n2029\Desktop\GameSpace\GameSpace\GameSpace\Areas\MiniGame\Services\MiniGameService.cs(64,21): error CS0117: 'MiniGame' 未包含 'GameResult' 的定義 [C:\Users\n2029\Desktop\GameSpace\GameSpace\GameSpace\GameSpace.csproj]
C:\Users\n2029\Desktop\GameSpace\GameSpace\GameSpace\Areas\MiniGame\Services\MiniGameService.cs(64,50): error CS1503: 引數 1: 無法從 'string' 轉換成 'int' [C:\Users\n2029\Desktop\GameSpace\GameSpace\GameSpace\GameSpace.csproj]
C:\Users\n2029\Desktop\GameSpace\GameSpace\GameSpace\Areas\MiniGame\Services\MiniGameService.cs(64,90): error CS1503: 引數 1: 無法從 'string' 轉換成 'int' [C:\Users\n2029\Desktop\GameSpace\GameSpace\GameSpace\GameSpace.csproj]
C:\Users\n2029\Desktop\GameSpace\GameSpace\GameSpace\Areas\MiniGame\Services\MiniGameService.cs(65,21): error CS0117: 'MiniGame' 未包含 'PointsEarned' 的定義 [C:\Users\n2029\Desktop\GameSpace\GameSpace\GameSpace\GameSpace.csproj]
C:\Users\n2029\Desktop\GameSpace\GameSpace\GameSpace\Areas\MiniGame\Services\MiniGameService.cs(65,52): error CS1503: 引數 1: 無法從 'string' 轉換成 'int' [C:\Users\n2029\Desktop\GameSpace\GameSpace\GameSpace\GameSpace.csproj]
C:\Users\n2029\Desktop\GameSpace\GameSpace\GameSpace\Areas\MiniGame\Services\MiniGameService.cs(66,21): error CS0117: 'MiniGame' 未包含 'PetExpEarned' 的定義 [C:\Users\n2029\Desktop\GameSpace\GameSpace\GameSpace\GameSpace.csproj]
C:\Users\n2029\Desktop\GameSpace\GameSpace\GameSpace\Areas\MiniGame\Services\MiniGameService.cs(66,52): error CS1503: 引數 1: 無法從 'string' 轉換成 'int' [C:\Users\n2029\Desktop\GameSpace\GameSpace\GameSpace\GameSpace.csproj]
C:\Users\n2029\Desktop\GameSpace\GameSpace\GameSpace\Areas\MiniGame\Services\MiniGameService.cs(67,21): error CS0117: 'MiniGame' 未包含 'CouponEarned' 的定義 [C:\Users\n2029\Desktop\GameSpace\GameSpace\GameSpace\GameSpace.csproj]
C:\Users\n2029\Desktop\GameSpace\GameSpace\GameSpace\Areas\MiniGame\Services\MiniGameService.cs(67,52): error CS1503: 引數 1: 無法從 'string' 轉換成 'int' [C:\Users\n2029\Desktop\GameSpace\GameSpace\GameSpace\GameSpace.csproj]
C:\Users\n2029\Desktop\GameSpace\GameSpace\GameSpace\Areas\MiniGame\Services\MiniGameService.cs(67,93): error CS1503: 引數 1: 無法從 'string' 轉換成 'int' [C:\Users\n2029\Desktop\GameSpace\GameSpace\GameSpace\GameSpace.csproj]
C:\Users\n2029\Desktop\GameSpace\GameSpace\GameSpace\Areas\MiniGame\Services\MiniGameService.cs(68,21): error CS0117: 'MiniGame' 未包含 'SessionID' 的定義 [C:\Users\n2029\Desktop\GameSpace\GameSpace\GameSpace\GameSpace.csproj]
C:\Users\n2029\Desktop\GameSpace\GameSpace\GameSpace\Areas\MiniGame\Services\MiniGameService.cs(68,50): error CS1503: 引數 1: 無法從 'string' 轉換成 'int' [C:\Users\n2029\Desktop\GameSpace\GameSpace\GameSpace\GameSpace.csproj]
C:\Users\n2029\Desktop\GameSpace\GameSpace\GameSpace\Areas\MiniGame\Services\MiniGameService.cs(88,21): error CS0117: 'MiniGame' 未包含 'GameID' 的定義 [C:\Users\n2029\Desktop\GameSpace\GameSpace\GameSpace\GameSpace.csproj]
C:\Users\n2029\Desktop\GameSpace\GameSpace\GameSpace\Areas\MiniGame\Services\MiniGameService.cs(88,46): error CS1503: 引數 1: 無法從 'string' 轉換成 'int' [C:\Users\n2029\Desktop\GameSpace\GameSpace\GameSpace\GameSpace.csproj]
C:\Users\n2029\Desktop\GameSpace\GameSpace\GameSpace\Areas\MiniGame\Services\MiniGameService.cs(89,21): error CS0117: 'MiniGame' 未包含 'UserID' 的定義 [C:\Users\n2029\Desktop\GameSpace\GameSpace\GameSpace\GameSpace.csproj]
C:\Users\n2029\Desktop\GameSpace\GameSpace\GameSpace\Areas\MiniGame\Services\MiniGameService.cs(89,46): error CS1503: 引數 1: 無法從 'string' 轉換成 'int' [C:\Users\n2029\Desktop\GameSpace\GameSpace\GameSpace\GameSpace.csproj]
C:\Users\n2029\Desktop\GameSpace\GameSpace\GameSpace\Areas\MiniGame\Services\MiniGameService.cs(90,21): error CS0117: 'MiniGame' 未包含 'PetID' 的定義 [C:\Users\n2029\Desktop\GameSpace\GameSpace\GameSpace\GameSpace.csproj]
C:\Users\n2029\Desktop\GameSpace\GameSpace\GameSpace\Areas\MiniGame\Services\MiniGameService.cs(90,45): error CS1503: 引數 1: 無法從 'string' 轉換成 'int' [C:\Users\n2029\Desktop\GameSpace\GameSpace\GameSpace\GameSpace.csproj]
C:\Users\n2029\Desktop\GameSpace\GameSpace\GameSpace\Areas\MiniGame\Services\MiniGameService.cs(91,21): error CS0117: 'MiniGame' 未包含 'GameType' 的定義 [C:\Users\n2029\Desktop\GameSpace\GameSpace\GameSpace\GameSpace.csproj]
C:\Users\n2029\Desktop\GameSpace\GameSpace\GameSpace\Areas\MiniGame\Services\MiniGameService.cs(91,49): error CS1503: 引數 1: 無法從 'string' 轉換成 'int' [C:\Users\n2029\Desktop\GameSpace\GameSpace\GameSpace\GameSpace.csproj]
C:\Users\n2029\Desktop\GameSpace\GameSpace\GameSpace\Areas\MiniGame\Services\MiniGameService.cs(92,52): error CS1503: 引數 1: 無法從 'string' 轉換成 'int' [C:\Users\n2029\Desktop\GameSpace\GameSpace\GameSpace\GameSpace.csproj]
C:\Users\n2029\Desktop\GameSpace\GameSpace\GameSpace\Areas\MiniGame\Services\MiniGameService.cs(93,47): error CS1503: 引數 1: 無法從 'string' 轉換成 'int' [C:\Users\n2029\Desktop\GameSpace\GameSpace\GameSpace\GameSpace.csproj]
C:\Users\n2029\Desktop\GameSpace\GameSpace\GameSpace\Areas\MiniGame\Services\MiniGameService.cs(93,86): error CS1503: 引數 1: 無法從 'string' 轉換成 'int' [C:\Users\n2029\Desktop\GameSpace\GameSpace\GameSpace\GameSpace.csproj]
C:\Users\n2029\Desktop\GameSpace\GameSpace\GameSpace\Areas\MiniGame\Services\MiniGameService.cs(94,21): error CS0117: 'MiniGame' 未包含 'GameResult' 的定義 [C:\Users\n2029\Desktop\GameSpace\GameSpace\GameSpace\GameSpace.csproj]
C:\Users\n2029\Desktop\GameSpace\GameSpace\GameSpace\Areas\MiniGame\Services\MiniGameService.cs(94,50): error CS1503: 引數 1: 無法從 'string' 轉換成 'int' [C:\Users\n2029\Desktop\GameSpace\GameSpace\GameSpace\GameSpace.csproj]
C:\Users\n2029\Desktop\GameSpace\GameSpace\GameSpace\Areas\MiniGame\Services\MiniGameService.cs(94,90): error CS1503: 引數 1: 無法從 'string' 轉換成 'int' [C:\Users\n2029\Desktop\GameSpace\GameSpace\GameSpace\GameSpace.csproj]
C:\Users\n2029\Desktop\GameSpace\GameSpace\GameSpace\Areas\MiniGame\Services\MiniGameService.cs(95,21): error CS0117: 'MiniGame' 未包含 'PointsEarned' 的定義 [C:\Users\n2029\Desktop\GameSpace\GameSpace\GameSpace\GameSpace.csproj]
C:\Users\n2029\Desktop\GameSpace\GameSpace\GameSpace\Areas\MiniGame\Services\MiniGameService.cs(95,52): error CS1503: 引數 1: 無法從 'string' 轉換成 'int' [C:\Users\n2029\Desktop\GameSpace\GameSpace\GameSpace\GameSpace.csproj]
C:\Users\n2029\Desktop\GameSpace\GameSpace\GameSpace\Areas\MiniGame\Services\MiniGameService.cs(96,21): error CS0117: 'MiniGame' 未包含 'PetExpEarned' 的定義 [C:\Users\n2029\Desktop\GameSpace\GameSpace\GameSpace\GameSpace.csproj]
C:\Users\n2029\Desktop\GameSpace\GameSpace\GameSpace\Areas\MiniGame\Services\MiniGameService.cs(96,52): error CS1503: 引數 1: 無法從 'string' 轉換成 'int' [C:\Users\n2029\Desktop\GameSpace\GameSpace\GameSpace\GameSpace.csproj]
C:\Users\n2029\Desktop\GameSpace\GameSpace\GameSpace\Areas\MiniGame\Services\MiniGameService.cs(97,21): error CS0117: 'MiniGame' 未包含 'CouponEarned' 的定義 [C:\Users\n2029\Desktop\GameSpace\GameSpace\GameSpace\GameSpace.csproj]
C:\Users\n2029\Desktop\GameSpace\GameSpace\GameSpace\Areas\MiniGame\Services\MiniGameService.cs(97,52): error CS1503: 引數 1: 無法從 'string' 轉換成 'int' [C:\Users\n2029\Desktop\GameSpace\GameSpace\GameSpace\GameSpace.csproj]
C:\Users\n2029\Desktop\GameSpace\GameSpace\GameSpace\Areas\MiniGame\Services\MiniGameService.cs(97,93): error CS1503: 引數 1: 無法從 'string' 轉換成 'int' [C:\Users\n2029\Desktop\GameSpace\GameSpace\GameSpace\GameSpace.csproj]
C:\Users\n2029\Desktop\GameSpace\GameSpace\GameSpace\Areas\MiniGame\Services\MiniGameService.cs(98,21): error CS0117: 'MiniGame' 未包含 'SessionID' 的定義 [C:\Users\n2029\Desktop\GameSpace\GameSpace\GameSpace\GameSpace.csproj]
C:\Users\n2029\Desktop\GameSpace\GameSpace\GameSpace\Areas\MiniGame\Services\MiniGameService.cs(98,50): error CS1503: 引數 1: 無法從 'string' 轉換成 'int' [C:\Users\n2029\Desktop\GameSpace\GameSpace\GameSpace\GameSpace.csproj]
C:\Users\n2029\Desktop\GameSpace\GameSpace\GameSpace\Areas\MiniGame\Services\MiniGameService.cs(117,21): error CS0117: 'MiniGame' 未包含 'GameID' 的定義 [C:\Users\n2029\Desktop\GameSpace\GameSpace\GameSpace\GameSpace.csproj]
C:\Users\n2029\Desktop\GameSpace\GameSpace\GameSpace\Areas\MiniGame\Services\MiniGameService.cs(117,46): error CS1503: 引數 1: 無法從 'string' 轉換成 'int' [C:\Users\n2029\Desktop\GameSpace\GameSpace\GameSpace\GameSpace.csproj]
C:\Users\n2029\Desktop\GameSpace\GameSpace\GameSpace\Areas\MiniGame\Services\MiniGameService.cs(118,21): error CS0117: 'MiniGame' 未包含 'UserID' 的定義 [C:\Users\n2029\Desktop\GameSpace\GameSpace\GameSpace\GameSpace.csproj]
C:\Users\n2029\Desktop\GameSpace\GameSpace\GameSpace\Areas\MiniGame\Services\MiniGameService.cs(118,46): error CS1503: 引數 1: 無法從 'string' 轉換成 'int' [C:\Users\n2029\Desktop\GameSpace\GameSpace\GameSpace\GameSpace.csproj]
C:\Users\n2029\Desktop\GameSpace\GameSpace\GameSpace\Areas\MiniGame\Services\MiniGameService.cs(119,21): error CS0117: 'MiniGame' 未包含 'PetID' 的定義 [C:\Users\n2029\Desktop\GameSpace\GameSpace\GameSpace\GameSpace.csproj]
C:\Users\n2029\Desktop\GameSpace\GameSpace\GameSpace\Areas\MiniGame\Services\MiniGameService.cs(119,45): error CS1503: 引數 1: 無法從 'string' 轉換成 'int' [C:\Users\n2029\Desktop\GameSpace\GameSpace\GameSpace\GameSpace.csproj]
C:\Users\n2029\Desktop\GameSpace\GameSpace\GameSpace\Areas\MiniGame\Services\MiniGameService.cs(120,21): error CS0117: 'MiniGame' 未包含 'GameType' 的定義 [C:\Users\n2029\Desktop\GameSpace\GameSpace\GameSpace\GameSpace.csproj]
C:\Users\n2029\Desktop\GameSpace\GameSpace\GameSpace\Areas\MiniGame\Services\MiniGameService.cs(120,49): error CS1503: 引數 1: 無法從 'string' 轉換成 'int' [C:\Users\n2029\Desktop\GameSpace\GameSpace\GameSpace\GameSpace.csproj]
C:\Users\n2029\Desktop\GameSpace\GameSpace\GameSpace\Areas\MiniGame\Services\MiniGameService.cs(121,52): error CS1503: 引數 1: 無法從 'string' 轉換成 'int' [C:\Users\n2029\Desktop\GameSpace\GameSpace\GameSpace\GameSpace.csproj]
C:\Users\n2029\Desktop\GameSpace\GameSpace\GameSpace\Areas\MiniGame\Services\MiniGameService.cs(122,47): error CS1503: 引數 1: 無法從 'string' 轉換成 'int' [C:\Users\n2029\Desktop\GameSpace\GameSpace\GameSpace\GameSpace.csproj]
C:\Users\n2029\Desktop\GameSpace\GameSpace\GameSpace\Areas\MiniGame\Services\MiniGameService.cs(122,86): error CS1503: 引數 1: 無法從 'string' 轉換成 'int' [C:\Users\n2029\Desktop\GameSpace\GameSpace\GameSpace\GameSpace.csproj]
C:\Users\n2029\Desktop\GameSpace\GameSpace\GameSpace\Areas\MiniGame\Services\MiniGameService.cs(123,21): error CS0117: 'MiniGame' 未包含 'GameResult' 的定義 [C:\Users\n2029\Desktop\GameSpace\GameSpace\GameSpace\GameSpace.csproj]
C:\Users\n2029\Desktop\GameSpace\GameSpace\GameSpace\Areas\MiniGame\Services\MiniGameService.cs(123,50): error CS1503: 引數 1: 無法從 'string' 轉換成 'int' [C:\Users\n2029\Desktop\GameSpace\GameSpace\GameSpace\GameSpace.csproj]
C:\Users\n2029\Desktop\GameSpace\GameSpace\GameSpace\Areas\MiniGame\Services\MiniGameService.cs(123,90): error CS1503: 引數 1: 無法從 'string' 轉換成 'int' [C:\Users\n2029\Desktop\GameSpace\GameSpace\GameSpace\GameSpace.csproj]
C:\Users\n2029\Desktop\GameSpace\GameSpace\GameSpace\Areas\MiniGame\Services\MiniGameService.cs(124,21): error CS0117: 'MiniGame' 未包含 'PointsEarned' 的定義 [C:\Users\n2029\Desktop\GameSpace\GameSpace\GameSpace\GameSpace.csproj]
C:\Users\n2029\Desktop\GameSpace\GameSpace\GameSpace\Areas\MiniGame\Services\MiniGameService.cs(124,52): error CS1503: 引數 1: 無法從 'string' 轉換成 'int' [C:\Users\n2029\Desktop\GameSpace\GameSpace\GameSpace\GameSpace.csproj]
C:\Users\n2029\Desktop\GameSpace\GameSpace\GameSpace\Areas\MiniGame\Services\MiniGameService.cs(125,21): error CS0117: 'MiniGame' 未包含 'PetExpEarned' 的定義 [C:\Users\n2029\Desktop\GameSpace\GameSpace\GameSpace\GameSpace.csproj]
C:\Users\n2029\Desktop\GameSpace\GameSpace\GameSpace\Areas\MiniGame\Services\MiniGameService.cs(125,52): error CS1503: 引數 1: 無法從 'string' 轉換成 'int' [C:\Users\n2029\Desktop\GameSpace\GameSpace\GameSpace\GameSpace.csproj]
C:\Users\n2029\Desktop\GameSpace\GameSpace\GameSpace\Areas\MiniGame\Services\MiniGameService.cs(126,21): error CS0117: 'MiniGame' 未包含 'CouponEarned' 的定義 [C:\Users\n2029\Desktop\GameSpace\GameSpace\GameSpace\GameSpace.csproj]
C:\Users\n2029\Desktop\GameSpace\GameSpace\GameSpace\Areas\MiniGame\Services\MiniGameService.cs(126,52): error CS1503: 引數 1: 無法從 'string' 轉換成 'int' [C:\Users\n2029\Desktop\GameSpace\GameSpace\GameSpace\GameSpace.csproj]
C:\Users\n2029\Desktop\GameSpace\GameSpace\GameSpace\Areas\MiniGame\Services\MiniGameService.cs(126,93): error CS1503: 引數 1: 無法從 'string' 轉換成 'int' [C:\Users\n2029\Desktop\GameSpace\GameSpace\GameSpace\GameSpace.csproj]
C:\Users\n2029\Desktop\GameSpace\GameSpace\GameSpace\Areas\MiniGame\Services\MiniGameService.cs(127,21): error CS0117: 'MiniGame' 未包含 'SessionID' 的定義 [C:\Users\n2029\Desktop\GameSpace\GameSpace\GameSpace\GameSpace.csproj]
C:\Users\n2029\Desktop\GameSpace\GameSpace\GameSpace\Areas\MiniGame\Services\MiniGameService.cs(127,50): error CS1503: 引數 1: 無法從 'string' 轉換成 'int' [C:\Users\n2029\Desktop\GameSpace\GameSpace\GameSpace\GameSpace.csproj]
C:\Users\n2029\Desktop\GameSpace\GameSpace\GameSpace\Areas\MiniGame\Services\MiniGameService.cs(142,65): error CS1061: 'MiniGame' 未包含 'UserID' 的定義，也找不到可接受類型 'MiniGame' 第一個引數的可存取擴充方法 'UserID' (是否遺漏 using 指示詞或組件參考?) [C:\Users\n2029\Desktop\GameSpace\GameSpace\GameSpace\GameSpace.csproj]
C:\Users\n2029\Desktop\GameSpace\GameSpace\GameSpace\Areas\MiniGame\Services\MiniGameService.cs(143,64): error CS1061: 'MiniGame' 未包含 'PetID' 的定義，也找不到可接受類型 'MiniGame' 第一個引數的可存取擴充方法 'PetID' (是否遺漏 using 指示詞或組件參考?) [C:\Users\n2029\Desktop\GameSpace\GameSpace\GameSpace\GameSpace.csproj]
C:\Users\n2029\Desktop\GameSpace\GameSpace\GameSpace\Areas\MiniGame\Services\MiniGameService.cs(144,67): error CS1061: 'MiniGame' 未包含 'GameType' 的定義，也找不到可接受類型 'MiniGame' 第一個引數的可存取擴充方法 'GameType' (是否遺漏 using 指示詞或組件參考?) [C:\Users\n2029\Desktop\GameSpace\GameSpace\GameSpace\GameSpace.csproj]
C:\Users\n2029\Desktop\GameSpace\GameSpace\GameSpace\Areas\MiniGame\Services\MiniGameService.cs(147,78): error CS1061: 'MiniGame' 未包含 'GameResult' 的定義，也找不到可接受類型 'MiniGame' 第一個引數的可存取擴充方法 'GameResult' (是否遺漏 using 指示詞或組件參考?) [C:\Users\n2029\Desktop\GameSpace\GameSpace\GameSpace\GameSpace.csproj]
C:\Users\n2029\Desktop\GameSpace\GameSpace\GameSpace\Areas\MiniGame\Services\MiniGameService.cs(148,71): error CS1061: 'MiniGame' 未包含 'PointsEarned' 的定義，也找不到可接受類型 'MiniGame' 第一個引數的可存取擴充方法 'PointsEarned' (是否遺漏 using 指示詞或組件參考?) [C:\Users\n2029\Desktop\GameSpace\GameSpace\GameSpace\GameSpace.csproj]
C:\Users\n2029\Desktop\GameSpace\GameSpace\GameSpace\Areas\MiniGame\Services\MiniGameService.cs(149,71): error CS1061: 'MiniGame' 未包含 'PetExpEarned' 的定義，也找不到可接受類型 'MiniGame' 第一個引數的可存取擴充方法 'PetExpEarned' (是否遺漏 using 指示詞或組件參考?) [C:\Users\n2029\Desktop\GameSpace\GameSpace\GameSpace\GameSpace.csproj]
C:\Users\n2029\Desktop\GameSpace\GameSpace\GameSpace\Areas\MiniGame\Services\MiniGameService.cs(150,80): error CS1061: 'MiniGame' 未包含 'CouponEarned' 的定義，也找不到可接受類型 'MiniGame' 第一個引數的可存取擴充方法 'CouponEarned' (是否遺漏 using 指示詞或組件參考?) [C:\Users\n2029\Desktop\GameSpace\GameSpace\GameSpace\GameSpace.csproj]
C:\Users\n2029\Desktop\GameSpace\GameSpace\GameSpace\Areas\MiniGame\Services\MiniGameService.cs(151,68): error CS1061: 'MiniGame' 未包含 'SessionID' 的定義，也找不到可接受類型 'MiniGame' 第一個引數的可存取擴充方法 'SessionID' (是否遺漏 using 指示詞或組件參考?) [C:\Users\n2029\Desktop\GameSpace\GameSpace\GameSpace\GameSpace.csproj]
C:\Users\n2029\Desktop\GameSpace\GameSpace\GameSpace\Areas\MiniGame\Services\MiniGameService.cs(176,65): error CS1061: 'MiniGame' 未包含 'GameID' 的定義，也找不到可接受類型 'MiniGame' 第一個引數的可存取擴充方法 'GameID' (是否遺漏 using 指示詞或組件參考?) [C:\Users\n2029\Desktop\GameSpace\GameSpace\GameSpace\GameSpace.csproj]
C:\Users\n2029\Desktop\GameSpace\GameSpace\GameSpace\Areas\MiniGame\Services\MiniGameService.cs(177,65): error CS1061: 'MiniGame' 未包含 'UserID' 的定義，也找不到可接受類型 'MiniGame' 第一個引數的可存取擴充方法 'UserID' (是否遺漏 using 指示詞或組件參考?) [C:\Users\n2029\Desktop\GameSpace\GameSpace\GameSpace\GameSpace.csproj]
C:\Users\n2029\Desktop\GameSpace\GameSpace\GameSpace\Areas\MiniGame\Services\MiniGameService.cs(178,64): error CS1061: 'MiniGame' 未包含 'PetID' 的定義，也找不到可接受類型 'MiniGame' 第一個引數的可存取擴充方法 'PetID' (是否遺漏 using 指示詞或組件參考?) [C:\Users\n2029\Desktop\GameSpace\GameSpace\GameSpace\GameSpace.csproj]
C:\Users\n2029\Desktop\GameSpace\GameSpace\GameSpace\Areas\MiniGame\Services\MiniGameService.cs(179,67): error CS1061: 'MiniGame' 未包含 'GameType' 的定義，也找不到可接受類型 'MiniGame' 第一個引數的可存取擴充方法 'GameType' (是否遺漏 using 指示詞或組件參考?) [C:\Users\n2029\Desktop\GameSpace\GameSpace\GameSpace\GameSpace.csproj]
C:\Users\n2029\Desktop\GameSpace\GameSpace\GameSpace\Areas\MiniGame\Services\MiniGameService.cs(182,78): error CS1061: 'MiniGame' 未包含 'GameResult' 的定義，也找不到可接受類型 'MiniGame' 第一個引數的可存取擴充方法 'GameResult' (是否遺漏 using 指示詞或組件參考?) [C:\Users\n2029\Desktop\GameSpace\GameSpace\GameSpace\GameSpace.csproj]
C:\Users\n2029\Desktop\GameSpace\GameSpace\GameSpace\Areas\MiniGame\Services\MiniGameService.cs(183,71): error CS1061: 'MiniGame' 未包含 'PointsEarned' 的定義，也找不到可接受類型 'MiniGame' 第一個引數的可存取擴充方法 'PointsEarned' (是否遺漏 using 指示詞或組件參考?) [C:\Users\n2029\Desktop\GameSpace\GameSpace\GameSpace\GameSpace.csproj]
C:\Users\n2029\Desktop\GameSpace\GameSpace\GameSpace\Areas\MiniGame\Services\MiniGameService.cs(184,71): error CS1061: 'MiniGame' 未包含 'PetExpEarned' 的定義，也找不到可接受類型 'MiniGame' 第一個引數的可存取擴充方法 'PetExpEarned' (是否遺漏 using 指示詞或組件參考?) [C:\Users\n2029\Desktop\GameSpace\GameSpace\GameSpace\GameSpace.csproj]
C:\Users\n2029\Desktop\GameSpace\GameSpace\GameSpace\Areas\MiniGame\Services\MiniGameService.cs(185,80): error CS1061: 'MiniGame' 未包含 'CouponEarned' 的定義，也找不到可接受類型 'MiniGame' 第一個引數的可存取擴充方法 'CouponEarned' (是否遺漏 using 指示詞或組件參考?) [C:\Users\n2029\Desktop\GameSpace\GameSpace\GameSpace\GameSpace.csproj]
C:\Users\n2029\Desktop\GameSpace\GameSpace\GameSpace\Areas\MiniGame\Services\MiniGameService.cs(186,68): error CS1061: 'MiniGame' 未包含 'SessionID' 的定義，也找不到可接受類型 'MiniGame' 第一個引數的可存取擴充方法 'SessionID' (是否遺漏 using 指示詞或組件參考?) [C:\Users\n2029\Desktop\GameSpace\GameSpace\GameSpace\GameSpace.csproj]
C:\Users\n2029\Desktop\GameSpace\GameSpace\GameSpace\Areas\MiniGame\Services\MiniGameService.cs(209,17): error CS0117: 'MiniGame' 未包含 'UserID' 的定義 [C:\Users\n2029\Desktop\GameSpace\GameSpace\GameSpace\GameSpace.csproj]
C:\Users\n2029\Desktop\GameSpace\GameSpace\GameSpace\Areas\MiniGame\Services\MiniGameService.cs(210,17): error CS0117: 'MiniGame' 未包含 'PetID' 的定義 [C:\Users\n2029\Desktop\GameSpace\GameSpace\GameSpace\GameSpace.csproj]
C:\Users\n2029\Desktop\GameSpace\GameSpace\GameSpace\Areas\MiniGame\Services\MiniGameService.cs(211,17): error CS0117: 'MiniGame' 未包含 'GameType' 的定義 [C:\Users\n2029\Desktop\GameSpace\GameSpace\GameSpace\GameSpace.csproj]
C:\Users\n2029\Desktop\GameSpace\GameSpace\GameSpace\Areas\MiniGame\Services\MiniGameService.cs(213,17): error CS0117: 'MiniGame' 未包含 'SessionID' 的定義 [C:\Users\n2029\Desktop\GameSpace\GameSpace\GameSpace\GameSpace.csproj]
C:\Users\n2029\Desktop\GameSpace\GameSpace\GameSpace\Areas\MiniGame\Views\AdminEVoucher\Create.cshtml(73,53): error CS1061: 'AdminEVoucherCreateViewModel' 未包含 'AcquiredTime' 的定義，也找不到可接受類型 'AdminEVoucherCreateViewModel' 第一個引數的可存取擴充方法 'AcquiredTime' (是否遺漏 using 指示詞或組件參考?) [C:\Users\n2029\Desktop\GameSpace\GameSpace\GameSpace\GameSpace.csproj]
C:\Users\n2029\Desktop\GameSpace\GameSpace\GameSpace\Areas\MiniGame\Views\AdminEVoucher\Create.cshtml(74,53): error CS1061: 'AdminEVoucherCreateViewModel' 未包含 'AcquiredTime' 的定義，也找不到可接受類型 'AdminEVoucherCreateViewModel' 第一個引數的可存取擴充方法 'AcquiredTime' (是否遺漏 using 指示詞或組件參考?) [C:\Users\n2029\Desktop\GameSpace\GameSpace\GameSpace\GameSpace.csproj]
C:\Users\n2029\Desktop\GameSpace\GameSpace\GameSpace\Areas\MiniGame\Views\AdminEVoucher\Create.cshtml(75,63): error CS1061: 'AdminEVoucherCreateViewModel' 未包含 'AcquiredTime' 的定義，也找不到可接受類型 'AdminEVoucherCreateViewModel' 第一個引數的可存取擴充方法 'AcquiredTime' (是否遺漏 using 指示詞或組件參考?) [C:\Users\n2029\Desktop\GameSpace\GameSpace\GameSpace\GameSpace.csproj]
C:\Users\n2029\Desktop\GameSpace\GameSpace\GameSpace\Areas\MiniGame\Views\AdminEVoucher\Create.cshtml(81,53): error CS1061: 'AdminEVoucherCreateViewModel' 未包含 'UsedTime' 的定義，也找不到可接受類型 'AdminEVoucherCreateViewModel' 第一個引數的可存取擴充方法 'UsedTime' (是否遺漏 using 指示詞或組件參考?) [C:\Users\n2029\Desktop\GameSpace\GameSpace\GameSpace\GameSpace.csproj]
C:\Users\n2029\Desktop\GameSpace\GameSpace\GameSpace\Areas\MiniGame\Views\AdminEVoucher\Create.cshtml(82,53): error CS1061: 'AdminEVoucherCreateViewModel' 未包含 'UsedTime' 的定義，也找不到可接受類型 'AdminEVoucherCreateViewModel' 第一個引數的可存取擴充方法 'UsedTime' (是否遺漏 using 指示詞或組件參考?) [C:\Users\n2029\Desktop\GameSpace\GameSpace\GameSpace\GameSpace.csproj]
C:\Users\n2029\Desktop\GameSpace\GameSpace\GameSpace\Areas\MiniGame\Views\AdminEVoucher\Create.cshtml(83,63): error CS1061: 'AdminEVoucherCreateViewModel' 未包含 'UsedTime' 的定義，也找不到可接受類型 'AdminEVoucherCreateViewModel' 第一個引數的可存取擴充方法 'UsedTime' (是否遺漏 using 指示詞或組件參考?) [C:\Users\n2029\Desktop\GameSpace\GameSpace\GameSpace\GameSpace.csproj]
C:\Users\n2029\Desktop\GameSpace\GameSpace\GameSpace\Areas\MiniGame\Views\AdminEVoucher\Create.cshtml(91,49): error CS1061: 'AdminEVoucherCreateViewModel' 未包含 'IsUsed' 的定義，也找不到可接受類型 'AdminEVoucherCreateViewModel' 第一個引數的可存取擴充方法 'IsUsed' (是否遺漏 using 指示詞或組件參考?) [C:\Users\n2029\Desktop\GameSpace\GameSpace\GameSpace\GameSpace.csproj]
C:\Users\n2029\Desktop\GameSpace\GameSpace\GameSpace\Areas\MiniGame\Views\AdminEVoucher\Create.cshtml(170,66): error CS0246: 找不到類型或命名空間名稱 'EVoucherType' (是否遺漏了 using 指示詞或組件參考?) [C:\Users\n2029\Desktop\GameSpace\GameSpace\GameSpace\GameSpace.csproj]
C:\Users\n2029\Desktop\GameSpace\GameSpace\GameSpace\Areas\MiniGame\Views\AdminCoupon\Create.cshtml(29,45): error CS1061: 'AdminCouponCreateViewModel' 未包含 'CouponName' 的定義，也找不到可接受類型 'AdminCouponCreateViewModel' 第一個引數的可存取擴充方法 'CouponName' (是否遺漏 using 指示詞或組件參考?) [C:\Users\n2029\Desktop\GameSpace\GameSpace\GameSpace\GameSpace.csproj]
C:\Users\n2029\Desktop\GameSpace\GameSpace\GameSpace\Areas\MiniGame\Views\AdminCoupon\Create.cshtml(30,45): error CS1061: 'AdminCouponCreateViewModel' 未包含 'CouponName' 的定義，也找不到可接受類型 'AdminCouponCreateViewModel' 第一個引數的可存取擴充方法 'CouponName' (是否遺漏 using 指示詞或組件參考?) [C:\Users\n2029\Desktop\GameSpace\GameSpace\GameSpace\GameSpace.csproj]
C:\Users\n2029\Desktop\GameSpace\GameSpace\GameSpace\Areas\MiniGame\Views\AdminCoupon\Create.cshtml(31,55): error CS1061: 'AdminCouponCreateViewModel' 未包含 'CouponName' 的定義，也找不到可接受類型 'AdminCouponCreateViewModel' 第一個引數的可存取擴充方法 'CouponName' (是否遺漏 using 指示詞或組件參考?) [C:\Users\n2029\Desktop\GameSpace\GameSpace\GameSpace\GameSpace.csproj]
C:\Users\n2029\Desktop\GameSpace\GameSpace\GameSpace\Areas\MiniGame\Views\AdminCoupon\Create.cshtml(44,53): error CS1061: 'AdminCouponCreateViewModel' 未包含 'DiscountType' 的定義，也找不到可接受類型 'AdminCouponCreateViewModel' 第一個引數的可存取擴充方法 'DiscountType' (是否遺漏 using 指示詞或組件參考?) [C:\Users\n2029\Desktop\GameSpace\GameSpace\GameSpace\GameSpace.csproj]
C:\Users\n2029\Desktop\GameSpace\GameSpace\GameSpace\Areas\MiniGame\Views\AdminCoupon\Create.cshtml(45,54): error CS1061: 'AdminCouponCreateViewModel' 未包含 'DiscountType' 的定義，也找不到可接受類型 'AdminCouponCreateViewModel' 第一個引數的可存取擴充方法 'DiscountType' (是否遺漏 using 指示詞或組件參考?) [C:\Users\n2029\Desktop\GameSpace\GameSpace\GameSpace\GameSpace.csproj]
C:\Users\n2029\Desktop\GameSpace\GameSpace\GameSpace\Areas\MiniGame\Views\AdminCoupon\Create.cshtml(50,63): error CS1061: 'AdminCouponCreateViewModel' 未包含 'DiscountType' 的定義，也找不到可接受類型 'AdminCouponCreateViewModel' 第一個引數的可存取擴充方法 'DiscountType' (是否遺漏 using 指示詞或組件參考?) [C:\Users\n2029\Desktop\GameSpace\GameSpace\GameSpace\GameSpace.csproj]
C:\Users\n2029\Desktop\GameSpace\GameSpace\GameSpace\Areas\MiniGame\Views\AdminCoupon\Create.cshtml(55,53): error CS1061: 'AdminCouponCreateViewModel' 未包含 'DiscountValue' 的定義，也找不到可接受類型 'AdminCouponCreateViewModel' 第一個引數的可存取擴充方法 'DiscountValue' (是否遺漏 using 指示詞或組件參考?) [C:\Users\n2029\Desktop\GameSpace\GameSpace\GameSpace\GameSpace.csproj]
C:\Users\n2029\Desktop\GameSpace\GameSpace\GameSpace\Areas\MiniGame\Views\AdminCoupon\Create.cshtml(56,53): error CS1061: 'AdminCouponCreateViewModel' 未包含 'DiscountValue' 的定義，也找不到可接受類型 'AdminCouponCreateViewModel' 第一個引數的可存取擴充方法 'DiscountValue' (是否遺漏 using 指示詞或組件參考?) [C:\Users\n2029\Desktop\GameSpace\GameSpace\GameSpace\GameSpace.csproj]
C:\Users\n2029\Desktop\GameSpace\GameSpace\GameSpace\Areas\MiniGame\Views\AdminCoupon\Create.cshtml(57,63): error CS1061: 'AdminCouponCreateViewModel' 未包含 'DiscountValue' 的定義，也找不到可接受類型 'AdminCouponCreateViewModel' 第一個引數的可存取擴充方法 'DiscountValue' (是否遺漏 using 指示詞或組件參考?) [C:\Users\n2029\Desktop\GameSpace\GameSpace\GameSpace\GameSpace.csproj]
C:\Users\n2029\Desktop\GameSpace\GameSpace\GameSpace\Areas\MiniGame\Views\AdminCoupon\Create.cshtml(66,53): error CS1061: 'AdminCouponCreateViewModel' 未包含 'MinOrderAmount' 的定義，也找不到可接受類型 'AdminCouponCreateViewModel' 第一個引數的可存取擴充方法 'MinOrderAmount' (是否遺漏 using 指示詞或組件參考?) [C:\Users\n2029\Desktop\GameSpace\GameSpace\GameSpace\GameSpace.csproj]
C:\Users\n2029\Desktop\GameSpace\GameSpace\GameSpace\Areas\MiniGame\Views\AdminCoupon\Create.cshtml(67,53): error CS1061: 'AdminCouponCreateViewModel' 未包含 'MinOrderAmount' 的定義，也找不到可接受類型 'AdminCouponCreateViewModel' 第一個引數的可存取擴充方法 'MinOrderAmount' (是否遺漏 using 指示詞或組件參考?) [C:\Users\n2029\Desktop\GameSpace\GameSpace\GameSpace\GameSpace.csproj]
C:\Users\n2029\Desktop\GameSpace\GameSpace\GameSpace\Areas\MiniGame\Views\AdminCoupon\Create.cshtml(68,63): error CS1061: 'AdminCouponCreateViewModel' 未包含 'MinOrderAmount' 的定義，也找不到可接受類型 'AdminCouponCreateViewModel' 第一個引數的可存取擴充方法 'MinOrderAmount' (是否遺漏 using 指示詞或組件參考?) [C:\Users\n2029\Desktop\GameSpace\GameSpace\GameSpace\GameSpace.csproj]
C:\Users\n2029\Desktop\GameSpace\GameSpace\GameSpace\Areas\MiniGame\Views\AdminCoupon\Create.cshtml(73,53): error CS1061: 'AdminCouponCreateViewModel' 未包含 'MaxDiscountAmount' 的定義，也找不到可接受類型 'AdminCouponCreateViewModel' 第一個引數的可存取擴充方法 'MaxDiscountAmount' (是否遺漏 using 指示詞或組件參考?) [C:\Users\n2029\Desktop\GameSpace\GameSpace\GameSpace\GameSpace.csproj]
C:\Users\n2029\Desktop\GameSpace\GameSpace\GameSpace\Areas\MiniGame\Views\AdminCoupon\Create.cshtml(74,53): error CS1061: 'AdminCouponCreateViewModel' 未包含 'MaxDiscountAmount' 的定義，也找不到可接受類型 'AdminCouponCreateViewModel' 第一個引數的可存取擴充方法 'MaxDiscountAmount' (是否遺漏 using 指示詞或組件參考?) [C:\Users\n2029\Desktop\GameSpace\GameSpace\GameSpace\GameSpace.csproj]
C:\Users\n2029\Desktop\GameSpace\GameSpace\GameSpace\Areas\MiniGame\Views\AdminCoupon\Create.cshtml(75,63): error CS1061: 'AdminCouponCreateViewModel' 未包含 'MaxDiscountAmount' 的定義，也找不到可接受類型 'AdminCouponCreateViewModel' 第一個引數的可存取擴充方法 'MaxDiscountAmount' (是否遺漏 using 指示詞或組件參考?) [C:\Users\n2029\Desktop\GameSpace\GameSpace\GameSpace\GameSpace.csproj]
C:\Users\n2029\Desktop\GameSpace\GameSpace\GameSpace\Areas\MiniGame\Views\AdminCoupon\Create.cshtml(83,53): error CS1061: 'AdminCouponCreateViewModel' 未包含 'StartDate' 的定義，也找不到可接受類型 'AdminCouponCreateViewModel' 第一個引數的可存取擴充方法 'StartDate' (是否遺漏 using 指示詞或組件參考?) [C:\Users\n2029\Desktop\GameSpace\GameSpace\GameSpace\GameSpace.csproj]
C:\Users\n2029\Desktop\GameSpace\GameSpace\GameSpace\Areas\MiniGame\Views\AdminCoupon\Create.cshtml(84,53): error CS1061: 'AdminCouponCreateViewModel' 未包含 'StartDate' 的定義，也找不到可接受類型 'AdminCouponCreateViewModel' 第一個引數的可存取擴充方法 'StartDate' (是否遺漏 using 指示詞或組件參考?) [C:\Users\n2029\Desktop\GameSpace\GameSpace\GameSpace\GameSpace.csproj]
C:\Users\n2029\Desktop\GameSpace\GameSpace\GameSpace\Areas\MiniGame\Views\AdminCoupon\Create.cshtml(85,63): error CS1061: 'AdminCouponCreateViewModel' 未包含 'StartDate' 的定義，也找不到可接受類型 'AdminCouponCreateViewModel' 第一個引數的可存取擴充方法 'StartDate' (是否遺漏 using 指示詞或組件參考?) [C:\Users\n2029\Desktop\GameSpace\GameSpace\GameSpace\GameSpace.csproj]
C:\Users\n2029\Desktop\GameSpace\GameSpace\GameSpace\Areas\MiniGame\Views\AdminCoupon\Create.cshtml(90,53): error CS1061: 'AdminCouponCreateViewModel' 未包含 'EndDate' 的定義，也找不到可接受類型 'AdminCouponCreateViewModel' 第一個引數的可存取擴充方法 'EndDate' (是否遺漏 using 指示詞或組件參考?) [C:\Users\n2029\Desktop\GameSpace\GameSpace\GameSpace\GameSpace.csproj]
C:\Users\n2029\Desktop\GameSpace\GameSpace\GameSpace\Areas\MiniGame\Views\AdminCoupon\Create.cshtml(91,53): error CS1061: 'AdminCouponCreateViewModel' 未包含 'EndDate' 的定義，也找不到可接受類型 'AdminCouponCreateViewModel' 第一個引數的可存取擴充方法 'EndDate' (是否遺漏 using 指示詞或組件參考?) [C:\Users\n2029\Desktop\GameSpace\GameSpace\GameSpace\GameSpace.csproj]
C:\Users\n2029\Desktop\GameSpace\GameSpace\GameSpace\Areas\MiniGame\Views\AdminCoupon\Create.cshtml(92,63): error CS1061: 'AdminCouponCreateViewModel' 未包含 'EndDate' 的定義，也找不到可接受類型 'AdminCouponCreateViewModel' 第一個引數的可存取擴充方法 'EndDate' (是否遺漏 using 指示詞或組件參考?) [C:\Users\n2029\Desktop\GameSpace\GameSpace\GameSpace\GameSpace.csproj]
C:\Users\n2029\Desktop\GameSpace\GameSpace\GameSpace\Areas\MiniGame\Views\AdminCoupon\Create.cshtml(100,53): error CS1061: 'AdminCouponCreateViewModel' 未包含 'UsageLimit' 的定義，也找不到可接受類型 'AdminCouponCreateViewModel' 第一個引數的可存取擴充方法 'UsageLimit' (是否遺漏 using 指示詞或組件參考?) [C:\Users\n2029\Desktop\GameSpace\GameSpace\GameSpace\GameSpace.csproj]
C:\Users\n2029\Desktop\GameSpace\GameSpace\GameSpace\Areas\MiniGame\Views\AdminCoupon\Create.cshtml(101,53): error CS1061: 'AdminCouponCreateViewModel' 未包含 'UsageLimit' 的定義，也找不到可接受類型 'AdminCouponCreateViewModel' 第一個引數的可存取擴充方法 'UsageLimit' (是否遺漏 using 指示詞或組件參考?) [C:\Users\n2029\Desktop\GameSpace\GameSpace\GameSpace\GameSpace.csproj]
C:\Users\n2029\Desktop\GameSpace\GameSpace\GameSpace\Areas\MiniGame\Views\AdminCoupon\Create.cshtml(102,63): error CS1061: 'AdminCouponCreateViewModel' 未包含 'UsageLimit' 的定義，也找不到可接受類型 'AdminCouponCreateViewModel' 第一個引數的可存取擴充方法 'UsageLimit' (是否遺漏 using 指示詞或組件參考?) [C:\Users\n2029\Desktop\GameSpace\GameSpace\GameSpace\GameSpace.csproj]
C:\Users\n2029\Desktop\GameSpace\GameSpace\GameSpace\Areas\MiniGame\Views\AdminCoupon\Create.cshtml(107,53): error CS1061: 'AdminCouponCreateViewModel' 未包含 'IsActive' 的定義，也找不到可接受類型 'AdminCouponCreateViewModel' 第一個引數的可存取擴充方法 'IsActive' (是否遺漏 using 指示詞或組件參考?) [C:\Users\n2029\Desktop\GameSpace\GameSpace\GameSpace\GameSpace.csproj]
C:\Users\n2029\Desktop\GameSpace\GameSpace\GameSpace\Areas\MiniGame\Views\AdminCoupon\Create.cshtml(109,57): error CS1061: 'AdminCouponCreateViewModel' 未包含 'IsActive' 的定義，也找不到可接受類型 'AdminCouponCreateViewModel' 第一個引數的可存取擴充方法 'IsActive' (是否遺漏 using 指示詞或組件參考?) [C:\Users\n2029\Desktop\GameSpace\GameSpace\GameSpace\GameSpace.csproj]
C:\Users\n2029\Desktop\GameSpace\GameSpace\GameSpace\Areas\MiniGame\Views\AdminCoupon\Create.cshtml(119,45): error CS1061: 'AdminCouponCreateViewModel' 未包含 'Description' 的定義，也找不到可接受類型 'AdminCouponCreateViewModel' 第一個引數的可存取擴充方法 'Description' (是否遺漏 using 指示詞或組件參考?) [C:\Users\n2029\Desktop\GameSpace\GameSpace\GameSpace\GameSpace.csproj]
C:\Users\n2029\Desktop\GameSpace\GameSpace\GameSpace\Areas\MiniGame\Views\AdminCoupon\Create.cshtml(120,48): error CS1061: 'AdminCouponCreateViewModel' 未包含 'Description' 的定義，也找不到可接受類型 'AdminCouponCreateViewModel' 第一個引數的可存取擴充方法 'Description' (是否遺漏 using 指示詞或組件參考?) [C:\Users\n2029\Desktop\GameSpace\GameSpace\GameSpace\GameSpace.csproj]
C:\Users\n2029\Desktop\GameSpace\GameSpace\GameSpace\Areas\MiniGame\Views\AdminCoupon\Create.cshtml(121,55): error CS1061: 'AdminCouponCreateViewModel' 未包含 'Description' 的定義，也找不到可接受類型 'AdminCouponCreateViewModel' 第一個引數的可存取擴充方法 'Description' (是否遺漏 using 指示詞或組件參考?) [C:\Users\n2029\Desktop\GameSpace\GameSpace\GameSpace\GameSpace.csproj]
C:\Users\n2029\Desktop\GameSpace\GameSpace\GameSpace\Areas\MiniGame\Services\MiniGameService.cs(278,21): error CS0117: 'MiniGame' 未包含 'GameID' 的定義 [C:\Users\n2029\Desktop\GameSpace\GameSpace\GameSpace\GameSpace.csproj]
C:\Users\n2029\Desktop\GameSpace\GameSpace\GameSpace\Areas\MiniGame\Services\MiniGameService.cs(278,46): error CS1503: 引數 1: 無法從 'string' 轉換成 'int' [C:\Users\n2029\Desktop\GameSpace\GameSpace\GameSpace\GameSpace.csproj]
C:\Users\n2029\Desktop\GameSpace\GameSpace\GameSpace\Areas\MiniGame\Services\MiniGameService.cs(279,21): error CS0117: 'MiniGame' 未包含 'UserID' 的定義 [C:\Users\n2029\Desktop\GameSpace\GameSpace\GameSpace\GameSpace.csproj]
C:\Users\n2029\Desktop\GameSpace\GameSpace\GameSpace\Areas\MiniGame\Services\MiniGameService.cs(279,46): error CS1503: 引數 1: 無法從 'string' 轉換成 'int' [C:\Users\n2029\Desktop\GameSpace\GameSpace\GameSpace\GameSpace.csproj]
C:\Users\n2029\Desktop\GameSpace\GameSpace\GameSpace\Areas\MiniGame\Services\MiniGameService.cs(280,21): error CS0117: 'MiniGame' 未包含 'PetID' 的定義 [C:\Users\n2029\Desktop\GameSpace\GameSpace\GameSpace\GameSpace.csproj]
C:\Users\n2029\Desktop\GameSpace\GameSpace\GameSpace\Areas\MiniGame\Services\MiniGameService.cs(280,45): error CS1503: 引數 1: 無法從 'string' 轉換成 'int' [C:\Users\n2029\Desktop\GameSpace\GameSpace\GameSpace\GameSpace.csproj]
C:\Users\n2029\Desktop\GameSpace\GameSpace\GameSpace\Areas\MiniGame\Services\MiniGameService.cs(281,21): error CS0117: 'MiniGame' 未包含 'GameType' 的定義 [C:\Users\n2029\Desktop\GameSpace\GameSpace\GameSpace\GameSpace.csproj]
C:\Users\n2029\Desktop\GameSpace\GameSpace\GameSpace\Areas\MiniGame\Services\MiniGameService.cs(281,49): error CS1503: 引數 1: 無法從 'string' 轉換成 'int' [C:\Users\n2029\Desktop\GameSpace\GameSpace\GameSpace\GameSpace.csproj]
C:\Users\n2029\Desktop\GameSpace\GameSpace\GameSpace\Areas\MiniGame\Services\MiniGameService.cs(282,52): error CS1503: 引數 1: 無法從 'string' 轉換成 'int' [C:\Users\n2029\Desktop\GameSpace\GameSpace\GameSpace\GameSpace.csproj]
C:\Users\n2029\Desktop\GameSpace\GameSpace\GameSpace\Areas\MiniGame\Services\MiniGameService.cs(283,47): error CS1503: 引數 1: 無法從 'string' 轉換成 'int' [C:\Users\n2029\Desktop\GameSpace\GameSpace\GameSpace\GameSpace.csproj]
C:\Users\n2029\Desktop\GameSpace\GameSpace\GameSpace\Areas\MiniGame\Services\MiniGameService.cs(283,86): error CS1503: 引數 1: 無法從 'string' 轉換成 'int' [C:\Users\n2029\Desktop\GameSpace\GameSpace\GameSpace\GameSpace.csproj]
C:\Users\n2029\Desktop\GameSpace\GameSpace\GameSpace\Areas\MiniGame\Services\MiniGameService.cs(284,21): error CS0117: 'MiniGame' 未包含 'GameResult' 的定義 [C:\Users\n2029\Desktop\GameSpace\GameSpace\GameSpace\GameSpace.csproj]
C:\Users\n2029\Desktop\GameSpace\GameSpace\GameSpace\Areas\MiniGame\Services\MiniGameService.cs(284,50): error CS1503: 引數 1: 無法從 'string' 轉換成 'int' [C:\Users\n2029\Desktop\GameSpace\GameSpace\GameSpace\GameSpace.csproj]
C:\Users\n2029\Desktop\GameSpace\GameSpace\GameSpace\Areas\MiniGame\Services\MiniGameService.cs(284,90): error CS1503: 引數 1: 無法從 'string' 轉換成 'int' [C:\Users\n2029\Desktop\GameSpace\GameSpace\GameSpace\GameSpace.csproj]
C:\Users\n2029\Desktop\GameSpace\GameSpace\GameSpace\Areas\MiniGame\Services\MiniGameService.cs(285,21): error CS0117: 'MiniGame' 未包含 'PointsEarned' 的定義 [C:\Users\n2029\Desktop\GameSpace\GameSpace\GameSpace\GameSpace.csproj]
C:\Users\n2029\Desktop\GameSpace\GameSpace\GameSpace\Areas\MiniGame\Services\MiniGameService.cs(285,52): error CS1503: 引數 1: 無法從 'string' 轉換成 'int' [C:\Users\n2029\Desktop\GameSpace\GameSpace\GameSpace\GameSpace.csproj]
C:\Users\n2029\Desktop\GameSpace\GameSpace\GameSpace\Areas\MiniGame\Services\MiniGameService.cs(286,21): error CS0117: 'MiniGame' 未包含 'PetExpEarned' 的定義 [C:\Users\n2029\Desktop\GameSpace\GameSpace\GameSpace\GameSpace.csproj]
C:\Users\n2029\Desktop\GameSpace\GameSpace\GameSpace\Areas\MiniGame\Services\MiniGameService.cs(286,52): error CS1503: 引數 1: 無法從 'string' 轉換成 'int' [C:\Users\n2029\Desktop\GameSpace\GameSpace\GameSpace\GameSpace.csproj]
C:\Users\n2029\Desktop\GameSpace\GameSpace\GameSpace\Areas\MiniGame\Services\MiniGameService.cs(287,21): error CS0117: 'MiniGame' 未包含 'CouponEarned' 的定義 [C:\Users\n2029\Desktop\GameSpace\GameSpace\GameSpace\GameSpace.csproj]
C:\Users\n2029\Desktop\GameSpace\GameSpace\GameSpace\Areas\MiniGame\Services\MiniGameService.cs(287,52): error CS1503: 引數 1: 無法從 'string' 轉換成 'int' [C:\Users\n2029\Desktop\GameSpace\GameSpace\GameSpace\GameSpace.csproj]
C:\Users\n2029\Desktop\GameSpace\GameSpace\GameSpace\Areas\MiniGame\Services\MiniGameService.cs(287,93): error CS1503: 引數 1: 無法從 'string' 轉換成 'int' [C:\Users\n2029\Desktop\GameSpace\GameSpace\GameSpace\GameSpace.csproj]
C:\Users\n2029\Desktop\GameSpace\GameSpace\GameSpace\Areas\MiniGame\Services\MiniGameService.cs(288,21): error CS0117: 'MiniGame' 未包含 'SessionID' 的定義 [C:\Users\n2029\Desktop\GameSpace\GameSpace\GameSpace\GameSpace.csproj]
C:\Users\n2029\Desktop\GameSpace\GameSpace\GameSpace\Areas\MiniGame\Services\MiniGameService.cs(288,50): error CS1503: 引數 1: 無法從 'string' 轉換成 'int' [C:\Users\n2029\Desktop\GameSpace\GameSpace\GameSpace\GameSpace.csproj]
C:\Users\n2029\Desktop\GameSpace\GameSpace\GameSpace\Areas\MiniGame\Views\AdminPet\Create.cshtml(35,45): error CS1061: 'AdminPetCreateViewModel' 未包含 'PetDescription' 的定義，也找不到可接受類型 'AdminPetCreateViewModel' 第一個引數的可存取擴充方法 'PetDescription' (是否遺漏 using 指示詞或組件參考?) [C:\Users\n2029\Desktop\GameSpace\GameSpace\GameSpace\GameSpace.csproj]
C:\Users\n2029\Desktop\GameSpace\GameSpace\GameSpace\Areas\MiniGame\Views\AdminPet\Create.cshtml(36,48): error CS1061: 'AdminPetCreateViewModel' 未包含 'PetDescription' 的定義，也找不到可接受類型 'AdminPetCreateViewModel' 第一個引數的可存取擴充方法 'PetDescription' (是否遺漏 using 指示詞或組件參考?) [C:\Users\n2029\Desktop\GameSpace\GameSpace\GameSpace\GameSpace.csproj]
C:\Users\n2029\Desktop\GameSpace\GameSpace\GameSpace\Areas\MiniGame\Views\AdminPet\Create.cshtml(37,55): error CS1061: 'AdminPetCreateViewModel' 未包含 'PetDescription' 的定義，也找不到可接受類型 'AdminPetCreateViewModel' 第一個引數的可存取擴充方法 'PetDescription' (是否遺漏 using 指示詞或組件參考?) [C:\Users\n2029\Desktop\GameSpace\GameSpace\GameSpace\GameSpace.csproj]
C:\Users\n2029\Desktop\GameSpace\GameSpace\GameSpace\Areas\MiniGame\Views\AdminPet\Create.cshtml(43,53): error CS1061: 'AdminPetCreateViewModel' 未包含 'PetType' 的定義，也找不到可接受類型 'AdminPetCreateViewModel' 第一個引數的可存取擴充方法 'PetType' (是否遺漏 using 指示詞或組件參考?) [C:\Users\n2029\Desktop\GameSpace\GameSpace\GameSpace\GameSpace.csproj]
C:\Users\n2029\Desktop\GameSpace\GameSpace\GameSpace\Areas\MiniGame\Views\AdminPet\Create.cshtml(44,54): error CS1061: 'AdminPetCreateViewModel' 未包含 'PetType' 的定義，也找不到可接受類型 'AdminPetCreateViewModel' 第一個引數的可存取擴充方法 'PetType' (是否遺漏 using 指示詞或組件參考?) [C:\Users\n2029\Desktop\GameSpace\GameSpace\GameSpace\GameSpace.csproj]
C:\Users\n2029\Desktop\GameSpace\GameSpace\GameSpace\Areas\MiniGame\Views\AdminPet\Create.cshtml(55,63): error CS1061: 'AdminPetCreateViewModel' 未包含 'PetType' 的定義，也找不到可接受類型 'AdminPetCreateViewModel' 第一個引數的可存取擴充方法 'PetType' (是否遺漏 using 指示詞或組件參考?) [C:\Users\n2029\Desktop\GameSpace\GameSpace\GameSpace\GameSpace.csproj]
C:\Users\n2029\Desktop\GameSpace\GameSpace\GameSpace\Areas\MiniGame\Views\AdminPet\Create.cshtml(60,53): error CS1061: 'AdminPetCreateViewModel' 未包含 'Rarity' 的定義，也找不到可接受類型 'AdminPetCreateViewModel' 第一個引數的可存取擴充方法 'Rarity' (是否遺漏 using 指示詞或組件參考?) [C:\Users\n2029\Desktop\GameSpace\GameSpace\GameSpace\GameSpace.csproj]
C:\Users\n2029\Desktop\GameSpace\GameSpace\GameSpace\Areas\MiniGame\Views\AdminPet\Create.cshtml(61,54): error CS1061: 'AdminPetCreateViewModel' 未包含 'Rarity' 的定義，也找不到可接受類型 'AdminPetCreateViewModel' 第一個引數的可存取擴充方法 'Rarity' (是否遺漏 using 指示詞或組件參考?) [C:\Users\n2029\Desktop\GameSpace\GameSpace\GameSpace\GameSpace.csproj]
C:\Users\n2029\Desktop\GameSpace\GameSpace\GameSpace\Areas\MiniGame\Views\AdminPet\Create.cshtml(68,63): error CS1061: 'AdminPetCreateViewModel' 未包含 'Rarity' 的定義，也找不到可接受類型 'AdminPetCreateViewModel' 第一個引數的可存取擴充方法 'Rarity' (是否遺漏 using 指示詞或組件參考?) [C:\Users\n2029\Desktop\GameSpace\GameSpace\GameSpace\GameSpace.csproj]
C:\Users\n2029\Desktop\GameSpace\GameSpace\GameSpace\Areas\MiniGame\Views\AdminPet\Create.cshtml(76,53): error CS1061: 'AdminPetCreateViewModel' 未包含 'DropRate' 的定義，也找不到可接受類型 'AdminPetCreateViewModel' 第一個引數的可存取擴充方法 'DropRate' (是否遺漏 using 指示詞或組件參考?) [C:\Users\n2029\Desktop\GameSpace\GameSpace\GameSpace\GameSpace.csproj]
C:\Users\n2029\Desktop\GameSpace\GameSpace\GameSpace\Areas\MiniGame\Views\AdminPet\Create.cshtml(77,53): error CS1061: 'AdminPetCreateViewModel' 未包含 'DropRate' 的定義，也找不到可接受類型 'AdminPetCreateViewModel' 第一個引數的可存取擴充方法 'DropRate' (是否遺漏 using 指示詞或組件參考?) [C:\Users\n2029\Desktop\GameSpace\GameSpace\GameSpace\GameSpace.csproj]
C:\Users\n2029\Desktop\GameSpace\GameSpace\GameSpace\Areas\MiniGame\Views\AdminPet\Create.cshtml(78,63): error CS1061: 'AdminPetCreateViewModel' 未包含 'DropRate' 的定義，也找不到可接受類型 'AdminPetCreateViewModel' 第一個引數的可存取擴充方法 'DropRate' (是否遺漏 using 指示詞或組件參考?) [C:\Users\n2029\Desktop\GameSpace\GameSpace\GameSpace\GameSpace.csproj]
C:\Users\n2029\Desktop\GameSpace\GameSpace\GameSpace\Areas\MiniGame\Views\AdminPet\Create.cshtml(84,53): error CS1061: 'AdminPetCreateViewModel' 未包含 'IsActive' 的定義，也找不到可接受類型 'AdminPetCreateViewModel' 第一個引數的可存取擴充方法 'IsActive' (是否遺漏 using 指示詞或組件參考?) [C:\Users\n2029\Desktop\GameSpace\GameSpace\GameSpace\GameSpace.csproj]
C:\Users\n2029\Desktop\GameSpace\GameSpace\GameSpace\Areas\MiniGame\Views\AdminPet\Create.cshtml(86,57): error CS1061: 'AdminPetCreateViewModel' 未包含 'IsActive' 的定義，也找不到可接受類型 'AdminPetCreateViewModel' 第一個引數的可存取擴充方法 'IsActive' (是否遺漏 using 指示詞或組件參考?) [C:\Users\n2029\Desktop\GameSpace\GameSpace\GameSpace\GameSpace.csproj]
C:\Users\n2029\Desktop\GameSpace\GameSpace\GameSpace\Areas\MiniGame\Views\AdminPet\Create.cshtml(96,45): error CS1061: 'AdminPetCreateViewModel' 未包含 'PetImageUrl' 的定義，也找不到可接受類型 'AdminPetCreateViewModel' 第一個引數的可存取擴充方法 'PetImageUrl' (是否遺漏 using 指示詞或組件參考?) [C:\Users\n2029\Desktop\GameSpace\GameSpace\GameSpace\GameSpace.csproj]
C:\Users\n2029\Desktop\GameSpace\GameSpace\GameSpace\Areas\MiniGame\Views\AdminPet\Create.cshtml(97,45): error CS1061: 'AdminPetCreateViewModel' 未包含 'PetImageUrl' 的定義，也找不到可接受類型 'AdminPetCreateViewModel' 第一個引數的可存取擴充方法 'PetImageUrl' (是否遺漏 using 指示詞或組件參考?) [C:\Users\n2029\Desktop\GameSpace\GameSpace\GameSpace\GameSpace.csproj]
C:\Users\n2029\Desktop\GameSpace\GameSpace\GameSpace\Areas\MiniGame\Views\AdminPet\Create.cshtml(98,55): error CS1061: 'AdminPetCreateViewModel' 未包含 'PetImageUrl' 的定義，也找不到可接受類型 'AdminPetCreateViewModel' 第一個引數的可存取擴充方法 'PetImageUrl' (是否遺漏 using 指示詞或組件參考?) [C:\Users\n2029\Desktop\GameSpace\GameSpace\GameSpace\GameSpace.csproj]
C:\Users\n2029\Desktop\GameSpace\GameSpace\GameSpace\Areas\MiniGame\Services\MiniGameService.cs(313,60): error CS1503: 引數 1: 無法從 'string' 轉換成 'int' [C:\Users\n2029\Desktop\GameSpace\GameSpace\GameSpace\GameSpace.csproj]
C:\Users\n2029\Desktop\GameSpace\GameSpace\GameSpace\Areas\MiniGame\Services\MiniGameService.cs(314,58): error CS1503: 引數 1: 無法從 'string' 轉換成 'int' [C:\Users\n2029\Desktop\GameSpace\GameSpace\GameSpace\GameSpace.csproj]
C:\Users\n2029\Desktop\GameSpace\GameSpace\GameSpace\Areas\MiniGame\Services\MiniGameService.cs(315,59): error CS1503: 引數 1: 無法從 'string' 轉換成 'int' [C:\Users\n2029\Desktop\GameSpace\GameSpace\GameSpace\GameSpace.csproj]
C:\Users\n2029\Desktop\GameSpace\GameSpace\GameSpace\Areas\MiniGame\Services\MiniGameService.cs(316,60): error CS1503: 引數 1: 無法從 'string' 轉換成 'int' [C:\Users\n2029\Desktop\GameSpace\GameSpace\GameSpace\GameSpace.csproj]
C:\Users\n2029\Desktop\GameSpace\GameSpace\GameSpace\Areas\MiniGame\Services\MiniGameService.cs(317,67): error CS1503: 引數 1: 無法從 'string' 轉換成 'int' [C:\Users\n2029\Desktop\GameSpace\GameSpace\GameSpace\GameSpace.csproj]
C:\Users\n2029\Desktop\GameSpace\GameSpace\GameSpace\Areas\MiniGame\Services\MiniGameService.cs(318,64): error CS1503: 引數 1: 無法從 'string' 轉換成 'int' [C:\Users\n2029\Desktop\GameSpace\GameSpace\GameSpace\GameSpace.csproj]
C:\Users\n2029\Desktop\GameSpace\GameSpace\GameSpace\Areas\MiniGame\Services\MiniGamePermissionService.cs(30,46): error CS1061: 'GameSpacedatabaseContext' 未包含 'Managers' 的定義，也找不到可接受類型 'GameSpacedatabaseContext' 第一個引數的可存取擴充方法 'Managers' (是否遺漏 using 指示詞或組件參考?) [C:\Users\n2029\Desktop\GameSpace\GameSpace\GameSpace\GameSpace.csproj]
C:\Users\n2029\Desktop\GameSpace\GameSpace\GameSpace\Areas\MiniGame\Services\MiniGamePermissionService.cs(69,46): error CS1061: 'GameSpacedatabaseContext' 未包含 'Managers' 的定義，也找不到可接受類型 'GameSpacedatabaseContext' 第一個引數的可存取擴充方法 'Managers' (是否遺漏 using 指示詞或組件參考?) [C:\Users\n2029\Desktop\GameSpace\GameSpace\GameSpace\GameSpace.csproj]
C:\Users\n2029\Desktop\GameSpace\GameSpace\GameSpace\Areas\MiniGame\Services\MiniGamePermissionService.cs(101,46): error CS1061: 'GameSpacedatabaseContext' 未包含 'Managers' 的定義，也找不到可接受類型 'GameSpacedatabaseContext' 第一個引數的可存取擴充方法 'Managers' (是否遺漏 using 指示詞或組件參考?) [C:\Users\n2029\Desktop\GameSpace\GameSpace\GameSpace\GameSpace.csproj]
C:\Users\n2029\Desktop\GameSpace\GameSpace\GameSpace\Areas\MiniGame\Services\MiniGamePermissionService.cs(174,43): error CS1061: 'ICollection<ManagerRolePermission>' 未包含 'ManagerRolePermission' 的定義，也找不到可接受類型 'ICollection<ManagerRolePermission>' 第一個引數的可存取擴充方法 'ManagerRolePermission' (是否遺漏 using 指示詞或組件參考?) [C:\Users\n2029\Desktop\GameSpace\GameSpace\GameSpace\GameSpace.csproj]
C:\Users\n2029\Desktop\GameSpace\GameSpace\GameSpace\Areas\MiniGame\Services\MiniGamePermissionService.cs(175,49): error CS1061: 'ManagerDatum' 未包含 'Manager_Id' 的定義，也找不到可接受類型 'ManagerDatum' 第一個引數的可存取擴充方法 'Manager_Id' (是否遺漏 using 指示詞或組件參考?) [C:\Users\n2029\Desktop\GameSpace\GameSpace\GameSpace\GameSpace.csproj]
C:\Users\n2029\Desktop\GameSpace\GameSpace\GameSpace\Areas\MiniGame\Views\AdminMiniGame\Create.cshtml(29,45): error CS1061: 'AdminMiniGameCreateViewModel' 未包含 'GameName' 的定義，也找不到可接受類型 'AdminMiniGameCreateViewModel' 第一個引數的可存取擴充方法 'GameName' (是否遺漏 using 指示詞或組件參考?) [C:\Users\n2029\Desktop\GameSpace\GameSpace\GameSpace\GameSpace.csproj]
C:\Users\n2029\Desktop\GameSpace\GameSpace\GameSpace\Areas\MiniGame\Views\AdminMiniGame\Create.cshtml(30,45): error CS1061: 'AdminMiniGameCreateViewModel' 未包含 'GameName' 的定義，也找不到可接受類型 'AdminMiniGameCreateViewModel' 第一個引數的可存取擴充方法 'GameName' (是否遺漏 using 指示詞或組件參考?) [C:\Users\n2029\Desktop\GameSpace\GameSpace\GameSpace\GameSpace.csproj]
C:\Users\n2029\Desktop\GameSpace\GameSpace\GameSpace\Areas\MiniGame\Views\AdminMiniGame\Create.cshtml(31,55): error CS1061: 'AdminMiniGameCreateViewModel' 未包含 'GameName' 的定義，也找不到可接受類型 'AdminMiniGameCreateViewModel' 第一個引數的可存取擴充方法 'GameName' (是否遺漏 using 指示詞或組件參考?) [C:\Users\n2029\Desktop\GameSpace\GameSpace\GameSpace\GameSpace.csproj]
C:\Users\n2029\Desktop\GameSpace\GameSpace\GameSpace\Areas\MiniGame\Views\AdminMiniGame\Create.cshtml(35,45): error CS1061: 'AdminMiniGameCreateViewModel' 未包含 'GameDescription' 的定義，也找不到可接受類型 'AdminMiniGameCreateViewModel' 第一個引數的可存取擴充方法 'GameDescription' (是否遺漏 using 指示詞或組件參考?) [C:\Users\n2029\Desktop\GameSpace\GameSpace\GameSpace\GameSpace.csproj]
C:\Users\n2029\Desktop\GameSpace\GameSpace\GameSpace\Areas\MiniGame\Views\AdminMiniGame\Create.cshtml(36,48): error CS1061: 'AdminMiniGameCreateViewModel' 未包含 'GameDescription' 的定義，也找不到可接受類型 'AdminMiniGameCreateViewModel' 第一個引數的可存取擴充方法 'GameDescription' (是否遺漏 using 指示詞或組件參考?) [C:\Users\n2029\Desktop\GameSpace\GameSpace\GameSpace\GameSpace.csproj]
C:\Users\n2029\Desktop\GameSpace\GameSpace\GameSpace\Areas\MiniGame\Views\AdminMiniGame\Create.cshtml(37,55): error CS1061: 'AdminMiniGameCreateViewModel' 未包含 'GameDescription' 的定義，也找不到可接受類型 'AdminMiniGameCreateViewModel' 第一個引數的可存取擴充方法 'GameDescription' (是否遺漏 using 指示詞或組件參考?) [C:\Users\n2029\Desktop\GameSpace\GameSpace\GameSpace\GameSpace.csproj]
C:\Users\n2029\Desktop\GameSpace\GameSpace\GameSpace\Areas\MiniGame\Views\AdminMiniGame\Create.cshtml(60,53): error CS1061: 'AdminMiniGameCreateViewModel' 未包含 'IsActive' 的定義，也找不到可接受類型 'AdminMiniGameCreateViewModel' 第一個引數的可存取擴充方法 'IsActive' (是否遺漏 using 指示詞或組件參考?) [C:\Users\n2029\Desktop\GameSpace\GameSpace\GameSpace\GameSpace.csproj]
C:\Users\n2029\Desktop\GameSpace\GameSpace\GameSpace\Areas\MiniGame\Views\AdminMiniGame\Create.cshtml(62,57): error CS1061: 'AdminMiniGameCreateViewModel' 未包含 'IsActive' 的定義，也找不到可接受類型 'AdminMiniGameCreateViewModel' 第一個引數的可存取擴充方法 'IsActive' (是否遺漏 using 指示詞或組件參考?) [C:\Users\n2029\Desktop\GameSpace\GameSpace\GameSpace\GameSpace.csproj]
C:\Users\n2029\Desktop\GameSpace\GameSpace\GameSpace\Areas\MiniGame\Views\AdminMiniGame\Create.cshtml(74,53): error CS1061: 'AdminMiniGameCreateViewModel' 未包含 'CostPoints' 的定義，也找不到可接受類型 'AdminMiniGameCreateViewModel' 第一個引數的可存取擴充方法 'CostPoints' (是否遺漏 using 指示詞或組件參考?) [C:\Users\n2029\Desktop\GameSpace\GameSpace\GameSpace\GameSpace.csproj]
C:\Users\n2029\Desktop\GameSpace\GameSpace\GameSpace\Areas\MiniGame\Views\AdminMiniGame\Create.cshtml(75,53): error CS1061: 'AdminMiniGameCreateViewModel' 未包含 'CostPoints' 的定義，也找不到可接受類型 'AdminMiniGameCreateViewModel' 第一個引數的可存取擴充方法 'CostPoints' (是否遺漏 using 指示詞或組件參考?) [C:\Users\n2029\Desktop\GameSpace\GameSpace\GameSpace\GameSpace.csproj]
C:\Users\n2029\Desktop\GameSpace\GameSpace\GameSpace\Areas\MiniGame\Views\AdminMiniGame\Create.cshtml(76,63): error CS1061: 'AdminMiniGameCreateViewModel' 未包含 'CostPoints' 的定義，也找不到可接受類型 'AdminMiniGameCreateViewModel' 第一個引數的可存取擴充方法 'CostPoints' (是否遺漏 using 指示詞或組件參考?) [C:\Users\n2029\Desktop\GameSpace\GameSpace\GameSpace\GameSpace.csproj]
C:\Users\n2029\Desktop\GameSpace\GameSpace\GameSpace\Areas\MiniGame\Views\AdminMiniGame\Create.cshtml(81,53): error CS1061: 'AdminMiniGameCreateViewModel' 未包含 'RewardPoints' 的定義，也找不到可接受類型 'AdminMiniGameCreateViewModel' 第一個引數的可存取擴充方法 'RewardPoints' (是否遺漏 using 指示詞或組件參考?) [C:\Users\n2029\Desktop\GameSpace\GameSpace\GameSpace\GameSpace.csproj]
C:\Users\n2029\Desktop\GameSpace\GameSpace\GameSpace\Areas\MiniGame\Views\AdminMiniGame\Create.cshtml(82,53): error CS1061: 'AdminMiniGameCreateViewModel' 未包含 'RewardPoints' 的定義，也找不到可接受類型 'AdminMiniGameCreateViewModel' 第一個引數的可存取擴充方法 'RewardPoints' (是否遺漏 using 指示詞或組件參考?) [C:\Users\n2029\Desktop\GameSpace\GameSpace\GameSpace\GameSpace.csproj]
C:\Users\n2029\Desktop\GameSpace\GameSpace\GameSpace\Areas\MiniGame\Views\AdminMiniGame\Create.cshtml(83,63): error CS1061: 'AdminMiniGameCreateViewModel' 未包含 'RewardPoints' 的定義，也找不到可接受類型 'AdminMiniGameCreateViewModel' 第一個引數的可存取擴充方法 'RewardPoints' (是否遺漏 using 指示詞或組件參考?) [C:\Users\n2029\Desktop\GameSpace\GameSpace\GameSpace\GameSpace.csproj]
C:\Users\n2029\Desktop\GameSpace\GameSpace\GameSpace\Areas\MiniGame\Views\AdminMiniGame\Create.cshtml(88,53): error CS1061: 'AdminMiniGameCreateViewModel' 未包含 'MaxPlayCount' 的定義，也找不到可接受類型 'AdminMiniGameCreateViewModel' 第一個引數的可存取擴充方法 'MaxPlayCount' (是否遺漏 using 指示詞或組件參考?) [C:\Users\n2029\Desktop\GameSpace\GameSpace\GameSpace\GameSpace.csproj]
C:\Users\n2029\Desktop\GameSpace\GameSpace\GameSpace\Areas\MiniGame\Views\AdminMiniGame\Create.cshtml(89,53): error CS1061: 'AdminMiniGameCreateViewModel' 未包含 'MaxPlayCount' 的定義，也找不到可接受類型 'AdminMiniGameCreateViewModel' 第一個引數的可存取擴充方法 'MaxPlayCount' (是否遺漏 using 指示詞或組件參考?) [C:\Users\n2029\Desktop\GameSpace\GameSpace\GameSpace\GameSpace.csproj]
C:\Users\n2029\Desktop\GameSpace\GameSpace\GameSpace\Areas\MiniGame\Views\AdminMiniGame\Create.cshtml(90,63): error CS1061: 'AdminMiniGameCreateViewModel' 未包含 'MaxPlayCount' 的定義，也找不到可接受類型 'AdminMiniGameCreateViewModel' 第一個引數的可存取擴充方法 'MaxPlayCount' (是否遺漏 using 指示詞或組件參考?) [C:\Users\n2029\Desktop\GameSpace\GameSpace\GameSpace\GameSpace.csproj]
C:\Users\n2029\Desktop\GameSpace\GameSpace\GameSpace\Areas\MiniGame\Views\AdminMiniGame\Create.cshtml(96,45): error CS1061: 'AdminMiniGameCreateViewModel' 未包含 'GameImageUrl' 的定義，也找不到可接受類型 'AdminMiniGameCreateViewModel' 第一個引數的可存取擴充方法 'GameImageUrl' (是否遺漏 using 指示詞或組件參考?) [C:\Users\n2029\Desktop\GameSpace\GameSpace\GameSpace\GameSpace.csproj]
C:\Users\n2029\Desktop\GameSpace\GameSpace\GameSpace\Areas\MiniGame\Views\AdminMiniGame\Create.cshtml(97,45): error CS1061: 'AdminMiniGameCreateViewModel' 未包含 'GameImageUrl' 的定義，也找不到可接受類型 'AdminMiniGameCreateViewModel' 第一個引數的可存取擴充方法 'GameImageUrl' (是否遺漏 using 指示詞或組件參考?) [C:\Users\n2029\Desktop\GameSpace\GameSpace\GameSpace\GameSpace.csproj]
C:\Users\n2029\Desktop\GameSpace\GameSpace\GameSpace\Areas\MiniGame\Views\AdminMiniGame\Create.cshtml(98,55): error CS1061: 'AdminMiniGameCreateViewModel' 未包含 'GameImageUrl' 的定義，也找不到可接受類型 'AdminMiniGameCreateViewModel' 第一個引數的可存取擴充方法 'GameImageUrl' (是否遺漏 using 指示詞或組件參考?) [C:\Users\n2029\Desktop\GameSpace\GameSpace\GameSpace\GameSpace.csproj]
C:\Users\n2029\Desktop\GameSpace\GameSpace\GameSpace\Areas\MiniGame\Services\MiniGamePermissionService.cs(197,43): error CS1061: 'ICollection<ManagerRolePermission>' 未包含 'ManagerRolePermission' 的定義，也找不到可接受類型 'ICollection<ManagerRolePermission>' 第一個引數的可存取擴充方法 'ManagerRolePermission' (是否遺漏 using 指示詞或組件參考?) [C:\Users\n2029\Desktop\GameSpace\GameSpace\GameSpace\GameSpace.csproj]
C:\Users\n2029\Desktop\GameSpace\GameSpace\GameSpace\Areas\MiniGame\Services\MiniGamePermissionService.cs(198,49): error CS1061: 'ManagerDatum' 未包含 'Manager_Id' 的定義，也找不到可接受類型 'ManagerDatum' 第一個引數的可存取擴充方法 'Manager_Id' (是否遺漏 using 指示詞或組件參考?) [C:\Users\n2029\Desktop\GameSpace\GameSpace\GameSpace\GameSpace.csproj]
C:\Users\n2029\Desktop\GameSpace\GameSpace\GameSpace\Areas\MiniGame\Services\MiniGamePermissionService.cs(220,43): error CS1061: 'ICollection<ManagerRolePermission>' 未包含 'ManagerRolePermission' 的定義，也找不到可接受類型 'ICollection<ManagerRolePermission>' 第一個引數的可存取擴充方法 'ManagerRolePermission' (是否遺漏 using 指示詞或組件參考?) [C:\Users\n2029\Desktop\GameSpace\GameSpace\GameSpace\GameSpace.csproj]
C:\Users\n2029\Desktop\GameSpace\GameSpace\GameSpace\Areas\MiniGame\Services\MiniGamePermissionService.cs(221,49): error CS1061: 'ManagerDatum' 未包含 'Manager_Id' 的定義，也找不到可接受類型 'ManagerDatum' 第一個引數的可存取擴充方法 'Manager_Id' (是否遺漏 using 指示詞或組件參考?) [C:\Users\n2029\Desktop\GameSpace\GameSpace\GameSpace\GameSpace.csproj]
C:\Users\n2029\Desktop\GameSpace\GameSpace\GameSpace\Areas\MiniGame\Services\MiniGamePermissionService.cs(243,43): error CS1061: 'ICollection<ManagerRolePermission>' 未包含 'ManagerRolePermission' 的定義，也找不到可接受類型 'ICollection<ManagerRolePermission>' 第一個引數的可存取擴充方法 'ManagerRolePermission' (是否遺漏 using 指示詞或組件參考?) [C:\Users\n2029\Desktop\GameSpace\GameSpace\GameSpace\GameSpace.csproj]
C:\Users\n2029\Desktop\GameSpace\GameSpace\GameSpace\Areas\MiniGame\Services\MiniGamePermissionService.cs(244,49): error CS1061: 'ManagerDatum' 未包含 'Manager_Id' 的定義，也找不到可接受類型 'ManagerDatum' 第一個引數的可存取擴充方法 'Manager_Id' (是否遺漏 using 指示詞或組件參考?) [C:\Users\n2029\Desktop\GameSpace\GameSpace\GameSpace\GameSpace.csproj]
C:\Users\n2029\Desktop\GameSpace\GameSpace\GameSpace\Areas\MiniGame\Services\MiniGamePermissionService.cs(266,43): error CS1061: 'ICollection<ManagerRolePermission>' 未包含 'ManagerRolePermission' 的定義，也找不到可接受類型 'ICollection<ManagerRolePermission>' 第一個引數的可存取擴充方法 'ManagerRolePermission' (是否遺漏 using 指示詞或組件參考?) [C:\Users\n2029\Desktop\GameSpace\GameSpace\GameSpace\GameSpace.csproj]
C:\Users\n2029\Desktop\GameSpace\GameSpace\GameSpace\Areas\MiniGame\Services\MiniGamePermissionService.cs(267,49): error CS1061: 'ManagerDatum' 未包含 'Manager_Id' 的定義，也找不到可接受類型 'ManagerDatum' 第一個引數的可存取擴充方法 'Manager_Id' (是否遺漏 using 指示詞或組件參考?) [C:\Users\n2029\Desktop\GameSpace\GameSpace\GameSpace\GameSpace.csproj]
C:\Users\n2029\Desktop\GameSpace\GameSpace\GameSpace\Areas\MiniGame\Services\MiniGameAdminAuthService.cs(17,42): error CS1061: 'GameSpacedatabaseContext' 未包含 'ManagerDatum' 的定義，也找不到可接受類型 'GameSpacedatabaseContext' 第一個引數的可存取擴充方法 'ManagerDatum' (是否遺漏 using 指示詞或組件參考?) [C:\Users\n2029\Desktop\GameSpace\GameSpace\GameSpace\GameSpace.csproj]
C:\Users\n2029\Desktop\GameSpace\GameSpace\GameSpace\Areas\MiniGame\Services\MiniGameAdminAuthService.cs(31,42): error CS1061: 'GameSpacedatabaseContext' 未包含 'ManagerDatum' 的定義，也找不到可接受類型 'GameSpacedatabaseContext' 第一個引數的可存取擴充方法 'ManagerDatum' (是否遺漏 using 指示詞或組件參考?) [C:\Users\n2029\Desktop\GameSpace\GameSpace\GameSpace\GameSpace.csproj]
C:\Users\n2029\Desktop\GameSpace\GameSpace\GameSpace\Areas\MiniGame\Services\MiniGamePermissionService.cs(289,43): error CS1061: 'ICollection<ManagerRolePermission>' 未包含 'ManagerRolePermission' 的定義，也找不到可接受類型 'ICollection<ManagerRolePermission>' 第一個引數的可存取擴充方法 'ManagerRolePermission' (是否遺漏 using 指示詞或組件參考?) [C:\Users\n2029\Desktop\GameSpace\GameSpace\GameSpace\GameSpace.csproj]
C:\Users\n2029\Desktop\GameSpace\GameSpace\GameSpace\Areas\MiniGame\Services\MiniGamePermissionService.cs(290,49): error CS1061: 'ManagerDatum' 未包含 'Manager_Id' 的定義，也找不到可接受類型 'ManagerDatum' 第一個引數的可存取擴充方法 'Manager_Id' (是否遺漏 using 指示詞或組件參考?) [C:\Users\n2029\Desktop\GameSpace\GameSpace\GameSpace\GameSpace.csproj]
C:\Users\n2029\Desktop\GameSpace\GameSpace\GameSpace\Areas\MiniGame\Services\MiniGameAdminAuthService.cs(41,35): error CS1061: 'GameSpacedatabaseContext' 未包含 'ManagerDatum' 的定義，也找不到可接受類型 'GameSpacedatabaseContext' 第一個引數的可存取擴充方法 'ManagerDatum' (是否遺漏 using 指示詞或組件參考?) [C:\Users\n2029\Desktop\GameSpace\GameSpace\GameSpace\GameSpace.csproj]
C:\Users\n2029\Desktop\GameSpace\GameSpace\GameSpace\Areas\MiniGame\Services\MiniGamePermissionService.cs(367,39): error CS1061: 'UserRight' 未包含 'RightName' 的定義，也找不到可接受類型 'UserRight' 第一個引數的可存取擴充方法 'RightName' (是否遺漏 using 指示詞或組件參考?) [C:\Users\n2029\Desktop\GameSpace\GameSpace\GameSpace\GameSpace.csproj]
C:\Users\n2029\Desktop\GameSpace\GameSpace\GameSpace\Areas\MiniGame\Services\MiniGamePermissionService.cs(382,49): error CS1061: 'UserRight' 未包含 'RightName' 的定義，也找不到可接受類型 'UserRight' 第一個引數的可存取擴充方法 'RightName' (是否遺漏 using 指示詞或組件參考?) [C:\Users\n2029\Desktop\GameSpace\GameSpace\GameSpace\GameSpace.csproj]
C:\Users\n2029\Desktop\GameSpace\GameSpace\GameSpace\Areas\MiniGame\Services\MiniGamePermissionService.cs(383,49): error CS1061: 'UserRight' 未包含 'IsActive' 的定義，也找不到可接受類型 'UserRight' 第一個引數的可存取擴充方法 'IsActive' (是否遺漏 using 指示詞或組件參考?) [C:\Users\n2029\Desktop\GameSpace\GameSpace\GameSpace\GameSpace.csproj]
C:\Users\n2029\Desktop\GameSpace\GameSpace\GameSpace\Areas\MiniGame\Services\MiniGamePermissionService.cs(384,50): error CS1061: 'UserRight' 未包含 'ExpiresAt' 的定義，也找不到可接受類型 'UserRight' 第一個引數的可存取擴充方法 'ExpiresAt' (是否遺漏 using 指示詞或組件參考?) [C:\Users\n2029\Desktop\GameSpace\GameSpace\GameSpace\GameSpace.csproj]
C:\Users\n2029\Desktop\GameSpace\GameSpace\GameSpace\Areas\MiniGame\Services\MiniGamePermissionService.cs(384,74): error CS1061: 'UserRight' 未包含 'ExpiresAt' 的定義，也找不到可接受類型 'UserRight' 第一個引數的可存取擴充方法 'ExpiresAt' (是否遺漏 using 指示詞或組件參考?) [C:\Users\n2029\Desktop\GameSpace\GameSpace\GameSpace\GameSpace.csproj]
C:\Users\n2029\Desktop\GameSpace\GameSpace\GameSpace\Areas\MiniGame\Services\MiniGameAdminService.cs(64,17): error CS0117: 'PagedResult<UserWallet>' 未包含 'Page' 的定義 [C:\Users\n2029\Desktop\GameSpace\GameSpace\GameSpace\GameSpace.csproj]
C:\Users\n2029\Desktop\GameSpace\GameSpace\GameSpace\Areas\MiniGame\Services\MiniGamePermissionService.cs(401,74): error CS1061: 'UserRight' 未包含 'RightName' 的定義，也找不到可接受類型 'UserRight' 第一個引數的可存取擴充方法 'RightName' (是否遺漏 using 指示詞或組件參考?) [C:\Users\n2029\Desktop\GameSpace\GameSpace\GameSpace\GameSpace.csproj]
C:\Users\n2029\Desktop\GameSpace\GameSpace\GameSpace\Areas\MiniGame\Services\MiniGamePermissionService.cs(418,25): error CS0117: 'UserRight' 未包含 'RightName' 的定義 [C:\Users\n2029\Desktop\GameSpace\GameSpace\GameSpace\GameSpace.csproj]
C:\Users\n2029\Desktop\GameSpace\GameSpace\GameSpace\Areas\MiniGame\Services\MiniGamePermissionService.cs(419,25): error CS0117: 'UserRight' 未包含 'Description' 的定義 [C:\Users\n2029\Desktop\GameSpace\GameSpace\GameSpace\GameSpace.csproj]
C:\Users\n2029\Desktop\GameSpace\GameSpace\GameSpace\Areas\MiniGame\Services\MiniGamePermissionService.cs(420,25): error CS0117: 'UserRight' 未包含 'RightType' 的定義 [C:\Users\n2029\Desktop\GameSpace\GameSpace\GameSpace\GameSpace.csproj]
C:\Users\n2029\Desktop\GameSpace\GameSpace\GameSpace\Areas\MiniGame\Services\MiniGamePermissionService.cs(421,25): error CS0117: 'UserRight' 未包含 'RightLevel' 的定義 [C:\Users\n2029\Desktop\GameSpace\GameSpace\GameSpace\GameSpace.csproj]
C:\Users\n2029\Desktop\GameSpace\GameSpace\GameSpace\Areas\MiniGame\Services\MiniGamePermissionService.cs(422,25): error CS0117: 'UserRight' 未包含 'ExpiresAt' 的定義 [C:\Users\n2029\Desktop\GameSpace\GameSpace\GameSpace\GameSpace.csproj]
C:\Users\n2029\Desktop\GameSpace\GameSpace\GameSpace\Areas\MiniGame\Services\MiniGamePermissionService.cs(423,25): error CS0117: 'UserRight' 未包含 'IsActive' 的定義 [C:\Users\n2029\Desktop\GameSpace\GameSpace\GameSpace\GameSpace.csproj]
C:\Users\n2029\Desktop\GameSpace\GameSpace\GameSpace\Areas\MiniGame\Services\MiniGamePermissionService.cs(424,25): error CS0117: 'UserRight' 未包含 'CreatedAt' 的定義 [C:\Users\n2029\Desktop\GameSpace\GameSpace\GameSpace\GameSpace.csproj]
C:\Users\n2029\Desktop\GameSpace\GameSpace\GameSpace\Areas\MiniGame\Services\MiniGamePermissionService.cs(444,74): error CS1061: 'UserRight' 未包含 'RightName' 的定義，也找不到可接受類型 'UserRight' 第一個引數的可存取擴充方法 'RightName' (是否遺漏 using 指示詞或組件參考?) [C:\Users\n2029\Desktop\GameSpace\GameSpace\GameSpace\GameSpace.csproj]
C:\Users\n2029\Desktop\GameSpace\GameSpace\GameSpace\Areas\MiniGame\Services\MiniGameAdminService.cs(92,33): error CS1061: 'Coupon' 未包含 'CouponType' 的定義，也找不到可接受類型 'Coupon' 第一個引數的可存取擴充方法 'CouponType' (是否遺漏 using 指示詞或組件參考?) [C:\Users\n2029\Desktop\GameSpace\GameSpace\GameSpace\GameSpace.csproj]
C:\Users\n2029\Desktop\GameSpace\GameSpace\GameSpace\Areas\MiniGame\Services\MiniGameAdminService.cs(100,21): error CS0117: 'UserCouponReadModel' 未包含 'Quantity' 的定義 [C:\Users\n2029\Desktop\GameSpace\GameSpace\GameSpace\GameSpace.csproj]
C:\Users\n2029\Desktop\GameSpace\GameSpace\GameSpace\Areas\MiniGame\Services\MiniGameAdminService.cs(101,21): error CS0117: 'UserCouponReadModel' 未包含 'LastUpdated' 的定義 [C:\Users\n2029\Desktop\GameSpace\GameSpace\GameSpace\GameSpace.csproj]
C:\Users\n2029\Desktop\GameSpace\GameSpace\GameSpace\Areas\MiniGame\Services\MiniGamePermissionService.cs(467,54): error CS1061: 'UserRight' 未包含 'Description' 的定義，也找不到可接受類型 'UserRight' 第一個引數的可存取擴充方法 'Description' (是否遺漏 using 指示詞或組件參考?) [C:\Users\n2029\Desktop\GameSpace\GameSpace\GameSpace\GameSpace.csproj]
C:\Users\n2029\Desktop\GameSpace\GameSpace\GameSpace\Areas\MiniGame\Services\MiniGamePermissionService.cs(468,53): error CS1061: 'UserRight' 未包含 'ExpiresAt' 的定義，也找不到可接受類型 'UserRight' 第一個引數的可存取擴充方法 'ExpiresAt' (是否遺漏 using 指示詞或組件參考?) [C:\Users\n2029\Desktop\GameSpace\GameSpace\GameSpace\GameSpace.csproj]
C:\Users\n2029\Desktop\GameSpace\GameSpace\GameSpace\Areas\MiniGame\Services\MiniGamePermissionService.cs(469,36): error CS1061: 'bool' 未包含 'HasValue' 的定義，也找不到可接受類型 'bool' 第一個引數的可存取擴充方法 'HasValue' (是否遺漏 using 指示詞或組件參考?) [C:\Users\n2029\Desktop\GameSpace\GameSpace\GameSpace\GameSpace.csproj]
C:\Users\n2029\Desktop\GameSpace\GameSpace\GameSpace\Areas\MiniGame\Services\MiniGamePermissionService.cs(469,52): error CS1061: 'UserRight' 未包含 'IsActive' 的定義，也找不到可接受類型 'UserRight' 第一個引數的可存取擴充方法 'IsActive' (是否遺漏 using 指示詞或組件參考?) [C:\Users\n2029\Desktop\GameSpace\GameSpace\GameSpace\GameSpace.csproj]
C:\Users\n2029\Desktop\GameSpace\GameSpace\GameSpace\Areas\MiniGame\Services\MiniGamePermissionService.cs(469,78): error CS1061: 'bool' 未包含 'Value' 的定義，也找不到可接受類型 'bool' 第一個引數的可存取擴充方法 'Value' (是否遺漏 using 指示詞或組件參考?) [C:\Users\n2029\Desktop\GameSpace\GameSpace\GameSpace\GameSpace.csproj]
C:\Users\n2029\Desktop\GameSpace\GameSpace\GameSpace\Areas\MiniGame\Services\MiniGamePermissionService.cs(470,38): error CS1061: 'int' 未包含 'HasValue' 的定義，也找不到可接受類型 'int' 第一個引數的可存取擴充方法 'HasValue' (是否遺漏 using 指示詞或組件參考?) [C:\Users\n2029\Desktop\GameSpace\GameSpace\GameSpace\GameSpace.csproj]
C:\Users\n2029\Desktop\GameSpace\GameSpace\GameSpace\Areas\MiniGame\Services\MiniGamePermissionService.cs(470,54): error CS1061: 'UserRight' 未包含 'RightLevel' 的定義，也找不到可接受類型 'UserRight' 第一個引數的可存取擴充方法 'RightLevel' (是否遺漏 using 指示詞或組件參考?) [C:\Users\n2029\Desktop\GameSpace\GameSpace\GameSpace\GameSpace.csproj]
C:\Users\n2029\Desktop\GameSpace\GameSpace\GameSpace\Areas\MiniGame\Services\MiniGamePermissionService.cs(470,84): error CS1061: 'int' 未包含 'Value' 的定義，也找不到可接受類型 'int' 第一個引數的可存取擴充方法 'Value' (是否遺漏 using 指示詞或組件參考?) [C:\Users\n2029\Desktop\GameSpace\GameSpace\GameSpace\GameSpace.csproj]
C:\Users\n2029\Desktop\GameSpace\GameSpace\GameSpace\Areas\MiniGame\Services\MiniGamePermissionService.cs(471,27): error CS1061: 'UserRightUpdateModel' 未包含 'RightScope' 的定義，也找不到可接受類型 'UserRightUpdateModel' 第一個引數的可存取擴充方法 'RightScope' (是否遺漏 using 指示詞或組件參考?) [C:\Users\n2029\Desktop\GameSpace\GameSpace\GameSpace\GameSpace.csproj]
C:\Users\n2029\Desktop\GameSpace\GameSpace\GameSpace\Areas\MiniGame\Services\MiniGamePermissionService.cs(471,53): error CS1061: 'UserRight' 未包含 'RightScope' 的定義，也找不到可接受類型 'UserRight' 第一個引數的可存取擴充方法 'RightScope' (是否遺漏 using 指示詞或組件參考?) [C:\Users\n2029\Desktop\GameSpace\GameSpace\GameSpace\GameSpace.csproj]
C:\Users\n2029\Desktop\GameSpace\GameSpace\GameSpace\Areas\MiniGame\Services\MiniGamePermissionService.cs(471,72): error CS1061: 'UserRightUpdateModel' 未包含 'RightScope' 的定義，也找不到可接受類型 'UserRightUpdateModel' 第一個引數的可存取擴充方法 'RightScope' (是否遺漏 using 指示詞或組件參考?) [C:\Users\n2029\Desktop\GameSpace\GameSpace\GameSpace\GameSpace.csproj]
C:\Users\n2029\Desktop\GameSpace\GameSpace\GameSpace\Areas\MiniGame\Services\MiniGamePermissionService.cs(501,25): error CS0117: 'UserRight' 未包含 'RightName' 的定義 [C:\Users\n2029\Desktop\GameSpace\GameSpace\GameSpace\GameSpace.csproj]
C:\Users\n2029\Desktop\GameSpace\GameSpace\GameSpace\Areas\MiniGame\Services\MiniGamePermissionService.cs(502,25): error CS0117: 'UserRight' 未包含 'Description' 的定義 [C:\Users\n2029\Desktop\GameSpace\GameSpace\GameSpace\GameSpace.csproj]
C:\Users\n2029\Desktop\GameSpace\GameSpace\GameSpace\Areas\MiniGame\Services\MiniGamePermissionService.cs(503,25): error CS0117: 'UserRight' 未包含 'RightType' 的定義 [C:\Users\n2029\Desktop\GameSpace\GameSpace\GameSpace\GameSpace.csproj]
C:\Users\n2029\Desktop\GameSpace\GameSpace\GameSpace\Areas\MiniGame\Services\MiniGamePermissionService.cs(504,25): error CS0117: 'UserRight' 未包含 'RightLevel' 的定義 [C:\Users\n2029\Desktop\GameSpace\GameSpace\GameSpace\GameSpace.csproj]
C:\Users\n2029\Desktop\GameSpace\GameSpace\GameSpace\Areas\MiniGame\Services\MiniGamePermissionService.cs(505,25): error CS0117: 'UserRight' 未包含 'ExpiresAt' 的定義 [C:\Users\n2029\Desktop\GameSpace\GameSpace\GameSpace\GameSpace.csproj]
C:\Users\n2029\Desktop\GameSpace\GameSpace\GameSpace\Areas\MiniGame\Services\MiniGamePermissionService.cs(506,25): error CS0117: 'UserRight' 未包含 'RightScope' 的定義 [C:\Users\n2029\Desktop\GameSpace\GameSpace\GameSpace\GameSpace.csproj]
C:\Users\n2029\Desktop\GameSpace\GameSpace\GameSpace\Areas\MiniGame\Services\MiniGamePermissionService.cs(506,49): error CS1061: 'UserRightModel' 未包含 'RightScope' 的定義，也找不到可接受類型 'UserRightModel' 第一個引數的可存取擴充方法 'RightScope' (是否遺漏 using 指示詞或組件參考?) [C:\Users\n2029\Desktop\GameSpace\GameSpace\GameSpace\GameSpace.csproj]
C:\Users\n2029\Desktop\GameSpace\GameSpace\GameSpace\Areas\MiniGame\Services\MiniGamePermissionService.cs(507,25): error CS0117: 'UserRight' 未包含 'IsActive' 的定義 [C:\Users\n2029\Desktop\GameSpace\GameSpace\GameSpace\GameSpace.csproj]
C:\Users\n2029\Desktop\GameSpace\GameSpace\GameSpace\Areas\MiniGame\Services\MiniGamePermissionService.cs(508,25): error CS0117: 'UserRight' 未包含 'CreatedAt' 的定義 [C:\Users\n2029\Desktop\GameSpace\GameSpace\GameSpace\GameSpace.csproj]
C:\Users\n2029\Desktop\GameSpace\GameSpace\GameSpace\Areas\MiniGame\Services\MiniGameAdminService.cs(162,33): error CS1061: 'Coupon' 未包含 'CouponType' 的定義，也找不到可接受類型 'Coupon' 第一個引數的可存取擴充方法 'CouponType' (是否遺漏 using 指示詞或組件參考?) [C:\Users\n2029\Desktop\GameSpace\GameSpace\GameSpace\GameSpace.csproj]
C:\Users\n2029\Desktop\GameSpace\GameSpace\GameSpace\Areas\MiniGame\Services\MiniGameAdminService.cs(180,21): error CS0117: 'UserCouponReadModel' 未包含 'Quantity' 的定義 [C:\Users\n2029\Desktop\GameSpace\GameSpace\GameSpace\GameSpace.csproj]
C:\Users\n2029\Desktop\GameSpace\GameSpace\GameSpace\Areas\MiniGame\Services\MiniGameAdminService.cs(181,21): error CS0117: 'UserCouponReadModel' 未包含 'LastUpdated' 的定義 [C:\Users\n2029\Desktop\GameSpace\GameSpace\GameSpace\GameSpace.csproj]
C:\Users\n2029\Desktop\GameSpace\GameSpace\GameSpace\Areas\MiniGame\Services\MiniGameAdminService.cs(188,17): error CS0117: 'PagedResult<UserCouponReadModel>' 未包含 'Page' 的定義 [C:\Users\n2029\Desktop\GameSpace\GameSpace\GameSpace\GameSpace.csproj]
C:\Users\n2029\Desktop\GameSpace\GameSpace\GameSpace\Areas\MiniGame\Services\MiniGamePermissionService.cs(534,56): error CS1061: 'UserRight' 未包含 'IsActive' 的定義，也找不到可接受類型 'UserRight' 第一個引數的可存取擴充方法 'IsActive' (是否遺漏 using 指示詞或組件參考?) [C:\Users\n2029\Desktop\GameSpace\GameSpace\GameSpace\GameSpace.csproj]
C:\Users\n2029\Desktop\GameSpace\GameSpace\GameSpace\Areas\MiniGame\Services\MiniGamePermissionService.cs(534,71): error CS1061: 'UserRight' 未包含 'ExpiresAt' 的定義，也找不到可接受類型 'UserRight' 第一個引數的可存取擴充方法 'ExpiresAt' (是否遺漏 using 指示詞或組件參考?) [C:\Users\n2029\Desktop\GameSpace\GameSpace\GameSpace\GameSpace.csproj]
C:\Users\n2029\Desktop\GameSpace\GameSpace\GameSpace\Areas\MiniGame\Services\MiniGamePermissionService.cs(534,94): error CS1061: 'UserRight' 未包含 'ExpiresAt' 的定義，也找不到可接受類型 'UserRight' 第一個引數的可存取擴充方法 'ExpiresAt' (是否遺漏 using 指示詞或組件參考?) [C:\Users\n2029\Desktop\GameSpace\GameSpace\GameSpace\GameSpace.csproj]
C:\Users\n2029\Desktop\GameSpace\GameSpace\GameSpace\Areas\MiniGame\Services\MiniGamePermissionService.cs(535,57): error CS1061: 'UserRight' 未包含 'ExpiresAt' 的定義，也找不到可接受類型 'UserRight' 第一個引數的可存取擴充方法 'ExpiresAt' (是否遺漏 using 指示詞或組件參考?) [C:\Users\n2029\Desktop\GameSpace\GameSpace\GameSpace\GameSpace.csproj]
C:\Users\n2029\Desktop\GameSpace\GameSpace\GameSpace\Areas\MiniGame\Services\MiniGamePermissionService.cs(535,80): error CS1061: 'UserRight' 未包含 'ExpiresAt' 的定義，也找不到可接受類型 'UserRight' 第一個引數的可存取擴充方法 'ExpiresAt' (是否遺漏 using 指示詞或組件參考?) [C:\Users\n2029\Desktop\GameSpace\GameSpace\GameSpace\GameSpace.csproj]
C:\Users\n2029\Desktop\GameSpace\GameSpace\GameSpace\Areas\MiniGame\Services\MiniGamePermissionService.cs(544,55): error CS1061: 'UserRight' 未包含 'RightType' 的定義，也找不到可接受類型 'UserRight' 第一個引數的可存取擴充方法 'RightType' (是否遺漏 using 指示詞或組件參考?) [C:\Users\n2029\Desktop\GameSpace\GameSpace\GameSpace\GameSpace.csproj]
C:\Users\n2029\Desktop\GameSpace\GameSpace\GameSpace\Areas\MiniGame\Services\MiniGamePermissionService.cs(545,21): error CS0117: 'UserRightSummary' 未包含 'LastRightUpdate' 的定義 [C:\Users\n2029\Desktop\GameSpace\GameSpace\GameSpace\GameSpace.csproj]
C:\Users\n2029\Desktop\GameSpace\GameSpace\GameSpace\Areas\MiniGame\Services\MiniGamePermissionService.cs(545,57): error CS1061: 'UserRight' 未包含 'CreatedAt' 的定義，也找不到可接受類型 'UserRight' 第一個引數的可存取擴充方法 'CreatedAt' (是否遺漏 using 指示詞或組件參考?) [C:\Users\n2029\Desktop\GameSpace\GameSpace\GameSpace\GameSpace.csproj]
C:\Users\n2029\Desktop\GameSpace\GameSpace\GameSpace\Areas\MiniGame\Services\MiniGameAdminService.cs(260,45): error CS1061: 'EVoucherQueryModel' 未包含 'SearchTerm' 的定義，也找不到可接受類型 'EVoucherQueryModel' 第一個引數的可存取擴充方法 'SearchTerm' (是否遺漏 using 指示詞或組件參考?) [C:\Users\n2029\Desktop\GameSpace\GameSpace\GameSpace\GameSpace.csproj]
C:\Users\n2029\Desktop\GameSpace\GameSpace\GameSpace\Areas\MiniGame\Services\MiniGameAdminService.cs(262,81): error CS1061: 'EVoucherQueryModel' 未包含 'SearchTerm' 的定義，也找不到可接受類型 'EVoucherQueryModel' 第一個引數的可存取擴充方法 'SearchTerm' (是否遺漏 using 指示詞或組件參考?) [C:\Users\n2029\Desktop\GameSpace\GameSpace\GameSpace\GameSpace.csproj]
C:\Users\n2029\Desktop\GameSpace\GameSpace\GameSpace\Areas\MiniGame\Services\MiniGameAdminService.cs(274,17): error CS0117: 'PagedResult<Evoucher>' 未包含 'Page' 的定義 [C:\Users\n2029\Desktop\GameSpace\GameSpace\GameSpace\GameSpace.csproj]
C:\Users\n2029\Desktop\GameSpace\GameSpace\GameSpace\Areas\MiniGame\Services\MiniGameAdminService.cs(303,84): error CS1061: 'UserSignInStat' 未包含 'SignInId' 的定義，也找不到可接受類型 'UserSignInStat' 第一個引數的可存取擴充方法 'SignInId' (是否遺漏 using 指示詞或組件參考?) [C:\Users\n2029\Desktop\GameSpace\GameSpace\GameSpace\GameSpace.csproj]
C:\Users\n2029\Desktop\GameSpace\GameSpace\GameSpace\Areas\MiniGame\Services\MiniGameAdminService.cs(324,17): error CS0117: 'PagedResult<UserSignInStat>' 未包含 'Page' 的定義 [C:\Users\n2029\Desktop\GameSpace\GameSpace\GameSpace\GameSpace.csproj]
C:\Users\n2029\Desktop\GameSpace\GameSpace\GameSpace\Areas\MiniGame\Services\MiniGameAdminService.cs(342,26): error CS1501: 方法 'RemoveSignInRecordAsync' 沒有任何多載使用 2 個引數 [C:\Users\n2029\Desktop\GameSpace\GameSpace\GameSpace\GameSpace.csproj]
C:\Users\n2029\Desktop\GameSpace\GameSpace\GameSpace\Areas\MiniGame\Services\MiniGameAdminService.cs(352,20): error CS0029: 無法將類型 'System.Collections.Generic.List<GameSpace.Models.UserSignInStat>' 隱含轉換成 'System.Collections.Generic.List<GameSpace.Areas.MiniGame.Models.ViewModels.SignInRecordReadModel>' [C:\Users\n2029\Desktop\GameSpace\GameSpace\GameSpace\GameSpace.csproj]
C:\Users\n2029\Desktop\GameSpace\GameSpace\GameSpace\Areas\MiniGame\Services\MiniGameAdminService.cs(399,17): error CS0117: 'PetSummary' 未包含 'TotalPets' 的定義 [C:\Users\n2029\Desktop\GameSpace\GameSpace\GameSpace\GameSpace.csproj]
C:\Users\n2029\Desktop\GameSpace\GameSpace\GameSpace\Areas\MiniGame\Services\MiniGameAdminService.cs(400,17): error CS0117: 'PetSummary' 未包含 'AverageLevel' 的定義 [C:\Users\n2029\Desktop\GameSpace\GameSpace\GameSpace\GameSpace.csproj]
C:\Users\n2029\Desktop\GameSpace\GameSpace\GameSpace\Areas\MiniGame\Services\MiniGameAdminService.cs(430,27): error CS1061: 'PetUpdateModel' 未包含 'Happiness' 的定義，也找不到可接受類型 'PetUpdateModel' 第一個引數的可存取擴充方法 'Happiness' (是否遺漏 using 指示詞或組件參考?) [C:\Users\n2029\Desktop\GameSpace\GameSpace\GameSpace\GameSpace.csproj]
C:\Users\n2029\Desktop\GameSpace\GameSpace\GameSpace\Areas\MiniGame\Services\MiniGameAdminService.cs(431,25): error CS1061: 'Pet' 未包含 'Happiness' 的定義，也找不到可接受類型 'Pet' 第一個引數的可存取擴充方法 'Happiness' (是否遺漏 using 指示詞或組件參考?) [C:\Users\n2029\Desktop\GameSpace\GameSpace\GameSpace\GameSpace.csproj]
C:\Users\n2029\Desktop\GameSpace\GameSpace\GameSpace\Areas\MiniGame\Services\MiniGameAdminService.cs(431,43): error CS1061: 'PetUpdateModel' 未包含 'Happiness' 的定義，也找不到可接受類型 'PetUpdateModel' 第一個引數的可存取擴充方法 'Happiness' (是否遺漏 using 指示詞或組件參考?) [C:\Users\n2029\Desktop\GameSpace\GameSpace\GameSpace\GameSpace.csproj]
C:\Users\n2029\Desktop\GameSpace\GameSpace\GameSpace\Areas\MiniGame\Services\MiniGameAdminService.cs(434,27): error CS1061: 'PetUpdateModel' 未包含 'Energy' 的定義，也找不到可接受類型 'PetUpdateModel' 第一個引數的可存取擴充方法 'Energy' (是否遺漏 using 指示詞或組件參考?) [C:\Users\n2029\Desktop\GameSpace\GameSpace\GameSpace\GameSpace.csproj]
C:\Users\n2029\Desktop\GameSpace\GameSpace\GameSpace\Areas\MiniGame\Services\MiniGameAdminService.cs(435,25): error CS1061: 'Pet' 未包含 'Energy' 的定義，也找不到可接受類型 'Pet' 第一個引數的可存取擴充方法 'Energy' (是否遺漏 using 指示詞或組件參考?) [C:\Users\n2029\Desktop\GameSpace\GameSpace\GameSpace\GameSpace.csproj]
C:\Users\n2029\Desktop\GameSpace\GameSpace\GameSpace\Areas\MiniGame\Services\MiniGameAdminService.cs(435,40): error CS1061: 'PetUpdateModel' 未包含 'Energy' 的定義，也找不到可接受類型 'PetUpdateModel' 第一個引數的可存取擴充方法 'Energy' (是否遺漏 using 指示詞或組件參考?) [C:\Users\n2029\Desktop\GameSpace\GameSpace\GameSpace\GameSpace.csproj]
C:\Users\n2029\Desktop\GameSpace\GameSpace\GameSpace\Areas\MiniGame\Services\MiniGameAdminService.cs(491,17): error CS0117: 'GameSummary' 未包含 'TotalGames' 的定義 [C:\Users\n2029\Desktop\GameSpace\GameSpace\GameSpace\GameSpace.csproj]
C:\Users\n2029\Desktop\GameSpace\GameSpace\GameSpace\Areas\MiniGame\Services\MiniGamePermissionService.cs(584,58): error CS1061: 'UserRight' 未包含 'RightName' 的定義，也找不到可接受類型 'UserRight' 第一個引數的可存取擴充方法 'RightName' (是否遺漏 using 指示詞或組件參考?) [C:\Users\n2029\Desktop\GameSpace\GameSpace\GameSpace\GameSpace.csproj]
C:\Users\n2029\Desktop\GameSpace\GameSpace\GameSpace\Areas\MiniGame\Services\MiniGamePermissionService.cs(587,58): error CS1061: 'UserRight' 未包含 'RightType' 的定義，也找不到可接受類型 'UserRight' 第一個引數的可存取擴充方法 'RightType' (是否遺漏 using 指示詞或組件參考?) [C:\Users\n2029\Desktop\GameSpace\GameSpace\GameSpace\GameSpace.csproj]
C:\Users\n2029\Desktop\GameSpace\GameSpace\GameSpace\Areas\MiniGame\Services\MiniGamePermissionService.cs(590,58): error CS1061: 'UserRight' 未包含 'IsActive' 的定義，也找不到可接受類型 'UserRight' 第一個引數的可存取擴充方法 'IsActive' (是否遺漏 using 指示詞或組件參考?) [C:\Users\n2029\Desktop\GameSpace\GameSpace\GameSpace\GameSpace.csproj]
C:\Users\n2029\Desktop\GameSpace\GameSpace\GameSpace\Areas\MiniGame\Services\MiniGamePermissionService.cs(593,58): error CS1061: 'UserRight' 未包含 'CreatedAt' 的定義，也找不到可接受類型 'UserRight' 第一個引數的可存取擴充方法 'CreatedAt' (是否遺漏 using 指示詞或組件參考?) [C:\Users\n2029\Desktop\GameSpace\GameSpace\GameSpace\GameSpace.csproj]
C:\Users\n2029\Desktop\GameSpace\GameSpace\GameSpace\Areas\MiniGame\Services\MiniGamePermissionService.cs(596,58): error CS1061: 'UserRight' 未包含 'CreatedAt' 的定義，也找不到可接受類型 'UserRight' 第一個引數的可存取擴充方法 'CreatedAt' (是否遺漏 using 指示詞或組件參考?) [C:\Users\n2029\Desktop\GameSpace\GameSpace\GameSpace\GameSpace.csproj]
C:\Users\n2029\Desktop\GameSpace\GameSpace\GameSpace\Areas\MiniGame\Services\MiniGamePermissionService.cs(599,58): error CS1061: 'UserRight' 未包含 'ExpiresAt' 的定義，也找不到可接受類型 'UserRight' 第一個引數的可存取擴充方法 'ExpiresAt' (是否遺漏 using 指示詞或組件參考?) [C:\Users\n2029\Desktop\GameSpace\GameSpace\GameSpace\GameSpace.csproj]
C:\Users\n2029\Desktop\GameSpace\GameSpace\GameSpace\Areas\MiniGame\Services\MiniGamePermissionService.cs(602,58): error CS1061: 'UserRight' 未包含 'ExpiresAt' 的定義，也找不到可接受類型 'UserRight' 第一個引數的可存取擴充方法 'ExpiresAt' (是否遺漏 using 指示詞或組件參考?) [C:\Users\n2029\Desktop\GameSpace\GameSpace\GameSpace\GameSpace.csproj]
C:\Users\n2029\Desktop\GameSpace\GameSpace\GameSpace\Areas\MiniGame\Services\MiniGamePermissionService.cs(611,100): error CS1061: 'UserRight' 未包含 'RightName' 的定義，也找不到可接受類型 'UserRight' 第一個引數的可存取擴充方法 'RightName' (是否遺漏 using 指示詞或組件參考?) [C:\Users\n2029\Desktop\GameSpace\GameSpace\GameSpace\GameSpace.csproj]
C:\Users\n2029\Desktop\GameSpace\GameSpace\GameSpace\Areas\MiniGame\Services\MiniGamePermissionService.cs(611,140): error CS1061: 'UserRight' 未包含 'RightName' 的定義，也找不到可接受類型 'UserRight' 第一個引數的可存取擴充方法 'RightName' (是否遺漏 using 指示詞或組件參考?) [C:\Users\n2029\Desktop\GameSpace\GameSpace\GameSpace\GameSpace.csproj]
C:\Users\n2029\Desktop\GameSpace\GameSpace\GameSpace\Areas\MiniGame\Services\MiniGamePermissionService.cs(612,100): error CS1061: 'UserRight' 未包含 'RightType' 的定義，也找不到可接受類型 'UserRight' 第一個引數的可存取擴充方法 'RightType' (是否遺漏 using 指示詞或組件參考?) [C:\Users\n2029\Desktop\GameSpace\GameSpace\GameSpace\GameSpace.csproj]
C:\Users\n2029\Desktop\GameSpace\GameSpace\GameSpace\Areas\MiniGame\Services\MiniGamePermissionService.cs(612,140): error CS1061: 'UserRight' 未包含 'RightType' 的定義，也找不到可接受類型 'UserRight' 第一個引數的可存取擴充方法 'RightType' (是否遺漏 using 指示詞或組件參考?) [C:\Users\n2029\Desktop\GameSpace\GameSpace\GameSpace\GameSpace.csproj]
C:\Users\n2029\Desktop\GameSpace\GameSpace\GameSpace\Areas\MiniGame\Services\MiniGamePermissionService.cs(613,100): error CS1061: 'UserRight' 未包含 'CreatedAt' 的定義，也找不到可接受類型 'UserRight' 第一個引數的可存取擴充方法 'CreatedAt' (是否遺漏 using 指示詞或組件參考?) [C:\Users\n2029\Desktop\GameSpace\GameSpace\GameSpace\GameSpace.csproj]
C:\Users\n2029\Desktop\GameSpace\GameSpace\GameSpace\Areas\MiniGame\Services\MiniGamePermissionService.cs(613,140): error CS1061: 'UserRight' 未包含 'CreatedAt' 的定義，也找不到可接受類型 'UserRight' 第一個引數的可存取擴充方法 'CreatedAt' (是否遺漏 using 指示詞或組件參考?) [C:\Users\n2029\Desktop\GameSpace\GameSpace\GameSpace\GameSpace.csproj]
C:\Users\n2029\Desktop\GameSpace\GameSpace\GameSpace\Areas\MiniGame\Services\MiniGamePermissionService.cs(614,100): error CS1061: 'UserRight' 未包含 'ExpiresAt' 的定義，也找不到可接受類型 'UserRight' 第一個引數的可存取擴充方法 'ExpiresAt' (是否遺漏 using 指示詞或組件參考?) [C:\Users\n2029\Desktop\GameSpace\GameSpace\GameSpace\GameSpace.csproj]
C:\Users\n2029\Desktop\GameSpace\GameSpace\GameSpace\Areas\MiniGame\Services\MiniGamePermissionService.cs(614,140): error CS1061: 'UserRight' 未包含 'ExpiresAt' 的定義，也找不到可接受類型 'UserRight' 第一個引數的可存取擴充方法 'ExpiresAt' (是否遺漏 using 指示詞或組件參考?) [C:\Users\n2029\Desktop\GameSpace\GameSpace\GameSpace\GameSpace.csproj]
C:\Users\n2029\Desktop\GameSpace\GameSpace\GameSpace\Areas\MiniGame\Services\MiniGamePermissionService.cs(615,57): error CS1061: 'UserRight' 未包含 'RightName' 的定義，也找不到可接受類型 'UserRight' 第一個引數的可存取擴充方法 'RightName' (是否遺漏 using 指示詞或組件參考?) [C:\Users\n2029\Desktop\GameSpace\GameSpace\GameSpace\GameSpace.csproj]
C:\Users\n2029\Desktop\GameSpace\GameSpace\GameSpace\Areas\MiniGame\Services\MiniGamePermissionService.cs(620,60): error CS1061: 'UserRight' 未包含 'RightName' 的定義，也找不到可接受類型 'UserRight' 第一個引數的可存取擴充方法 'RightName' (是否遺漏 using 指示詞或組件參考?) [C:\Users\n2029\Desktop\GameSpace\GameSpace\GameSpace\GameSpace.csproj]
C:\Users\n2029\Desktop\GameSpace\GameSpace\GameSpace\Areas\MiniGame\Services\MiniGameAdminService.cs(515,17): error CS0117: 'WalletSummary' 未包含 'TotalUsers' 的定義 [C:\Users\n2029\Desktop\GameSpace\GameSpace\GameSpace\GameSpace.csproj]
C:\Users\n2029\Desktop\GameSpace\GameSpace\GameSpace\Areas\MiniGame\Services\MiniGameAdminService.cs(526,17): error CS0117: 'PagedResult<WalletTransaction>' 未包含 'Page' 的定義 [C:\Users\n2029\Desktop\GameSpace\GameSpace\GameSpace\GameSpace.csproj]
C:\Users\n2029\Desktop\GameSpace\GameSpace\GameSpace\Areas\MiniGame\Services\MiniGamePermissionService.cs(652,21): error CS0117: 'RightTypeInfo' 未包含 'CanExpire' 的定義 [C:\Users\n2029\Desktop\GameSpace\GameSpace\GameSpace\GameSpace.csproj]
C:\Users\n2029\Desktop\GameSpace\GameSpace\GameSpace\Areas\MiniGame\Services\MiniGamePermissionService.cs(653,21): error CS0117: 'RightTypeInfo' 未包含 'CanScope' 的定義 [C:\Users\n2029\Desktop\GameSpace\GameSpace\GameSpace\GameSpace.csproj]
C:\Users\n2029\Desktop\GameSpace\GameSpace\GameSpace\Areas\MiniGame\Services\MiniGamePermissionService.cs(661,21): error CS0117: 'RightTypeInfo' 未包含 'CanExpire' 的定義 [C:\Users\n2029\Desktop\GameSpace\GameSpace\GameSpace\GameSpace.csproj]
C:\Users\n2029\Desktop\GameSpace\GameSpace\GameSpace\Areas\MiniGame\Services\MiniGamePermissionService.cs(662,21): error CS0117: 'RightTypeInfo' 未包含 'CanScope' 的定義 [C:\Users\n2029\Desktop\GameSpace\GameSpace\GameSpace\GameSpace.csproj]
C:\Users\n2029\Desktop\GameSpace\GameSpace\GameSpace\Areas\MiniGame\Services\MiniGamePermissionService.cs(670,21): error CS0117: 'RightTypeInfo' 未包含 'CanExpire' 的定義 [C:\Users\n2029\Desktop\GameSpace\GameSpace\GameSpace\GameSpace.csproj]
C:\Users\n2029\Desktop\GameSpace\GameSpace\GameSpace\Areas\MiniGame\Services\MiniGamePermissionService.cs(671,21): error CS0117: 'RightTypeInfo' 未包含 'CanScope' 的定義 [C:\Users\n2029\Desktop\GameSpace\GameSpace\GameSpace\GameSpace.csproj]
C:\Users\n2029\Desktop\GameSpace\GameSpace\GameSpace\Areas\MiniGame\Services\MiniGamePermissionService.cs(679,21): error CS0117: 'RightTypeInfo' 未包含 'CanExpire' 的定義 [C:\Users\n2029\Desktop\GameSpace\GameSpace\GameSpace\GameSpace.csproj]
C:\Users\n2029\Desktop\GameSpace\GameSpace\GameSpace\Areas\MiniGame\Services\MiniGamePermissionService.cs(680,21): error CS0117: 'RightTypeInfo' 未包含 'CanScope' 的定義 [C:\Users\n2029\Desktop\GameSpace\GameSpace\GameSpace\GameSpace.csproj]
C:\Users\n2029\Desktop\GameSpace\GameSpace\GameSpace\Areas\MiniGame\Services\MiniGamePermissionService.cs(688,21): error CS0117: 'RightTypeInfo' 未包含 'CanExpire' 的定義 [C:\Users\n2029\Desktop\GameSpace\GameSpace\GameSpace\GameSpace.csproj]
C:\Users\n2029\Desktop\GameSpace\GameSpace\GameSpace\Areas\MiniGame\Services\MiniGamePermissionService.cs(689,21): error CS0117: 'RightTypeInfo' 未包含 'CanScope' 的定義 [C:\Users\n2029\Desktop\GameSpace\GameSpace\GameSpace\GameSpace.csproj]
C:\Users\n2029\Desktop\GameSpace\GameSpace\GameSpace\Areas\MiniGame\Services\MiniGamePermissionService.cs(707,59): error CS1061: 'UserRight' 未包含 'IsActive' 的定義，也找不到可接受類型 'UserRight' 第一個引數的可存取擴充方法 'IsActive' (是否遺漏 using 指示詞或組件參考?) [C:\Users\n2029\Desktop\GameSpace\GameSpace\GameSpace\GameSpace.csproj]
C:\Users\n2029\Desktop\GameSpace\GameSpace\GameSpace\Areas\MiniGame\Services\MiniGamePermissionService.cs(707,74): error CS1061: 'UserRight' 未包含 'ExpiresAt' 的定義，也找不到可接受類型 'UserRight' 第一個引數的可存取擴充方法 'ExpiresAt' (是否遺漏 using 指示詞或組件參考?) [C:\Users\n2029\Desktop\GameSpace\GameSpace\GameSpace\GameSpace.csproj]
C:\Users\n2029\Desktop\GameSpace\GameSpace\GameSpace\Areas\MiniGame\Services\MiniGamePermissionService.cs(707,97): error CS1061: 'UserRight' 未包含 'ExpiresAt' 的定義，也找不到可接受類型 'UserRight' 第一個引數的可存取擴充方法 'ExpiresAt' (是否遺漏 using 指示詞或組件參考?) [C:\Users\n2029\Desktop\GameSpace\GameSpace\GameSpace\GameSpace.csproj]
C:\Users\n2029\Desktop\GameSpace\GameSpace\GameSpace\Areas\MiniGame\Services\MiniGamePermissionService.cs(708,60): error CS1061: 'UserRight' 未包含 'ExpiresAt' 的定義，也找不到可接受類型 'UserRight' 第一個引數的可存取擴充方法 'ExpiresAt' (是否遺漏 using 指示詞或組件參考?) [C:\Users\n2029\Desktop\GameSpace\GameSpace\GameSpace\GameSpace.csproj]
C:\Users\n2029\Desktop\GameSpace\GameSpace\GameSpace\Areas\MiniGame\Services\MiniGamePermissionService.cs(708,83): error CS1061: 'UserRight' 未包含 'ExpiresAt' 的定義，也找不到可接受類型 'UserRight' 第一個引數的可存取擴充方法 'ExpiresAt' (是否遺漏 using 指示詞或組件參考?) [C:\Users\n2029\Desktop\GameSpace\GameSpace\GameSpace\GameSpace.csproj]
C:\Users\n2029\Desktop\GameSpace\GameSpace\GameSpace\Areas\MiniGame\Services\MiniGamePermissionService.cs(711,37): error CS1061: 'UserRight' 未包含 'RightType' 的定義，也找不到可接受類型 'UserRight' 第一個引數的可存取擴充方法 'RightType' (是否遺漏 using 指示詞或組件參考?) [C:\Users\n2029\Desktop\GameSpace\GameSpace\GameSpace\GameSpace.csproj]
C:\Users\n2029\Desktop\GameSpace\GameSpace\GameSpace\Areas\MiniGame\Services\MiniGamePermissionService.cs(715,37): error CS1061: 'UserRight' 未包含 'RightLevel' 的定義，也找不到可接受類型 'UserRight' 第一個引數的可存取擴充方法 'RightLevel' (是否遺漏 using 指示詞或組件參考?) [C:\Users\n2029\Desktop\GameSpace\GameSpace\GameSpace\GameSpace.csproj]
C:\Users\n2029\Desktop\GameSpace\GameSpace\GameSpace\Areas\MiniGame\Services\MiniGamePermissionService.cs(720,21): error CS0117: 'PermissionStatistics' 未包含 'TotalUsers' 的定義 [C:\Users\n2029\Desktop\GameSpace\GameSpace\GameSpace\GameSpace.csproj]
C:\Users\n2029\Desktop\GameSpace\GameSpace\GameSpace\Areas\MiniGame\Services\MiniGamePermissionService.cs(721,21): error CS0117: 'PermissionStatistics' 未包含 'UsersWithRights' 的定義 [C:\Users\n2029\Desktop\GameSpace\GameSpace\GameSpace\GameSpace.csproj]
C:\Users\n2029\Desktop\GameSpace\GameSpace\GameSpace\Areas\MiniGame\Services\MiniGamePermissionService.cs(722,21): error CS0117: 'PermissionStatistics' 未包含 'TotalRights' 的定義 [C:\Users\n2029\Desktop\GameSpace\GameSpace\GameSpace\GameSpace.csproj]
C:\Users\n2029\Desktop\GameSpace\GameSpace\GameSpace\Areas\MiniGame\Services\MiniGamePermissionService.cs(723,21): error CS0117: 'PermissionStatistics' 未包含 'ActiveRights' 的定義 [C:\Users\n2029\Desktop\GameSpace\GameSpace\GameSpace\GameSpace.csproj]
C:\Users\n2029\Desktop\GameSpace\GameSpace\GameSpace\Areas\MiniGame\Services\MiniGamePermissionService.cs(724,21): error CS0117: 'PermissionStatistics' 未包含 'ExpiredRights' 的定義 [C:\Users\n2029\Desktop\GameSpace\GameSpace\GameSpace\GameSpace.csproj]
C:\Users\n2029\Desktop\GameSpace\GameSpace\GameSpace\Areas\MiniGame\Services\MiniGamePermissionService.cs(725,21): error CS0117: 'PermissionStatistics' 未包含 'RightsByType' 的定義 [C:\Users\n2029\Desktop\GameSpace\GameSpace\GameSpace\GameSpace.csproj]
C:\Users\n2029\Desktop\GameSpace\GameSpace\GameSpace\Areas\MiniGame\Services\MiniGamePermissionService.cs(726,21): error CS0117: 'PermissionStatistics' 未包含 'RightsByLevel' 的定義 [C:\Users\n2029\Desktop\GameSpace\GameSpace\GameSpace\GameSpace.csproj]
C:\Users\n2029\Desktop\GameSpace\GameSpace\GameSpace\Areas\MiniGame\Services\MiniGamePermissionService.cs(744,21): error CS0117: 'AdminOperationLog' 未包含 'Operation' 的定義 [C:\Users\n2029\Desktop\GameSpace\GameSpace\GameSpace\GameSpace.csproj]
C:\Users\n2029\Desktop\GameSpace\GameSpace\GameSpace\Areas\MiniGame\Services\MiniGamePermissionService.cs(745,21): error CS0117: 'AdminOperationLog' 未包含 'Details' 的定義 [C:\Users\n2029\Desktop\GameSpace\GameSpace\GameSpace\GameSpace.csproj]
C:\Users\n2029\Desktop\GameSpace\GameSpace\GameSpace\Areas\MiniGame\Services\MiniGamePermissionService.cs(746,21): error CS0117: 'AdminOperationLog' 未包含 'TargetUserId' 的定義 [C:\Users\n2029\Desktop\GameSpace\GameSpace\GameSpace\GameSpace.csproj]
C:\Users\n2029\Desktop\GameSpace\GameSpace\GameSpace\Areas\MiniGame\Services\MiniGamePermissionService.cs(766,27): error CS1061: 'PermissionLogQueryModel' 未包含 'ManagerId' 的定義，也找不到可接受類型 'PermissionLogQueryModel' 第一個引數的可存取擴充方法 'ManagerId' (是否遺漏 using 指示詞或組件參考?) [C:\Users\n2029\Desktop\GameSpace\GameSpace\GameSpace\GameSpace.csproj]
C:\Users\n2029\Desktop\GameSpace\GameSpace\GameSpace\Areas\MiniGame\Services\MiniGamePermissionService.cs(767,79): error CS1061: 'PermissionLogQueryModel' 未包含 'ManagerId' 的定義，也找不到可接受類型 'PermissionLogQueryModel' 第一個引數的可存取擴充方法 'ManagerId' (是否遺漏 using 指示詞或組件參考?) [C:\Users\n2029\Desktop\GameSpace\GameSpace\GameSpace\GameSpace.csproj]
C:\Users\n2029\Desktop\GameSpace\GameSpace\GameSpace\Areas\MiniGame\Services\MiniGamePermissionService.cs(770,60): error CS1061: 'AdminOperationLog' 未包含 'TargetUserId' 的定義，也找不到可接受類型 'AdminOperationLog' 第一個引數的可存取擴充方法 'TargetUserId' (是否遺漏 using 指示詞或組件參考?) [C:\Users\n2029\Desktop\GameSpace\GameSpace\GameSpace\GameSpace.csproj]
C:\Users\n2029\Desktop\GameSpace\GameSpace\GameSpace\Areas\MiniGame\Services\MiniGamePermissionService.cs(772,49): error CS1061: 'PermissionLogQueryModel' 未包含 'Operation' 的定義，也找不到可接受類型 'PermissionLogQueryModel' 第一個引數的可存取擴充方法 'Operation' (是否遺漏 using 指示詞或組件參考?) [C:\Users\n2029\Desktop\GameSpace\GameSpace\GameSpace\GameSpace.csproj]
C:\Users\n2029\Desktop\GameSpace\GameSpace\GameSpace\Areas\MiniGame\Services\MiniGamePermissionService.cs(773,60): error CS1061: 'AdminOperationLog' 未包含 'Operation' 的定義，也找不到可接受類型 'AdminOperationLog' 第一個引數的可存取擴充方法 'Operation' (是否遺漏 using 指示詞或組件參考?) [C:\Users\n2029\Desktop\GameSpace\GameSpace\GameSpace\GameSpace.csproj]
C:\Users\n2029\Desktop\GameSpace\GameSpace\GameSpace\Areas\MiniGame\Services\MiniGamePermissionService.cs(773,85): error CS1061: 'PermissionLogQueryModel' 未包含 'Operation' 的定義，也找不到可接受類型 'PermissionLogQueryModel' 第一個引數的可存取擴充方法 'Operation' (是否遺漏 using 指示詞或組件參考?) [C:\Users\n2029\Desktop\GameSpace\GameSpace\GameSpace\GameSpace.csproj]
C:\Users\n2029\Desktop\GameSpace\GameSpace\GameSpace\Areas\MiniGame\Services\MiniGamePermissionService.cs(775,27): error CS1061: 'PermissionLogQueryModel' 未包含 'FromDate' 的定義，也找不到可接受類型 'PermissionLogQueryModel' 第一個引數的可存取擴充方法 'FromDate' (是否遺漏 using 指示詞或組件參考?) [C:\Users\n2029\Desktop\GameSpace\GameSpace\GameSpace\GameSpace.csproj]
C:\Users\n2029\Desktop\GameSpace\GameSpace\GameSpace\Areas\MiniGame\Services\MiniGamePermissionService.cs(776,83): error CS1061: 'PermissionLogQueryModel' 未包含 'FromDate' 的定義，也找不到可接受類型 'PermissionLogQueryModel' 第一個引數的可存取擴充方法 'FromDate' (是否遺漏 using 指示詞或組件參考?) [C:\Users\n2029\Desktop\GameSpace\GameSpace\GameSpace\GameSpace.csproj]
C:\Users\n2029\Desktop\GameSpace\GameSpace\GameSpace\Areas\MiniGame\Services\MiniGamePermissionService.cs(778,27): error CS1061: 'PermissionLogQueryModel' 未包含 'ToDate' 的定義，也找不到可接受類型 'PermissionLogQueryModel' 第一個引數的可存取擴充方法 'ToDate' (是否遺漏 using 指示詞或組件參考?) [C:\Users\n2029\Desktop\GameSpace\GameSpace\GameSpace\GameSpace.csproj]
C:\Users\n2029\Desktop\GameSpace\GameSpace\GameSpace\Areas\MiniGame\Services\MiniGamePermissionService.cs(779,83): error CS1061: 'PermissionLogQueryModel' 未包含 'ToDate' 的定義，也找不到可接受類型 'PermissionLogQueryModel' 第一個引數的可存取擴充方法 'ToDate' (是否遺漏 using 指示詞或組件參考?) [C:\Users\n2029\Desktop\GameSpace\GameSpace\GameSpace\GameSpace.csproj]
C:\Users\n2029\Desktop\GameSpace\GameSpace\GameSpace\Areas\MiniGame\Services\MiniGamePermissionService.cs(789,37): error CS1061: 'AdminOperationLog' 未包含 'OperationLogId' 的定義，也找不到可接受類型 'AdminOperationLog' 第一個引數的可存取擴充方法 'OperationLogId' (是否遺漏 using 指示詞或組件參考?) [C:\Users\n2029\Desktop\GameSpace\GameSpace\GameSpace\GameSpace.csproj]
C:\Users\n2029\Desktop\GameSpace\GameSpace\GameSpace\Areas\MiniGame\Services\MiniGamePermissionService.cs(790,25): error CS0117: 'PermissionOperationLog' 未包含 'ManagerId' 的定義 [C:\Users\n2029\Desktop\GameSpace\GameSpace\GameSpace\GameSpace.csproj]
C:\Users\n2029\Desktop\GameSpace\GameSpace\GameSpace\Areas\MiniGame\Services\MiniGamePermissionService.cs(791,25): error CS0117: 'PermissionOperationLog' 未包含 'ManagerName' 的定義 [C:\Users\n2029\Desktop\GameSpace\GameSpace\GameSpace\GameSpace.csproj]
C:\Users\n2029\Desktop\GameSpace\GameSpace\GameSpace\Areas\MiniGame\Services\MiniGamePermissionService.cs(792,44): error CS1061: 'AdminOperationLog' 未包含 'TargetUserId' 的定義，也找不到可接受類型 'AdminOperationLog' 第一個引數的可存取擴充方法 'TargetUserId' (是否遺漏 using 指示詞或組件參考?) [C:\Users\n2029\Desktop\GameSpace\GameSpace\GameSpace\GameSpace.csproj]
C:\Users\n2029\Desktop\GameSpace\GameSpace\GameSpace\Areas\MiniGame\Services\MiniGamePermissionService.cs(794,25): error CS0117: 'PermissionOperationLog' 未包含 'Operation' 的定義 [C:\Users\n2029\Desktop\GameSpace\GameSpace\GameSpace\GameSpace.csproj]
C:\Users\n2029\Desktop\GameSpace\GameSpace\GameSpace\Areas\MiniGame\Services\MiniGamePermissionService.cs(794,41): error CS1061: 'AdminOperationLog' 未包含 'Operation' 的定義，也找不到可接受類型 'AdminOperationLog' 第一個引數的可存取擴充方法 'Operation' (是否遺漏 using 指示詞或組件參考?) [C:\Users\n2029\Desktop\GameSpace\GameSpace\GameSpace\GameSpace.csproj]
C:\Users\n2029\Desktop\GameSpace\GameSpace\GameSpace\Areas\MiniGame\Services\MiniGamePermissionService.cs(795,25): error CS0117: 'PermissionOperationLog' 未包含 'Details' 的定義 [C:\Users\n2029\Desktop\GameSpace\GameSpace\GameSpace\GameSpace.csproj]
C:\Users\n2029\Desktop\GameSpace\GameSpace\GameSpace\Areas\MiniGame\Services\MiniGamePermissionService.cs(795,39): error CS1061: 'AdminOperationLog' 未包含 'Details' 的定義，也找不到可接受類型 'AdminOperationLog' 第一個引數的可存取擴充方法 'Details' (是否遺漏 using 指示詞或組件參考?) [C:\Users\n2029\Desktop\GameSpace\GameSpace\GameSpace\GameSpace.csproj]
    159 個警告
    1466 個錯誤

經過時間 00:00:04.13
